2025-09-09 13:28:41 | INFO     | __main__:<module>:153 | user isaac@entropy.tech logged in
2025-09-09 13:28:46 | INFO     | __main__:<module>:153 | user isaac@entropy.tech logged in
2025-09-09 13:30:41 | INFO     | __main__:<module>:153 | user isaac@entropy.tech logged in
2025-09-09 13:30:48 | INFO     | __main__:<module>:153 | user isaac@entropy.tech logged in
2025-09-09 13:30:54 | INFO     | __main__:<module>:153 | user isaac@entropy.tech logged in
2025-09-09 13:30:59 | INFO     | __main__:<module>:153 | user isaac@entropy.tech logged in
2025-09-09 13:31:00 | INFO     | __main__:<module>:153 | user isaac@entropy.tech logged in
2025-09-09 13:31:05 | INFO     | __main__:<module>:153 | user isaac@entropy.tech logged in
2025-09-09 13:31:06 | INFO     | __main__:<module>:153 | user isaac@entropy.tech logged in
2025-09-09 13:31:12 | INFO     | __main__:<module>:153 | user isaac@entropy.tech logged in
2025-09-09 13:31:35 | INFO     | __main__:<module>:153 | user isaac@entropy.tech logged in
2025-09-09 13:31:37 | INFO     | __main__:<module>:153 | user isaac@entropy.tech logged in
2025-09-09 13:31:40 | INFO     | __main__:<module>:153 | user isaac@entropy.tech logged in
2025-09-09 13:31:41 | INFO     | __main__:<module>:153 | user isaac@entropy.tech logged in
2025-09-09 13:31:45 | INFO     | __main__:<module>:153 | user isaac@entropy.tech logged in
2025-09-09 13:31:46 | INFO     | Murray.metrics:update_metrics:59 | New record added: {'timestamp': '2025-09-09 13:31:46', 'section': 'experimental_evaluation', 'date': '2025-09-09', 'day_of_week': 'Tuesday', 'hour': 13}
2025-09-09 13:31:46 | INFO     | Murray.post_analysis:run_geo_evaluation:21 | Starting run_geo_evaluation
2025-09-09 13:31:46 | INFO     | Murray.post_analysis:run_geo_evaluation:22 | Input data shape: (7968, 6)
2025-09-09 13:31:46 | INFO     | Murray.post_analysis:run_geo_evaluation:23 | Treatment group: ['aguascalientes', 'campeche', 'guanajuato', 'jalisco', 'chihuahua', 'oaxaca', 'quintana roo', 'tabasco', 'yucatan']
2025-09-09 13:31:46 | INFO     | Murray.post_analysis:run_geo_evaluation:24 | Start treatment: 2025-07-16 00:00:00, End treatment: 2025-08-14 00:00:00
2025-09-09 13:31:46 | INFO     | Murray.post_analysis:run_geo_evaluation:25 | n_permutations: 50000, significance_level: 0.1
2025-09-09 13:31:46 | INFO     | Murray.post_analysis:run_geo_evaluation:40 | Treatment period positions: 196 to 226
2025-09-09 13:31:46 | INFO     | Murray.post_analysis:run_geo_evaluation:49 | Generating correlation matrix...
2025-09-09 13:31:46 | INFO     | Murray.post_analysis:run_geo_evaluation:52 | Selecting control group...
2025-09-09 13:31:46 | INFO     | Murray.post_analysis:run_geo_evaluation:58 | Control group selected: ['mexico city', 'state of mexico', 'tamaulipas', 'michoacan', 'baja california', 'nuevo leon']
2025-09-09 13:31:46 | INFO     | Murray.post_analysis:run_geo_evaluation:68 | Pivot table shape: (249, 32)
2025-09-09 13:31:46 | INFO     | Murray.post_analysis:run_geo_evaluation:75 | Scaling data...
2025-09-09 13:31:46 | INFO     | Murray.post_analysis:run_geo_evaluation:94 | Fitting synthetic control model...
2025-09-09 13:31:46 | INFO     | Murray.post_analysis:run_geo_evaluation:97 | Model fitted successfully
2025-09-09 13:31:46 | INFO     | Murray.post_analysis:run_geo_evaluation:99 | Making predictions...
2025-09-09 13:31:46 | INFO     | Murray.post_analysis:run_geo_evaluation:117 | Calculating metrics...
2025-09-09 13:31:46 | INFO     | Murray.post_analysis:run_geo_evaluation:118 | Data shapes - treatment: (249,), counterfactual: (249,)
2025-09-09 13:31:46 | INFO     | Murray.post_analysis:run_geo_evaluation:128 | Treatment period sum: 29009946.932443336
2025-09-09 13:31:46 | INFO     | Murray.post_analysis:run_geo_evaluation:129 | Counterfactual period sum: 35916948.44622688
2025-09-09 13:31:46 | INFO     | Murray.post_analysis:run_geo_evaluation:130 | Lift difference (treatment - counterfactual): -6907001.513783544
2025-09-09 13:31:46 | INFO     | Murray.post_analysis:run_geo_evaluation:144 | Observed statistic (sum of residuals): -6907001.513783552
2025-09-09 13:31:46 | INFO     | Murray.post_analysis:run_geo_evaluation:145 | Manual verification - observed_stat should equal lift_difference: -6907001.513783544
2025-09-09 13:31:46 | INFO     | Murray.post_analysis:run_geo_evaluation:147 | Starting permutation test with 50000 permutations...
2025-09-09 13:31:46 | INFO     | Murray.post_analysis:run_geo_evaluation:152 | Completed 10000/50000 permutations
2025-09-09 13:31:46 | INFO     | Murray.post_analysis:run_geo_evaluation:152 | Completed 20000/50000 permutations
2025-09-09 13:31:46 | INFO     | Murray.post_analysis:run_geo_evaluation:152 | Completed 30000/50000 permutations
2025-09-09 13:31:46 | INFO     | Murray.post_analysis:run_geo_evaluation:152 | Completed 40000/50000 permutations
2025-09-09 13:31:46 | INFO     | Murray.post_analysis:run_geo_evaluation:158 | Permutation test completed, calculating p-value and power...
2025-09-09 13:31:46 | INFO     | Murray.post_analysis:run_geo_evaluation:164 | Final results:
2025-09-09 13:31:46 | INFO     | Murray.post_analysis:run_geo_evaluation:165 |   MAPE: 116.5303
2025-09-09 13:31:46 | INFO     | Murray.post_analysis:run_geo_evaluation:166 |   SMAPE: 56.3602
2025-09-09 13:31:46 | INFO     | Murray.post_analysis:run_geo_evaluation:167 |   Percentage lift: -19.2305%
2025-09-09 13:31:46 | INFO     | Murray.post_analysis:run_geo_evaluation:168 |   P-value: 0.003700
2025-09-09 13:31:46 | INFO     | Murray.post_analysis:run_geo_evaluation:169 |   Power: 1.0000
2025-09-09 13:31:46 | INFO     | Murray.post_analysis:run_geo_evaluation:188 | run_geo_evaluation completed successfully
