2025-07-15 09:00:09 | INFO     | Murray.metrics:update_metrics:57 | New record added: {'timestamp': '2025-07-15 09:00:09', 'section': 'experimental_design', 'date': '2025-07-15', 'day_of_week': 'Tuesday', 'hour': 9}
2025-07-15 09:00:09 | INFO     | Murray.main:run_geo_analysis_streamlit_app:1022 | Starting run_geo_analysis_streamlit_app............
2025-07-15 09:00:09 | INFO     | Murray.main:run_geo_analysis_streamlit_app:1031 | Step 1: Generating market correlations.....
2025-07-15 09:00:09 | INFO     | Murray.main:run_geo_analysis_streamlit_app:1033 | Market correlations generated successfully.
2025-07-15 09:00:09 | INFO     | Murray.main:run_geo_analysis_streamlit_app:1036 | Step 2: Finding best groups for control and treatment.....
2025-07-15 09:00:09 | INFO     | Murray.main:BetterGroups:408 | Number of locations: 32
2025-07-15 09:00:09 | INFO     | Murray.main:BetterGroups:410 | Maximum treatment group size: 10
2025-07-15 09:00:09 | INFO     | Murray.main:BetterGroups:412 | Minimum treatment group size: 5
2025-07-15 09:00:09 | INFO     | Murray.main:BetterGroups:429 | Generating possible treatment groups...
2025-07-15 09:00:09 | INFO     | Murray.main:BetterGroups:433 | Generated 5000 groups for size 5
2025-07-15 09:00:09 | INFO     | Murray.main:BetterGroups:433 | Generated 5000 groups for size 6
2025-07-15 09:00:09 | INFO     | Murray.main:BetterGroups:433 | Generated 5000 groups for size 7
2025-07-15 09:00:10 | INFO     | Murray.main:BetterGroups:433 | Generated 5000 groups for size 8
2025-07-15 09:00:10 | INFO     | Murray.main:BetterGroups:433 | Generated 5000 groups for size 9
2025-07-15 09:00:10 | INFO     | Murray.main:BetterGroups:433 | Generated 5000 groups for size 10
2025-07-15 09:00:10 | INFO     | Murray.main:BetterGroups:435 | Total possible groups generated: 30000
2025-07-15 09:00:11 | INFO     | Murray.main:BetterGroups:455 | Tasks submitted, starting to collect results...
2025-07-15 09:00:11 | INFO     | Murray.main:BetterGroups:477 | Processed 1/30000 groups
2025-07-15 09:00:34 | INFO     | Murray.main:BetterGroups:477 | Processed 3000/30000 groups
2025-07-15 09:00:58 | INFO     | Murray.main:BetterGroups:477 | Processed 6000/30000 groups
2025-07-15 09:01:21 | INFO     | Murray.main:BetterGroups:477 | Processed 9000/30000 groups
2025-07-15 09:01:42 | INFO     | Murray.main:BetterGroups:477 | Processed 12000/30000 groups
2025-07-15 09:02:03 | INFO     | Murray.main:BetterGroups:477 | Processed 15000/30000 groups
2025-07-15 09:02:23 | INFO     | Murray.main:BetterGroups:477 | Processed 18000/30000 groups
2025-07-15 09:02:43 | INFO     | Murray.main:BetterGroups:477 | Processed 21000/30000 groups
2025-07-15 09:03:03 | INFO     | Murray.main:BetterGroups:477 | Processed 24000/30000 groups
2025-07-15 09:03:22 | INFO     | Murray.main:BetterGroups:477 | Processed 27000/30000 groups
2025-07-15 09:03:40 | INFO     | Murray.main:BetterGroups:477 | Processed 30000/30000 groups
2025-07-15 09:03:40 | INFO     | Murray.main:BetterGroups:479 | All groups processed. Results count: 30000
2025-07-15 09:03:40 | INFO     | Murray.main:BetterGroups:482 | Organizing results by size...
2025-07-15 09:03:40 | INFO     | Murray.main:BetterGroups:509 | Best result for size 5: MAPE=10.9144, SMAPE=11.1299, Holdout=82.09%
2025-07-15 09:03:40 | INFO     | Murray.main:BetterGroups:509 | Best result for size 6: MAPE=10.8429, SMAPE=10.4943, Holdout=80.60%
2025-07-15 09:03:40 | INFO     | Murray.main:BetterGroups:509 | Best result for size 7: MAPE=10.2567, SMAPE=10.5378, Holdout=81.52%
2025-07-15 09:03:40 | INFO     | Murray.main:BetterGroups:509 | Best result for size 8: MAPE=9.1865, SMAPE=9.1223, Holdout=80.53%
2025-07-15 09:03:40 | INFO     | Murray.main:BetterGroups:509 | Best result for size 9: MAPE=9.8107, SMAPE=9.2925, Holdout=79.08%
2025-07-15 09:03:40 | INFO     | Murray.main:BetterGroups:509 | Best result for size 10: MAPE=9.6631, SMAPE=9.4678, Holdout=75.94%
2025-07-15 09:03:40 | INFO     | Murray.main:run_geo_analysis_streamlit_app:1051 | BetterGroups completed successfully. Results for 6 sizes
2025-07-15 09:03:40 | INFO     | Murray.main:determine_best_statistical_test:799 | Test selection results: inference_type=block, stat_func_name=mean_diff
2025-07-15 09:03:40 | INFO     | Murray.main:determine_best_statistical_test:800 | Explanation: Se detectó autocorrelación significativa en los datos temporales. Se eligió la prueba de diferencia de medias por ser el caso más general.
2025-07-15 09:03:40 | INFO     | Murray.main:run_geo_analysis_streamlit_app:1063 | Statistical test determination:
2025-07-15 09:03:40 | INFO     | Murray.main:run_geo_analysis_streamlit_app:1064 | Inference type: block
2025-07-15 09:03:40 | INFO     | Murray.main:run_geo_analysis_streamlit_app:1065 | Statistical test: mean_diff
2025-07-15 09:03:40 | INFO     | Murray.main:run_geo_analysis_streamlit_app:1066 | Explanation: Se detectó autocorrelación significativa en los datos temporales. Se eligió la prueba de diferencia de medias por ser el caso más general.
2025-07-15 09:03:40 | INFO     | Murray.main:run_geo_analysis_streamlit_app:1079 | Step 3: Evaluating sensitivity for different deltas and periods.....
2025-07-15 09:03:40 | ERROR    | Murray.main:run_simulation:891 | Simulation failed for delta=0.01, period=20: simulate_power() got an unexpected keyword argument 'is_time_series'
