2025-10-05 21:06:30 | WARNING  | Murray.auxiliary:handle_duplicates:32 | Found 56 duplicate entries in the data. Aggregating by mean.
2025-10-05 21:06:30 | INFO     | Murray.main:BetterGroups:1008 | Starting single-cell mode
2025-10-05 21:06:30 | INFO     | Murray.main:BetterGroups:1040 | Processed 1/15 groups
2025-10-05 21:06:30 | INFO     | Murray.main:BetterGroups:1040 | Processed 2/15 groups
2025-10-05 21:06:30 | INFO     | Murray.main:BetterGroups:1040 | Processed 3/15 groups
2025-10-05 21:06:30 | INFO     | Murray.main:BetterGroups:1040 | Processed 4/15 groups
2025-10-05 21:06:30 | INFO     | Murray.main:BetterGroups:1040 | Processed 5/15 groups
2025-10-05 21:06:30 | INFO     | Murray.main:BetterGroups:1040 | Processed 6/15 groups
2025-10-05 21:06:30 | INFO     | Murray.main:BetterGroups:1040 | Processed 7/15 groups
2025-10-05 21:06:30 | INFO     | Murray.main:BetterGroups:1040 | Processed 8/15 groups
2025-10-05 21:06:30 | INFO     | Murray.main:BetterGroups:1040 | Processed 9/15 groups
2025-10-05 21:06:30 | INFO     | Murray.main:BetterGroups:1040 | Processed 10/15 groups
2025-10-05 21:06:30 | INFO     | Murray.main:BetterGroups:1040 | Processed 11/15 groups
2025-10-05 21:06:30 | INFO     | Murray.main:BetterGroups:1040 | Processed 12/15 groups
2025-10-05 21:06:30 | INFO     | Murray.main:BetterGroups:1040 | Processed 13/15 groups
2025-10-05 21:06:30 | INFO     | Murray.main:BetterGroups:1040 | Processed 14/15 groups
2025-10-05 21:06:30 | INFO     | Murray.main:BetterGroups:1040 | Processed 15/15 groups
2025-10-05 21:06:30 | INFO     | Murray.main:BetterGroups:1041 | All groups processed. Results count: 15
2025-10-05 21:06:30 | INFO     | Murray.main:BetterGroups:1008 | Starting single-cell mode
2025-10-05 21:06:30 | INFO     | Murray.main:BetterGroups:1040 | Processed 1/15 groups
2025-10-05 21:06:30 | INFO     | Murray.main:BetterGroups:1040 | Processed 2/15 groups
2025-10-05 21:06:30 | INFO     | Murray.main:BetterGroups:1040 | Processed 3/15 groups
2025-10-05 21:06:30 | INFO     | Murray.main:BetterGroups:1040 | Processed 4/15 groups
2025-10-05 21:06:30 | INFO     | Murray.main:BetterGroups:1040 | Processed 5/15 groups
2025-10-05 21:06:30 | INFO     | Murray.main:BetterGroups:1040 | Processed 6/15 groups
2025-10-05 21:06:30 | INFO     | Murray.main:BetterGroups:1040 | Processed 7/15 groups
2025-10-05 21:06:30 | INFO     | Murray.main:BetterGroups:1040 | Processed 8/15 groups
2025-10-05 21:06:30 | INFO     | Murray.main:BetterGroups:1040 | Processed 9/15 groups
2025-10-05 21:06:30 | INFO     | Murray.main:BetterGroups:1040 | Processed 10/15 groups
2025-10-05 21:06:30 | INFO     | Murray.main:BetterGroups:1040 | Processed 11/15 groups
2025-10-05 21:06:30 | INFO     | Murray.main:BetterGroups:1040 | Processed 12/15 groups
2025-10-05 21:06:30 | INFO     | Murray.main:BetterGroups:1040 | Processed 13/15 groups
2025-10-05 21:06:30 | INFO     | Murray.main:BetterGroups:1040 | Processed 14/15 groups
2025-10-05 21:06:30 | INFO     | Murray.main:BetterGroups:1040 | Processed 15/15 groups
2025-10-05 21:06:30 | INFO     | Murray.main:BetterGroups:1041 | All groups processed. Results count: 15
2025-10-05 21:06:30 | ERROR    | Murray.main:BetterGroups:829 | BetterGroups failed: Total Y sum is 0. Check that your data contains non-zero values in the 'Y' column.
2025-10-05 21:06:30 | ERROR    | Murray.main:BetterGroups:829 | BetterGroups failed: Total Y sum is 0. Check that your data contains non-zero values in the 'Y' column.
2025-10-05 21:06:30 | ERROR    | Murray.main:BetterGroups:829 | BetterGroups failed: Total Y sum is 0. Check that your data contains non-zero values in the 'Y' column.
2025-10-05 21:06:30 | INFO     | Murray.main:BetterGroups:1008 | Starting single-cell mode
2025-10-05 21:06:30 | INFO     | Murray.main:BetterGroups:1040 | Processed 1/15 groups
2025-10-05 21:06:30 | INFO     | Murray.main:BetterGroups:1040 | Processed 2/15 groups
2025-10-05 21:06:31 | INFO     | Murray.main:BetterGroups:1040 | Processed 3/15 groups
2025-10-05 21:06:31 | INFO     | Murray.main:BetterGroups:1040 | Processed 4/15 groups
2025-10-05 21:06:31 | INFO     | Murray.main:BetterGroups:1040 | Processed 5/15 groups
2025-10-05 21:06:31 | INFO     | Murray.main:BetterGroups:1040 | Processed 6/15 groups
2025-10-05 21:06:31 | INFO     | Murray.main:BetterGroups:1040 | Processed 7/15 groups
2025-10-05 21:06:31 | INFO     | Murray.main:BetterGroups:1040 | Processed 8/15 groups
2025-10-05 21:06:31 | INFO     | Murray.main:BetterGroups:1040 | Processed 9/15 groups
2025-10-05 21:06:31 | INFO     | Murray.main:BetterGroups:1040 | Processed 10/15 groups
2025-10-05 21:06:31 | INFO     | Murray.main:BetterGroups:1040 | Processed 11/15 groups
2025-10-05 21:06:31 | INFO     | Murray.main:BetterGroups:1040 | Processed 12/15 groups
2025-10-05 21:06:31 | INFO     | Murray.main:BetterGroups:1040 | Processed 13/15 groups
2025-10-05 21:06:31 | INFO     | Murray.main:BetterGroups:1040 | Processed 14/15 groups
2025-10-05 21:06:31 | INFO     | Murray.main:BetterGroups:1040 | Processed 15/15 groups
2025-10-05 21:06:31 | INFO     | Murray.main:BetterGroups:1041 | All groups processed. Results count: 15
2025-10-05 21:06:31 | INFO     | Murray.main:BetterGroups:1008 | Starting single-cell mode
2025-10-05 21:06:31 | INFO     | Murray.main:BetterGroups:1040 | Processed 1/6 groups
2025-10-05 21:06:31 | INFO     | Murray.main:BetterGroups:1040 | Processed 2/6 groups
2025-10-05 21:06:31 | INFO     | Murray.main:BetterGroups:1040 | Processed 3/6 groups
2025-10-05 21:06:31 | INFO     | Murray.main:BetterGroups:1040 | Processed 4/6 groups
2025-10-05 21:06:31 | INFO     | Murray.main:BetterGroups:1040 | Processed 5/6 groups
2025-10-05 21:06:31 | INFO     | Murray.main:BetterGroups:1040 | Processed 6/6 groups
2025-10-05 21:06:31 | INFO     | Murray.main:BetterGroups:1041 | All groups processed. Results count: 6
2025-10-05 21:06:31 | INFO     | Murray.main:BetterGroups:1008 | Starting single-cell mode
2025-10-05 21:06:31 | WARNING  | Murray.main:evaluate_group:381 | No control group found for treatment group: ['region_c']
2025-10-05 21:06:31 | WARNING  | Murray.main:evaluate_group:381 | No control group found for treatment group: ['region_a']
2025-10-05 21:06:31 | WARNING  | Murray.main:evaluate_group:381 | No control group found for treatment group: ['region_e']
2025-10-05 21:06:31 | INFO     | Murray.main:BetterGroups:1040 | Processed 1/15 groups
2025-10-05 21:06:31 | WARNING  | Murray.main:evaluate_group:381 | No control group found for treatment group: ['region_b']
2025-10-05 21:06:31 | WARNING  | Murray.main:evaluate_group:381 | No control group found for treatment group: ['region_d']
2025-10-05 21:06:31 | INFO     | Murray.main:BetterGroups:1040 | Processed 2/15 groups
2025-10-05 21:06:31 | WARNING  | Murray.main:evaluate_group:381 | No control group found for treatment group: ['region_a', 'region_d']
2025-10-05 21:06:31 | WARNING  | Murray.main:evaluate_group:381 | No control group found for treatment group: ['region_b', 'region_c']
2025-10-05 21:06:31 | INFO     | Murray.main:BetterGroups:1040 | Processed 3/15 groups
2025-10-05 21:06:31 | WARNING  | Murray.main:evaluate_group:381 | No control group found for treatment group: ['region_a', 'region_c']
2025-10-05 21:06:31 | WARNING  | Murray.main:evaluate_group:381 | No control group found for treatment group: ['region_b', 'region_e']
2025-10-05 21:06:31 | INFO     | Murray.main:BetterGroups:1040 | Processed 4/15 groups
2025-10-05 21:06:31 | WARNING  | Murray.main:evaluate_group:381 | No control group found for treatment group: ['region_a', 'region_e']
2025-10-05 21:06:31 | WARNING  | Murray.main:evaluate_group:381 | No control group found for treatment group: ['region_c', 'region_d']
2025-10-05 21:06:31 | INFO     | Murray.main:BetterGroups:1040 | Processed 5/15 groups
2025-10-05 21:06:31 | WARNING  | Murray.main:evaluate_group:381 | No control group found for treatment group: ['region_c', 'region_e']
2025-10-05 21:06:31 | WARNING  | Murray.main:evaluate_group:381 | No control group found for treatment group: ['region_a', 'region_b']
2025-10-05 21:06:31 | INFO     | Murray.main:BetterGroups:1040 | Processed 6/15 groups
2025-10-05 21:06:31 | WARNING  | Murray.main:evaluate_group:381 | No control group found for treatment group: ['region_d', 'region_e']
2025-10-05 21:06:31 | WARNING  | Murray.main:evaluate_group:381 | No control group found for treatment group: ['region_b', 'region_d']
2025-10-05 21:06:31 | INFO     | Murray.main:BetterGroups:1040 | Processed 7/15 groups
2025-10-05 21:06:31 | INFO     | Murray.main:BetterGroups:1040 | Processed 8/15 groups
2025-10-05 21:06:31 | INFO     | Murray.main:BetterGroups:1040 | Processed 9/15 groups
2025-10-05 21:06:31 | INFO     | Murray.main:BetterGroups:1040 | Processed 10/15 groups
2025-10-05 21:06:31 | INFO     | Murray.main:BetterGroups:1040 | Processed 11/15 groups
2025-10-05 21:06:31 | INFO     | Murray.main:BetterGroups:1040 | Processed 12/15 groups
2025-10-05 21:06:31 | INFO     | Murray.main:BetterGroups:1040 | Processed 13/15 groups
2025-10-05 21:06:31 | INFO     | Murray.main:BetterGroups:1040 | Processed 14/15 groups
2025-10-05 21:06:31 | INFO     | Murray.main:BetterGroups:1040 | Processed 15/15 groups
2025-10-05 21:06:31 | INFO     | Murray.main:BetterGroups:1041 | All groups processed. Results count: 15
2025-10-05 21:06:31 | INFO     | Murray.main:BetterGroups:1008 | Starting single-cell mode
2025-10-05 21:06:31 | INFO     | Murray.main:BetterGroups:1040 | Processed 1/3 groups
2025-10-05 21:06:31 | INFO     | Murray.main:BetterGroups:1040 | Processed 2/3 groups
2025-10-05 21:06:31 | INFO     | Murray.main:BetterGroups:1040 | Processed 3/3 groups
2025-10-05 21:06:31 | INFO     | Murray.main:BetterGroups:1041 | All groups processed. Results count: 3
2025-10-05 21:06:31 | WARNING  | Murray.auxiliary:handle_duplicates:32 | Found 6 duplicate entries in the data. Aggregating by mean.
2025-10-05 21:06:31 | WARNING  | Murray.auxiliary:handle_duplicates:23 | DataFrame is empty, returning as is
2025-10-05 21:06:31 | WARNING  | Murray.auxiliary:handle_duplicates:32 | Found 4 duplicate entries in the data. Aggregating by sum.
2025-10-05 21:06:31 | WARNING  | Murray.auxiliary:handle_duplicates:32 | Found 4 duplicate entries in the data. Aggregating by first.
2025-10-05 21:06:31 | WARNING  | Murray.auxiliary:handle_duplicates:32 | Found 4 duplicate entries in the data. Aggregating by last.
2025-10-05 21:06:31 | WARNING  | Murray.auxiliary:handle_duplicates:32 | Found 4 duplicate entries in the data. Aggregating by mean.
2025-10-05 21:06:31 | WARNING  | Murray.auxiliary:handle_duplicates:32 | Found 4 duplicate entries in the data. Aggregating by mean.
2025-10-05 21:06:31 | WARNING  | Murray.auxiliary:handle_duplicates:32 | Found 6 duplicate entries in the data. Aggregating by mean.
2025-10-05 21:06:31 | WARNING  | Murray.auxiliary:handle_duplicates:32 | Found 4 duplicate entries in the data. Aggregating by mean.
2025-10-05 21:06:31 | WARNING  | Murray.auxiliary:handle_duplicates:32 | Found 10000 duplicate entries in the data. Aggregating by mean.
2025-10-05 21:06:31 | INFO     | Murray.main:BetterGroups:857 | Starting multi-cell flexible with location exclusivity
2025-10-05 21:06:31 | INFO     | Murray.main:BetterGroups:919 | Processed 1/375 total groups
2025-10-05 21:06:32 | INFO     | Murray.main:BetterGroups:919 | Processed 37/375 total groups
2025-10-05 21:06:32 | INFO     | Murray.main:BetterGroups:919 | Processed 3/154 total groups
2025-10-05 21:06:32 | INFO     | Murray.main:BetterGroups:919 | Processed 15/154 total groups
2025-10-05 21:06:32 | INFO     | Murray.main:BetterGroups:919 | Processed 30/154 total groups
2025-10-05 21:06:32 | INFO     | Murray.main:BetterGroups:919 | Processed 45/154 total groups
2025-10-05 21:06:33 | INFO     | Murray.main:BetterGroups:919 | Processed 5/25 total groups
2025-10-05 21:06:33 | INFO     | Murray.main:BetterGroups:919 | Processed 6/25 total groups
2025-10-05 21:06:33 | INFO     | Murray.main:BetterGroups:919 | Processed 8/25 total groups
2025-10-05 21:06:33 | INFO     | Murray.main:BetterGroups:1008 | Starting single-cell mode
2025-10-05 21:06:33 | INFO     | Murray.main:BetterGroups:1040 | Processed 1/375 groups
2025-10-05 21:06:34 | INFO     | Murray.main:BetterGroups:1040 | Processed 37/375 groups
2025-10-05 21:06:34 | INFO     | Murray.main:BetterGroups:1040 | Processed 74/375 groups
2025-10-05 21:06:35 | INFO     | Murray.main:BetterGroups:1040 | Processed 111/375 groups
2025-10-05 21:06:36 | INFO     | Murray.main:BetterGroups:1040 | Processed 148/375 groups
2025-10-05 21:06:37 | INFO     | Murray.main:BetterGroups:1040 | Processed 185/375 groups
2025-10-05 21:06:37 | INFO     | Murray.main:BetterGroups:1040 | Processed 222/375 groups
2025-10-05 21:06:38 | INFO     | Murray.main:BetterGroups:1040 | Processed 259/375 groups
2025-10-05 21:06:39 | INFO     | Murray.main:BetterGroups:1040 | Processed 296/375 groups
2025-10-05 21:06:40 | INFO     | Murray.main:BetterGroups:1040 | Processed 333/375 groups
2025-10-05 21:06:41 | INFO     | Murray.main:BetterGroups:1040 | Processed 370/375 groups
2025-10-05 21:06:41 | INFO     | Murray.main:BetterGroups:1040 | Processed 375/375 groups
2025-10-05 21:06:41 | INFO     | Murray.main:BetterGroups:1041 | All groups processed. Results count: 375
2025-10-05 21:06:41 | INFO     | Murray.main:BetterGroups:857 | Starting multi-cell flexible with location exclusivity
2025-10-05 21:06:41 | INFO     | Murray.main:BetterGroups:919 | Processed 1/10 total groups
2025-10-05 21:06:41 | INFO     | Murray.main:BetterGroups:919 | Processed 2/10 total groups
2025-10-05 21:06:41 | INFO     | Murray.main:BetterGroups:919 | Processed 3/10 total groups
2025-10-05 21:06:41 | INFO     | Murray.main:BetterGroups:919 | Processed 4/10 total groups
2025-10-05 21:06:41 | INFO     | Murray.main:BetterGroups:919 | Processed 5/10 total groups
2025-10-05 21:06:41 | INFO     | Murray.main:BetterGroups:919 | Processed 6/10 total groups
2025-10-05 21:06:41 | INFO     | Murray.main:BetterGroups:919 | Processed 7/10 total groups
2025-10-05 21:06:41 | INFO     | Murray.main:BetterGroups:919 | Processed 8/10 total groups
2025-10-05 21:06:41 | INFO     | Murray.main:BetterGroups:919 | Processed 9/10 total groups
2025-10-05 21:06:41 | INFO     | Murray.main:BetterGroups:919 | Processed 10/10 total groups
2025-10-05 21:06:41 | INFO     | Murray.main:BetterGroups:857 | Starting multi-cell flexible with location exclusivity
2025-10-05 21:06:41 | WARNING  | Murray.main:select_treatments_exclusive:509 | Treatment size (100) exceeds available locations (10), skipping
2025-10-05 21:06:41 | INFO     | Murray.main:BetterGroups:919 | Processed 1/10 total groups
2025-10-05 21:06:41 | INFO     | Murray.main:BetterGroups:919 | Processed 2/10 total groups
2025-10-05 21:06:41 | INFO     | Murray.main:BetterGroups:919 | Processed 3/10 total groups
2025-10-05 21:06:41 | INFO     | Murray.main:BetterGroups:919 | Processed 4/10 total groups
2025-10-05 21:06:41 | INFO     | Murray.main:BetterGroups:919 | Processed 5/10 total groups
2025-10-05 21:06:41 | INFO     | Murray.main:BetterGroups:919 | Processed 6/10 total groups
2025-10-05 21:06:41 | INFO     | Murray.main:BetterGroups:919 | Processed 7/10 total groups
2025-10-05 21:06:41 | INFO     | Murray.main:BetterGroups:919 | Processed 8/10 total groups
2025-10-05 21:06:41 | INFO     | Murray.main:BetterGroups:919 | Processed 9/10 total groups
2025-10-05 21:06:41 | INFO     | Murray.main:BetterGroups:919 | Processed 10/10 total groups
2025-10-05 21:06:41 | WARNING  | Murray.main:select_treatments_exclusive:509 | Treatment size (100) exceeds available locations (9), skipping
2025-10-05 21:06:41 | WARNING  | Murray.main:BetterGroups:867 | No valid groups available for size 100 (insufficient available locations)
2025-10-05 21:06:41 | INFO     | Murray.main:BetterGroups:857 | Starting multi-cell flexible with location exclusivity
2025-10-05 21:06:41 | INFO     | Murray.main:BetterGroups:919 | Processed 1/120 total groups
2025-10-05 21:06:41 | INFO     | Murray.main:BetterGroups:919 | Processed 12/120 total groups
2025-10-05 21:06:42 | INFO     | Murray.main:BetterGroups:919 | Processed 24/120 total groups
2025-10-05 21:06:42 | INFO     | Murray.main:BetterGroups:919 | Processed 36/120 total groups
2025-10-05 21:06:42 | INFO     | Murray.main:BetterGroups:919 | Processed 48/120 total groups
2025-10-05 21:06:42 | INFO     | Murray.main:BetterGroups:919 | Processed 60/120 total groups
2025-10-05 21:06:43 | INFO     | Murray.main:BetterGroups:919 | Processed 72/120 total groups
2025-10-05 21:06:43 | INFO     | Murray.main:BetterGroups:919 | Processed 84/120 total groups
2025-10-05 21:06:43 | INFO     | Murray.main:BetterGroups:919 | Processed 96/120 total groups
2025-10-05 21:06:43 | INFO     | Murray.main:BetterGroups:919 | Processed 108/120 total groups
2025-10-05 21:06:44 | INFO     | Murray.main:BetterGroups:919 | Processed 120/120 total groups
2025-10-05 21:06:44 | INFO     | Murray.main:evaluate_sensitivity:1948 | Period 10 completed for size 50. MDE found: None with p-value: None, power: None
2025-10-05 21:06:44 | INFO     | Murray.main:evaluate_sensitivity:1948 | Period 20 completed for size 50. MDE found: None with p-value: None, power: None
2025-10-05 21:06:44 | INFO     | Murray.main:evaluate_sensitivity:1948 | Period 30 completed for size 50. MDE found: None with p-value: None, power: None
2025-10-05 21:06:44 | INFO     | Murray.main:evaluate_sensitivity:1965 | evaluate_sensitivity completed successfully.
2025-10-05 21:06:44 | INFO     | Murray.main:run_geo_analysis_streamlit_app:2079 | Starting run_geo_analysis_streamlit_app............
2025-10-05 21:06:44 | INFO     | Murray.main:run_geo_analysis_streamlit_app:2088 | Step 1: Generating market correlations.....
2025-10-05 21:06:44 | INFO     | Murray.main:run_geo_analysis_streamlit_app:2092 | Market correlations generated successfully.
2025-10-05 21:06:44 | INFO     | Murray.main:run_geo_analysis_streamlit_app:2095 | Step 2: Finding best groups for control and treatment.....
2025-10-05 21:06:44 | INFO     | Murray.main:BetterGroups:1008 | Starting single-cell mode
2025-10-05 21:06:44 | INFO     | Murray.main:BetterGroups:1040 | Processed 1/246 groups
2025-10-05 21:06:44 | INFO     | Murray.main:BetterGroups:1040 | Processed 24/246 groups
2025-10-05 21:06:45 | INFO     | Murray.main:BetterGroups:1040 | Processed 48/246 groups
2025-10-05 21:06:45 | INFO     | Murray.main:BetterGroups:1040 | Processed 72/246 groups
2025-10-05 21:06:46 | INFO     | Murray.main:BetterGroups:1040 | Processed 96/246 groups
2025-10-05 21:06:46 | INFO     | Murray.main:BetterGroups:1040 | Processed 120/246 groups
2025-10-05 21:06:47 | INFO     | Murray.main:BetterGroups:1040 | Processed 144/246 groups
2025-10-05 21:06:47 | INFO     | Murray.main:BetterGroups:1040 | Processed 168/246 groups
2025-10-05 21:06:48 | INFO     | Murray.main:BetterGroups:1040 | Processed 192/246 groups
2025-10-05 21:06:49 | INFO     | Murray.main:BetterGroups:1040 | Processed 216/246 groups
2025-10-05 21:06:49 | INFO     | Murray.main:BetterGroups:1040 | Processed 240/246 groups
2025-10-05 21:06:49 | INFO     | Murray.main:BetterGroups:1040 | Processed 246/246 groups
2025-10-05 21:06:49 | INFO     | Murray.main:BetterGroups:1041 | All groups processed. Results count: 246
2025-10-05 21:06:49 | INFO     | Murray.main:run_geo_analysis_streamlit_app:2126 | BetterGroups completed successfully. Results for 3 sizes
2025-10-05 21:06:49 | INFO     | Murray.main:run_geo_analysis_streamlit_app:2131 | Step 3: Evaluating sensitivity for different deltas and periods.....
2025-10-05 21:06:49 | INFO     | Murray.main:run_geo_analysis_streamlit_app:2181 | Starting sensitivity evaluation for standard results
2025-10-05 21:06:49 | INFO     | Murray.main:evaluate_sensitivity:1948 | Period 10 completed for size 2. MDE found: None with p-value: None, power: None
2025-10-05 21:06:50 | INFO     | Murray.main:evaluate_sensitivity:1948 | Period 20 completed for size 2. MDE found: None with p-value: None, power: None
2025-10-05 21:06:50 | INFO     | Murray.main:evaluate_sensitivity:1948 | Period 10 completed for size 3. MDE found: 0.2 with p-value: 0.0092, power: 1.0000
2025-10-05 21:06:50 | INFO     | Murray.main:evaluate_sensitivity:1948 | Period 20 completed for size 3. MDE found: 0.2 with p-value: 0.0213, power: 0.9250
2025-10-05 21:06:50 | INFO     | Murray.main:evaluate_sensitivity:1948 | Period 10 completed for size 4. MDE found: 0.2 with p-value: 0.0273, power: 0.8250
2025-10-05 21:06:50 | INFO     | Murray.main:evaluate_sensitivity:1948 | Period 20 completed for size 4. MDE found: 0.2 with p-value: 0.0110, power: 1.0000
2025-10-05 21:06:50 | INFO     | Murray.main:evaluate_sensitivity:1965 | evaluate_sensitivity completed successfully.
2025-10-05 21:06:50 | INFO     | Murray.main:run_geo_analysis_streamlit_app:2193 | evaluate_sensitivity call completed
2025-10-05 21:06:50 | INFO     | Murray.main:run_geo_analysis_streamlit_app:2199 | Sensitivity evaluation completed successfully.
2025-10-05 21:06:50 | INFO     | Murray.main:run_geo_analysis_streamlit_app:2207 | run_geo_analysis_streamlit_app completed successfully
2025-10-05 21:06:50 | WARNING  | Murray.auxiliary:handle_duplicates:32 | Found 40 duplicate entries in the data. Aggregating by mean.
2025-10-05 21:06:50 | INFO     | Murray.main:run_geo_analysis_streamlit_app:2079 | Starting run_geo_analysis_streamlit_app............
2025-10-05 21:06:50 | INFO     | Murray.main:run_geo_analysis_streamlit_app:2088 | Step 1: Generating market correlations.....
2025-10-05 21:06:50 | INFO     | Murray.main:run_geo_analysis_streamlit_app:2092 | Market correlations generated successfully.
2025-10-05 21:06:50 | INFO     | Murray.main:run_geo_analysis_streamlit_app:2095 | Step 2: Finding best groups for control and treatment.....
2025-10-05 21:06:50 | INFO     | Murray.main:BetterGroups:1008 | Starting single-cell mode
2025-10-05 21:06:50 | INFO     | Murray.main:BetterGroups:1040 | Processed 1/84 groups
2025-10-05 21:06:50 | INFO     | Murray.main:BetterGroups:1040 | Processed 8/84 groups
2025-10-05 21:06:50 | INFO     | Murray.main:BetterGroups:1040 | Processed 16/84 groups
2025-10-05 21:06:51 | INFO     | Murray.main:BetterGroups:1040 | Processed 24/84 groups
2025-10-05 21:06:51 | INFO     | Murray.main:BetterGroups:1040 | Processed 32/84 groups
2025-10-05 21:06:51 | INFO     | Murray.main:BetterGroups:1040 | Processed 40/84 groups
2025-10-05 21:06:51 | INFO     | Murray.main:BetterGroups:1040 | Processed 48/84 groups
2025-10-05 21:06:51 | INFO     | Murray.main:BetterGroups:1040 | Processed 56/84 groups
2025-10-05 21:06:51 | INFO     | Murray.main:BetterGroups:1040 | Processed 64/84 groups
2025-10-05 21:06:51 | INFO     | Murray.main:BetterGroups:1040 | Processed 72/84 groups
2025-10-05 21:06:52 | INFO     | Murray.main:BetterGroups:1040 | Processed 80/84 groups
2025-10-05 21:06:52 | INFO     | Murray.main:BetterGroups:1040 | Processed 84/84 groups
2025-10-05 21:06:52 | INFO     | Murray.main:BetterGroups:1041 | All groups processed. Results count: 84
2025-10-05 21:06:52 | INFO     | Murray.main:run_geo_analysis_streamlit_app:2126 | BetterGroups completed successfully. Results for 2 sizes
2025-10-05 21:06:52 | INFO     | Murray.main:run_geo_analysis_streamlit_app:2131 | Step 3: Evaluating sensitivity for different deltas and periods.....
2025-10-05 21:06:52 | INFO     | Murray.main:run_geo_analysis_streamlit_app:2181 | Starting sensitivity evaluation for standard results
2025-10-05 21:06:52 | INFO     | Murray.main:evaluate_sensitivity:1948 | Period 10 completed for size 2. MDE found: 0.1 with p-value: 0.0265, power: 1.0000
2025-10-05 21:06:52 | INFO     | Murray.main:evaluate_sensitivity:1948 | Period 15 completed for size 2. MDE found: 0.05 with p-value: 0.0230, power: 1.0000
2025-10-05 21:06:52 | INFO     | Murray.main:evaluate_sensitivity:1948 | Period 10 completed for size 3. MDE found: 0.1 with p-value: 0.0235, power: 0.9750
2025-10-05 21:06:52 | INFO     | Murray.main:evaluate_sensitivity:1948 | Period 15 completed for size 3. MDE found: 0.1 with p-value: 0.0500, power: 0.9500
2025-10-05 21:06:52 | INFO     | Murray.main:evaluate_sensitivity:1965 | evaluate_sensitivity completed successfully.
2025-10-05 21:06:52 | INFO     | Murray.main:run_geo_analysis_streamlit_app:2193 | evaluate_sensitivity call completed
2025-10-05 21:06:52 | INFO     | Murray.main:run_geo_analysis_streamlit_app:2199 | Sensitivity evaluation completed successfully.
2025-10-05 21:06:52 | INFO     | Murray.main:run_geo_analysis_streamlit_app:2207 | run_geo_analysis_streamlit_app completed successfully
2025-10-05 21:06:52 | INFO     | Murray.main:run_geo_analysis_streamlit_app:2079 | Starting run_geo_analysis_streamlit_app............
2025-10-05 21:06:52 | INFO     | Murray.main:run_geo_analysis_streamlit_app:2088 | Step 1: Generating market correlations.....
2025-10-05 21:06:52 | INFO     | Murray.main:run_geo_analysis_streamlit_app:2092 | Market correlations generated successfully.
2025-10-05 21:06:52 | INFO     | Murray.main:run_geo_analysis_streamlit_app:2095 | Step 2: Finding best groups for control and treatment.....
2025-10-05 21:06:52 | INFO     | Murray.main:BetterGroups:1008 | Starting single-cell mode
2025-10-05 21:06:52 | INFO     | Murray.main:BetterGroups:1040 | Processed 1/375 groups
2025-10-05 21:06:53 | INFO     | Murray.main:BetterGroups:1040 | Processed 37/375 groups
2025-10-05 21:06:53 | INFO     | Murray.main:BetterGroups:1040 | Processed 74/375 groups
2025-10-05 21:06:54 | INFO     | Murray.main:BetterGroups:1040 | Processed 111/375 groups
2025-10-05 21:06:54 | INFO     | Murray.main:BetterGroups:1040 | Processed 148/375 groups
2025-10-05 21:06:54 | INFO     | Murray.main:BetterGroups:1040 | Processed 185/375 groups
2025-10-05 21:06:54 | INFO     | Murray.main:BetterGroups:1040 | Processed 222/375 groups
2025-10-05 21:06:54 | INFO     | Murray.main:BetterGroups:1040 | Processed 259/375 groups
2025-10-05 21:06:54 | INFO     | Murray.main:BetterGroups:1040 | Processed 296/375 groups
2025-10-05 21:06:54 | INFO     | Murray.main:BetterGroups:1040 | Processed 333/375 groups
2025-10-05 21:06:54 | INFO     | Murray.main:BetterGroups:1040 | Processed 370/375 groups
2025-10-05 21:06:54 | INFO     | Murray.main:BetterGroups:1040 | Processed 375/375 groups
2025-10-05 21:06:54 | INFO     | Murray.main:BetterGroups:1041 | All groups processed. Results count: 375
2025-10-05 21:06:54 | INFO     | Murray.main:run_geo_analysis_streamlit_app:2126 | BetterGroups completed successfully. Results for 2 sizes
2025-10-05 21:06:54 | INFO     | Murray.main:run_geo_analysis_streamlit_app:2131 | Step 3: Evaluating sensitivity for different deltas and periods.....
2025-10-05 21:06:54 | INFO     | Murray.main:run_geo_analysis_streamlit_app:2181 | Starting sensitivity evaluation for standard results
2025-10-05 21:06:54 | INFO     | Murray.main:evaluate_sensitivity:1948 | Period 10 completed for size 2. MDE found: None with p-value: None, power: None
2025-10-05 21:06:54 | INFO     | Murray.main:evaluate_sensitivity:1948 | Period 10 completed for size 3. MDE found: None with p-value: None, power: None
2025-10-05 21:06:54 | INFO     | Murray.main:evaluate_sensitivity:1965 | evaluate_sensitivity completed successfully.
2025-10-05 21:06:54 | INFO     | Murray.main:run_geo_analysis_streamlit_app:2193 | evaluate_sensitivity call completed
2025-10-05 21:06:54 | INFO     | Murray.main:run_geo_analysis_streamlit_app:2199 | Sensitivity evaluation completed successfully.
2025-10-05 21:06:54 | INFO     | Murray.main:run_geo_analysis_streamlit_app:2207 | run_geo_analysis_streamlit_app completed successfully
2025-10-05 21:06:54 | INFO     | Murray.main:run_geo_analysis_streamlit_app:2079 | Starting run_geo_analysis_streamlit_app............
2025-10-05 21:06:54 | INFO     | Murray.main:run_geo_analysis_streamlit_app:2088 | Step 1: Generating market correlations.....
2025-10-05 21:06:54 | INFO     | Murray.main:run_geo_analysis_streamlit_app:2092 | Market correlations generated successfully.
2025-10-05 21:06:54 | INFO     | Murray.main:run_geo_analysis_streamlit_app:2095 | Step 2: Finding best groups for control and treatment.....
2025-10-05 21:06:54 | INFO     | Murray.main:BetterGroups:1008 | Starting single-cell mode
2025-10-05 21:06:54 | INFO     | Murray.main:BetterGroups:1040 | Processed 1/375 groups
2025-10-05 21:06:55 | INFO     | Murray.main:BetterGroups:1040 | Processed 37/375 groups
2025-10-05 21:06:56 | INFO     | Murray.main:BetterGroups:1040 | Processed 74/375 groups
2025-10-05 21:06:57 | INFO     | Murray.main:BetterGroups:1040 | Processed 111/375 groups
2025-10-05 21:06:58 | INFO     | Murray.main:BetterGroups:1040 | Processed 148/375 groups
2025-10-05 21:06:58 | INFO     | Murray.main:BetterGroups:1040 | Processed 185/375 groups
2025-10-05 21:06:59 | INFO     | Murray.main:BetterGroups:1040 | Processed 222/375 groups
2025-10-05 21:07:00 | INFO     | Murray.main:BetterGroups:1040 | Processed 259/375 groups
2025-10-05 21:07:01 | INFO     | Murray.main:BetterGroups:1040 | Processed 296/375 groups
2025-10-05 21:07:02 | INFO     | Murray.main:BetterGroups:1040 | Processed 333/375 groups
2025-10-05 21:07:03 | INFO     | Murray.main:BetterGroups:1040 | Processed 370/375 groups
2025-10-05 21:07:03 | INFO     | Murray.main:BetterGroups:1040 | Processed 375/375 groups
2025-10-05 21:07:03 | INFO     | Murray.main:BetterGroups:1041 | All groups processed. Results count: 375
2025-10-05 21:07:03 | INFO     | Murray.main:run_geo_analysis_streamlit_app:2126 | BetterGroups completed successfully. Results for 3 sizes
2025-10-05 21:07:03 | INFO     | Murray.main:run_geo_analysis_streamlit_app:2131 | Step 3: Evaluating sensitivity for different deltas and periods.....
2025-10-05 21:07:03 | INFO     | Murray.main:run_geo_analysis_streamlit_app:2181 | Starting sensitivity evaluation for standard results
2025-10-05 21:07:03 | INFO     | Murray.main:evaluate_sensitivity:1948 | Period 10 completed for size 2. MDE found: None with p-value: None, power: None
2025-10-05 21:07:03 | INFO     | Murray.main:evaluate_sensitivity:1948 | Period 10 completed for size 3. MDE found: None with p-value: None, power: None
2025-10-05 21:07:03 | INFO     | Murray.main:evaluate_sensitivity:1948 | Period 10 completed for size 4. MDE found: None with p-value: None, power: None
2025-10-05 21:07:03 | INFO     | Murray.main:evaluate_sensitivity:1965 | evaluate_sensitivity completed successfully.
2025-10-05 21:07:03 | INFO     | Murray.main:run_geo_analysis_streamlit_app:2193 | evaluate_sensitivity call completed
2025-10-05 21:07:03 | INFO     | Murray.main:run_geo_analysis_streamlit_app:2199 | Sensitivity evaluation completed successfully.
2025-10-05 21:07:03 | INFO     | Murray.main:run_geo_analysis_streamlit_app:2207 | run_geo_analysis_streamlit_app completed successfully
2025-10-05 21:07:03 | INFO     | Murray.main:run_geo_analysis_streamlit_app:2079 | Starting run_geo_analysis_streamlit_app............
2025-10-05 21:07:03 | INFO     | Murray.main:run_geo_analysis_streamlit_app:2088 | Step 1: Generating market correlations.....
2025-10-05 21:07:03 | INFO     | Murray.main:run_geo_analysis_streamlit_app:2092 | Market correlations generated successfully.
2025-10-05 21:07:03 | INFO     | Murray.main:run_geo_analysis_streamlit_app:2095 | Step 2: Finding best groups for control and treatment.....
2025-10-05 21:07:03 | INFO     | Murray.main:BetterGroups:1008 | Starting single-cell mode
2025-10-05 21:07:03 | INFO     | Murray.main:BetterGroups:1040 | Processed 1/375 groups
2025-10-05 21:07:04 | INFO     | Murray.main:BetterGroups:1040 | Processed 37/375 groups
2025-10-05 21:07:04 | INFO     | Murray.main:BetterGroups:1040 | Processed 74/375 groups
2025-10-05 21:07:04 | INFO     | Murray.main:BetterGroups:1040 | Processed 111/375 groups
2025-10-05 21:07:05 | INFO     | Murray.main:BetterGroups:1040 | Processed 148/375 groups
2025-10-05 21:07:06 | INFO     | Murray.main:BetterGroups:1040 | Processed 185/375 groups
2025-10-05 21:07:07 | INFO     | Murray.main:BetterGroups:1040 | Processed 222/375 groups
2025-10-05 21:07:08 | INFO     | Murray.main:BetterGroups:1040 | Processed 259/375 groups
2025-10-05 21:07:09 | INFO     | Murray.main:BetterGroups:1040 | Processed 296/375 groups
2025-10-05 21:07:09 | INFO     | Murray.main:BetterGroups:1040 | Processed 333/375 groups
2025-10-05 21:07:10 | INFO     | Murray.main:BetterGroups:1040 | Processed 370/375 groups
2025-10-05 21:07:10 | INFO     | Murray.main:BetterGroups:1040 | Processed 375/375 groups
2025-10-05 21:07:10 | INFO     | Murray.main:BetterGroups:1041 | All groups processed. Results count: 375
2025-10-05 21:07:10 | INFO     | Murray.main:run_geo_analysis_streamlit_app:2126 | BetterGroups completed successfully. Results for 3 sizes
2025-10-05 21:07:10 | INFO     | Murray.main:run_geo_analysis_streamlit_app:2131 | Step 3: Evaluating sensitivity for different deltas and periods.....
2025-10-05 21:07:10 | INFO     | Murray.main:run_geo_analysis_streamlit_app:2181 | Starting sensitivity evaluation for standard results
2025-10-05 21:07:10 | INFO     | Murray.main:evaluate_sensitivity:1948 | Period 10 completed for size 2. MDE found: None with p-value: None, power: None
2025-10-05 21:07:10 | INFO     | Murray.main:evaluate_sensitivity:1948 | Period 10 completed for size 3. MDE found: None with p-value: None, power: None
2025-10-05 21:07:10 | INFO     | Murray.main:evaluate_sensitivity:1948 | Period 10 completed for size 4. MDE found: None with p-value: None, power: None
2025-10-05 21:07:10 | INFO     | Murray.main:evaluate_sensitivity:1965 | evaluate_sensitivity completed successfully.
2025-10-05 21:07:10 | INFO     | Murray.main:run_geo_analysis_streamlit_app:2193 | evaluate_sensitivity call completed
2025-10-05 21:07:10 | INFO     | Murray.main:run_geo_analysis_streamlit_app:2199 | Sensitivity evaluation completed successfully.
2025-10-05 21:07:10 | INFO     | Murray.main:run_geo_analysis_streamlit_app:2207 | run_geo_analysis_streamlit_app completed successfully
2025-10-05 21:07:10 | INFO     | Murray.main:run_geo_analysis_streamlit_app:2079 | Starting run_geo_analysis_streamlit_app............
2025-10-05 21:07:10 | INFO     | Murray.main:run_geo_analysis_streamlit_app:2088 | Step 1: Generating market correlations.....
2025-10-05 21:07:10 | INFO     | Murray.main:run_geo_analysis_streamlit_app:2092 | Market correlations generated successfully.
2025-10-05 21:07:10 | INFO     | Murray.main:run_geo_analysis_streamlit_app:2095 | Step 2: Finding best groups for control and treatment.....
2025-10-05 21:07:10 | INFO     | Murray.main:BetterGroups:1008 | Starting single-cell mode
2025-10-05 21:07:11 | INFO     | Murray.main:BetterGroups:1040 | Processed 1/375 groups
2025-10-05 21:07:11 | INFO     | Murray.main:BetterGroups:1040 | Processed 37/375 groups
2025-10-05 21:07:12 | INFO     | Murray.main:BetterGroups:1040 | Processed 74/375 groups
2025-10-05 21:07:13 | INFO     | Murray.main:BetterGroups:1040 | Processed 111/375 groups
2025-10-05 21:07:14 | INFO     | Murray.main:BetterGroups:1040 | Processed 148/375 groups
2025-10-05 21:07:14 | INFO     | Murray.main:BetterGroups:1040 | Processed 185/375 groups
2025-10-05 21:07:15 | INFO     | Murray.main:BetterGroups:1040 | Processed 222/375 groups
2025-10-05 21:07:16 | INFO     | Murray.main:BetterGroups:1040 | Processed 259/375 groups
2025-10-05 21:07:17 | INFO     | Murray.main:BetterGroups:1040 | Processed 296/375 groups
2025-10-05 21:07:18 | INFO     | Murray.main:BetterGroups:1040 | Processed 333/375 groups
2025-10-05 21:07:19 | INFO     | Murray.main:BetterGroups:1040 | Processed 370/375 groups
2025-10-05 21:07:19 | INFO     | Murray.main:BetterGroups:1040 | Processed 375/375 groups
2025-10-05 21:07:19 | INFO     | Murray.main:BetterGroups:1041 | All groups processed. Results count: 375
2025-10-05 21:07:19 | INFO     | Murray.main:run_geo_analysis_streamlit_app:2126 | BetterGroups completed successfully. Results for 3 sizes
2025-10-05 21:07:19 | INFO     | Murray.main:run_geo_analysis_streamlit_app:2131 | Step 3: Evaluating sensitivity for different deltas and periods.....
2025-10-05 21:07:19 | INFO     | Murray.main:run_geo_analysis_streamlit_app:2181 | Starting sensitivity evaluation for standard results
2025-10-05 21:07:19 | INFO     | Murray.main:evaluate_sensitivity:1948 | Period 15 completed for size 2. MDE found: None with p-value: None, power: None
2025-10-05 21:07:19 | INFO     | Murray.main:evaluate_sensitivity:1948 | Period 15 completed for size 3. MDE found: None with p-value: None, power: None
2025-10-05 21:07:19 | INFO     | Murray.main:evaluate_sensitivity:1948 | Period 15 completed for size 4. MDE found: None with p-value: None, power: None
2025-10-05 21:07:19 | INFO     | Murray.main:evaluate_sensitivity:1965 | evaluate_sensitivity completed successfully.
2025-10-05 21:07:19 | INFO     | Murray.main:run_geo_analysis_streamlit_app:2193 | evaluate_sensitivity call completed
2025-10-05 21:07:19 | INFO     | Murray.main:run_geo_analysis_streamlit_app:2199 | Sensitivity evaluation completed successfully.
2025-10-05 21:07:19 | INFO     | Murray.main:run_geo_analysis_streamlit_app:2207 | run_geo_analysis_streamlit_app completed successfully
2025-10-05 21:07:19 | INFO     | Murray.main:run_geo_analysis_streamlit_app:2079 | Starting run_geo_analysis_streamlit_app............
2025-10-05 21:07:19 | INFO     | Murray.main:run_geo_analysis_streamlit_app:2088 | Step 1: Generating market correlations.....
2025-10-05 21:07:19 | INFO     | Murray.main:run_geo_analysis_streamlit_app:2092 | Market correlations generated successfully.
2025-10-05 21:07:19 | INFO     | Murray.main:run_geo_analysis_streamlit_app:2095 | Step 2: Finding best groups for control and treatment.....
2025-10-05 21:07:19 | INFO     | Murray.main:BetterGroups:1008 | Starting single-cell mode
2025-10-05 21:07:19 | WARNING  | Murray.main:evaluate_group:381 | No control group found for treatment group: []
2025-10-05 21:07:19 | INFO     | Murray.main:BetterGroups:1040 | Processed 1/1 groups
2025-10-05 21:07:19 | INFO     | Murray.main:BetterGroups:1041 | All groups processed. Results count: 1
2025-10-05 21:07:19 | INFO     | Murray.main:run_geo_analysis_streamlit_app:2126 | BetterGroups completed successfully. Results for 1 sizes
2025-10-05 21:07:19 | INFO     | Murray.main:run_geo_analysis_streamlit_app:2131 | Step 3: Evaluating sensitivity for different deltas and periods.....
2025-10-05 21:07:19 | INFO     | Murray.main:run_geo_analysis_streamlit_app:2181 | Starting sensitivity evaluation for standard results
2025-10-05 21:07:19 | WARNING  | Murray.main:evaluate_sensitivity:1873 | Skipping size 0 due to missing or null values
2025-10-05 21:07:19 | INFO     | Murray.main:evaluate_sensitivity:1965 | evaluate_sensitivity completed successfully.
2025-10-05 21:07:19 | INFO     | Murray.main:run_geo_analysis_streamlit_app:2193 | evaluate_sensitivity call completed
2025-10-05 21:07:19 | INFO     | Murray.main:run_geo_analysis_streamlit_app:2199 | Sensitivity evaluation completed successfully.
2025-10-05 21:07:19 | INFO     | Murray.main:run_geo_analysis_streamlit_app:2207 | run_geo_analysis_streamlit_app completed successfully
2025-10-05 21:07:19 | INFO     | Murray.main:run_geo_analysis_streamlit_app:2079 | Starting run_geo_analysis_streamlit_app............
2025-10-05 21:07:19 | INFO     | Murray.main:run_geo_analysis_streamlit_app:2088 | Step 1: Generating market correlations.....
2025-10-05 21:07:19 | INFO     | Murray.main:run_geo_analysis_streamlit_app:2092 | Market correlations generated successfully.
2025-10-05 21:07:19 | INFO     | Murray.main:run_geo_analysis_streamlit_app:2095 | Step 2: Finding best groups for control and treatment.....
2025-10-05 21:07:19 | INFO     | Murray.main:BetterGroups:1008 | Starting single-cell mode
2025-10-05 21:07:19 | ERROR    | Murray.main:select_treatments:76 | The treatment size (2) exceeds the available number of columns (0).
2025-10-05 21:07:19 | INFO     | Murray.post_analysis:run_geo_evaluation:22 | Starting run_geo_evaluation
2025-10-05 21:07:19 | INFO     | Murray.post_analysis:run_geo_evaluation:23 | Input data shape: (1000, 3)
2025-10-05 21:07:19 | INFO     | Murray.post_analysis:run_geo_evaluation:24 | Treatment group: ['Location_0', 'Location_1']
2025-10-05 21:07:19 | INFO     | Murray.post_analysis:run_geo_evaluation:25 | Start treatment: 01-03-2023, End treatment: 10-03-2023
2025-10-05 21:07:19 | INFO     | Murray.post_analysis:run_geo_evaluation:26 | n_permutations: 100, significance_level: 0.05
2025-10-05 21:07:19 | INFO     | Murray.post_analysis:run_geo_evaluation:41 | Treatment period positions: 59 to 69
2025-10-05 21:07:19 | INFO     | Murray.post_analysis:run_geo_evaluation:50 | Generating correlation matrix...
2025-10-05 21:07:19 | INFO     | Murray.post_analysis:run_geo_evaluation:53 | Selecting control group...
2025-10-05 21:07:19 | INFO     | Murray.post_analysis:run_geo_evaluation:59 | Control group selected: ['Location_4', 'Location_3']
2025-10-05 21:07:19 | INFO     | Murray.post_analysis:run_geo_evaluation:69 | Pivot table shape: (100, 10)
2025-10-05 21:07:19 | INFO     | Murray.post_analysis:run_geo_evaluation:82 | Scaling data...
2025-10-05 21:07:19 | INFO     | Murray.post_analysis:run_geo_evaluation:102 | Fitting synthetic control model...
2025-10-05 21:07:19 | INFO     | Murray.post_analysis:run_geo_evaluation:105 | Model fitted successfully
2025-10-05 21:07:19 | INFO     | Murray.post_analysis:run_geo_evaluation:107 | Making predictions...
2025-10-05 21:07:19 | INFO     | Murray.post_analysis:run_geo_evaluation:138 | Calculating metrics...
2025-10-05 21:07:19 | INFO     | Murray.post_analysis:run_geo_evaluation:139 | Data shapes - treatment: (69,), counterfactual: (69,)
2025-10-05 21:07:19 | INFO     | Murray.post_analysis:run_geo_evaluation:149 | Treatment period sum: 838.3425619656709
2025-10-05 21:07:19 | INFO     | Murray.post_analysis:run_geo_evaluation:150 | Counterfactual period sum: 1170.3472971464457
2025-10-05 21:07:19 | INFO     | Murray.post_analysis:run_geo_evaluation:151 | Lift difference (treatment - counterfactual): -332.0047351807748
2025-10-05 21:07:19 | INFO     | Murray.post_analysis:run_geo_evaluation:165 | Observed statistic (sum of residuals): -332.0047351807748
2025-10-05 21:07:19 | INFO     | Murray.post_analysis:run_geo_evaluation:166 | Manual verification - observed_stat should equal lift_difference: -332.0047351807748
2025-10-05 21:07:19 | INFO     | Murray.post_analysis:run_geo_evaluation:168 | Starting permutation test with 100 permutations...
2025-10-05 21:07:19 | INFO     | Murray.post_analysis:run_geo_evaluation:179 | Permutation test completed, calculating p-value and power...
2025-10-05 21:07:19 | INFO     | Murray.post_analysis:run_geo_evaluation:185 | Final results:
2025-10-05 21:07:19 | INFO     | Murray.post_analysis:run_geo_evaluation:186 |   MAPE: 69.3935
2025-10-05 21:07:19 | INFO     | Murray.post_analysis:run_geo_evaluation:187 |   SMAPE: 51.8033
2025-10-05 21:07:19 | INFO     | Murray.post_analysis:run_geo_evaluation:188 |   Percentage lift: -28.3681%
2025-10-05 21:07:19 | INFO     | Murray.post_analysis:run_geo_evaluation:189 |   P-value: 0.090000
2025-10-05 21:07:19 | INFO     | Murray.post_analysis:run_geo_evaluation:190 |   Power: 0.0000
2025-10-05 21:07:19 | INFO     | Murray.post_analysis:run_geo_evaluation:217 | run_geo_evaluation completed successfully
2025-10-05 21:07:19 | ERROR    | Murray.main:select_treatments:59 | The following locations are not present in the similarity matrix: ['X', 'Y']
2025-10-05 21:07:19 | ERROR    | Murray.main:select_treatments:76 | The treatment size (100) exceeds the available number of columns (5).
2025-10-05 21:07:19 | WARNING  | Murray.main:select_controls:133 | Treatment location X not found in correlation matrix
2025-10-05 21:07:19 | WARNING  | Murray.main:select_controls:133 | Treatment location Y not found in correlation matrix
2025-10-05 21:07:19 | WARNING  | Murray.main:select_controls:133 | Treatment location Z not found in correlation matrix
2025-10-05 21:07:19 | WARNING  | Murray.auxiliary:handle_duplicates:32 | Found 2 duplicate entries in the data. Aggregating by mean.
