2025-08-15 12:52:50 | INFO     | __main__:<module>:153 | user isaac@entropy.tech logged in
2025-08-15 12:52:59 | INFO     | __main__:<module>:153 | user isaac@entropy.tech logged in
2025-08-15 12:52:59 | INFO     | __main__:<module>:153 | user isaac@entropy.tech logged in
2025-08-15 12:52:59 | INFO     | Murray.metrics:update_metrics:59 | New record added: {'timestamp': '2025-08-15 12:52:59', 'section': 'experimental_evaluation', 'date': '2025-08-15', 'day_of_week': 'Friday', 'hour': 12}
2025-08-15 12:52:59 | INFO     | Murray.auxiliary:analyze_data_characteristics:178 | Analyzing data characteristics for statistical test selection
2025-08-15 12:52:59 | WARNING  | Murray.auxiliary:analyze_data_characteristics:182 | Target column 'Ventas totales' not found in data. Available columns: ['time', 'location', 'Y', 'Pedidos']
2025-08-15 12:52:59 | INFO     | Murray.post_analysis:run_geo_evaluation:23 | Starting run_geo_evaluation
2025-08-15 12:52:59 | INFO     | Murray.post_analysis:run_geo_evaluation:24 | Input data shape: (2880, 4)
2025-08-15 12:52:59 | INFO     | Murray.post_analysis:run_geo_evaluation:25 | Treatment group: ['aguascalientes', 'campeche', 'jalisco', 'morelos', 'nayarit', 'oaxaca', 'puebla', 'querétaro', 'sonora']
2025-08-15 12:52:59 | INFO     | Murray.post_analysis:run_geo_evaluation:26 | Start treatment: 2025-06-29 00:00:00, End treatment: 2025-07-07 00:00:00
2025-08-15 12:52:59 | INFO     | Murray.post_analysis:run_geo_evaluation:27 | n_permutations: 10000, significance_level: 0.1
2025-08-15 12:52:59 | INFO     | Murray.post_analysis:run_geo_evaluation:42 | Treatment period positions: 81 to 90
2025-08-15 12:52:59 | INFO     | Murray.post_analysis:run_geo_evaluation:51 | Generating correlation matrix...
2025-08-15 12:52:59 | INFO     | Murray.post_analysis:run_geo_evaluation:54 | Selecting control group...
2025-08-15 12:52:59 | INFO     | Murray.post_analysis:run_geo_evaluation:60 | Control group selected: ['nuevo león', 'tlaxcala', 'ciudad de méxico', 'méxico', 'guanajuato']
2025-08-15 12:52:59 | INFO     | Murray.post_analysis:run_geo_evaluation:70 | Pivot table shape: (90, 32)
2025-08-15 12:52:59 | INFO     | Murray.post_analysis:run_geo_evaluation:77 | Scaling data...
2025-08-15 12:52:59 | INFO     | Murray.post_analysis:run_geo_evaluation:96 | Fitting synthetic control model...
2025-08-15 12:52:59 | INFO     | Murray.post_analysis:run_geo_evaluation:99 | Model fitted successfully
2025-08-15 12:52:59 | INFO     | Murray.post_analysis:run_geo_evaluation:101 | Making predictions...
2025-08-15 12:52:59 | INFO     | Murray.post_analysis:run_geo_evaluation:119 | Calculating metrics...
2025-08-15 12:52:59 | INFO     | Murray.post_analysis:run_geo_evaluation:120 | Data shapes - treatment: (90,), counterfactual: (90,)
2025-08-15 12:52:59 | INFO     | Murray.post_analysis:run_geo_evaluation:130 | Treatment period sum: 568039.0399999999
2025-08-15 12:52:59 | INFO     | Murray.post_analysis:run_geo_evaluation:131 | Counterfactual period sum: 753150.0930350261
2025-08-15 12:52:59 | INFO     | Murray.post_analysis:run_geo_evaluation:132 | Lift difference (treatment - counterfactual): -185111.05303502618
2025-08-15 12:52:59 | INFO     | Murray.post_analysis:run_geo_evaluation:157 | Observed statistic (sum of residuals): -185111.053035026
2025-08-15 12:52:59 | INFO     | Murray.post_analysis:run_geo_evaluation:158 | Manual verification - observed_stat should equal lift_difference: -185111.05303502618
2025-08-15 12:52:59 | INFO     | Murray.post_analysis:run_geo_evaluation:160 | Starting permutation test with 10000 permutations...
2025-08-15 12:52:59 | INFO     | Murray.post_analysis:run_geo_evaluation:171 | Permutation test completed, calculating p-value and power...
2025-08-15 12:52:59 | INFO     | Murray.post_analysis:run_geo_evaluation:175 | Starting power analysis with 1000 simulations...
2025-08-15 12:53:10 | INFO     | Murray.post_analysis:run_geo_evaluation:196 | Final results:
2025-08-15 12:53:10 | INFO     | Murray.post_analysis:run_geo_evaluation:197 |   MAPE: 32.5527
2025-08-15 12:53:10 | INFO     | Murray.post_analysis:run_geo_evaluation:198 |   SMAPE: 28.2717
2025-08-15 12:53:10 | INFO     | Murray.post_analysis:run_geo_evaluation:199 |   Percentage lift: -24.5782%
2025-08-15 12:53:10 | INFO     | Murray.post_analysis:run_geo_evaluation:200 |   P-value: 0.067600
2025-08-15 12:53:10 | INFO     | Murray.post_analysis:run_geo_evaluation:201 |   Power: 1.0000
2025-08-15 12:53:10 | INFO     | Murray.post_analysis:run_geo_evaluation:220 | run_geo_evaluation completed successfully
2025-08-15 13:22:00 | INFO     | __main__:<module>:153 | user isaac@entropy.tech logged in
2025-08-15 13:22:05 | INFO     | __main__:<module>:153 | user isaac@entropy.tech logged in
2025-08-15 13:22:05 | INFO     | Murray.auxiliary:analyze_data_characteristics:178 | Analyzing data characteristics for statistical test selection
2025-08-15 13:22:08 | INFO     | __main__:<module>:153 | user isaac@entropy.tech logged in
2025-08-15 13:22:08 | INFO     | Murray.auxiliary:analyze_data_characteristics:178 | Analyzing data characteristics for statistical test selection
2025-08-15 13:22:15 | INFO     | __main__:<module>:153 | user isaac@entropy.tech logged in
2025-08-15 13:22:15 | INFO     | Murray.auxiliary:analyze_data_characteristics:178 | Analyzing data characteristics for statistical test selection
2025-08-15 13:22:18 | INFO     | __main__:<module>:153 | user isaac@entropy.tech logged in
2025-08-15 13:22:18 | INFO     | Murray.auxiliary:analyze_data_characteristics:178 | Analyzing data characteristics for statistical test selection
2025-08-15 13:22:20 | INFO     | __main__:<module>:153 | user isaac@entropy.tech logged in
2025-08-15 13:22:20 | INFO     | Murray.auxiliary:analyze_data_characteristics:178 | Analyzing data characteristics for statistical test selection
2025-08-15 13:22:24 | INFO     | __main__:<module>:153 | user isaac@entropy.tech logged in
2025-08-15 13:22:24 | INFO     | Murray.auxiliary:analyze_data_characteristics:178 | Analyzing data characteristics for statistical test selection
2025-08-15 13:22:24 | INFO     | __main__:<module>:153 | user isaac@entropy.tech logged in
2025-08-15 13:22:25 | INFO     | Murray.auxiliary:analyze_data_characteristics:178 | Analyzing data characteristics for statistical test selection
2025-08-15 13:22:25 | INFO     | __main__:<module>:153 | user isaac@entropy.tech logged in
2025-08-15 13:22:25 | INFO     | __main__:<module>:153 | user isaac@entropy.tech logged in
2025-08-15 13:22:25 | INFO     | Murray.auxiliary:analyze_data_characteristics:178 | Analyzing data characteristics for statistical test selection
2025-08-15 13:22:25 | INFO     | __main__:<module>:153 | user isaac@entropy.tech logged in
2025-08-15 13:22:25 | INFO     | Murray.auxiliary:analyze_data_characteristics:178 | Analyzing data characteristics for statistical test selection
2025-08-15 13:22:32 | INFO     | __main__:<module>:153 | user isaac@entropy.tech logged in
2025-08-15 13:22:32 | INFO     | Murray.auxiliary:analyze_data_characteristics:178 | Analyzing data characteristics for statistical test selection
2025-08-15 13:22:32 | INFO     | __main__:<module>:153 | user isaac@entropy.tech logged in
2025-08-15 13:22:32 | INFO     | __main__:<module>:153 | user isaac@entropy.tech logged in
2025-08-15 13:22:33 | INFO     | Murray.auxiliary:analyze_data_characteristics:178 | Analyzing data characteristics for statistical test selection
2025-08-15 13:22:33 | INFO     | __main__:<module>:153 | user isaac@entropy.tech logged in
2025-08-15 13:22:33 | INFO     | Murray.auxiliary:analyze_data_characteristics:178 | Analyzing data characteristics for statistical test selection
2025-08-15 13:22:35 | INFO     | __main__:<module>:153 | user isaac@entropy.tech logged in
2025-08-15 13:22:35 | INFO     | Murray.auxiliary:analyze_data_characteristics:178 | Analyzing data characteristics for statistical test selection
2025-08-15 13:22:35 | INFO     | __main__:<module>:153 | user isaac@entropy.tech logged in
2025-08-15 13:22:35 | INFO     | __main__:<module>:153 | user isaac@entropy.tech logged in
2025-08-15 13:22:36 | INFO     | Murray.auxiliary:analyze_data_characteristics:178 | Analyzing data characteristics for statistical test selection
2025-08-15 13:22:36 | INFO     | __main__:<module>:153 | user isaac@entropy.tech logged in
2025-08-15 13:22:36 | INFO     | Murray.auxiliary:analyze_data_characteristics:178 | Analyzing data characteristics for statistical test selection
2025-08-15 13:22:36 | INFO     | __main__:<module>:153 | user isaac@entropy.tech logged in
2025-08-15 13:22:36 | INFO     | Murray.auxiliary:analyze_data_characteristics:178 | Analyzing data characteristics for statistical test selection
2025-08-15 13:22:38 | INFO     | __main__:<module>:153 | user isaac@entropy.tech logged in
2025-08-15 13:22:38 | INFO     | Murray.auxiliary:analyze_data_characteristics:178 | Analyzing data characteristics for statistical test selection
2025-08-15 13:22:39 | INFO     | __main__:<module>:153 | user isaac@entropy.tech logged in
2025-08-15 13:22:39 | INFO     | Murray.auxiliary:analyze_data_characteristics:178 | Analyzing data characteristics for statistical test selection
2025-08-15 13:22:42 | INFO     | __main__:<module>:153 | user isaac@entropy.tech logged in
2025-08-15 13:22:42 | INFO     | Murray.auxiliary:analyze_data_characteristics:178 | Analyzing data characteristics for statistical test selection
2025-08-15 13:22:43 | INFO     | __main__:<module>:153 | user isaac@entropy.tech logged in
2025-08-15 13:22:43 | INFO     | Murray.auxiliary:analyze_data_characteristics:178 | Analyzing data characteristics for statistical test selection
2025-08-15 13:22:43 | INFO     | __main__:<module>:153 | user isaac@entropy.tech logged in
2025-08-15 13:22:43 | INFO     | Murray.auxiliary:analyze_data_characteristics:178 | Analyzing data characteristics for statistical test selection
2025-08-15 13:22:51 | INFO     | __main__:<module>:153 | user isaac@entropy.tech logged in
2025-08-15 13:22:51 | INFO     | Murray.auxiliary:analyze_data_characteristics:178 | Analyzing data characteristics for statistical test selection
2025-08-15 13:22:51 | INFO     | __main__:<module>:153 | user isaac@entropy.tech logged in
2025-08-15 13:22:51 | INFO     | Murray.auxiliary:analyze_data_characteristics:178 | Analyzing data characteristics for statistical test selection
2025-08-15 13:22:51 | INFO     | Murray.main:run_geo_analysis_streamlit_app:1623 | Starting run_geo_analysis_streamlit_app............
2025-08-15 13:22:51 | INFO     | Murray.main:run_geo_analysis_streamlit_app:1632 | Step 1: Generating market correlations.....
2025-08-15 13:22:51 | INFO     | Murray.main:run_geo_analysis_streamlit_app:1637 | Market correlations generated successfully.
2025-08-15 13:22:51 | INFO     | Murray.main:run_geo_analysis_streamlit_app:1640 | Step 2: Finding best groups for control and treatment.....
2025-08-15 13:22:51 | INFO     | Murray.main:BetterGroups:899 | Starting single-cell mode
2025-08-15 13:22:53 | INFO     | Murray.main:BetterGroups:936 | Processed 1/50000 groups
2025-08-15 13:23:19 | INFO     | Murray.main:BetterGroups:936 | Processed 5000/50000 groups
2025-08-15 13:23:45 | INFO     | Murray.main:BetterGroups:936 | Processed 10000/50000 groups
2025-08-15 13:24:09 | INFO     | Murray.main:BetterGroups:936 | Processed 15000/50000 groups
2025-08-15 13:24:35 | INFO     | Murray.main:BetterGroups:936 | Processed 20000/50000 groups
2025-08-15 13:25:01 | INFO     | Murray.main:BetterGroups:936 | Processed 25000/50000 groups
2025-08-15 13:25:27 | INFO     | Murray.main:BetterGroups:936 | Processed 30000/50000 groups
2025-08-15 13:25:50 | INFO     | Murray.main:BetterGroups:936 | Processed 35000/50000 groups
2025-08-15 13:26:09 | INFO     | Murray.main:BetterGroups:936 | Processed 40000/50000 groups
2025-08-15 13:26:23 | INFO     | Murray.main:BetterGroups:936 | Processed 45000/50000 groups
2025-08-15 13:26:31 | INFO     | Murray.main:BetterGroups:936 | Processed 50000/50000 groups
2025-08-15 13:26:31 | INFO     | Murray.main:BetterGroups:937 | All groups processed. Results count: 50000
2025-08-15 13:26:31 | INFO     | Murray.main:run_geo_analysis_streamlit_app:1660 | BetterGroups completed successfully. Results for 10 sizes
2025-08-15 13:26:31 | INFO     | Murray.main:run_geo_analysis_streamlit_app:1665 | Step 3: Evaluating sensitivity for different deltas and periods.....
2025-08-15 13:26:58 | INFO     | Murray.main:evaluate_sensitivity:1500 | Period 15 completed for size 5. MDE found: 0.05 with p-value: 0.0085, power: 1.0000
2025-08-15 13:27:26 | INFO     | Murray.main:evaluate_sensitivity:1500 | Period 20 completed for size 5. MDE found: 0.05 with p-value: 0.0099, power: 1.0000
2025-08-15 13:27:53 | INFO     | Murray.main:evaluate_sensitivity:1500 | Period 25 completed for size 5. MDE found: 0.05 with p-value: 0.0442, power: 0.9250
2025-08-15 13:28:21 | INFO     | Murray.main:evaluate_sensitivity:1500 | Period 30 completed for size 5. MDE found: 0.09000000000000001 with p-value: 0.0519, power: 0.8750
2025-08-15 13:28:50 | INFO     | Murray.main:evaluate_sensitivity:1500 | Period 35 completed for size 5. MDE found: 0.05 with p-value: 0.0524, power: 0.8500
2025-08-15 13:29:19 | INFO     | Murray.main:evaluate_sensitivity:1500 | Period 40 completed for size 5. MDE found: 0.060000000000000005 with p-value: 0.0520, power: 0.8250
2025-08-15 13:29:49 | INFO     | Murray.main:evaluate_sensitivity:1500 | Period 45 completed for size 5. MDE found: 0.14 with p-value: 0.0816, power: 0.8000
2025-08-15 13:30:17 | INFO     | Murray.main:evaluate_sensitivity:1500 | Period 15 completed for size 6. MDE found: 0.07 with p-value: 0.0536, power: 0.8500
2025-08-15 13:30:45 | INFO     | Murray.main:evaluate_sensitivity:1500 | Period 20 completed for size 6. MDE found: None with p-value: None, power: None
2025-08-15 13:31:17 | INFO     | Murray.main:evaluate_sensitivity:1500 | Period 25 completed for size 6. MDE found: None with p-value: None, power: None
2025-08-15 13:31:46 | INFO     | Murray.main:evaluate_sensitivity:1500 | Period 30 completed for size 6. MDE found: None with p-value: None, power: None
2025-08-15 13:32:14 | INFO     | Murray.main:evaluate_sensitivity:1500 | Period 35 completed for size 6. MDE found: None with p-value: None, power: None
2025-08-15 13:32:42 | INFO     | Murray.main:evaluate_sensitivity:1500 | Period 40 completed for size 6. MDE found: None with p-value: None, power: None
2025-08-15 13:33:11 | INFO     | Murray.main:evaluate_sensitivity:1500 | Period 45 completed for size 6. MDE found: None with p-value: None, power: None
2025-08-15 13:33:39 | INFO     | Murray.main:evaluate_sensitivity:1500 | Period 15 completed for size 7. MDE found: None with p-value: None, power: None
2025-08-15 13:34:06 | INFO     | Murray.main:evaluate_sensitivity:1500 | Period 20 completed for size 7. MDE found: 0.060000000000000005 with p-value: 0.0732, power: 0.8000
2025-08-15 13:34:33 | INFO     | Murray.main:evaluate_sensitivity:1500 | Period 25 completed for size 7. MDE found: 0.08000000000000002 with p-value: 0.0657, power: 0.8000
2025-08-15 13:35:01 | INFO     | Murray.main:evaluate_sensitivity:1500 | Period 30 completed for size 7. MDE found: 0.12000000000000001 with p-value: 0.0522, power: 0.9000
2025-08-15 13:35:29 | INFO     | Murray.main:evaluate_sensitivity:1500 | Period 35 completed for size 7. MDE found: 0.12000000000000001 with p-value: 0.0575, power: 0.8500
2025-08-15 13:35:57 | INFO     | Murray.main:evaluate_sensitivity:1500 | Period 40 completed for size 7. MDE found: 0.1 with p-value: 0.0535, power: 0.8500
2025-08-15 13:36:25 | INFO     | Murray.main:evaluate_sensitivity:1500 | Period 45 completed for size 7. MDE found: 0.11000000000000001 with p-value: 0.0360, power: 0.9250
2025-08-15 13:36:56 | INFO     | Murray.main:evaluate_sensitivity:1500 | Period 15 completed for size 8. MDE found: 0.11000000000000001 with p-value: 0.0746, power: 0.8250
2025-08-15 13:37:27 | INFO     | Murray.main:evaluate_sensitivity:1500 | Period 20 completed for size 8. MDE found: 0.1 with p-value: 0.0697, power: 0.9000
2025-08-15 13:37:58 | INFO     | Murray.main:evaluate_sensitivity:1500 | Period 25 completed for size 8. MDE found: 0.15000000000000002 with p-value: 0.0605, power: 0.9000
2025-08-15 13:38:28 | INFO     | Murray.main:evaluate_sensitivity:1500 | Period 30 completed for size 8. MDE found: 0.12000000000000001 with p-value: 0.0683, power: 0.8000
2025-08-15 13:39:00 | INFO     | Murray.main:evaluate_sensitivity:1500 | Period 35 completed for size 8. MDE found: 0.11000000000000001 with p-value: 0.0669, power: 0.8500
2025-08-15 13:39:32 | INFO     | Murray.main:evaluate_sensitivity:1500 | Period 40 completed for size 8. MDE found: 0.11000000000000001 with p-value: 0.0639, power: 0.8000
2025-08-15 13:40:03 | INFO     | Murray.main:evaluate_sensitivity:1500 | Period 45 completed for size 8. MDE found: 0.14 with p-value: 0.0501, power: 0.8750
2025-08-15 13:40:31 | INFO     | Murray.main:evaluate_sensitivity:1500 | Period 15 completed for size 9. MDE found: 0.05 with p-value: 0.0399, power: 0.9500
2025-08-15 13:41:00 | INFO     | Murray.main:evaluate_sensitivity:1500 | Period 20 completed for size 9. MDE found: 0.05 with p-value: 0.0190, power: 1.0000
2025-08-15 13:41:29 | INFO     | Murray.main:evaluate_sensitivity:1500 | Period 25 completed for size 9. MDE found: 0.05 with p-value: 0.0323, power: 0.9500
2025-08-15 13:41:59 | INFO     | Murray.main:evaluate_sensitivity:1500 | Period 30 completed for size 9. MDE found: 0.05 with p-value: 0.0576, power: 0.8500
2025-08-15 13:42:29 | INFO     | Murray.main:evaluate_sensitivity:1500 | Period 35 completed for size 9. MDE found: 0.07 with p-value: 0.0713, power: 0.8000
2025-08-15 13:42:57 | INFO     | Murray.main:evaluate_sensitivity:1500 | Period 40 completed for size 9. MDE found: 0.07 with p-value: 0.0498, power: 0.9250
2025-08-15 13:43:26 | INFO     | Murray.main:evaluate_sensitivity:1500 | Period 45 completed for size 9. MDE found: 0.11000000000000001 with p-value: 0.0606, power: 0.8250
2025-08-15 13:43:56 | INFO     | Murray.main:evaluate_sensitivity:1500 | Period 15 completed for size 10. MDE found: 0.09000000000000001 with p-value: 0.0527, power: 0.9250
2025-08-15 13:44:25 | INFO     | Murray.main:evaluate_sensitivity:1500 | Period 20 completed for size 10. MDE found: 0.08000000000000002 with p-value: 0.0768, power: 0.8250
2025-08-15 13:44:54 | INFO     | Murray.main:evaluate_sensitivity:1500 | Period 25 completed for size 10. MDE found: 0.12000000000000001 with p-value: 0.0495, power: 0.9250
2025-08-15 13:45:25 | INFO     | Murray.main:evaluate_sensitivity:1500 | Period 30 completed for size 10. MDE found: 0.14 with p-value: 0.0386, power: 0.9500
2025-08-15 13:45:54 | INFO     | Murray.main:evaluate_sensitivity:1500 | Period 35 completed for size 10. MDE found: 0.12000000000000001 with p-value: 0.0571, power: 0.9000
2025-08-15 13:46:22 | INFO     | Murray.main:evaluate_sensitivity:1500 | Period 40 completed for size 10. MDE found: 0.1 with p-value: 0.0641, power: 0.8500
2025-08-15 13:46:50 | INFO     | Murray.main:evaluate_sensitivity:1500 | Period 45 completed for size 10. MDE found: 0.1 with p-value: 0.0563, power: 0.8750
2025-08-15 13:47:18 | INFO     | Murray.main:evaluate_sensitivity:1500 | Period 15 completed for size 11. MDE found: 0.13 with p-value: 0.0616, power: 0.8500
2025-08-15 13:47:46 | INFO     | Murray.main:evaluate_sensitivity:1500 | Period 20 completed for size 11. MDE found: 0.12000000000000001 with p-value: 0.0680, power: 0.8250
2025-08-15 13:48:14 | INFO     | Murray.main:evaluate_sensitivity:1500 | Period 25 completed for size 11. MDE found: None with p-value: None, power: None
2025-08-15 13:48:42 | INFO     | Murray.main:evaluate_sensitivity:1500 | Period 30 completed for size 11. MDE found: None with p-value: None, power: None
2025-08-15 13:49:10 | INFO     | Murray.main:evaluate_sensitivity:1500 | Period 35 completed for size 11. MDE found: None with p-value: None, power: None
2025-08-15 13:49:40 | INFO     | Murray.main:evaluate_sensitivity:1500 | Period 40 completed for size 11. MDE found: 0.16000000000000003 with p-value: 0.0729, power: 0.8000
2025-08-15 13:50:11 | INFO     | Murray.main:evaluate_sensitivity:1500 | Period 45 completed for size 11. MDE found: 0.15000000000000002 with p-value: 0.0559, power: 0.8500
2025-08-15 13:50:39 | INFO     | Murray.main:evaluate_sensitivity:1500 | Period 15 completed for size 12. MDE found: 0.05 with p-value: 0.0341, power: 1.0000
2025-08-15 13:51:07 | INFO     | Murray.main:evaluate_sensitivity:1500 | Period 20 completed for size 12. MDE found: 0.08000000000000002 with p-value: 0.0687, power: 0.8000
2025-08-15 13:51:36 | INFO     | Murray.main:evaluate_sensitivity:1500 | Period 25 completed for size 12. MDE found: 0.13 with p-value: 0.0492, power: 0.9000
2025-08-15 13:52:04 | INFO     | Murray.main:evaluate_sensitivity:1500 | Period 30 completed for size 12. MDE found: 0.12000000000000001 with p-value: 0.0535, power: 0.9000
2025-08-15 13:52:33 | INFO     | Murray.main:evaluate_sensitivity:1500 | Period 35 completed for size 12. MDE found: 0.11000000000000001 with p-value: 0.0601, power: 0.8500
2025-08-15 13:53:02 | INFO     | Murray.main:evaluate_sensitivity:1500 | Period 40 completed for size 12. MDE found: 0.05 with p-value: 0.0589, power: 0.8500
2025-08-15 13:53:31 | INFO     | Murray.main:evaluate_sensitivity:1500 | Period 45 completed for size 12. MDE found: 0.060000000000000005 with p-value: 0.0501, power: 0.9500
2025-08-15 13:54:00 | INFO     | Murray.main:evaluate_sensitivity:1500 | Period 15 completed for size 13. MDE found: 0.060000000000000005 with p-value: 0.0572, power: 0.8250
2025-08-15 13:54:29 | INFO     | Murray.main:evaluate_sensitivity:1500 | Period 20 completed for size 13. MDE found: 0.05 with p-value: 0.0526, power: 0.9250
2025-08-15 13:54:59 | INFO     | Murray.main:evaluate_sensitivity:1500 | Period 25 completed for size 13. MDE found: 0.07 with p-value: 0.0519, power: 0.9500
2025-08-15 13:55:27 | INFO     | Murray.main:evaluate_sensitivity:1500 | Period 30 completed for size 13. MDE found: 0.08000000000000002 with p-value: 0.0580, power: 0.8750
2025-08-15 13:55:56 | INFO     | Murray.main:evaluate_sensitivity:1500 | Period 35 completed for size 13. MDE found: 0.09000000000000001 with p-value: 0.0665, power: 0.8500
2025-08-15 13:56:24 | INFO     | Murray.main:evaluate_sensitivity:1500 | Period 40 completed for size 13. MDE found: 0.07 with p-value: 0.0758, power: 0.8000
2025-08-15 13:56:53 | INFO     | Murray.main:evaluate_sensitivity:1500 | Period 45 completed for size 13. MDE found: 0.060000000000000005 with p-value: 0.0625, power: 0.9000
2025-08-15 13:57:21 | INFO     | Murray.main:evaluate_sensitivity:1500 | Period 15 completed for size 14. MDE found: 0.13 with p-value: 0.0548, power: 0.8500
2025-08-15 13:57:50 | INFO     | Murray.main:evaluate_sensitivity:1500 | Period 20 completed for size 14. MDE found: 0.13 with p-value: 0.0500, power: 0.8500
2025-08-15 13:58:19 | INFO     | Murray.main:evaluate_sensitivity:1500 | Period 25 completed for size 14. MDE found: 0.19 with p-value: 0.0592, power: 0.8000
2025-08-15 13:58:48 | INFO     | Murray.main:evaluate_sensitivity:1500 | Period 30 completed for size 14. MDE found: 0.17000000000000004 with p-value: 0.0630, power: 0.8250
2025-08-15 13:59:16 | INFO     | Murray.main:evaluate_sensitivity:1500 | Period 35 completed for size 14. MDE found: 0.16000000000000003 with p-value: 0.0552, power: 0.8500
2025-08-15 13:59:46 | INFO     | Murray.main:evaluate_sensitivity:1500 | Period 40 completed for size 14. MDE found: 0.17000000000000004 with p-value: 0.0612, power: 0.8750
2025-08-15 14:00:14 | INFO     | Murray.main:evaluate_sensitivity:1500 | Period 45 completed for size 14. MDE found: 0.17000000000000004 with p-value: 0.0572, power: 0.8500
2025-08-15 14:00:14 | INFO     | Murray.main:evaluate_sensitivity:1517 | evaluate_sensitivity completed successfully.
2025-08-15 14:00:14 | INFO     | Murray.main:run_geo_analysis_streamlit_app:1685 | Sensitivity evaluation completed successfully.
2025-08-15 14:00:14 | INFO     | Murray.main:run_geo_analysis_streamlit_app:1689 | run_geo_analysis_streamlit_app completed successfully
2025-08-15 14:00:15 | INFO     | __main__:<module>:1082 | ✅ SIMULATION COMPLETED: Analysis finished successfully
2025-08-15 14:00:15 | INFO     | __main__:<module>:153 | user isaac@entropy.tech logged in
2025-08-15 14:00:15 | INFO     | Murray.auxiliary:analyze_data_characteristics:178 | Analyzing data characteristics for statistical test selection
2025-08-15 14:01:06 | INFO     | __main__:<module>:153 | user isaac@entropy.tech logged in
2025-08-15 14:01:06 | INFO     | Murray.auxiliary:analyze_data_characteristics:178 | Analyzing data characteristics for statistical test selection
2025-08-15 14:01:09 | INFO     | __main__:<module>:153 | user isaac@entropy.tech logged in
2025-08-15 14:01:09 | INFO     | Murray.auxiliary:analyze_data_characteristics:178 | Analyzing data characteristics for statistical test selection
2025-08-15 14:01:11 | INFO     | __main__:<module>:153 | user isaac@entropy.tech logged in
2025-08-15 14:01:11 | INFO     | Murray.auxiliary:analyze_data_characteristics:178 | Analyzing data characteristics for statistical test selection
2025-08-15 14:01:13 | INFO     | __main__:<module>:153 | user isaac@entropy.tech logged in
2025-08-15 14:01:13 | INFO     | Murray.auxiliary:analyze_data_characteristics:178 | Analyzing data characteristics for statistical test selection
2025-08-15 14:01:19 | INFO     | __main__:<module>:153 | user isaac@entropy.tech logged in
2025-08-15 14:01:19 | INFO     | Murray.auxiliary:analyze_data_characteristics:178 | Analyzing data characteristics for statistical test selection
2025-08-15 14:01:19 | INFO     | __main__:<module>:153 | user isaac@entropy.tech logged in
2025-08-15 14:01:20 | INFO     | Murray.auxiliary:analyze_data_characteristics:178 | Analyzing data characteristics for statistical test selection
2025-08-15 14:01:20 | INFO     | __main__:<module>:153 | user isaac@entropy.tech logged in
2025-08-15 14:01:20 | INFO     | Murray.auxiliary:analyze_data_characteristics:178 | Analyzing data characteristics for statistical test selection
2025-08-15 14:01:21 | INFO     | __main__:<module>:153 | user isaac@entropy.tech logged in
2025-08-15 14:01:21 | INFO     | Murray.auxiliary:analyze_data_characteristics:178 | Analyzing data characteristics for statistical test selection
2025-08-15 14:01:23 | INFO     | __main__:<module>:153 | user isaac@entropy.tech logged in
2025-08-15 14:01:23 | INFO     | Murray.auxiliary:analyze_data_characteristics:178 | Analyzing data characteristics for statistical test selection
2025-08-15 14:01:23 | INFO     | __main__:<module>:153 | user isaac@entropy.tech logged in
2025-08-15 14:01:23 | INFO     | Murray.auxiliary:analyze_data_characteristics:178 | Analyzing data characteristics for statistical test selection
2025-08-15 14:01:24 | INFO     | __main__:<module>:153 | user isaac@entropy.tech logged in
2025-08-15 14:01:24 | INFO     | Murray.auxiliary:analyze_data_characteristics:178 | Analyzing data characteristics for statistical test selection
2025-08-15 14:01:26 | INFO     | __main__:<module>:153 | user isaac@entropy.tech logged in
2025-08-15 14:01:26 | INFO     | Murray.auxiliary:analyze_data_characteristics:178 | Analyzing data characteristics for statistical test selection
2025-08-15 14:01:26 | INFO     | __main__:<module>:153 | user isaac@entropy.tech logged in
2025-08-15 14:01:26 | INFO     | Murray.auxiliary:analyze_data_characteristics:178 | Analyzing data characteristics for statistical test selection
2025-08-15 14:01:26 | INFO     | Murray.main:run_geo_analysis_streamlit_app:1623 | Starting run_geo_analysis_streamlit_app............
2025-08-15 14:01:26 | INFO     | Murray.main:run_geo_analysis_streamlit_app:1632 | Step 1: Generating market correlations.....
2025-08-15 14:01:26 | INFO     | Murray.main:run_geo_analysis_streamlit_app:1637 | Market correlations generated successfully.
2025-08-15 14:01:26 | INFO     | Murray.main:run_geo_analysis_streamlit_app:1640 | Step 2: Finding best groups for control and treatment.....
2025-08-15 14:01:26 | INFO     | Murray.main:BetterGroups:899 | Starting single-cell mode
2025-08-15 14:01:28 | INFO     | Murray.main:BetterGroups:936 | Processed 1/50000 groups
2025-08-15 14:01:54 | INFO     | Murray.main:BetterGroups:936 | Processed 5000/50000 groups
2025-08-15 14:02:21 | INFO     | Murray.main:BetterGroups:936 | Processed 10000/50000 groups
2025-08-15 14:02:47 | INFO     | Murray.main:BetterGroups:936 | Processed 15000/50000 groups
2025-08-15 14:03:13 | INFO     | Murray.main:BetterGroups:936 | Processed 20000/50000 groups
2025-08-15 14:03:40 | INFO     | Murray.main:BetterGroups:936 | Processed 25000/50000 groups
2025-08-15 14:04:07 | INFO     | Murray.main:BetterGroups:936 | Processed 30000/50000 groups
2025-08-15 14:04:31 | INFO     | Murray.main:BetterGroups:936 | Processed 35000/50000 groups
2025-08-15 14:04:51 | INFO     | Murray.main:BetterGroups:936 | Processed 40000/50000 groups
2025-08-15 14:05:06 | INFO     | Murray.main:BetterGroups:936 | Processed 45000/50000 groups
2025-08-15 14:05:15 | INFO     | Murray.main:BetterGroups:936 | Processed 50000/50000 groups
2025-08-15 14:05:15 | INFO     | Murray.main:BetterGroups:937 | All groups processed. Results count: 50000
2025-08-15 14:05:15 | INFO     | Murray.main:run_geo_analysis_streamlit_app:1660 | BetterGroups completed successfully. Results for 10 sizes
2025-08-15 14:05:15 | INFO     | Murray.main:run_geo_analysis_streamlit_app:1665 | Step 3: Evaluating sensitivity for different deltas and periods.....
2025-08-15 14:05:44 | INFO     | Murray.main:evaluate_sensitivity:1500 | Period 15 completed for size 5. MDE found: None with p-value: None, power: None
2025-08-15 14:06:12 | INFO     | Murray.main:evaluate_sensitivity:1500 | Period 20 completed for size 5. MDE found: None with p-value: None, power: None
2025-08-15 14:06:41 | INFO     | Murray.main:evaluate_sensitivity:1500 | Period 25 completed for size 5. MDE found: None with p-value: None, power: None
2025-08-15 14:07:10 | INFO     | Murray.main:evaluate_sensitivity:1500 | Period 30 completed for size 5. MDE found: None with p-value: None, power: None
2025-08-15 14:07:38 | INFO     | Murray.main:evaluate_sensitivity:1500 | Period 35 completed for size 5. MDE found: None with p-value: None, power: None
2025-08-15 14:08:07 | INFO     | Murray.main:evaluate_sensitivity:1500 | Period 40 completed for size 5. MDE found: None with p-value: None, power: None
2025-08-15 14:08:36 | INFO     | Murray.main:evaluate_sensitivity:1500 | Period 45 completed for size 5. MDE found: None with p-value: None, power: None
2025-08-15 14:09:04 | INFO     | Murray.main:evaluate_sensitivity:1500 | Period 15 completed for size 6. MDE found: 0.08 with p-value: 0.0603, power: 0.8250
2025-08-15 14:09:33 | INFO     | Murray.main:evaluate_sensitivity:1500 | Period 20 completed for size 6. MDE found: None with p-value: None, power: None
2025-08-15 14:10:01 | INFO     | Murray.main:evaluate_sensitivity:1500 | Period 25 completed for size 6. MDE found: None with p-value: None, power: None
2025-08-15 14:10:30 | INFO     | Murray.main:evaluate_sensitivity:1500 | Period 30 completed for size 6. MDE found: None with p-value: None, power: None
2025-08-15 14:10:59 | INFO     | Murray.main:evaluate_sensitivity:1500 | Period 35 completed for size 6. MDE found: 0.15000000000000002 with p-value: 0.0583, power: 0.8500
2025-08-15 14:11:27 | INFO     | Murray.main:evaluate_sensitivity:1500 | Period 40 completed for size 6. MDE found: 0.13 with p-value: 0.0496, power: 0.9000
2025-08-15 14:11:55 | INFO     | Murray.main:evaluate_sensitivity:1500 | Period 45 completed for size 6. MDE found: 0.11 with p-value: 0.0531, power: 0.9000
2025-08-15 14:12:23 | INFO     | Murray.main:evaluate_sensitivity:1500 | Period 15 completed for size 7. MDE found: 0.039999999999999994 with p-value: 0.0828, power: 0.8000
2025-08-15 14:12:50 | INFO     | Murray.main:evaluate_sensitivity:1500 | Period 20 completed for size 7. MDE found: 0.009999999999999997 with p-value: 0.0619, power: 0.9500
2025-08-15 14:13:18 | INFO     | Murray.main:evaluate_sensitivity:1500 | Period 25 completed for size 7. MDE found: 0.009999999999999997 with p-value: 0.0548, power: 0.9000
2025-08-15 14:13:46 | INFO     | Murray.main:evaluate_sensitivity:1500 | Period 30 completed for size 7. MDE found: 0.009999999999999997 with p-value: 0.0591, power: 0.8750
2025-08-15 14:14:14 | INFO     | Murray.main:evaluate_sensitivity:1500 | Period 35 completed for size 7. MDE found: 0.019999999999999997 with p-value: 0.0576, power: 0.8000
2025-08-15 14:14:42 | INFO     | Murray.main:evaluate_sensitivity:1500 | Period 40 completed for size 7. MDE found: 0.009999999999999997 with p-value: 0.0337, power: 1.0000
2025-08-15 14:15:10 | INFO     | Murray.main:evaluate_sensitivity:1500 | Period 45 completed for size 7. MDE found: 0.009999999999999997 with p-value: 0.0306, power: 1.0000
2025-08-15 14:15:38 | INFO     | Murray.main:evaluate_sensitivity:1500 | Period 15 completed for size 8. MDE found: 0.009999999999999997 with p-value: 0.0317, power: 0.9750
2025-08-15 14:16:07 | INFO     | Murray.main:evaluate_sensitivity:1500 | Period 20 completed for size 8. MDE found: 0.009999999999999997 with p-value: 0.0322, power: 1.0000
2025-08-15 14:16:36 | INFO     | Murray.main:evaluate_sensitivity:1500 | Period 25 completed for size 8. MDE found: 0.009999999999999997 with p-value: 0.0352, power: 0.9500
2025-08-15 14:17:05 | INFO     | Murray.main:evaluate_sensitivity:1500 | Period 30 completed for size 8. MDE found: 0.08 with p-value: 0.0518, power: 0.8750
2025-08-15 14:17:33 | INFO     | Murray.main:evaluate_sensitivity:1500 | Period 35 completed for size 8. MDE found: 0.09 with p-value: 0.0686, power: 0.8250
2025-08-15 14:18:02 | INFO     | Murray.main:evaluate_sensitivity:1500 | Period 40 completed for size 8. MDE found: 0.11 with p-value: 0.0610, power: 0.8250
2025-08-15 14:18:30 | INFO     | Murray.main:evaluate_sensitivity:1500 | Period 45 completed for size 8. MDE found: 0.09999999999999999 with p-value: 0.0573, power: 0.8250
2025-08-15 14:18:57 | INFO     | Murray.main:evaluate_sensitivity:1500 | Period 15 completed for size 9. MDE found: 0.009999999999999997 with p-value: 0.0495, power: 0.9000
2025-08-15 14:19:25 | INFO     | Murray.main:evaluate_sensitivity:1500 | Period 20 completed for size 9. MDE found: 0.009999999999999997 with p-value: 0.0524, power: 0.9750
2025-08-15 14:19:53 | INFO     | Murray.main:evaluate_sensitivity:1500 | Period 25 completed for size 9. MDE found: 0.019999999999999997 with p-value: 0.0417, power: 0.9750
2025-08-15 14:20:21 | INFO     | Murray.main:evaluate_sensitivity:1500 | Period 30 completed for size 9. MDE found: 0.009999999999999997 with p-value: 0.0407, power: 0.9750
2025-08-15 14:20:49 | INFO     | Murray.main:evaluate_sensitivity:1500 | Period 35 completed for size 9. MDE found: 0.019999999999999997 with p-value: 0.0442, power: 0.9000
2025-08-15 14:21:17 | INFO     | Murray.main:evaluate_sensitivity:1500 | Period 40 completed for size 9. MDE found: 0.009999999999999997 with p-value: 0.0344, power: 0.9500
2025-08-15 14:21:45 | INFO     | Murray.main:evaluate_sensitivity:1500 | Period 45 completed for size 9. MDE found: 0.019999999999999997 with p-value: 0.0499, power: 0.9500
2025-08-15 14:22:13 | INFO     | Murray.main:evaluate_sensitivity:1500 | Period 15 completed for size 10. MDE found: 0.009999999999999997 with p-value: 0.0583, power: 0.8250
2025-08-15 14:22:41 | INFO     | Murray.main:evaluate_sensitivity:1500 | Period 20 completed for size 10. MDE found: 0.009999999999999997 with p-value: 0.0619, power: 0.8500
2025-08-15 14:23:09 | INFO     | Murray.main:evaluate_sensitivity:1500 | Period 25 completed for size 10. MDE found: 0.06 with p-value: 0.0796, power: 0.8250
2025-08-15 14:23:37 | INFO     | Murray.main:evaluate_sensitivity:1500 | Period 30 completed for size 10. MDE found: None with p-value: None, power: None
2025-08-15 14:24:05 | INFO     | Murray.main:evaluate_sensitivity:1500 | Period 35 completed for size 10. MDE found: None with p-value: None, power: None
2025-08-15 14:24:33 | INFO     | Murray.main:evaluate_sensitivity:1500 | Period 40 completed for size 10. MDE found: None with p-value: None, power: None
2025-08-15 14:25:01 | INFO     | Murray.main:evaluate_sensitivity:1500 | Period 45 completed for size 10. MDE found: None with p-value: None, power: None
2025-08-15 14:25:29 | INFO     | Murray.main:evaluate_sensitivity:1500 | Period 15 completed for size 11. MDE found: 0.049999999999999996 with p-value: 0.0679, power: 0.8000
2025-08-15 14:25:57 | INFO     | Murray.main:evaluate_sensitivity:1500 | Period 20 completed for size 11. MDE found: 0.08 with p-value: 0.0583, power: 0.9250
2025-08-15 14:26:25 | INFO     | Murray.main:evaluate_sensitivity:1500 | Period 25 completed for size 11. MDE found: 0.09999999999999999 with p-value: 0.0559, power: 0.8750
2025-08-15 14:26:53 | INFO     | Murray.main:evaluate_sensitivity:1500 | Period 30 completed for size 11. MDE found: 0.15000000000000002 with p-value: 0.0666, power: 0.8500
2025-08-15 14:27:21 | INFO     | Murray.main:evaluate_sensitivity:1500 | Period 35 completed for size 11. MDE found: 0.12 with p-value: 0.0601, power: 0.8500
2025-08-15 14:27:49 | INFO     | Murray.main:evaluate_sensitivity:1500 | Period 40 completed for size 11. MDE found: 0.039999999999999994 with p-value: 0.0645, power: 0.8750
2025-08-15 14:28:17 | INFO     | Murray.main:evaluate_sensitivity:1500 | Period 45 completed for size 11. MDE found: 0.03 with p-value: 0.0951, power: 0.8000
2025-08-15 14:28:46 | INFO     | Murray.main:evaluate_sensitivity:1500 | Period 15 completed for size 12. MDE found: 0.009999999999999997 with p-value: 0.0286, power: 0.9750
2025-08-15 14:29:14 | INFO     | Murray.main:evaluate_sensitivity:1500 | Period 20 completed for size 12. MDE found: 0.019999999999999997 with p-value: 0.0512, power: 0.8750
2025-08-15 14:29:42 | INFO     | Murray.main:evaluate_sensitivity:1500 | Period 25 completed for size 12. MDE found: 0.08 with p-value: 0.0569, power: 0.8500
2025-08-15 14:30:11 | INFO     | Murray.main:evaluate_sensitivity:1500 | Period 30 completed for size 12. MDE found: 0.09 with p-value: 0.0618, power: 0.8250
2025-08-15 14:30:41 | INFO     | Murray.main:evaluate_sensitivity:1500 | Period 35 completed for size 12. MDE found: 0.09999999999999999 with p-value: 0.0550, power: 0.9000
2025-08-15 14:31:11 | INFO     | Murray.main:evaluate_sensitivity:1500 | Period 40 completed for size 12. MDE found: 0.049999999999999996 with p-value: 0.0580, power: 0.9000
2025-08-15 14:31:40 | INFO     | Murray.main:evaluate_sensitivity:1500 | Period 45 completed for size 12. MDE found: 0.049999999999999996 with p-value: 0.0525, power: 0.8750
2025-08-15 14:32:08 | INFO     | Murray.main:evaluate_sensitivity:1500 | Period 15 completed for size 13. MDE found: 0.11 with p-value: 0.0562, power: 0.8750
2025-08-15 14:32:37 | INFO     | Murray.main:evaluate_sensitivity:1500 | Period 20 completed for size 13. MDE found: 0.09999999999999999 with p-value: 0.0634, power: 0.8500
2025-08-15 14:33:05 | INFO     | Murray.main:evaluate_sensitivity:1500 | Period 25 completed for size 13. MDE found: 0.11 with p-value: 0.0776, power: 0.8500
2025-08-15 14:33:34 | INFO     | Murray.main:evaluate_sensitivity:1500 | Period 30 completed for size 13. MDE found: 0.11 with p-value: 0.0643, power: 0.8250
2025-08-15 14:34:03 | INFO     | Murray.main:evaluate_sensitivity:1500 | Period 35 completed for size 13. MDE found: 0.039999999999999994 with p-value: 0.0710, power: 0.8000
2025-08-15 14:34:32 | INFO     | Murray.main:evaluate_sensitivity:1500 | Period 40 completed for size 13. MDE found: 0.03 with p-value: 0.0703, power: 0.8250
2025-08-15 14:35:01 | INFO     | Murray.main:evaluate_sensitivity:1500 | Period 45 completed for size 13. MDE found: 0.049999999999999996 with p-value: 0.0598, power: 0.8750
2025-08-15 14:35:30 | INFO     | Murray.main:evaluate_sensitivity:1500 | Period 15 completed for size 14. MDE found: 0.13 with p-value: 0.0466, power: 0.9000
2025-08-15 14:36:00 | INFO     | Murray.main:evaluate_sensitivity:1500 | Period 20 completed for size 14. MDE found: 0.13 with p-value: 0.0650, power: 0.8000
2025-08-15 14:36:29 | INFO     | Murray.main:evaluate_sensitivity:1500 | Period 25 completed for size 14. MDE found: None with p-value: None, power: None
2025-08-15 14:36:57 | INFO     | Murray.main:evaluate_sensitivity:1500 | Period 30 completed for size 14. MDE found: None with p-value: None, power: None
2025-08-15 14:37:26 | INFO     | Murray.main:evaluate_sensitivity:1500 | Period 35 completed for size 14. MDE found: 0.16 with p-value: 0.0674, power: 0.8250
2025-08-15 14:37:55 | INFO     | Murray.main:evaluate_sensitivity:1500 | Period 40 completed for size 14. MDE found: 0.13 with p-value: 0.0687, power: 0.8000
2025-08-15 14:38:25 | INFO     | Murray.main:evaluate_sensitivity:1500 | Period 45 completed for size 14. MDE found: 0.12 with p-value: 0.0668, power: 0.8250
2025-08-15 14:38:25 | INFO     | Murray.main:evaluate_sensitivity:1517 | evaluate_sensitivity completed successfully.
2025-08-15 14:38:25 | INFO     | Murray.main:run_geo_analysis_streamlit_app:1685 | Sensitivity evaluation completed successfully.
2025-08-15 14:38:25 | INFO     | Murray.main:run_geo_analysis_streamlit_app:1689 | run_geo_analysis_streamlit_app completed successfully
2025-08-15 14:38:25 | INFO     | __main__:<module>:1082 | ✅ SIMULATION COMPLETED: Analysis finished successfully
2025-08-15 14:38:25 | INFO     | __main__:<module>:153 | user isaac@entropy.tech logged in
2025-08-15 14:38:25 | INFO     | Murray.auxiliary:analyze_data_characteristics:178 | Analyzing data characteristics for statistical test selection
2025-08-15 14:39:00 | INFO     | __main__:<module>:153 | user isaac@entropy.tech logged in
2025-08-15 14:39:00 | INFO     | Murray.auxiliary:analyze_data_characteristics:178 | Analyzing data characteristics for statistical test selection
2025-08-15 15:02:48 | INFO     | __main__:<module>:153 | user isaac@entropy.tech logged in
2025-08-15 15:02:48 | INFO     | Murray.auxiliary:analyze_data_characteristics:178 | Analyzing data characteristics for statistical test selection
2025-08-15 15:02:49 | INFO     | __main__:<module>:153 | user isaac@entropy.tech logged in
2025-08-15 15:02:50 | INFO     | Murray.auxiliary:analyze_data_characteristics:178 | Analyzing data characteristics for statistical test selection
2025-08-15 15:02:52 | INFO     | __main__:<module>:153 | user isaac@entropy.tech logged in
2025-08-15 15:02:52 | INFO     | Murray.auxiliary:analyze_data_characteristics:178 | Analyzing data characteristics for statistical test selection
2025-08-15 15:02:56 | INFO     | __main__:<module>:153 | user isaac@entropy.tech logged in
2025-08-15 15:02:56 | INFO     | Murray.auxiliary:analyze_data_characteristics:178 | Analyzing data characteristics for statistical test selection
2025-08-15 15:03:01 | INFO     | __main__:<module>:153 | user isaac@entropy.tech logged in
2025-08-15 15:03:01 | INFO     | Murray.auxiliary:analyze_data_characteristics:178 | Analyzing data characteristics for statistical test selection
2025-08-15 15:03:40 | INFO     | __main__:<module>:153 | user isaac@entropy.tech logged in
2025-08-15 15:03:40 | INFO     | Murray.auxiliary:analyze_data_characteristics:178 | Analyzing data characteristics for statistical test selection
2025-08-15 15:03:43 | INFO     | __main__:<module>:153 | user isaac@entropy.tech logged in
2025-08-15 15:03:43 | INFO     | Murray.auxiliary:analyze_data_characteristics:178 | Analyzing data characteristics for statistical test selection
2025-08-15 15:04:42 | INFO     | __main__:<module>:153 | user isaac@entropy.tech logged in
2025-08-15 15:04:42 | INFO     | Murray.auxiliary:analyze_data_characteristics:178 | Analyzing data characteristics for statistical test selection
2025-08-15 15:04:44 | INFO     | __main__:<module>:153 | user isaac@entropy.tech logged in
2025-08-15 15:04:44 | INFO     | Murray.auxiliary:analyze_data_characteristics:178 | Analyzing data characteristics for statistical test selection
