2025-09-03 20:25:03 | INFO     | __main__:<module>:157 | user isaac@entropy.tech logged in
2025-09-03 20:25:03 | INFO     | Murray.auxiliary:analyze_data_characteristics:178 | Analyzing data characteristics for statistical test selection
2025-09-03 20:25:06 | INFO     | __main__:<module>:157 | user isaac@entropy.tech logged in
2025-09-03 20:25:06 | INFO     | Murray.auxiliary:analyze_data_characteristics:178 | Analyzing data characteristics for statistical test selection
2025-09-03 20:25:07 | INFO     | __main__:<module>:157 | user isaac@entropy.tech logged in
2025-09-03 20:25:08 | INFO     | Murray.auxiliary:analyze_data_characteristics:178 | Analyzing data characteristics for statistical test selection
2025-09-03 20:25:08 | INFO     | __main__:<module>:157 | user isaac@entropy.tech logged in
2025-09-03 20:25:08 | INFO     | Murray.auxiliary:analyze_data_characteristics:178 | Analyzing data characteristics for statistical test selection
2025-09-03 20:25:08 | INFO     | Murray.main:run_geo_analysis_streamlit_app:2069 | Starting run_geo_analysis_streamlit_app............
2025-09-03 20:25:08 | INFO     | Murray.main:run_geo_analysis_streamlit_app:2078 | Step 1: Generating market correlations.....
2025-09-03 20:25:08 | INFO     | Murray.main:run_geo_analysis_streamlit_app:2082 | Market correlations generated successfully.
2025-09-03 20:25:08 | INFO     | Murray.main:run_geo_analysis_streamlit_app:2085 | Step 2: Finding best groups for control and treatment.....
2025-09-03 20:25:08 | INFO     | Murray.main:BetterGroups:1003 | Starting single-cell mode
2025-09-03 20:25:08 | INFO     | Murray.main:BetterGroups:1035 | Processed 1/10000 groups
2025-09-03 20:25:24 | INFO     | Murray.main:BetterGroups:1035 | Processed 1000/10000 groups
2025-09-03 20:25:43 | INFO     | Murray.main:BetterGroups:1035 | Processed 2000/10000 groups
2025-09-03 20:25:57 | INFO     | Murray.main:BetterGroups:1035 | Processed 3000/10000 groups
2025-09-03 20:26:15 | INFO     | Murray.main:BetterGroups:1035 | Processed 4000/10000 groups
2025-09-03 20:26:30 | INFO     | Murray.main:BetterGroups:1035 | Processed 5000/10000 groups
2025-09-03 20:26:47 | INFO     | Murray.main:BetterGroups:1035 | Processed 6000/10000 groups
2025-09-03 20:27:00 | INFO     | Murray.main:BetterGroups:1035 | Processed 7000/10000 groups
2025-09-03 20:27:16 | INFO     | Murray.main:BetterGroups:1035 | Processed 8000/10000 groups
2025-09-03 20:27:28 | INFO     | Murray.main:BetterGroups:1035 | Processed 9000/10000 groups
2025-09-03 20:27:41 | INFO     | Murray.main:BetterGroups:1035 | Processed 10000/10000 groups
2025-09-03 20:27:41 | INFO     | Murray.main:BetterGroups:1036 | All groups processed. Results count: 10000
2025-09-03 20:27:41 | INFO     | Murray.main:run_geo_analysis_streamlit_app:2104 | BetterGroups completed successfully. Results for 5 sizes
2025-09-03 20:27:41 | INFO     | Murray.main:run_geo_analysis_streamlit_app:2111 | Step 3: Evaluating sensitivity for different deltas and periods.....
2025-09-03 20:27:41 | INFO     | Murray.main:run_geo_analysis_streamlit_app:2163 | Starting sensitivity evaluation for standard results
2025-09-03 20:27:50 | INFO     | Murray.main:evaluate_sensitivity:1939 | Period 20 completed for size 6. MDE found: None with p-value: None, power: None
2025-09-03 20:27:57 | INFO     | Murray.main:evaluate_sensitivity:1939 | Period 25 completed for size 6. MDE found: None with p-value: None, power: None
2025-09-03 20:28:04 | INFO     | Murray.main:evaluate_sensitivity:1939 | Period 30 completed for size 6. MDE found: None with p-value: None, power: None
2025-09-03 20:28:11 | INFO     | Murray.main:evaluate_sensitivity:1939 | Period 20 completed for size 7. MDE found: None with p-value: None, power: None
2025-09-03 20:28:21 | INFO     | Murray.main:evaluate_sensitivity:1939 | Period 25 completed for size 7. MDE found: None with p-value: None, power: None
2025-09-03 20:28:28 | INFO     | Murray.main:evaluate_sensitivity:1939 | Period 30 completed for size 7. MDE found: None with p-value: None, power: None
2025-09-03 20:28:35 | INFO     | Murray.main:evaluate_sensitivity:1939 | Period 20 completed for size 8. MDE found: None with p-value: None, power: None
2025-09-03 20:28:42 | INFO     | Murray.main:evaluate_sensitivity:1939 | Period 25 completed for size 8. MDE found: None with p-value: None, power: None
2025-09-03 20:28:52 | INFO     | Murray.main:evaluate_sensitivity:1939 | Period 30 completed for size 8. MDE found: None with p-value: None, power: None
2025-09-03 20:28:59 | INFO     | Murray.main:evaluate_sensitivity:1939 | Period 20 completed for size 9. MDE found: None with p-value: None, power: None
2025-09-03 20:29:06 | INFO     | Murray.main:evaluate_sensitivity:1939 | Period 25 completed for size 9. MDE found: None with p-value: None, power: None
2025-09-03 20:29:13 | INFO     | Murray.main:evaluate_sensitivity:1939 | Period 30 completed for size 9. MDE found: 0.03 with p-value: 0.0224, power: 0.9500
2025-09-03 20:29:23 | INFO     | Murray.main:evaluate_sensitivity:1939 | Period 20 completed for size 10. MDE found: 0.04 with p-value: 0.0048, power: 0.9750
2025-09-03 20:29:30 | INFO     | Murray.main:evaluate_sensitivity:1939 | Period 25 completed for size 10. MDE found: 0.04 with p-value: 0.0028, power: 1.0000
2025-09-03 20:29:38 | INFO     | Murray.main:evaluate_sensitivity:1939 | Period 30 completed for size 10. MDE found: 0.03 with p-value: 0.0038, power: 0.9750
2025-09-03 20:29:38 | INFO     | Murray.main:evaluate_sensitivity:1956 | evaluate_sensitivity completed successfully.
2025-09-03 20:29:38 | INFO     | Murray.main:run_geo_analysis_streamlit_app:2175 | evaluate_sensitivity call completed
2025-09-03 20:29:38 | INFO     | Murray.main:run_geo_analysis_streamlit_app:2182 | Sensitivity evaluation completed successfully.
2025-09-03 20:29:38 | INFO     | Murray.main:run_geo_analysis_streamlit_app:2190 | run_geo_analysis_streamlit_app completed successfully
2025-09-03 20:29:38 | INFO     | __main__:<module>:1101 | ✅ SIMULATION COMPLETED: Analysis finished successfully
2025-09-03 20:29:38 | INFO     | __main__:<module>:157 | user isaac@entropy.tech logged in
2025-09-03 20:29:38 | INFO     | Murray.auxiliary:analyze_data_characteristics:178 | Analyzing data characteristics for statistical test selection
2025-09-03 20:43:08 | INFO     | __main__:<module>:157 | user isaac@entropy.tech logged in
2025-09-03 20:43:08 | INFO     | Murray.auxiliary:analyze_data_characteristics:178 | Analyzing data characteristics for statistical test selection
