2025-09-18 16:36:56 | INFO     | __main__:<module>:153 | user isaac@entropy.tech logged in
2025-09-18 16:36:59 | INFO     | __main__:<module>:153 | user isaac@entropy.tech logged in
2025-09-18 16:37:00 | INFO     | __main__:<module>:153 | user isaac@entropy.tech logged in
2025-09-18 16:37:00 | INFO     | Murray.metrics:update_metrics:59 | New record added: {'timestamp': '2025-09-18 16:37:00', 'section': 'experimental_evaluation', 'date': '2025-09-18', 'day_of_week': 'Thursday', 'hour': 16}
2025-09-18 16:37:00 | INFO     | Murray.post_analysis:run_geo_evaluation:21 | Starting run_geo_evaluation
2025-09-18 16:37:00 | INFO     | Murray.post_analysis:run_geo_evaluation:22 | Input data shape: (7968, 6)
2025-09-18 16:37:00 | INFO     | Murray.post_analysis:run_geo_evaluation:23 | Treatment group: ['aguascalientes', 'campeche', 'chihuahua', 'guanajuato', 'jalisco', 'oaxaca', 'quintana roo', 'tabasco', 'yucatan']
2025-09-18 16:37:00 | INFO     | Murray.post_analysis:run_geo_evaluation:24 | Start treatment: 2025-07-16 00:00:00, End treatment: 2025-09-06 00:00:00
2025-09-18 16:37:00 | INFO     | Murray.post_analysis:run_geo_evaluation:25 | n_permutations: 50000, significance_level: 0.1
2025-09-18 16:37:00 | INFO     | Murray.post_analysis:run_geo_evaluation:40 | Treatment period positions: 196 to 249
2025-09-18 16:37:00 | INFO     | Murray.post_analysis:run_geo_evaluation:49 | Generating correlation matrix...
2025-09-18 16:37:00 | INFO     | Murray.post_analysis:run_geo_evaluation:52 | Selecting control group...
2025-09-18 16:37:00 | INFO     | Murray.post_analysis:run_geo_evaluation:58 | Control group selected: ['nuevo leon', 'tamaulipas', 'state of mexico', 'baja california', 'mexico city', 'michoacan']
2025-09-18 16:37:00 | INFO     | Murray.post_analysis:run_geo_evaluation:68 | Pivot table shape: (249, 32)
2025-09-18 16:37:00 | INFO     | Murray.post_analysis:run_geo_evaluation:81 | Scaling data...
2025-09-18 16:37:00 | INFO     | Murray.post_analysis:run_geo_evaluation:101 | Fitting synthetic control model...
2025-09-18 16:37:00 | INFO     | Murray.post_analysis:run_geo_evaluation:104 | Model fitted successfully
2025-09-18 16:37:00 | INFO     | Murray.post_analysis:run_geo_evaluation:106 | Making predictions...
2025-09-18 16:37:00 | INFO     | Murray.post_analysis:run_geo_evaluation:137 | Calculating metrics...
2025-09-18 16:37:00 | INFO     | Murray.post_analysis:run_geo_evaluation:138 | Data shapes - treatment: (249,), counterfactual: (249,)
2025-09-18 16:37:00 | INFO     | Murray.post_analysis:run_geo_evaluation:148 | Treatment period sum: 261089522.39199
2025-09-18 16:37:00 | INFO     | Murray.post_analysis:run_geo_evaluation:149 | Counterfactual period sum: 323252536.016042
2025-09-18 16:37:00 | INFO     | Murray.post_analysis:run_geo_evaluation:150 | Lift difference (treatment - counterfactual): -62163013.62405199
