2025-09-09 08:32:19 | INFO     | __main__:<module>:153 | user isaac@entropy.tech logged in
2025-09-09 08:32:25 | INFO     | __main__:<module>:153 | user isaac@entropy.tech logged in
2025-09-09 08:32:26 | INFO     | __main__:<module>:153 | user isaac@entropy.tech logged in
2025-09-09 08:32:26 | INFO     | Murray.metrics:update_metrics:59 | New record added: {'timestamp': '2025-09-09 08:32:26', 'section': 'experimental_evaluation', 'date': '2025-09-09', 'day_of_week': 'Tuesday', 'hour': 8}
2025-09-09 08:32:26 | INFO     | Murray.post_analysis:run_geo_evaluation:21 | Starting run_geo_evaluation
2025-09-09 08:32:26 | INFO     | Murray.post_analysis:run_geo_evaluation:22 | Input data shape: (7968, 6)
2025-09-09 08:32:26 | INFO     | Murray.post_analysis:run_geo_evaluation:23 | Treatment group: ['aguascalientes', 'campeche', 'chihuahua', 'guanajuato', 'jalisco', 'oaxaca', 'quintana roo', 'tabasco', 'yucatan']
2025-09-09 08:32:26 | INFO     | Murray.post_analysis:run_geo_evaluation:24 | Start treatment: 2025-07-16 00:00:00, End treatment: 2025-09-06 00:00:00
2025-09-09 08:32:26 | INFO     | Murray.post_analysis:run_geo_evaluation:25 | n_permutations: 50000, significance_level: 0.1
2025-09-09 08:32:26 | INFO     | Murray.post_analysis:run_geo_evaluation:40 | Treatment period positions: 196 to 249
2025-09-09 08:32:26 | INFO     | Murray.post_analysis:run_geo_evaluation:49 | Generating correlation matrix...
2025-09-09 08:32:26 | INFO     | Murray.post_analysis:run_geo_evaluation:52 | Selecting control group...
2025-09-09 08:32:26 | INFO     | Murray.post_analysis:run_geo_evaluation:58 | Control group selected: ['nuevo leon', 'tamaulipas', 'michoacan', 'mexico city', 'baja california', 'state of mexico']
2025-09-09 08:32:26 | INFO     | Murray.post_analysis:run_geo_evaluation:68 | Pivot table shape: (249, 32)
2025-09-09 08:32:26 | INFO     | Murray.post_analysis:run_geo_evaluation:75 | Scaling data...
2025-09-09 08:32:26 | INFO     | Murray.post_analysis:run_geo_evaluation:94 | Fitting synthetic control model...
2025-09-09 08:32:26 | INFO     | Murray.post_analysis:run_geo_evaluation:97 | Model fitted successfully
2025-09-09 08:32:26 | INFO     | Murray.post_analysis:run_geo_evaluation:99 | Making predictions...
2025-09-09 08:32:26 | INFO     | Murray.post_analysis:run_geo_evaluation:117 | Calculating metrics...
2025-09-09 08:32:26 | INFO     | Murray.post_analysis:run_geo_evaluation:118 | Data shapes - treatment: (249,), counterfactual: (249,)
2025-09-09 08:32:26 | INFO     | Murray.post_analysis:run_geo_evaluation:128 | Treatment period sum: 261089522.39199
2025-09-09 08:32:26 | INFO     | Murray.post_analysis:run_geo_evaluation:129 | Counterfactual period sum: 323252536.01604205
2025-09-09 08:32:26 | INFO     | Murray.post_analysis:run_geo_evaluation:130 | Lift difference (treatment - counterfactual): -62163013.62405205
2025-09-09 08:32:26 | INFO     | Murray.post_analysis:run_geo_evaluation:144 | Observed statistic (sum of residuals): -62163013.624052
2025-09-09 08:32:26 | INFO     | Murray.post_analysis:run_geo_evaluation:145 | Manual verification - observed_stat should equal lift_difference: -62163013.62405205
2025-09-09 08:32:26 | INFO     | Murray.post_analysis:run_geo_evaluation:147 | Starting permutation test with 50000 permutations...
2025-09-09 08:32:27 | INFO     | Murray.post_analysis:run_geo_evaluation:152 | Completed 10000/50000 permutations
2025-09-09 08:32:27 | INFO     | Murray.post_analysis:run_geo_evaluation:152 | Completed 20000/50000 permutations
2025-09-09 08:32:27 | INFO     | Murray.post_analysis:run_geo_evaluation:152 | Completed 30000/50000 permutations
2025-09-09 08:32:27 | INFO     | Murray.post_analysis:run_geo_evaluation:152 | Completed 40000/50000 permutations
2025-09-09 08:32:27 | INFO     | Murray.post_analysis:run_geo_evaluation:158 | Permutation test completed, calculating p-value and power...
2025-09-09 08:32:27 | INFO     | Murray.post_analysis:run_geo_evaluation:164 | Final results:
2025-09-09 08:32:27 | INFO     | Murray.post_analysis:run_geo_evaluation:165 |   MAPE: 116.5303
2025-09-09 08:32:27 | INFO     | Murray.post_analysis:run_geo_evaluation:166 |   SMAPE: 56.3602
2025-09-09 08:32:27 | INFO     | Murray.post_analysis:run_geo_evaluation:167 |   Percentage lift: -19.2305%
2025-09-09 08:32:27 | INFO     | Murray.post_analysis:run_geo_evaluation:168 |   P-value: 0.004060
2025-09-09 08:32:27 | INFO     | Murray.post_analysis:run_geo_evaluation:169 |   Power: 1.0000
2025-09-09 08:32:27 | INFO     | Murray.post_analysis:run_geo_evaluation:188 | run_geo_evaluation completed successfully
