2025-07-15 21:53:56 | INFO     | Murray.auxiliary:analyze_data_characteristics:178 | Analyzing data characteristics for statistical test selection
2025-07-15 21:53:56 | INFO     | Murray.auxiliary:analyze_data_characteristics:178 | Analyzing data characteristics for statistical test selection
2025-07-15 21:53:58 | INFO     | Murray.auxiliary:analyze_data_characteristics:178 | Analyzing data characteristics for statistical test selection
2025-07-15 21:53:58 | INFO     | Murray.main:run_geo_analysis_streamlit_app:1711 | Starting run_geo_analysis_streamlit_app............
2025-07-15 21:53:58 | INFO     | Murray.main:run_geo_analysis_streamlit_app:1720 | Step 1: Generating market correlations.....
2025-07-15 21:53:58 | INFO     | Murray.main:run_geo_analysis_streamlit_app:1722 | Market correlations generated successfully.
2025-07-15 21:53:58 | INFO     | Murray.main:run_geo_analysis_streamlit_app:1725 | Step 2: Finding best groups for control and treatment.....
2025-07-15 21:53:58 | INFO     | Murray.main:BetterGroups:745 | Starting global multi-cell optimization for 2 cells with allowed sizes [2, 3, 4]
2025-07-15 21:53:58 | INFO     | Murray.main:optimize_global_multicell:941 | Starting global multi-cell optimization for 2 cells with sizes [2, 3, 4]
2025-07-15 21:53:58 | INFO     | Murray.main:optimize_global_multicell:957 | Phase 1: Generating candidates for all allowed sizes
2025-07-15 21:53:58 | INFO     | Murray.main:optimize_global_multicell:960 | Generating candidates for size 2
2025-07-15 21:54:01 | INFO     | Murray.main:optimize_global_multicell:1001 | Generated 6 candidates for size 2
2025-07-15 21:54:01 | INFO     | Murray.main:optimize_global_multicell:960 | Generating candidates for size 3
2025-07-15 21:54:24 | INFO     | Murray.main:optimize_global_multicell:1001 | Generated 6 candidates for size 3
2025-07-15 21:54:24 | INFO     | Murray.main:optimize_global_multicell:960 | Generating candidates for size 4
2025-07-15 21:55:00 | INFO     | Murray.main:optimize_global_multicell:1001 | Generated 6 candidates for size 4
2025-07-15 21:55:00 | INFO     | Murray.main:optimize_global_multicell:1008 | Phase 2: Global optimization - selecting 2 cells from 18 candidates
2025-07-15 21:55:00 | INFO     | Murray.main:optimize_global_multicell:1068 | Global optimization completed: 2 cells selected
2025-07-15 21:55:00 | INFO     | Murray.main:run_geo_analysis_streamlit_app:1742 | BetterGroups completed successfully. Results for 1 sizes
2025-07-15 21:55:00 | INFO     | Murray.main:run_geo_analysis_streamlit_app:1747 | Step 3: Evaluating sensitivity for different deltas and periods.....
2025-07-15 21:56:33 | INFO     | Murray.main:evaluate_sensitivity:1592 | Period 15 completed for size global_experiment. MDE found: 0.04 with p-value: 0.0106, power: 0.9200 and CI: (0.8452 - 0.9948)
2025-07-15 21:58:06 | INFO     | Murray.main:evaluate_sensitivity:1592 | Period 20 completed for size global_experiment. MDE found: 0.03 with p-value: 0.0039, power: 0.9800 and CI: (0.9414 - 1.0000)
2025-07-15 21:59:40 | INFO     | Murray.main:evaluate_sensitivity:1592 | Period 25 completed for size global_experiment. MDE found: 0.03 with p-value: 0.0071, power: 0.9600 and CI: (0.9060 - 1.0000)
2025-07-15 22:01:15 | INFO     | Murray.main:evaluate_sensitivity:1592 | Period 30 completed for size global_experiment. MDE found: 0.03 with p-value: 0.0090, power: 0.9800 and CI: (0.9414 - 1.0000)
2025-07-15 22:01:15 | INFO     | Murray.main:evaluate_sensitivity:1607 | evaluate_sensitivity completed successfully.
2025-07-15 22:01:15 | INFO     | Murray.main:run_geo_analysis_streamlit_app:1760 | Sensitivity evaluation completed successfully.
2025-07-15 22:01:15 | INFO     | Murray.main:run_geo_analysis_streamlit_app:1764 | run_geo_analysis_streamlit_app completed successfully
2025-07-15 22:02:29 | INFO     | Murray.auxiliary:analyze_data_characteristics:178 | Analyzing data characteristics for statistical test selection
