2025-07-06 15:04:06 | ERROR    | Murray.auxiliary:cleaned_data:132 | An unexpected error occurred: 'location'
2025-07-06 15:04:07 | WARNING  | Murray.auxiliary:handle_duplicates:31 | Found 17177 duplicate entries in the data. Aggregating by mean.
2025-07-06 15:04:11 | WARNING  | Murray.auxiliary:handle_duplicates:31 | Found 17177 duplicate entries in the data. Aggregating by mean.
2025-07-06 15:04:12 | WARNING  | Murray.auxiliary:handle_duplicates:31 | Found 17177 duplicate entries in the data. Aggregating by mean.
2025-07-06 15:04:13 | WARNING  | Murray.auxiliary:handle_duplicates:31 | Found 17177 duplicate entries in the data. Aggregating by mean.
2025-07-06 15:04:17 | WARNING  | Murray.auxiliary:handle_duplicates:31 | Found 17177 duplicate entries in the data. Aggregating by mean.
2025-07-06 15:04:19 | WARNING  | Murray.auxiliary:handle_duplicates:31 | Found 17177 duplicate entries in the data. Aggregating by mean.
2025-07-06 15:04:19 | WARNING  | Murray.auxiliary:handle_duplicates:31 | Found 17177 duplicate entries in the data. Aggregating by mean.
2025-07-06 15:04:20 | WARNING  | Murray.auxiliary:handle_duplicates:31 | Found 17177 duplicate entries in the data. Aggregating by mean.
2025-07-06 15:04:20 | WARNING  | Murray.auxiliary:handle_duplicates:31 | Found 17177 duplicate entries in the data. Aggregating by mean.
2025-07-06 15:04:21 | WARNING  | Murray.auxiliary:handle_duplicates:31 | Found 17177 duplicate entries in the data. Aggregating by mean.
2025-07-06 15:04:22 | WARNING  | Murray.auxiliary:handle_duplicates:31 | Found 17177 duplicate entries in the data. Aggregating by mean.
2025-07-06 15:04:22 | WARNING  | Murray.auxiliary:handle_duplicates:31 | Found 17177 duplicate entries in the data. Aggregating by mean.
2025-07-06 15:04:23 | WARNING  | Murray.auxiliary:handle_duplicates:31 | Found 17177 duplicate entries in the data. Aggregating by mean.
2025-07-06 15:04:24 | WARNING  | Murray.auxiliary:handle_duplicates:31 | Found 17177 duplicate entries in the data. Aggregating by mean.
2025-07-06 15:04:24 | WARNING  | Murray.auxiliary:handle_duplicates:31 | Found 17177 duplicate entries in the data. Aggregating by mean.
2025-07-06 15:04:25 | WARNING  | Murray.auxiliary:handle_duplicates:31 | Found 17177 duplicate entries in the data. Aggregating by mean.
2025-07-06 15:04:25 | WARNING  | Murray.auxiliary:handle_duplicates:31 | Found 17177 duplicate entries in the data. Aggregating by mean.
2025-07-06 15:04:25 | WARNING  | Murray.auxiliary:handle_duplicates:31 | Found 17177 duplicate entries in the data. Aggregating by mean.
2025-07-06 15:04:26 | WARNING  | Murray.auxiliary:handle_duplicates:31 | Found 17177 duplicate entries in the data. Aggregating by mean.
2025-07-06 15:04:26 | WARNING  | Murray.auxiliary:handle_duplicates:31 | Found 17177 duplicate entries in the data. Aggregating by mean.
2025-07-06 15:04:26 | WARNING  | Murray.auxiliary:handle_duplicates:31 | Found 17177 duplicate entries in the data. Aggregating by mean.
2025-07-06 15:04:27 | WARNING  | Murray.auxiliary:handle_duplicates:31 | Found 17177 duplicate entries in the data. Aggregating by mean.
2025-07-06 15:04:27 | WARNING  | Murray.auxiliary:handle_duplicates:31 | Found 17177 duplicate entries in the data. Aggregating by mean.
2025-07-06 15:04:33 | WARNING  | Murray.auxiliary:handle_duplicates:31 | Found 17177 duplicate entries in the data. Aggregating by mean.
2025-07-06 15:04:46 | WARNING  | Murray.auxiliary:handle_duplicates:31 | Found 17177 duplicate entries in the data. Aggregating by mean.
2025-07-06 15:04:47 | INFO     | Murray.metrics:update_metrics:57 | New record added: {'timestamp': '2025-07-06 15:04:47', 'section': 'experimental_design', 'date': '2025-07-06', 'day_of_week': 'Sunday', 'hour': 15}
2025-07-06 15:04:47 | INFO     | Murray.main:run_geo_analysis_streamlit_app:787 | Starting run_geo_analysis_streamlit_app............
2025-07-06 15:04:47 | INFO     | Murray.main:run_geo_analysis_streamlit_app:798 | Step 1: Generating market correlations.....
2025-07-06 15:04:47 | INFO     | Murray.main:run_geo_analysis_streamlit_app:800 | Market correlations generated successfully.
2025-07-06 15:04:47 | INFO     | Murray.main:run_geo_analysis_streamlit_app:806 | Step 2: Finding best groups for control and treatment.....
2025-07-06 15:04:47 | INFO     | Murray.main:BetterGroups:408 | Number of locations: 329
2025-07-06 15:04:47 | INFO     | Murray.main:BetterGroups:410 | Maximum treatment group size: 148
2025-07-06 15:04:47 | INFO     | Murray.main:BetterGroups:412 | Minimum treatment group size: 115
2025-07-06 15:04:48 | INFO     | Murray.main:BetterGroups:429 | Generating possible treatment groups...
2025-07-06 15:04:48 | INFO     | Murray.main:BetterGroups:433 | Generated 5000 groups for size 115
2025-07-06 15:04:48 | INFO     | Murray.main:BetterGroups:433 | Generated 5000 groups for size 116
2025-07-06 15:04:48 | INFO     | Murray.main:BetterGroups:433 | Generated 5000 groups for size 117
2025-07-06 15:04:49 | INFO     | Murray.main:BetterGroups:433 | Generated 5000 groups for size 118
2025-07-06 15:04:49 | INFO     | Murray.main:BetterGroups:433 | Generated 5000 groups for size 119
2025-07-06 15:04:49 | INFO     | Murray.main:BetterGroups:433 | Generated 5000 groups for size 120
2025-07-06 15:04:49 | INFO     | Murray.main:BetterGroups:433 | Generated 5000 groups for size 121
2025-07-06 15:04:49 | INFO     | Murray.main:BetterGroups:433 | Generated 5000 groups for size 122
2025-07-06 15:04:50 | INFO     | Murray.main:BetterGroups:433 | Generated 5000 groups for size 123
2025-07-06 15:04:50 | INFO     | Murray.main:BetterGroups:433 | Generated 5000 groups for size 124
2025-07-06 15:04:50 | INFO     | Murray.main:BetterGroups:433 | Generated 5000 groups for size 125
2025-07-06 15:04:51 | INFO     | Murray.main:BetterGroups:433 | Generated 5000 groups for size 126
2025-07-06 15:04:51 | INFO     | Murray.main:BetterGroups:433 | Generated 5000 groups for size 127
2025-07-06 15:04:51 | INFO     | Murray.main:BetterGroups:433 | Generated 5000 groups for size 128
2025-07-06 15:04:52 | INFO     | Murray.main:BetterGroups:433 | Generated 5000 groups for size 129
2025-07-06 15:04:52 | INFO     | Murray.main:BetterGroups:433 | Generated 5000 groups for size 130
2025-07-06 15:04:52 | INFO     | Murray.main:BetterGroups:433 | Generated 5000 groups for size 131
2025-07-06 15:04:52 | INFO     | Murray.main:BetterGroups:433 | Generated 5000 groups for size 132
2025-07-06 15:04:53 | INFO     | Murray.main:BetterGroups:433 | Generated 5000 groups for size 133
2025-07-06 15:04:53 | INFO     | Murray.main:BetterGroups:433 | Generated 5000 groups for size 134
2025-07-06 15:04:53 | INFO     | Murray.main:BetterGroups:433 | Generated 5000 groups for size 135
2025-07-06 15:04:53 | INFO     | Murray.main:BetterGroups:433 | Generated 5000 groups for size 136
2025-07-06 15:04:54 | INFO     | Murray.main:BetterGroups:433 | Generated 5000 groups for size 137
2025-07-06 15:04:54 | INFO     | Murray.main:BetterGroups:433 | Generated 5000 groups for size 138
2025-07-06 15:04:54 | INFO     | Murray.main:BetterGroups:433 | Generated 5000 groups for size 139
2025-07-06 15:04:55 | INFO     | Murray.main:BetterGroups:433 | Generated 5000 groups for size 140
2025-07-06 15:04:55 | INFO     | Murray.main:BetterGroups:433 | Generated 5000 groups for size 141
2025-07-06 15:04:55 | INFO     | Murray.main:BetterGroups:433 | Generated 5000 groups for size 142
2025-07-06 15:04:56 | INFO     | Murray.main:BetterGroups:433 | Generated 5000 groups for size 143
2025-07-06 15:04:56 | INFO     | Murray.main:BetterGroups:433 | Generated 5000 groups for size 144
2025-07-06 15:04:56 | INFO     | Murray.main:BetterGroups:433 | Generated 5000 groups for size 145
2025-07-06 15:04:57 | INFO     | Murray.main:BetterGroups:433 | Generated 5000 groups for size 146
2025-07-06 15:04:57 | INFO     | Murray.main:BetterGroups:433 | Generated 5000 groups for size 147
2025-07-06 15:04:57 | INFO     | Murray.main:BetterGroups:433 | Generated 5000 groups for size 148
2025-07-06 15:04:57 | INFO     | Murray.main:BetterGroups:435 | Total possible groups generated: 170000
2025-07-06 15:05:02 | INFO     | Murray.main:BetterGroups:455 | Tasks submitted, starting to collect results...
2025-07-06 15:05:02 | INFO     | Murray.main:BetterGroups:477 | Processed 1/170000 groups
2025-07-06 15:09:22 | INFO     | Murray.main:BetterGroups:477 | Processed 17000/170000 groups
2025-07-06 15:13:10 | INFO     | Murray.main:BetterGroups:477 | Processed 34000/170000 groups
2025-07-06 15:16:53 | INFO     | Murray.main:BetterGroups:477 | Processed 51000/170000 groups
2025-07-06 15:20:40 | INFO     | Murray.main:BetterGroups:477 | Processed 68000/170000 groups
2025-07-06 15:24:45 | INFO     | Murray.main:BetterGroups:477 | Processed 85000/170000 groups
2025-07-06 15:28:52 | INFO     | Murray.main:BetterGroups:477 | Processed 102000/170000 groups
2025-07-06 15:32:54 | INFO     | Murray.main:BetterGroups:477 | Processed 119000/170000 groups
2025-07-06 15:36:50 | INFO     | Murray.main:BetterGroups:477 | Processed 136000/170000 groups
2025-07-06 15:40:52 | INFO     | Murray.main:BetterGroups:477 | Processed 153000/170000 groups
2025-07-06 15:43:27 | ERROR    | Murray.auxiliary:cleaned_data:132 | An unexpected error occurred: 'location'
2025-07-06 15:43:28 | WARNING  | Murray.auxiliary:handle_duplicates:31 | Found 17177 duplicate entries in the data. Aggregating by mean.
2025-07-06 15:43:35 | WARNING  | Murray.auxiliary:handle_duplicates:31 | Found 17177 duplicate entries in the data. Aggregating by mean.
2025-07-06 15:43:35 | WARNING  | Murray.auxiliary:handle_duplicates:31 | Found 17177 duplicate entries in the data. Aggregating by mean.
2025-07-06 15:43:37 | WARNING  | Murray.auxiliary:handle_duplicates:31 | Found 17177 duplicate entries in the data. Aggregating by mean.
2025-07-06 15:43:39 | WARNING  | Murray.auxiliary:handle_duplicates:31 | Found 17177 duplicate entries in the data. Aggregating by mean.
2025-07-06 15:43:43 | WARNING  | Murray.auxiliary:handle_duplicates:31 | Found 17177 duplicate entries in the data. Aggregating by mean.
2025-07-06 15:43:46 | WARNING  | Murray.auxiliary:handle_duplicates:31 | Found 17177 duplicate entries in the data. Aggregating by mean.
2025-07-06 15:43:47 | INFO     | Murray.metrics:update_metrics:57 | New record added: {'timestamp': '2025-07-06 15:43:47', 'section': 'experimental_design', 'date': '2025-07-06', 'day_of_week': 'Sunday', 'hour': 15}
2025-07-06 15:43:47 | INFO     | Murray.main:run_geo_analysis_streamlit_app:787 | Starting run_geo_analysis_streamlit_app............
2025-07-06 15:43:47 | INFO     | Murray.main:run_geo_analysis_streamlit_app:798 | Step 1: Generating market correlations.....
2025-07-06 15:43:47 | INFO     | Murray.main:run_geo_analysis_streamlit_app:800 | Market correlations generated successfully.
2025-07-06 15:43:47 | INFO     | Murray.main:run_geo_analysis_streamlit_app:806 | Step 2: Finding best groups for control and treatment.....
2025-07-06 15:43:47 | INFO     | Murray.main:BetterGroups:408 | Number of locations: 329
2025-07-06 15:43:47 | INFO     | Murray.main:BetterGroups:410 | Maximum treatment group size: 148
2025-07-06 15:43:47 | INFO     | Murray.main:BetterGroups:412 | Minimum treatment group size: 115
2025-07-06 15:43:48 | INFO     | Murray.main:BetterGroups:429 | Generating possible treatment groups...
2025-07-06 15:43:48 | INFO     | Murray.main:BetterGroups:433 | Generated 5000 groups for size 115
2025-07-06 15:43:49 | INFO     | Murray.main:BetterGroups:433 | Generated 5000 groups for size 116
2025-07-06 15:43:50 | INFO     | Murray.main:BetterGroups:433 | Generated 5000 groups for size 117
2025-07-06 15:43:50 | INFO     | Murray.main:BetterGroups:433 | Generated 5000 groups for size 118
2025-07-06 15:43:51 | INFO     | Murray.main:BetterGroups:433 | Generated 5000 groups for size 119
2025-07-06 15:43:51 | INFO     | Murray.main:BetterGroups:433 | Generated 5000 groups for size 120
2025-07-06 15:43:52 | INFO     | Murray.main:BetterGroups:433 | Generated 5000 groups for size 121
2025-07-06 15:43:53 | INFO     | Murray.main:BetterGroups:433 | Generated 5000 groups for size 122
2025-07-06 15:43:53 | INFO     | Murray.main:BetterGroups:433 | Generated 5000 groups for size 123
2025-07-06 15:43:54 | INFO     | Murray.main:BetterGroups:433 | Generated 5000 groups for size 124
2025-07-06 15:43:55 | INFO     | Murray.main:BetterGroups:433 | Generated 5000 groups for size 125
2025-07-06 15:43:55 | INFO     | Murray.main:BetterGroups:433 | Generated 5000 groups for size 126
2025-07-06 15:43:56 | INFO     | Murray.main:BetterGroups:433 | Generated 5000 groups for size 127
2025-07-06 15:43:57 | INFO     | Murray.main:BetterGroups:433 | Generated 5000 groups for size 128
2025-07-06 15:43:57 | INFO     | Murray.main:BetterGroups:433 | Generated 5000 groups for size 129
2025-07-06 15:43:58 | INFO     | Murray.main:BetterGroups:433 | Generated 5000 groups for size 130
2025-07-06 15:43:59 | INFO     | Murray.main:BetterGroups:433 | Generated 5000 groups for size 131
2025-07-06 15:43:59 | INFO     | Murray.main:BetterGroups:433 | Generated 5000 groups for size 132
2025-07-06 15:44:00 | INFO     | Murray.main:BetterGroups:433 | Generated 5000 groups for size 133
2025-07-06 15:44:00 | INFO     | Murray.main:BetterGroups:433 | Generated 5000 groups for size 134
2025-07-06 15:44:01 | INFO     | Murray.main:BetterGroups:433 | Generated 5000 groups for size 135
2025-07-06 15:44:02 | INFO     | Murray.main:BetterGroups:433 | Generated 5000 groups for size 136
2025-07-06 15:44:03 | INFO     | Murray.main:BetterGroups:433 | Generated 5000 groups for size 137
2025-07-06 15:44:04 | INFO     | Murray.main:BetterGroups:433 | Generated 5000 groups for size 138
2025-07-06 15:44:04 | INFO     | Murray.main:BetterGroups:433 | Generated 5000 groups for size 139
2025-07-06 15:44:05 | INFO     | Murray.main:BetterGroups:433 | Generated 5000 groups for size 140
2025-07-06 15:44:05 | INFO     | Murray.main:BetterGroups:433 | Generated 5000 groups for size 141
2025-07-06 15:44:06 | INFO     | Murray.main:BetterGroups:433 | Generated 5000 groups for size 142
2025-07-06 15:44:07 | INFO     | Murray.main:BetterGroups:433 | Generated 5000 groups for size 143
2025-07-06 15:44:07 | INFO     | Murray.main:BetterGroups:433 | Generated 5000 groups for size 144
2025-07-06 15:44:08 | INFO     | Murray.main:BetterGroups:433 | Generated 5000 groups for size 145
2025-07-06 15:44:09 | INFO     | Murray.main:BetterGroups:433 | Generated 5000 groups for size 146
2025-07-06 15:44:09 | INFO     | Murray.main:BetterGroups:433 | Generated 5000 groups for size 147
2025-07-06 15:44:10 | INFO     | Murray.main:BetterGroups:433 | Generated 5000 groups for size 148
2025-07-06 15:44:10 | INFO     | Murray.main:BetterGroups:435 | Total possible groups generated: 170000
2025-07-06 15:44:18 | INFO     | Murray.main:BetterGroups:455 | Tasks submitted, starting to collect results...
2025-07-06 15:44:19 | INFO     | Murray.main:BetterGroups:477 | Processed 1/170000 groups
2025-07-06 15:45:19 | INFO     | Murray.main:BetterGroups:477 | Processed 170000/170000 groups
2025-07-06 15:45:19 | INFO     | Murray.main:BetterGroups:479 | All groups processed. Results count: 170000
2025-07-06 15:45:19 | INFO     | Murray.main:BetterGroups:482 | Organizing results by size...
2025-07-06 15:45:19 | INFO     | Murray.main:BetterGroups:509 | Best result for size 115: MAPE=1196823235812.6809, SMAPE=192.9387, Holdout=70.03%
2025-07-06 15:45:19 | INFO     | Murray.main:BetterGroups:509 | Best result for size 116: MAPE=2069007332946.8188, SMAPE=193.0181, Holdout=72.67%
2025-07-06 15:45:19 | INFO     | Murray.main:BetterGroups:509 | Best result for size 117: MAPE=1253770626926.2532, SMAPE=193.1086, Holdout=71.53%
2025-07-06 15:45:19 | INFO     | Murray.main:BetterGroups:509 | Best result for size 118: MAPE=2342900906657.1021, SMAPE=193.2258, Holdout=70.30%
2025-07-06 15:45:19 | INFO     | Murray.main:BetterGroups:509 | Best result for size 119: MAPE=1688910319574.4365, SMAPE=193.2428, Holdout=70.52%
2025-07-06 15:45:19 | INFO     | Murray.main:BetterGroups:509 | Best result for size 120: MAPE=3250157665738.3403, SMAPE=193.3152, Holdout=70.02%
2025-07-06 15:45:19 | INFO     | Murray.main:BetterGroups:509 | Best result for size 122: MAPE=2583041968530.6108, SMAPE=193.4199, Holdout=70.73%
2025-07-06 15:45:19 | INFO     | Murray.main:BetterGroups:509 | Best result for size 123: MAPE=2347220103994.8633, SMAPE=193.4057, Holdout=71.77%
2025-07-06 15:45:19 | INFO     | Murray.main:BetterGroups:509 | Best result for size 126: MAPE=2124395321857.1240, SMAPE=193.3384, Holdout=70.62%
2025-07-06 15:45:20 | INFO     | Murray.main:run_geo_analysis_streamlit_app:821 | BetterGroups completed successfully. Results for 9 sizes
2025-07-06 15:45:20 | INFO     | Murray.main:run_geo_analysis_streamlit_app:824 | Step 3: Evaluating sensitivity for different deltas and periods.....
2025-07-06 15:45:31 | INFO     | Murray.main:evaluate_sensitivity:731 | Period 30 completed for size 115. MDE found: 0.08 with p-value: 0.0797
2025-07-06 15:45:43 | INFO     | Murray.main:evaluate_sensitivity:731 | Period 40 completed for size 115. MDE found: 0.03 with p-value: 0.0911
2025-07-06 15:45:55 | INFO     | Murray.main:evaluate_sensitivity:731 | Period 50 completed for size 115. MDE found: 0.05 with p-value: 0.0862
2025-07-06 15:46:05 | INFO     | Murray.main:evaluate_sensitivity:731 | Period 60 completed for size 115. MDE found: 0.08 with p-value: 0.078
2025-07-06 15:46:16 | INFO     | Murray.main:evaluate_sensitivity:731 | Period 30 completed for size 116. MDE found: None with p-value: None
2025-07-06 15:46:26 | INFO     | Murray.main:evaluate_sensitivity:731 | Period 40 completed for size 116. MDE found: 0.11 with p-value: 0.088
2025-07-06 15:46:37 | INFO     | Murray.main:evaluate_sensitivity:731 | Period 50 completed for size 116. MDE found: None with p-value: None
2025-07-06 15:46:48 | INFO     | Murray.main:evaluate_sensitivity:731 | Period 60 completed for size 116. MDE found: None with p-value: None
2025-07-06 15:46:58 | INFO     | Murray.main:evaluate_sensitivity:731 | Period 30 completed for size 117. MDE found: 0.14 with p-value: 0.0886
2025-07-06 15:47:09 | INFO     | Murray.main:evaluate_sensitivity:731 | Period 40 completed for size 117. MDE found: 0.04 with p-value: 0.0864
2025-07-06 15:47:20 | INFO     | Murray.main:evaluate_sensitivity:731 | Period 50 completed for size 117. MDE found: 0.060000000000000005 with p-value: 0.0985
2025-07-06 15:47:30 | INFO     | Murray.main:evaluate_sensitivity:731 | Period 60 completed for size 117. MDE found: 0.09999999999999999 with p-value: 0.0832
2025-07-06 15:47:41 | INFO     | Murray.main:evaluate_sensitivity:731 | Period 30 completed for size 118. MDE found: 0.14 with p-value: 0.0912
2025-07-06 15:47:52 | INFO     | Murray.main:evaluate_sensitivity:731 | Period 40 completed for size 118. MDE found: 0.02 with p-value: 0.0966
2025-07-06 15:48:04 | INFO     | Murray.main:evaluate_sensitivity:731 | Period 50 completed for size 118. MDE found: 0.060000000000000005 with p-value: 0.0936
2025-07-06 15:48:14 | INFO     | Murray.main:evaluate_sensitivity:731 | Period 60 completed for size 118. MDE found: 0.09999999999999999 with p-value: 0.0971
2025-07-06 15:48:25 | INFO     | Murray.main:evaluate_sensitivity:731 | Period 30 completed for size 119. MDE found: None with p-value: None
2025-07-06 15:48:36 | INFO     | Murray.main:evaluate_sensitivity:731 | Period 40 completed for size 119. MDE found: 0.03 with p-value: 0.0847
2025-07-06 15:48:36 | INFO     | Murray.main:BetterGroups:477 | Processed 17000/170000 groups
2025-07-06 15:48:47 | INFO     | Murray.main:evaluate_sensitivity:731 | Period 50 completed for size 119. MDE found: 0.060000000000000005 with p-value: 0.088
2025-07-06 15:48:57 | INFO     | Murray.main:evaluate_sensitivity:731 | Period 60 completed for size 119. MDE found: 0.09 with p-value: 0.0968
2025-07-06 15:49:08 | INFO     | Murray.main:evaluate_sensitivity:731 | Period 30 completed for size 120. MDE found: None with p-value: None
2025-07-06 15:49:19 | INFO     | Murray.main:evaluate_sensitivity:731 | Period 40 completed for size 120. MDE found: 0.09 with p-value: 0.0951
2025-07-06 15:49:30 | INFO     | Murray.main:evaluate_sensitivity:731 | Period 50 completed for size 120. MDE found: 0.14 with p-value: 0.0999
2025-07-06 15:49:41 | INFO     | Murray.main:evaluate_sensitivity:731 | Period 60 completed for size 120. MDE found: None with p-value: None
2025-07-06 15:49:51 | INFO     | Murray.main:evaluate_sensitivity:731 | Period 30 completed for size 122. MDE found: 0.14 with p-value: 0.0949
2025-07-06 15:50:02 | INFO     | Murray.main:evaluate_sensitivity:731 | Period 40 completed for size 122. MDE found: 0.04 with p-value: 0.0847
2025-07-06 15:50:13 | INFO     | Murray.main:evaluate_sensitivity:731 | Period 50 completed for size 122. MDE found: 0.08 with p-value: 0.0932
2025-07-06 15:50:24 | INFO     | Murray.main:evaluate_sensitivity:731 | Period 60 completed for size 122. MDE found: 0.12 with p-value: 0.0973
2025-07-06 15:50:35 | INFO     | Murray.main:evaluate_sensitivity:731 | Period 30 completed for size 123. MDE found: None with p-value: None
2025-07-06 15:50:45 | INFO     | Murray.main:evaluate_sensitivity:731 | Period 40 completed for size 123. MDE found: 0.01 with p-value: 0.0988
2025-07-06 15:50:56 | INFO     | Murray.main:evaluate_sensitivity:731 | Period 50 completed for size 123. MDE found: 0.060000000000000005 with p-value: 0.0935
2025-07-06 15:51:07 | INFO     | Murray.main:evaluate_sensitivity:731 | Period 60 completed for size 123. MDE found: 0.09999999999999999 with p-value: 0.0954
2025-07-06 15:51:18 | INFO     | Murray.main:evaluate_sensitivity:731 | Period 30 completed for size 126. MDE found: None with p-value: None
2025-07-06 15:51:29 | INFO     | Murray.main:evaluate_sensitivity:731 | Period 40 completed for size 126. MDE found: 0.02 with p-value: 0.0915
2025-07-06 15:51:40 | INFO     | Murray.main:evaluate_sensitivity:731 | Period 50 completed for size 126. MDE found: 0.060000000000000005 with p-value: 0.0878
2025-07-06 15:51:51 | INFO     | Murray.main:evaluate_sensitivity:731 | Period 60 completed for size 126. MDE found: 0.09999999999999999 with p-value: 0.096
2025-07-06 15:51:51 | INFO     | Murray.main:evaluate_sensitivity:744 | evaluate_sensitivity completed successfully.
2025-07-06 15:51:51 | INFO     | Murray.main:run_geo_analysis_streamlit_app:830 | Sensitivity evaluation completed successfully.
2025-07-06 15:51:51 | INFO     | Murray.main:run_geo_analysis_streamlit_app:840 | run_geo_analysis_streamlit_app completed successfully
2025-07-06 15:52:48 | INFO     | Murray.main:BetterGroups:477 | Processed 34000/170000 groups
2025-07-06 15:56:45 | INFO     | Murray.main:BetterGroups:477 | Processed 51000/170000 groups
2025-07-06 16:00:43 | INFO     | Murray.main:BetterGroups:477 | Processed 68000/170000 groups
2025-07-06 16:04:47 | INFO     | Murray.main:BetterGroups:477 | Processed 85000/170000 groups
2025-07-06 16:08:54 | INFO     | Murray.main:BetterGroups:477 | Processed 102000/170000 groups
2025-07-06 16:12:49 | INFO     | Murray.main:BetterGroups:477 | Processed 119000/170000 groups
2025-07-06 16:16:45 | INFO     | Murray.main:BetterGroups:477 | Processed 136000/170000 groups
2025-07-06 16:20:46 | INFO     | Murray.main:BetterGroups:477 | Processed 153000/170000 groups
2025-07-06 16:24:46 | INFO     | Murray.main:BetterGroups:477 | Processed 170000/170000 groups
2025-07-06 16:24:46 | INFO     | Murray.main:BetterGroups:479 | All groups processed. Results count: 170000
2025-07-06 16:24:46 | INFO     | Murray.main:BetterGroups:482 | Organizing results by size...
2025-07-06 16:24:46 | INFO     | Murray.main:BetterGroups:509 | Best result for size 115: MAPE=1184927748590.0640, SMAPE=193.1776, Holdout=70.47%
2025-07-06 16:24:46 | INFO     | Murray.main:BetterGroups:509 | Best result for size 116: MAPE=1677216071305.2822, SMAPE=193.3764, Holdout=70.11%
2025-07-06 16:24:46 | INFO     | Murray.main:BetterGroups:509 | Best result for size 117: MAPE=1262308999950.2207, SMAPE=193.2726, Holdout=70.10%
2025-07-06 16:24:46 | INFO     | Murray.main:BetterGroups:509 | Best result for size 118: MAPE=2003968099315.3306, SMAPE=193.5130, Holdout=70.32%
2025-07-06 16:24:46 | INFO     | Murray.main:BetterGroups:509 | Best result for size 119: MAPE=1487689814316.4583, SMAPE=193.1370, Holdout=70.33%
2025-07-06 16:24:46 | INFO     | Murray.main:BetterGroups:509 | Best result for size 120: MAPE=1874994403191.6665, SMAPE=193.1184, Holdout=71.16%
2025-07-06 16:24:46 | INFO     | Murray.main:BetterGroups:509 | Best result for size 121: MAPE=2708172201466.6411, SMAPE=193.4894, Holdout=70.38%
2025-07-06 16:24:46 | INFO     | Murray.main:BetterGroups:509 | Best result for size 123: MAPE=3986734527250.8760, SMAPE=193.4196, Holdout=70.38%
2025-07-06 16:24:46 | INFO     | Murray.main:BetterGroups:509 | Best result for size 124: MAPE=2590282957138.0029, SMAPE=193.2488, Holdout=70.15%
2025-07-06 16:24:46 | INFO     | Murray.main:run_geo_analysis_streamlit_app:821 | BetterGroups completed successfully. Results for 9 sizes
2025-07-06 16:24:46 | INFO     | Murray.main:run_geo_analysis_streamlit_app:824 | Step 3: Evaluating sensitivity for different deltas and periods.....
2025-07-06 16:24:50 | INFO     | Murray.main:evaluate_sensitivity:731 | Period 30 completed for size 115. MDE found: 0.08 with p-value: 0.097
2025-07-06 16:24:54 | INFO     | Murray.main:evaluate_sensitivity:731 | Period 40 completed for size 115. MDE found: 0.01 with p-value: 0.0743
2025-07-06 16:24:58 | INFO     | Murray.main:evaluate_sensitivity:731 | Period 50 completed for size 115. MDE found: 0.02 with p-value: 0.0884
2025-07-06 16:25:02 | INFO     | Murray.main:evaluate_sensitivity:731 | Period 60 completed for size 115. MDE found: 0.04 with p-value: 0.0993
2025-07-06 16:25:06 | INFO     | Murray.main:evaluate_sensitivity:731 | Period 30 completed for size 116. MDE found: 0.04 with p-value: 0.0906
2025-07-06 16:25:10 | INFO     | Murray.main:evaluate_sensitivity:731 | Period 40 completed for size 116. MDE found: 0.01 with p-value: 0.0417
2025-07-06 16:25:13 | INFO     | Murray.main:evaluate_sensitivity:731 | Period 50 completed for size 116. MDE found: 0.01 with p-value: 0.0666
2025-07-06 16:25:17 | INFO     | Murray.main:evaluate_sensitivity:731 | Period 60 completed for size 116. MDE found: 0.02 with p-value: 0.0947
2025-07-06 16:25:21 | INFO     | Murray.main:evaluate_sensitivity:731 | Period 30 completed for size 117. MDE found: 0.06999999999999999 with p-value: 0.0906
2025-07-06 16:25:25 | INFO     | Murray.main:evaluate_sensitivity:731 | Period 40 completed for size 117. MDE found: 0.01 with p-value: 0.0509
2025-07-06 16:25:29 | INFO     | Murray.main:evaluate_sensitivity:731 | Period 50 completed for size 117. MDE found: 0.01 with p-value: 0.0841
2025-07-06 16:25:33 | INFO     | Murray.main:evaluate_sensitivity:731 | Period 60 completed for size 117. MDE found: 0.03 with p-value: 0.0925
2025-07-06 16:25:36 | INFO     | Murray.main:evaluate_sensitivity:731 | Period 30 completed for size 118. MDE found: 0.12 with p-value: 0.091
2025-07-06 16:25:40 | INFO     | Murray.main:evaluate_sensitivity:731 | Period 40 completed for size 118. MDE found: 0.01 with p-value: 0.0539
2025-07-06 16:25:44 | INFO     | Murray.main:evaluate_sensitivity:731 | Period 50 completed for size 118. MDE found: 0.01 with p-value: 0.0968
2025-07-06 16:25:48 | INFO     | Murray.main:evaluate_sensitivity:731 | Period 60 completed for size 118. MDE found: 0.05 with p-value: 0.0907
2025-07-06 16:25:52 | INFO     | Murray.main:evaluate_sensitivity:731 | Period 30 completed for size 119. MDE found: 0.12 with p-value: 0.0982
2025-07-06 16:25:56 | INFO     | Murray.main:evaluate_sensitivity:731 | Period 40 completed for size 119. MDE found: 0.01 with p-value: 0.0684
2025-07-06 16:26:00 | INFO     | Murray.main:evaluate_sensitivity:731 | Period 50 completed for size 119. MDE found: 0.02 with p-value: 0.0921
2025-07-06 16:26:04 | INFO     | Murray.main:evaluate_sensitivity:731 | Period 60 completed for size 119. MDE found: 0.05 with p-value: 0.0923
2025-07-06 16:26:08 | INFO     | Murray.main:evaluate_sensitivity:731 | Period 30 completed for size 120. MDE found: None with p-value: None
2025-07-06 16:26:12 | INFO     | Murray.main:evaluate_sensitivity:731 | Period 40 completed for size 120. MDE found: 0.02 with p-value: 0.0938
2025-07-06 16:26:15 | INFO     | Murray.main:evaluate_sensitivity:731 | Period 50 completed for size 120. MDE found: 0.05 with p-value: 0.0992
2025-07-06 16:26:19 | INFO     | Murray.main:evaluate_sensitivity:731 | Period 60 completed for size 120. MDE found: 0.09 with p-value: 0.0834
2025-07-06 16:26:23 | INFO     | Murray.main:evaluate_sensitivity:731 | Period 30 completed for size 121. MDE found: None with p-value: None
2025-07-06 16:26:27 | INFO     | Murray.main:evaluate_sensitivity:731 | Period 40 completed for size 121. MDE found: 0.09 with p-value: 0.0963
2025-07-06 16:26:31 | INFO     | Murray.main:evaluate_sensitivity:731 | Period 50 completed for size 121. MDE found: 0.14 with p-value: 0.0912
2025-07-06 16:26:35 | INFO     | Murray.main:evaluate_sensitivity:731 | Period 60 completed for size 121. MDE found: None with p-value: None
2025-07-06 16:26:39 | INFO     | Murray.main:evaluate_sensitivity:731 | Period 30 completed for size 123. MDE found: None with p-value: None
2025-07-06 16:26:43 | INFO     | Murray.main:evaluate_sensitivity:731 | Period 40 completed for size 123. MDE found: 0.14 with p-value: 0.0936
2025-07-06 16:26:46 | INFO     | Murray.main:evaluate_sensitivity:731 | Period 50 completed for size 123. MDE found: None with p-value: None
2025-07-06 16:26:50 | INFO     | Murray.main:evaluate_sensitivity:731 | Period 60 completed for size 123. MDE found: None with p-value: None
2025-07-06 16:26:54 | INFO     | Murray.main:evaluate_sensitivity:731 | Period 30 completed for size 124. MDE found: None with p-value: None
2025-07-06 16:26:58 | INFO     | Murray.main:evaluate_sensitivity:731 | Period 40 completed for size 124. MDE found: 0.09999999999999999 with p-value: 0.0899
2025-07-06 16:27:02 | INFO     | Murray.main:evaluate_sensitivity:731 | Period 50 completed for size 124. MDE found: 0.14 with p-value: 0.0984
2025-07-06 16:27:06 | INFO     | Murray.main:evaluate_sensitivity:731 | Period 60 completed for size 124. MDE found: None with p-value: None
2025-07-06 16:27:06 | INFO     | Murray.main:evaluate_sensitivity:744 | evaluate_sensitivity completed successfully.
2025-07-06 16:27:06 | INFO     | Murray.main:run_geo_analysis_streamlit_app:830 | Sensitivity evaluation completed successfully.
2025-07-06 16:27:06 | INFO     | Murray.main:run_geo_analysis_streamlit_app:840 | run_geo_analysis_streamlit_app completed successfully
2025-07-06 16:37:37 | ERROR    | Murray.auxiliary:cleaned_data:132 | An unexpected error occurred: 'location'
2025-07-06 16:37:38 | WARNING  | Murray.auxiliary:handle_duplicates:31 | Found 17177 duplicate entries in the data. Aggregating by mean.
2025-07-06 16:37:43 | WARNING  | Murray.auxiliary:handle_duplicates:31 | Found 17177 duplicate entries in the data. Aggregating by mean.
2025-07-06 16:37:46 | WARNING  | Murray.auxiliary:handle_duplicates:31 | Found 17177 duplicate entries in the data. Aggregating by mean.
2025-07-06 16:37:50 | WARNING  | Murray.auxiliary:handle_duplicates:31 | Found 17177 duplicate entries in the data. Aggregating by mean.
2025-07-06 16:37:52 | WARNING  | Murray.auxiliary:handle_duplicates:31 | Found 17177 duplicate entries in the data. Aggregating by mean.
2025-07-06 16:37:52 | INFO     | Murray.metrics:update_metrics:57 | New record added: {'timestamp': '2025-07-06 16:37:52', 'section': 'experimental_design', 'date': '2025-07-06', 'day_of_week': 'Sunday', 'hour': 16}
2025-07-06 16:37:52 | INFO     | Murray.main:run_geo_analysis_streamlit_app:787 | Starting run_geo_analysis_streamlit_app............
2025-07-06 16:37:52 | INFO     | Murray.main:run_geo_analysis_streamlit_app:798 | Step 1: Generating market correlations.....
2025-07-06 16:37:53 | INFO     | Murray.main:run_geo_analysis_streamlit_app:800 | Market correlations generated successfully.
2025-07-06 16:37:53 | INFO     | Murray.main:run_geo_analysis_streamlit_app:806 | Step 2: Finding best groups for control and treatment.....
2025-07-06 16:37:53 | INFO     | Murray.main:BetterGroups:408 | Number of locations: 329
2025-07-06 16:37:53 | INFO     | Murray.main:BetterGroups:410 | Maximum treatment group size: 148
2025-07-06 16:37:53 | INFO     | Murray.main:BetterGroups:412 | Minimum treatment group size: 115
2025-07-06 16:37:53 | INFO     | Murray.main:BetterGroups:429 | Generating possible treatment groups...
2025-07-06 16:37:53 | INFO     | Murray.main:BetterGroups:433 | Generated 5000 groups for size 115
2025-07-06 16:37:53 | INFO     | Murray.main:BetterGroups:433 | Generated 5000 groups for size 116
2025-07-06 16:37:54 | INFO     | Murray.main:BetterGroups:433 | Generated 5000 groups for size 117
2025-07-06 16:37:54 | INFO     | Murray.main:BetterGroups:433 | Generated 5000 groups for size 118
2025-07-06 16:37:54 | INFO     | Murray.main:BetterGroups:433 | Generated 5000 groups for size 119
2025-07-06 16:37:54 | INFO     | Murray.main:BetterGroups:433 | Generated 5000 groups for size 120
2025-07-06 16:37:54 | INFO     | Murray.main:BetterGroups:433 | Generated 5000 groups for size 121
2025-07-06 16:37:55 | INFO     | Murray.main:BetterGroups:433 | Generated 5000 groups for size 122
2025-07-06 16:37:55 | INFO     | Murray.main:BetterGroups:433 | Generated 5000 groups for size 123
2025-07-06 16:37:55 | INFO     | Murray.main:BetterGroups:433 | Generated 5000 groups for size 124
2025-07-06 16:37:55 | INFO     | Murray.main:BetterGroups:433 | Generated 5000 groups for size 125
2025-07-06 16:37:56 | INFO     | Murray.main:BetterGroups:433 | Generated 5000 groups for size 126
2025-07-06 16:37:56 | INFO     | Murray.main:BetterGroups:433 | Generated 5000 groups for size 127
2025-07-06 16:37:57 | INFO     | Murray.main:BetterGroups:433 | Generated 5000 groups for size 128
2025-07-06 16:37:57 | INFO     | Murray.main:BetterGroups:433 | Generated 5000 groups for size 129
2025-07-06 16:37:57 | INFO     | Murray.main:BetterGroups:433 | Generated 5000 groups for size 130
2025-07-06 16:37:58 | INFO     | Murray.main:BetterGroups:433 | Generated 5000 groups for size 131
2025-07-06 16:37:58 | INFO     | Murray.main:BetterGroups:433 | Generated 5000 groups for size 132
2025-07-06 16:37:58 | INFO     | Murray.main:BetterGroups:433 | Generated 5000 groups for size 133
2025-07-06 16:37:59 | INFO     | Murray.main:BetterGroups:433 | Generated 5000 groups for size 134
2025-07-06 16:37:59 | INFO     | Murray.main:BetterGroups:433 | Generated 5000 groups for size 135
2025-07-06 16:37:59 | INFO     | Murray.main:BetterGroups:433 | Generated 5000 groups for size 136
2025-07-06 16:37:59 | INFO     | Murray.main:BetterGroups:433 | Generated 5000 groups for size 137
2025-07-06 16:38:00 | INFO     | Murray.main:BetterGroups:433 | Generated 5000 groups for size 138
2025-07-06 16:38:00 | INFO     | Murray.main:BetterGroups:433 | Generated 5000 groups for size 139
2025-07-06 16:38:01 | INFO     | Murray.main:BetterGroups:433 | Generated 5000 groups for size 140
2025-07-06 16:38:01 | INFO     | Murray.main:BetterGroups:433 | Generated 5000 groups for size 141
2025-07-06 16:38:02 | INFO     | Murray.main:BetterGroups:433 | Generated 5000 groups for size 142
2025-07-06 16:38:02 | INFO     | Murray.main:BetterGroups:433 | Generated 5000 groups for size 143
2025-07-06 16:38:02 | INFO     | Murray.main:BetterGroups:433 | Generated 5000 groups for size 144
2025-07-06 16:38:02 | INFO     | Murray.main:BetterGroups:433 | Generated 5000 groups for size 145
2025-07-06 16:38:03 | INFO     | Murray.main:BetterGroups:433 | Generated 5000 groups for size 146
2025-07-06 16:38:03 | INFO     | Murray.main:BetterGroups:433 | Generated 5000 groups for size 147
2025-07-06 16:38:03 | INFO     | Murray.main:BetterGroups:433 | Generated 5000 groups for size 148
2025-07-06 16:38:03 | INFO     | Murray.main:BetterGroups:435 | Total possible groups generated: 170000
2025-07-06 16:38:07 | INFO     | Murray.main:BetterGroups:455 | Tasks submitted, starting to collect results...
2025-07-06 16:38:07 | INFO     | Murray.main:BetterGroups:477 | Processed 1/170000 groups
2025-07-06 16:40:31 | INFO     | Murray.main:BetterGroups:477 | Processed 17000/170000 groups
2025-07-06 16:43:01 | INFO     | Murray.main:BetterGroups:477 | Processed 34000/170000 groups
2025-07-06 16:45:40 | INFO     | Murray.main:BetterGroups:477 | Processed 51000/170000 groups
2025-07-06 16:48:21 | INFO     | Murray.main:BetterGroups:477 | Processed 68000/170000 groups
2025-07-06 16:50:55 | INFO     | Murray.main:BetterGroups:477 | Processed 85000/170000 groups
2025-07-06 16:54:06 | INFO     | Murray.main:BetterGroups:477 | Processed 102000/170000 groups
2025-07-06 16:56:31 | INFO     | Murray.main:BetterGroups:477 | Processed 119000/170000 groups
2025-07-06 16:58:49 | INFO     | Murray.main:BetterGroups:477 | Processed 136000/170000 groups
2025-07-06 17:01:10 | INFO     | Murray.main:BetterGroups:477 | Processed 153000/170000 groups
2025-07-06 17:03:32 | INFO     | Murray.main:BetterGroups:477 | Processed 170000/170000 groups
2025-07-06 17:03:32 | INFO     | Murray.main:BetterGroups:479 | All groups processed. Results count: 170000
2025-07-06 17:03:32 | INFO     | Murray.main:BetterGroups:482 | Organizing results by size...
2025-07-06 17:03:32 | INFO     | Murray.main:BetterGroups:509 | Best result for size 115: MAPE=1562915537130.9260, SMAPE=193.2874, Holdout=71.55%
2025-07-06 17:03:32 | INFO     | Murray.main:BetterGroups:509 | Best result for size 116: MAPE=1382931772529.0383, SMAPE=193.1466, Holdout=71.77%
2025-07-06 17:03:32 | INFO     | Murray.main:BetterGroups:509 | Best result for size 117: MAPE=1474880885491.3345, SMAPE=193.2123, Holdout=71.68%
2025-07-06 17:03:32 | INFO     | Murray.main:BetterGroups:509 | Best result for size 118: MAPE=1378788572270.8911, SMAPE=193.1214, Holdout=70.23%
2025-07-06 17:03:32 | INFO     | Murray.main:BetterGroups:509 | Best result for size 119: MAPE=1442532785729.8408, SMAPE=193.1044, Holdout=70.21%
2025-07-06 17:03:32 | INFO     | Murray.main:BetterGroups:509 | Best result for size 120: MAPE=2835976701693.7446, SMAPE=193.2276, Holdout=71.79%
2025-07-06 17:03:32 | INFO     | Murray.main:BetterGroups:509 | Best result for size 121: MAPE=2466318144442.5757, SMAPE=193.3557, Holdout=70.30%
2025-07-06 17:03:32 | INFO     | Murray.main:BetterGroups:509 | Best result for size 122: MAPE=3608757585993.8584, SMAPE=193.6713, Holdout=70.95%
2025-07-06 17:03:32 | INFO     | Murray.main:BetterGroups:509 | Best result for size 124: MAPE=2803550964768.3369, SMAPE=193.1612, Holdout=70.01%
2025-07-06 17:03:32 | INFO     | Murray.main:run_geo_analysis_streamlit_app:821 | BetterGroups completed successfully. Results for 9 sizes
2025-07-06 17:03:32 | INFO     | Murray.main:run_geo_analysis_streamlit_app:824 | Step 3: Evaluating sensitivity for different deltas and periods.....
2025-07-06 17:03:34 | INFO     | Murray.main:evaluate_sensitivity:731 | Period 30 completed for size 115. MDE found: 0.02 with p-value: 0.089
2025-07-06 17:03:36 | INFO     | Murray.main:evaluate_sensitivity:731 | Period 40 completed for size 115. MDE found: 0.01 with p-value: 0.0066
2025-07-06 17:03:38 | INFO     | Murray.main:evaluate_sensitivity:731 | Period 50 completed for size 115. MDE found: 0.01 with p-value: 0.0138
2025-07-06 17:03:40 | INFO     | Murray.main:evaluate_sensitivity:731 | Period 60 completed for size 115. MDE found: 0.01 with p-value: 0.0304
2025-07-06 17:03:42 | INFO     | Murray.main:evaluate_sensitivity:731 | Period 30 completed for size 116. MDE found: 0.09 with p-value: 0.0808
2025-07-06 17:03:43 | INFO     | Murray.main:evaluate_sensitivity:731 | Period 40 completed for size 116. MDE found: 0.01 with p-value: 0.0883
2025-07-06 17:03:45 | INFO     | Murray.main:evaluate_sensitivity:731 | Period 50 completed for size 116. MDE found: 0.03 with p-value: 0.0968
2025-07-06 17:03:47 | INFO     | Murray.main:evaluate_sensitivity:731 | Period 60 completed for size 116. MDE found: 0.06999999999999999 with p-value: 0.0799
2025-07-06 17:03:49 | INFO     | Murray.main:evaluate_sensitivity:731 | Period 30 completed for size 117. MDE found: 0.01 with p-value: 0.0861
2025-07-06 17:03:51 | INFO     | Murray.main:evaluate_sensitivity:731 | Period 40 completed for size 117. MDE found: 0.01 with p-value: 0.023
2025-07-06 17:03:53 | INFO     | Murray.main:evaluate_sensitivity:731 | Period 50 completed for size 117. MDE found: 0.01 with p-value: 0.0403
2025-07-06 17:03:55 | INFO     | Murray.main:evaluate_sensitivity:731 | Period 60 completed for size 117. MDE found: 0.01 with p-value: 0.0719
2025-07-06 17:03:56 | INFO     | Murray.main:evaluate_sensitivity:731 | Period 30 completed for size 118. MDE found: 0.09 with p-value: 0.0926
2025-07-06 17:03:59 | INFO     | Murray.main:evaluate_sensitivity:731 | Period 40 completed for size 118. MDE found: 0.01 with p-value: 0.0621
2025-07-06 17:04:01 | INFO     | Murray.main:evaluate_sensitivity:731 | Period 50 completed for size 118. MDE found: 0.02 with p-value: 0.092
2025-07-06 17:04:03 | INFO     | Murray.main:evaluate_sensitivity:731 | Period 60 completed for size 118. MDE found: 0.05 with p-value: 0.0766
2025-07-06 17:04:05 | INFO     | Murray.main:evaluate_sensitivity:731 | Period 30 completed for size 119. MDE found: None with p-value: None
2025-07-06 17:04:07 | INFO     | Murray.main:evaluate_sensitivity:731 | Period 40 completed for size 119. MDE found: 0.01 with p-value: 0.083
2025-07-06 17:04:08 | INFO     | Murray.main:evaluate_sensitivity:731 | Period 50 completed for size 119. MDE found: 0.03 with p-value: 0.0916
2025-07-06 17:04:10 | INFO     | Murray.main:evaluate_sensitivity:731 | Period 60 completed for size 119. MDE found: 0.060000000000000005 with p-value: 0.0869
2025-07-06 17:04:12 | INFO     | Murray.main:evaluate_sensitivity:731 | Period 30 completed for size 120. MDE found: None with p-value: None
2025-07-06 17:04:14 | INFO     | Murray.main:evaluate_sensitivity:731 | Period 40 completed for size 120. MDE found: 0.08 with p-value: 0.0947
2025-07-06 17:04:16 | INFO     | Murray.main:evaluate_sensitivity:731 | Period 50 completed for size 120. MDE found: 0.12 with p-value: 0.0954
2025-07-06 17:04:18 | INFO     | Murray.main:evaluate_sensitivity:731 | Period 60 completed for size 120. MDE found: None with p-value: None
2025-07-06 17:04:20 | INFO     | Murray.main:evaluate_sensitivity:731 | Period 30 completed for size 121. MDE found: 0.14 with p-value: 0.0929
2025-07-06 17:04:21 | INFO     | Murray.main:evaluate_sensitivity:731 | Period 40 completed for size 121. MDE found: 0.01 with p-value: 0.054
2025-07-06 17:04:23 | INFO     | Murray.main:evaluate_sensitivity:731 | Period 50 completed for size 121. MDE found: 0.01 with p-value: 0.0995
2025-07-06 17:04:25 | INFO     | Murray.main:evaluate_sensitivity:731 | Period 60 completed for size 121. MDE found: 0.060000000000000005 with p-value: 0.0893
2025-07-06 17:04:27 | INFO     | Murray.main:evaluate_sensitivity:731 | Period 30 completed for size 122. MDE found: None with p-value: None
2025-07-06 17:04:29 | INFO     | Murray.main:evaluate_sensitivity:731 | Period 40 completed for size 122. MDE found: 0.04 with p-value: 0.0951
2025-07-06 17:04:31 | INFO     | Murray.main:evaluate_sensitivity:731 | Period 50 completed for size 122. MDE found: 0.12 with p-value: 0.0865
2025-07-06 17:04:33 | INFO     | Murray.main:evaluate_sensitivity:731 | Period 60 completed for size 122. MDE found: None with p-value: None
2025-07-06 17:04:35 | INFO     | Murray.main:evaluate_sensitivity:731 | Period 30 completed for size 124. MDE found: None with p-value: None
2025-07-06 17:04:37 | INFO     | Murray.main:evaluate_sensitivity:731 | Period 40 completed for size 124. MDE found: 0.09 with p-value: 0.0899
2025-07-06 17:04:39 | INFO     | Murray.main:evaluate_sensitivity:731 | Period 50 completed for size 124. MDE found: 0.13 with p-value: 0.0979
2025-07-06 17:04:41 | INFO     | Murray.main:evaluate_sensitivity:731 | Period 60 completed for size 124. MDE found: None with p-value: None
2025-07-06 17:04:41 | INFO     | Murray.main:evaluate_sensitivity:744 | evaluate_sensitivity completed successfully.
2025-07-06 17:04:41 | INFO     | Murray.main:run_geo_analysis_streamlit_app:830 | Sensitivity evaluation completed successfully.
2025-07-06 17:04:41 | INFO     | Murray.main:run_geo_analysis_streamlit_app:840 | run_geo_analysis_streamlit_app completed successfully
2025-07-06 20:03:12 | WARNING  | Murray.auxiliary:handle_duplicates:31 | Found 17177 duplicate entries in the data. Aggregating by mean.
2025-07-06 20:03:28 | WARNING  | Murray.auxiliary:handle_duplicates:31 | Found 17177 duplicate entries in the data. Aggregating by mean.
2025-07-06 20:03:33 | WARNING  | Murray.auxiliary:handle_duplicates:31 | Found 17177 duplicate entries in the data. Aggregating by mean.
2025-07-06 20:09:03 | WARNING  | Murray.auxiliary:handle_duplicates:31 | Found 17177 duplicate entries in the data. Aggregating by mean.
2025-07-06 20:09:03 | WARNING  | Murray.auxiliary:handle_duplicates:31 | Found 17177 duplicate entries in the data. Aggregating by mean.
2025-07-06 20:09:09 | WARNING  | Murray.auxiliary:handle_duplicates:31 | Found 17177 duplicate entries in the data. Aggregating by mean.
2025-07-06 20:09:11 | WARNING  | Murray.auxiliary:handle_duplicates:31 | Found 17177 duplicate entries in the data. Aggregating by mean.
2025-07-06 20:09:15 | WARNING  | Murray.auxiliary:handle_duplicates:31 | Found 17177 duplicate entries in the data. Aggregating by mean.
2025-07-06 20:09:15 | WARNING  | Murray.auxiliary:handle_duplicates:31 | Found 17177 duplicate entries in the data. Aggregating by mean.
2025-07-06 20:09:18 | WARNING  | Murray.auxiliary:handle_duplicates:31 | Found 17177 duplicate entries in the data. Aggregating by mean.
2025-07-06 20:09:18 | INFO     | Murray.metrics:update_metrics:57 | New record added: {'timestamp': '2025-07-06 20:09:18', 'section': 'experimental_design', 'date': '2025-07-06', 'day_of_week': 'Sunday', 'hour': 20}
2025-07-06 20:09:18 | INFO     | Murray.main:run_geo_analysis_streamlit_app:787 | Starting run_geo_analysis_streamlit_app............
2025-07-06 20:09:18 | INFO     | Murray.main:run_geo_analysis_streamlit_app:798 | Step 1: Generating market correlations.....
2025-07-06 20:09:18 | INFO     | Murray.main:run_geo_analysis_streamlit_app:800 | Market correlations generated successfully.
2025-07-06 20:09:18 | INFO     | Murray.main:run_geo_analysis_streamlit_app:806 | Step 2: Finding best groups for control and treatment.....
2025-07-06 20:09:18 | INFO     | Murray.main:BetterGroups:408 | Number of locations: 329
2025-07-06 20:09:18 | INFO     | Murray.main:BetterGroups:410 | Maximum treatment group size: 148
2025-07-06 20:09:18 | INFO     | Murray.main:BetterGroups:412 | Minimum treatment group size: 115
2025-07-06 20:09:18 | INFO     | Murray.main:BetterGroups:429 | Generating possible treatment groups...
2025-07-06 20:09:18 | INFO     | Murray.main:BetterGroups:433 | Generated 5000 groups for size 115
2025-07-06 20:09:18 | INFO     | Murray.main:BetterGroups:433 | Generated 5000 groups for size 116
2025-07-06 20:09:18 | INFO     | Murray.main:BetterGroups:433 | Generated 5000 groups for size 117
2025-07-06 20:09:18 | INFO     | Murray.main:BetterGroups:433 | Generated 5000 groups for size 118
2025-07-06 20:09:19 | INFO     | Murray.main:BetterGroups:433 | Generated 5000 groups for size 119
2025-07-06 20:09:19 | INFO     | Murray.main:BetterGroups:433 | Generated 5000 groups for size 120
2025-07-06 20:09:19 | INFO     | Murray.main:BetterGroups:433 | Generated 5000 groups for size 121
2025-07-06 20:09:19 | INFO     | Murray.main:BetterGroups:433 | Generated 5000 groups for size 122
2025-07-06 20:09:19 | INFO     | Murray.main:BetterGroups:433 | Generated 5000 groups for size 123
2025-07-06 20:09:19 | INFO     | Murray.main:BetterGroups:433 | Generated 5000 groups for size 124
2025-07-06 20:09:19 | INFO     | Murray.main:BetterGroups:433 | Generated 5000 groups for size 125
2025-07-06 20:09:20 | INFO     | Murray.main:BetterGroups:433 | Generated 5000 groups for size 126
2025-07-06 20:09:20 | INFO     | Murray.main:BetterGroups:433 | Generated 5000 groups for size 127
2025-07-06 20:09:20 | INFO     | Murray.main:BetterGroups:433 | Generated 5000 groups for size 128
2025-07-06 20:09:20 | INFO     | Murray.main:BetterGroups:433 | Generated 5000 groups for size 129
2025-07-06 20:09:20 | INFO     | Murray.main:BetterGroups:433 | Generated 5000 groups for size 130
2025-07-06 20:09:20 | INFO     | Murray.main:BetterGroups:433 | Generated 5000 groups for size 131
2025-07-06 20:09:20 | INFO     | Murray.main:BetterGroups:433 | Generated 5000 groups for size 132
2025-07-06 20:09:20 | INFO     | Murray.main:BetterGroups:433 | Generated 5000 groups for size 133
2025-07-06 20:09:21 | INFO     | Murray.main:BetterGroups:433 | Generated 5000 groups for size 134
2025-07-06 20:09:21 | INFO     | Murray.main:BetterGroups:433 | Generated 5000 groups for size 135
2025-07-06 20:09:21 | INFO     | Murray.main:BetterGroups:433 | Generated 5000 groups for size 136
2025-07-06 20:09:21 | INFO     | Murray.main:BetterGroups:433 | Generated 5000 groups for size 137
2025-07-06 20:09:21 | INFO     | Murray.main:BetterGroups:433 | Generated 5000 groups for size 138
2025-07-06 20:09:21 | INFO     | Murray.main:BetterGroups:433 | Generated 5000 groups for size 139
2025-07-06 20:09:21 | INFO     | Murray.main:BetterGroups:433 | Generated 5000 groups for size 140
2025-07-06 20:09:22 | INFO     | Murray.main:BetterGroups:433 | Generated 5000 groups for size 141
2025-07-06 20:09:22 | INFO     | Murray.main:BetterGroups:433 | Generated 5000 groups for size 142
2025-07-06 20:09:22 | INFO     | Murray.main:BetterGroups:433 | Generated 5000 groups for size 143
2025-07-06 20:09:22 | INFO     | Murray.main:BetterGroups:433 | Generated 5000 groups for size 144
2025-07-06 20:09:22 | INFO     | Murray.main:BetterGroups:433 | Generated 5000 groups for size 145
2025-07-06 20:09:22 | INFO     | Murray.main:BetterGroups:433 | Generated 5000 groups for size 146
2025-07-06 20:09:22 | INFO     | Murray.main:BetterGroups:433 | Generated 5000 groups for size 147
2025-07-06 20:09:23 | INFO     | Murray.main:BetterGroups:433 | Generated 5000 groups for size 148
2025-07-06 20:09:23 | INFO     | Murray.main:BetterGroups:435 | Total possible groups generated: 170000
2025-07-06 20:09:27 | INFO     | Murray.main:BetterGroups:455 | Tasks submitted, starting to collect results...
2025-07-06 20:09:27 | INFO     | Murray.main:BetterGroups:477 | Processed 1/170000 groups
2025-07-06 20:11:49 | INFO     | Murray.main:BetterGroups:477 | Processed 17000/170000 groups
2025-07-06 20:14:18 | INFO     | Murray.main:BetterGroups:477 | Processed 34000/170000 groups
2025-07-06 20:16:46 | INFO     | Murray.main:BetterGroups:477 | Processed 51000/170000 groups
2025-07-06 20:19:13 | INFO     | Murray.main:BetterGroups:477 | Processed 68000/170000 groups
2025-07-06 20:21:40 | INFO     | Murray.main:BetterGroups:477 | Processed 85000/170000 groups
2025-07-06 20:24:09 | INFO     | Murray.main:BetterGroups:477 | Processed 102000/170000 groups
2025-07-06 20:26:41 | INFO     | Murray.main:BetterGroups:477 | Processed 119000/170000 groups
2025-07-06 20:29:16 | INFO     | Murray.main:BetterGroups:477 | Processed 136000/170000 groups
2025-07-06 20:31:53 | INFO     | Murray.main:BetterGroups:477 | Processed 153000/170000 groups
2025-07-06 20:34:36 | INFO     | Murray.main:BetterGroups:477 | Processed 170000/170000 groups
2025-07-06 20:34:36 | INFO     | Murray.main:BetterGroups:479 | All groups processed. Results count: 170000
2025-07-06 20:34:36 | INFO     | Murray.main:BetterGroups:482 | Organizing results by size...
2025-07-06 20:34:36 | INFO     | Murray.main:BetterGroups:509 | Best result for size 115: MAPE=1423265567291.2407, SMAPE=193.1961, Holdout=70.54%
2025-07-06 20:34:36 | INFO     | Murray.main:BetterGroups:509 | Best result for size 116: MAPE=1424763499112.3269, SMAPE=193.5233, Holdout=70.08%
2025-07-06 20:34:36 | INFO     | Murray.main:BetterGroups:509 | Best result for size 117: MAPE=1390302435201.5776, SMAPE=193.0238, Holdout=70.32%
2025-07-06 20:34:36 | INFO     | Murray.main:BetterGroups:509 | Best result for size 118: MAPE=2034703280868.2551, SMAPE=193.1329, Holdout=70.11%
2025-07-06 20:34:36 | INFO     | Murray.main:BetterGroups:509 | Best result for size 119: MAPE=1769935480414.9097, SMAPE=193.2289, Holdout=70.00%
2025-07-06 20:34:36 | INFO     | Murray.main:BetterGroups:509 | Best result for size 120: MAPE=2257623533370.0786, SMAPE=193.1411, Holdout=70.13%
2025-07-06 20:34:36 | INFO     | Murray.main:BetterGroups:509 | Best result for size 121: MAPE=1200491829233.2415, SMAPE=193.0968, Holdout=70.11%
2025-07-06 20:34:36 | INFO     | Murray.main:BetterGroups:509 | Best result for size 122: MAPE=3029460235100.3745, SMAPE=193.1562, Holdout=70.04%
2025-07-06 20:34:36 | INFO     | Murray.main:BetterGroups:509 | Best result for size 123: MAPE=3079166543036.5762, SMAPE=193.1992, Holdout=70.05%
2025-07-06 20:34:36 | INFO     | Murray.main:BetterGroups:509 | Best result for size 125: MAPE=3988255586372.1914, SMAPE=193.4743, Holdout=70.12%
2025-07-06 20:34:36 | INFO     | Murray.main:run_geo_analysis_streamlit_app:821 | BetterGroups completed successfully. Results for 10 sizes
2025-07-06 20:34:36 | INFO     | Murray.main:run_geo_analysis_streamlit_app:824 | Step 3: Evaluating sensitivity for different deltas and periods.....
2025-07-06 20:34:39 | INFO     | Murray.main:evaluate_sensitivity:731 | Period 30 completed for size 115. MDE found: 0.13 with p-value: 0.0755
2025-07-06 20:34:41 | INFO     | Murray.main:evaluate_sensitivity:731 | Period 40 completed for size 115. MDE found: 0.060000000000000005 with p-value: 0.0735
2025-07-06 20:34:43 | INFO     | Murray.main:evaluate_sensitivity:731 | Period 50 completed for size 115. MDE found: 0.09 with p-value: 0.0711
2025-07-06 20:34:45 | INFO     | Murray.main:evaluate_sensitivity:731 | Period 60 completed for size 115. MDE found: 0.12 with p-value: 0.0752
2025-07-06 20:34:47 | INFO     | Murray.main:evaluate_sensitivity:731 | Period 30 completed for size 116. MDE found: 0.06999999999999999 with p-value: 0.0767
2025-07-06 20:34:50 | INFO     | Murray.main:evaluate_sensitivity:731 | Period 40 completed for size 116. MDE found: 0.01 with p-value: 0.0456
2025-07-06 20:34:52 | INFO     | Murray.main:evaluate_sensitivity:731 | Period 50 completed for size 116. MDE found: 0.01 with p-value: 0.0786
2025-07-06 20:34:54 | INFO     | Murray.main:evaluate_sensitivity:731 | Period 60 completed for size 116. MDE found: 0.05 with p-value: 0.0724
2025-07-06 20:34:56 | INFO     | Murray.main:evaluate_sensitivity:731 | Period 30 completed for size 117. MDE found: 0.02 with p-value: 0.0794
2025-07-06 20:34:58 | INFO     | Murray.main:evaluate_sensitivity:731 | Period 40 completed for size 117. MDE found: 0.02 with p-value: 0.0749
2025-07-06 20:35:00 | INFO     | Murray.main:evaluate_sensitivity:731 | Period 50 completed for size 117. MDE found: 0.05 with p-value: 0.0701
2025-07-06 20:35:03 | INFO     | Murray.main:evaluate_sensitivity:731 | Period 60 completed for size 117. MDE found: 0.08 with p-value: 0.0714
2025-07-06 20:35:05 | INFO     | Murray.main:evaluate_sensitivity:731 | Period 30 completed for size 118. MDE found: 0.06999999999999999 with p-value: 0.0789
2025-07-06 20:35:07 | INFO     | Murray.main:evaluate_sensitivity:731 | Period 40 completed for size 118. MDE found: 0.01 with p-value: 0.0395
2025-07-06 20:35:10 | INFO     | Murray.main:evaluate_sensitivity:731 | Period 50 completed for size 118. MDE found: 0.01 with p-value: 0.0734
2025-07-06 20:35:13 | INFO     | Murray.main:evaluate_sensitivity:731 | Period 60 completed for size 118. MDE found: 0.05 with p-value: 0.0709
2025-07-06 20:35:15 | INFO     | Murray.main:evaluate_sensitivity:731 | Period 30 completed for size 119. MDE found: 0.11 with p-value: 0.0796
2025-07-06 20:35:17 | INFO     | Murray.main:evaluate_sensitivity:731 | Period 40 completed for size 119. MDE found: 0.01 with p-value: 0.0484
2025-07-06 20:35:19 | INFO     | Murray.main:evaluate_sensitivity:731 | Period 50 completed for size 119. MDE found: 0.02 with p-value: 0.0743
2025-07-06 20:35:21 | INFO     | Murray.main:evaluate_sensitivity:731 | Period 60 completed for size 119. MDE found: 0.05 with p-value: 0.0798
2025-07-06 20:35:24 | INFO     | Murray.main:evaluate_sensitivity:731 | Period 30 completed for size 120. MDE found: None with p-value: None
2025-07-06 20:35:26 | INFO     | Murray.main:evaluate_sensitivity:731 | Period 40 completed for size 120. MDE found: 0.09 with p-value: 0.079
2025-07-06 20:35:28 | INFO     | Murray.main:evaluate_sensitivity:731 | Period 50 completed for size 120. MDE found: 0.13 with p-value: 0.0783
2025-07-06 20:35:30 | INFO     | Murray.main:evaluate_sensitivity:731 | Period 60 completed for size 120. MDE found: None with p-value: None
2025-07-06 20:35:32 | INFO     | Murray.main:evaluate_sensitivity:731 | Period 30 completed for size 121. MDE found: None with p-value: None
2025-07-06 20:35:34 | INFO     | Murray.main:evaluate_sensitivity:731 | Period 40 completed for size 121. MDE found: 0.06999999999999999 with p-value: 0.0774
2025-07-06 20:35:37 | INFO     | Murray.main:evaluate_sensitivity:731 | Period 50 completed for size 121. MDE found: 0.09999999999999999 with p-value: 0.0703
2025-07-06 20:35:39 | INFO     | Murray.main:evaluate_sensitivity:731 | Period 60 completed for size 121. MDE found: 0.13 with p-value: 0.067
2025-07-06 20:35:41 | INFO     | Murray.main:evaluate_sensitivity:731 | Period 30 completed for size 122. MDE found: None with p-value: None
2025-07-06 20:35:44 | INFO     | Murray.main:evaluate_sensitivity:731 | Period 40 completed for size 122. MDE found: 0.06999999999999999 with p-value: 0.0764
2025-07-06 20:35:46 | INFO     | Murray.main:evaluate_sensitivity:731 | Period 50 completed for size 122. MDE found: 0.12 with p-value: 0.0797
2025-07-06 20:35:48 | INFO     | Murray.main:evaluate_sensitivity:731 | Period 60 completed for size 122. MDE found: None with p-value: None
2025-07-06 20:35:51 | INFO     | Murray.main:evaluate_sensitivity:731 | Period 30 completed for size 123. MDE found: None with p-value: None
2025-07-06 20:35:53 | INFO     | Murray.main:evaluate_sensitivity:731 | Period 40 completed for size 123. MDE found: None with p-value: None
2025-07-06 20:35:55 | INFO     | Murray.main:evaluate_sensitivity:731 | Period 50 completed for size 123. MDE found: None with p-value: None
2025-07-06 20:35:57 | INFO     | Murray.main:evaluate_sensitivity:731 | Period 60 completed for size 123. MDE found: None with p-value: None
2025-07-06 20:35:59 | INFO     | Murray.main:evaluate_sensitivity:731 | Period 30 completed for size 125. MDE found: None with p-value: None
2025-07-06 20:36:01 | INFO     | Murray.main:evaluate_sensitivity:731 | Period 40 completed for size 125. MDE found: None with p-value: None
2025-07-06 20:36:04 | INFO     | Murray.main:evaluate_sensitivity:731 | Period 50 completed for size 125. MDE found: None with p-value: None
2025-07-06 20:36:06 | INFO     | Murray.main:evaluate_sensitivity:731 | Period 60 completed for size 125. MDE found: None with p-value: None
2025-07-06 20:36:06 | INFO     | Murray.main:evaluate_sensitivity:744 | evaluate_sensitivity completed successfully.
2025-07-06 20:36:06 | INFO     | Murray.main:run_geo_analysis_streamlit_app:830 | Sensitivity evaluation completed successfully.
2025-07-06 20:36:06 | INFO     | Murray.main:run_geo_analysis_streamlit_app:840 | run_geo_analysis_streamlit_app completed successfully
2025-07-07 00:00:29 | WARNING  | Murray.auxiliary:handle_duplicates:31 | Found 17177 duplicate entries in the data. Aggregating by mean.
2025-07-07 00:00:30 | INFO     | Murray.metrics:update_metrics:57 | New record added: {'timestamp': '2025-07-07 00:00:30', 'section': 'experimental_design', 'date': '2025-07-07', 'day_of_week': 'Monday', 'hour': 0}
2025-07-07 00:00:30 | INFO     | Murray.main:run_geo_analysis_streamlit_app:787 | Starting run_geo_analysis_streamlit_app............
2025-07-07 00:00:30 | INFO     | Murray.main:run_geo_analysis_streamlit_app:798 | Step 1: Generating market correlations.....
2025-07-07 00:00:31 | INFO     | Murray.main:run_geo_analysis_streamlit_app:800 | Market correlations generated successfully.
2025-07-07 00:00:31 | INFO     | Murray.main:run_geo_analysis_streamlit_app:806 | Step 2: Finding best groups for control and treatment.....
2025-07-07 00:00:31 | INFO     | Murray.main:BetterGroups:408 | Number of locations: 329
2025-07-07 00:00:31 | INFO     | Murray.main:BetterGroups:410 | Maximum treatment group size: 148
2025-07-07 00:00:31 | INFO     | Murray.main:BetterGroups:412 | Minimum treatment group size: 115
2025-07-07 00:00:31 | INFO     | Murray.main:BetterGroups:429 | Generating possible treatment groups...
2025-07-07 00:00:31 | INFO     | Murray.main:BetterGroups:433 | Generated 5000 groups for size 115
2025-07-07 00:00:31 | INFO     | Murray.main:BetterGroups:433 | Generated 5000 groups for size 116
2025-07-07 00:00:32 | INFO     | Murray.main:BetterGroups:433 | Generated 5000 groups for size 117
2025-07-07 00:00:32 | INFO     | Murray.main:BetterGroups:433 | Generated 5000 groups for size 118
2025-07-07 00:00:32 | INFO     | Murray.main:BetterGroups:433 | Generated 5000 groups for size 119
2025-07-07 00:00:33 | INFO     | Murray.main:BetterGroups:433 | Generated 5000 groups for size 120
2025-07-07 00:00:33 | INFO     | Murray.main:BetterGroups:433 | Generated 5000 groups for size 121
2025-07-07 00:00:33 | INFO     | Murray.main:BetterGroups:433 | Generated 5000 groups for size 122
2025-07-07 00:00:33 | INFO     | Murray.main:BetterGroups:433 | Generated 5000 groups for size 123
2025-07-07 00:00:34 | INFO     | Murray.main:BetterGroups:433 | Generated 5000 groups for size 124
2025-07-07 00:00:34 | INFO     | Murray.main:BetterGroups:433 | Generated 5000 groups for size 125
2025-07-07 00:00:36 | INFO     | Murray.main:BetterGroups:433 | Generated 5000 groups for size 126
2025-07-07 00:00:36 | INFO     | Murray.main:BetterGroups:433 | Generated 5000 groups for size 127
2025-07-07 00:00:37 | INFO     | Murray.main:BetterGroups:433 | Generated 5000 groups for size 128
2025-07-07 00:00:37 | INFO     | Murray.main:BetterGroups:433 | Generated 5000 groups for size 129
2025-07-07 00:00:37 | INFO     | Murray.main:BetterGroups:433 | Generated 5000 groups for size 130
2025-07-07 00:00:37 | INFO     | Murray.main:BetterGroups:433 | Generated 5000 groups for size 131
2025-07-07 00:00:38 | INFO     | Murray.main:BetterGroups:433 | Generated 5000 groups for size 132
2025-07-07 00:00:38 | INFO     | Murray.main:BetterGroups:433 | Generated 5000 groups for size 133
2025-07-07 00:00:38 | INFO     | Murray.main:BetterGroups:433 | Generated 5000 groups for size 134
2025-07-07 00:00:39 | INFO     | Murray.main:BetterGroups:433 | Generated 5000 groups for size 135
2025-07-07 00:00:39 | INFO     | Murray.main:BetterGroups:433 | Generated 5000 groups for size 136
2025-07-07 00:00:39 | INFO     | Murray.main:BetterGroups:433 | Generated 5000 groups for size 137
2025-07-07 00:00:39 | INFO     | Murray.main:BetterGroups:433 | Generated 5000 groups for size 138
2025-07-07 00:00:40 | INFO     | Murray.main:BetterGroups:433 | Generated 5000 groups for size 139
2025-07-07 00:00:40 | INFO     | Murray.main:BetterGroups:433 | Generated 5000 groups for size 140
2025-07-07 00:00:41 | INFO     | Murray.main:BetterGroups:433 | Generated 5000 groups for size 141
2025-07-07 00:00:41 | INFO     | Murray.main:BetterGroups:433 | Generated 5000 groups for size 142
2025-07-07 00:00:41 | INFO     | Murray.main:BetterGroups:433 | Generated 5000 groups for size 143
2025-07-07 00:00:41 | INFO     | Murray.main:BetterGroups:433 | Generated 5000 groups for size 144
2025-07-07 00:00:42 | INFO     | Murray.main:BetterGroups:433 | Generated 5000 groups for size 145
2025-07-07 00:00:42 | INFO     | Murray.main:BetterGroups:433 | Generated 5000 groups for size 146
2025-07-07 00:00:44 | INFO     | Murray.main:BetterGroups:433 | Generated 5000 groups for size 147
2025-07-07 00:00:44 | INFO     | Murray.main:BetterGroups:433 | Generated 5000 groups for size 148
2025-07-07 00:00:44 | INFO     | Murray.main:BetterGroups:435 | Total possible groups generated: 170000
2025-07-07 00:00:53 | INFO     | Murray.main:BetterGroups:455 | Tasks submitted, starting to collect results...
2025-07-07 00:00:53 | INFO     | Murray.main:BetterGroups:477 | Processed 1/170000 groups
2025-07-07 00:04:39 | INFO     | Murray.main:BetterGroups:477 | Processed 17000/170000 groups
2025-07-07 00:07:33 | INFO     | Murray.main:BetterGroups:477 | Processed 34000/170000 groups
2025-07-07 00:11:06 | INFO     | Murray.main:BetterGroups:477 | Processed 51000/170000 groups
2025-07-07 00:14:43 | INFO     | Murray.main:BetterGroups:477 | Processed 68000/170000 groups
2025-07-07 00:18:02 | INFO     | Murray.main:BetterGroups:477 | Processed 85000/170000 groups
2025-07-07 00:21:52 | INFO     | Murray.main:BetterGroups:477 | Processed 102000/170000 groups
2025-07-07 00:24:41 | INFO     | Murray.main:BetterGroups:477 | Processed 119000/170000 groups
2025-07-07 00:28:42 | INFO     | Murray.main:BetterGroups:477 | Processed 136000/170000 groups
2025-07-07 00:32:16 | INFO     | Murray.main:BetterGroups:477 | Processed 153000/170000 groups
2025-07-07 00:35:19 | INFO     | Murray.main:BetterGroups:477 | Processed 170000/170000 groups
2025-07-07 00:35:19 | INFO     | Murray.main:BetterGroups:479 | All groups processed. Results count: 170000
2025-07-07 00:35:19 | INFO     | Murray.main:BetterGroups:482 | Organizing results by size...
2025-07-07 00:35:19 | INFO     | Murray.main:BetterGroups:509 | Best result for size 115: MAPE=1468156381732.5688, SMAPE=193.2448, Holdout=70.11%
2025-07-07 00:35:19 | INFO     | Murray.main:BetterGroups:509 | Best result for size 116: MAPE=1043811747205.5679, SMAPE=193.1661, Holdout=70.06%
2025-07-07 00:35:19 | INFO     | Murray.main:BetterGroups:509 | Best result for size 117: MAPE=1410612993074.4548, SMAPE=193.0663, Holdout=70.33%
2025-07-07 00:35:19 | INFO     | Murray.main:BetterGroups:509 | Best result for size 118: MAPE=1595019994920.8081, SMAPE=192.9685, Holdout=70.53%
2025-07-07 00:35:19 | INFO     | Murray.main:BetterGroups:509 | Best result for size 119: MAPE=2097526655981.6135, SMAPE=193.2053, Holdout=70.24%
2025-07-07 00:35:19 | INFO     | Murray.main:BetterGroups:509 | Best result for size 120: MAPE=1956061513535.6853, SMAPE=193.3087, Holdout=70.55%
2025-07-07 00:35:19 | INFO     | Murray.main:BetterGroups:509 | Best result for size 121: MAPE=2208391708249.8335, SMAPE=193.1630, Holdout=70.80%
2025-07-07 00:35:19 | INFO     | Murray.main:BetterGroups:509 | Best result for size 122: MAPE=2312521055105.0693, SMAPE=193.2658, Holdout=70.30%
2025-07-07 00:35:19 | INFO     | Murray.main:BetterGroups:509 | Best result for size 124: MAPE=3094626846989.4878, SMAPE=193.4789, Holdout=70.45%
2025-07-07 00:35:19 | INFO     | Murray.main:BetterGroups:509 | Best result for size 128: MAPE=2728264370849.6699, SMAPE=193.2251, Holdout=70.20%
2025-07-07 00:35:20 | INFO     | Murray.main:run_geo_analysis_streamlit_app:821 | BetterGroups completed successfully. Results for 10 sizes
2025-07-07 00:35:20 | INFO     | Murray.main:run_geo_analysis_streamlit_app:824 | Step 3: Evaluating sensitivity for different deltas and periods.....
2025-07-07 00:35:22 | INFO     | Murray.main:evaluate_sensitivity:731 | Period 30 completed for size 115. MDE found: 0.06999999999999999 with p-value: 0.074
2025-07-07 00:35:24 | INFO     | Murray.main:evaluate_sensitivity:731 | Period 40 completed for size 115. MDE found: 0.01 with p-value: 0.0563
2025-07-07 00:35:27 | INFO     | Murray.main:evaluate_sensitivity:731 | Period 50 completed for size 115. MDE found: 0.03 with p-value: 0.0708
2025-07-07 00:35:29 | INFO     | Murray.main:evaluate_sensitivity:731 | Period 60 completed for size 115. MDE found: 0.05 with p-value: 0.0792
2025-07-07 00:35:32 | INFO     | Murray.main:evaluate_sensitivity:731 | Period 30 completed for size 116. MDE found: 0.01 with p-value: 0.0603
2025-07-07 00:35:34 | INFO     | Murray.main:evaluate_sensitivity:731 | Period 40 completed for size 116. MDE found: 0.01 with p-value: 0.0198
2025-07-07 00:35:39 | INFO     | Murray.main:evaluate_sensitivity:731 | Period 50 completed for size 116. MDE found: 0.01 with p-value: 0.037
2025-07-07 00:35:41 | INFO     | Murray.main:evaluate_sensitivity:731 | Period 60 completed for size 116. MDE found: 0.01 with p-value: 0.0599
2025-07-07 00:35:43 | INFO     | Murray.main:evaluate_sensitivity:731 | Period 30 completed for size 117. MDE found: 0.13 with p-value: 0.0797
2025-07-07 00:35:46 | INFO     | Murray.main:evaluate_sensitivity:731 | Period 40 completed for size 117. MDE found: 0.060000000000000005 with p-value: 0.0699
2025-07-07 00:35:48 | INFO     | Murray.main:evaluate_sensitivity:731 | Period 50 completed for size 117. MDE found: 0.08 with p-value: 0.0796
2025-07-07 00:35:51 | INFO     | Murray.main:evaluate_sensitivity:731 | Period 60 completed for size 117. MDE found: 0.11 with p-value: 0.0789
2025-07-07 00:35:53 | INFO     | Murray.main:evaluate_sensitivity:731 | Period 30 completed for size 118. MDE found: None with p-value: None
2025-07-07 00:35:57 | INFO     | Murray.main:evaluate_sensitivity:731 | Period 40 completed for size 118. MDE found: 0.09999999999999999 with p-value: 0.0712
2025-07-07 00:36:04 | INFO     | Murray.main:evaluate_sensitivity:731 | Period 50 completed for size 118. MDE found: 0.13 with p-value: 0.0771
2025-07-07 00:36:08 | INFO     | Murray.main:evaluate_sensitivity:731 | Period 60 completed for size 118. MDE found: None with p-value: None
2025-07-07 00:36:14 | INFO     | Murray.main:evaluate_sensitivity:731 | Period 30 completed for size 119. MDE found: None with p-value: None
2025-07-07 00:36:18 | INFO     | Murray.main:evaluate_sensitivity:731 | Period 40 completed for size 119. MDE found: 0.09 with p-value: 0.073
2025-07-07 00:36:22 | INFO     | Murray.main:evaluate_sensitivity:731 | Period 50 completed for size 119. MDE found: 0.13 with p-value: 0.0711
2025-07-07 00:36:26 | INFO     | Murray.main:evaluate_sensitivity:731 | Period 60 completed for size 119. MDE found: None with p-value: None
2025-07-07 00:36:30 | INFO     | Murray.main:evaluate_sensitivity:731 | Period 30 completed for size 120. MDE found: 0.11 with p-value: 0.0745
2025-07-07 00:36:33 | INFO     | Murray.main:evaluate_sensitivity:731 | Period 40 completed for size 120. MDE found: 0.01 with p-value: 0.0768
2025-07-07 00:36:37 | INFO     | Murray.main:evaluate_sensitivity:731 | Period 50 completed for size 120. MDE found: 0.05 with p-value: 0.0748
2025-07-07 00:36:41 | INFO     | Murray.main:evaluate_sensitivity:731 | Period 60 completed for size 120. MDE found: 0.08 with p-value: 0.0783
2025-07-07 00:36:45 | INFO     | Murray.main:evaluate_sensitivity:731 | Period 30 completed for size 121. MDE found: 0.13 with p-value: 0.0738
2025-07-07 00:36:49 | INFO     | Murray.main:evaluate_sensitivity:731 | Period 40 completed for size 121. MDE found: 0.08 with p-value: 0.0684
2025-07-07 00:36:52 | INFO     | Murray.main:evaluate_sensitivity:731 | Period 50 completed for size 121. MDE found: 0.12 with p-value: 0.071
2025-07-07 00:36:57 | INFO     | Murray.main:evaluate_sensitivity:731 | Period 60 completed for size 121. MDE found: None with p-value: None
2025-07-07 00:37:01 | INFO     | Murray.main:evaluate_sensitivity:731 | Period 30 completed for size 122. MDE found: 0.14 with p-value: 0.0758
2025-07-07 00:37:05 | INFO     | Murray.main:evaluate_sensitivity:731 | Period 40 completed for size 122. MDE found: 0.01 with p-value: 0.0765
2025-07-07 00:37:08 | INFO     | Murray.main:evaluate_sensitivity:731 | Period 50 completed for size 122. MDE found: 0.05 with p-value: 0.0758
2025-07-07 00:37:12 | INFO     | Murray.main:evaluate_sensitivity:731 | Period 60 completed for size 122. MDE found: 0.09999999999999999 with p-value: 0.0765
2025-07-07 00:37:16 | INFO     | Murray.main:evaluate_sensitivity:731 | Period 30 completed for size 124. MDE found: None with p-value: None
2025-07-07 00:37:20 | INFO     | Murray.main:evaluate_sensitivity:731 | Period 40 completed for size 124. MDE found: 0.05 with p-value: 0.0743
2025-07-07 00:37:24 | INFO     | Murray.main:evaluate_sensitivity:731 | Period 50 completed for size 124. MDE found: 0.09999999999999999 with p-value: 0.0767
2025-07-07 00:37:28 | INFO     | Murray.main:evaluate_sensitivity:731 | Period 60 completed for size 124. MDE found: None with p-value: None
2025-07-07 00:37:32 | INFO     | Murray.main:evaluate_sensitivity:731 | Period 30 completed for size 128. MDE found: None with p-value: None
2025-07-07 00:37:35 | INFO     | Murray.main:evaluate_sensitivity:731 | Period 40 completed for size 128. MDE found: 0.060000000000000005 with p-value: 0.0714
2025-07-07 00:37:39 | INFO     | Murray.main:evaluate_sensitivity:731 | Period 50 completed for size 128. MDE found: 0.11 with p-value: 0.0779
2025-07-07 00:37:43 | INFO     | Murray.main:evaluate_sensitivity:731 | Period 60 completed for size 128. MDE found: None with p-value: None
2025-07-07 00:37:43 | INFO     | Murray.main:evaluate_sensitivity:744 | evaluate_sensitivity completed successfully.
2025-07-07 00:37:43 | INFO     | Murray.main:run_geo_analysis_streamlit_app:830 | Sensitivity evaluation completed successfully.
2025-07-07 00:37:43 | INFO     | Murray.main:run_geo_analysis_streamlit_app:840 | run_geo_analysis_streamlit_app completed successfully
2025-07-07 00:38:30 | WARNING  | Murray.auxiliary:handle_duplicates:31 | Found 17177 duplicate entries in the data. Aggregating by mean.
2025-07-07 00:38:31 | INFO     | Murray.metrics:update_metrics:57 | New record added: {'timestamp': '2025-07-07 00:38:31', 'section': 'experimental_design', 'date': '2025-07-07', 'day_of_week': 'Monday', 'hour': 0}
2025-07-07 00:38:31 | INFO     | Murray.main:run_geo_analysis_streamlit_app:787 | Starting run_geo_analysis_streamlit_app............
2025-07-07 00:38:31 | INFO     | Murray.main:run_geo_analysis_streamlit_app:798 | Step 1: Generating market correlations.....
2025-07-07 00:38:31 | INFO     | Murray.main:run_geo_analysis_streamlit_app:800 | Market correlations generated successfully.
2025-07-07 00:38:31 | INFO     | Murray.main:run_geo_analysis_streamlit_app:806 | Step 2: Finding best groups for control and treatment.....
2025-07-07 00:38:32 | INFO     | Murray.main:BetterGroups:408 | Number of locations: 329
2025-07-07 00:38:32 | INFO     | Murray.main:BetterGroups:410 | Maximum treatment group size: 148
2025-07-07 00:38:32 | INFO     | Murray.main:BetterGroups:412 | Minimum treatment group size: 115
2025-07-07 00:38:32 | INFO     | Murray.main:BetterGroups:429 | Generating possible treatment groups...
2025-07-07 00:38:32 | INFO     | Murray.main:BetterGroups:433 | Generated 5000 groups for size 115
2025-07-07 00:38:32 | INFO     | Murray.main:BetterGroups:433 | Generated 5000 groups for size 116
2025-07-07 00:38:32 | INFO     | Murray.main:BetterGroups:433 | Generated 5000 groups for size 117
2025-07-07 00:38:33 | INFO     | Murray.main:BetterGroups:433 | Generated 5000 groups for size 118
2025-07-07 00:38:33 | INFO     | Murray.main:BetterGroups:433 | Generated 5000 groups for size 119
2025-07-07 00:38:33 | INFO     | Murray.main:BetterGroups:433 | Generated 5000 groups for size 120
2025-07-07 00:38:34 | INFO     | Murray.main:BetterGroups:433 | Generated 5000 groups for size 121
2025-07-07 00:38:34 | INFO     | Murray.main:BetterGroups:433 | Generated 5000 groups for size 122
2025-07-07 00:38:34 | INFO     | Murray.main:BetterGroups:433 | Generated 5000 groups for size 123
2025-07-07 00:38:34 | INFO     | Murray.main:BetterGroups:433 | Generated 5000 groups for size 124
2025-07-07 00:38:35 | INFO     | Murray.main:BetterGroups:433 | Generated 5000 groups for size 125
2025-07-07 00:38:35 | INFO     | Murray.main:BetterGroups:433 | Generated 5000 groups for size 126
2025-07-07 00:38:35 | INFO     | Murray.main:BetterGroups:433 | Generated 5000 groups for size 127
2025-07-07 00:38:36 | INFO     | Murray.main:BetterGroups:433 | Generated 5000 groups for size 128
2025-07-07 00:38:36 | INFO     | Murray.main:BetterGroups:433 | Generated 5000 groups for size 129
2025-07-07 00:38:36 | INFO     | Murray.main:BetterGroups:433 | Generated 5000 groups for size 130
2025-07-07 00:38:36 | INFO     | Murray.main:BetterGroups:433 | Generated 5000 groups for size 131
2025-07-07 00:38:37 | INFO     | Murray.main:BetterGroups:433 | Generated 5000 groups for size 132
2025-07-07 00:38:37 | INFO     | Murray.main:BetterGroups:433 | Generated 5000 groups for size 133
2025-07-07 00:38:37 | INFO     | Murray.main:BetterGroups:433 | Generated 5000 groups for size 134
2025-07-07 00:38:37 | INFO     | Murray.main:BetterGroups:433 | Generated 5000 groups for size 135
2025-07-07 00:38:38 | INFO     | Murray.main:BetterGroups:433 | Generated 5000 groups for size 136
2025-07-07 00:38:38 | INFO     | Murray.main:BetterGroups:433 | Generated 5000 groups for size 137
2025-07-07 00:38:38 | INFO     | Murray.main:BetterGroups:433 | Generated 5000 groups for size 138
2025-07-07 00:38:38 | INFO     | Murray.main:BetterGroups:433 | Generated 5000 groups for size 139
2025-07-07 00:38:39 | INFO     | Murray.main:BetterGroups:433 | Generated 5000 groups for size 140
2025-07-07 00:38:39 | INFO     | Murray.main:BetterGroups:433 | Generated 5000 groups for size 141
2025-07-07 00:38:40 | INFO     | Murray.main:BetterGroups:433 | Generated 5000 groups for size 142
2025-07-07 00:38:40 | INFO     | Murray.main:BetterGroups:433 | Generated 5000 groups for size 143
2025-07-07 00:38:40 | INFO     | Murray.main:BetterGroups:433 | Generated 5000 groups for size 144
2025-07-07 00:38:41 | INFO     | Murray.main:BetterGroups:433 | Generated 5000 groups for size 145
2025-07-07 00:38:41 | INFO     | Murray.main:BetterGroups:433 | Generated 5000 groups for size 146
2025-07-07 00:38:41 | INFO     | Murray.main:BetterGroups:433 | Generated 5000 groups for size 147
2025-07-07 00:38:42 | INFO     | Murray.main:BetterGroups:433 | Generated 5000 groups for size 148
2025-07-07 00:38:42 | INFO     | Murray.main:BetterGroups:435 | Total possible groups generated: 170000
2025-07-07 00:38:47 | INFO     | Murray.main:BetterGroups:455 | Tasks submitted, starting to collect results...
2025-07-07 00:38:47 | INFO     | Murray.main:BetterGroups:477 | Processed 1/170000 groups
2025-07-07 00:42:33 | INFO     | Murray.main:BetterGroups:477 | Processed 17000/170000 groups
2025-07-07 00:45:49 | INFO     | Murray.main:BetterGroups:477 | Processed 34000/170000 groups
2025-07-07 00:49:10 | INFO     | Murray.main:BetterGroups:477 | Processed 51000/170000 groups
2025-07-07 00:52:37 | INFO     | Murray.main:BetterGroups:477 | Processed 68000/170000 groups
2025-07-07 00:55:43 | INFO     | Murray.main:BetterGroups:477 | Processed 85000/170000 groups
2025-07-07 00:58:41 | INFO     | Murray.main:BetterGroups:477 | Processed 102000/170000 groups
2025-07-07 01:01:42 | INFO     | Murray.main:BetterGroups:477 | Processed 119000/170000 groups
2025-07-07 01:04:46 | INFO     | Murray.main:BetterGroups:477 | Processed 136000/170000 groups
2025-07-07 01:07:53 | INFO     | Murray.main:BetterGroups:477 | Processed 153000/170000 groups
2025-07-07 01:08:46 | WARNING  | Murray.auxiliary:handle_duplicates:31 | Found 17177 duplicate entries in the data. Aggregating by mean.
2025-07-07 01:08:51 | WARNING  | Murray.auxiliary:handle_duplicates:31 | Found 17177 duplicate entries in the data. Aggregating by mean.
2025-07-07 01:09:06 | WARNING  | Murray.auxiliary:handle_duplicates:31 | Found 17177 duplicate entries in the data. Aggregating by mean.
2025-07-07 01:09:07 | WARNING  | Murray.auxiliary:handle_duplicates:31 | Found 17177 duplicate entries in the data. Aggregating by mean.
2025-07-07 01:10:59 | INFO     | Murray.main:BetterGroups:477 | Processed 170000/170000 groups
2025-07-07 01:10:59 | INFO     | Murray.main:BetterGroups:479 | All groups processed. Results count: 170000
2025-07-07 01:10:59 | INFO     | Murray.main:BetterGroups:482 | Organizing results by size...
2025-07-07 01:10:59 | INFO     | Murray.main:BetterGroups:509 | Best result for size 115: MAPE=1449738428008.3879, SMAPE=193.1242, Holdout=70.17%
2025-07-07 01:10:59 | INFO     | Murray.main:BetterGroups:509 | Best result for size 116: MAPE=962057586951.5560, SMAPE=193.0062, Holdout=70.16%
2025-07-07 01:10:59 | INFO     | Murray.main:BetterGroups:509 | Best result for size 117: MAPE=1482902093619.5771, SMAPE=193.2272, Holdout=70.09%
2025-07-07 01:10:59 | INFO     | Murray.main:BetterGroups:509 | Best result for size 118: MAPE=2210224070105.9092, SMAPE=193.3840, Holdout=70.41%
2025-07-07 01:10:59 | INFO     | Murray.main:BetterGroups:509 | Best result for size 119: MAPE=2078316616068.3159, SMAPE=193.2117, Holdout=70.51%
2025-07-07 01:10:59 | INFO     | Murray.main:BetterGroups:509 | Best result for size 120: MAPE=2546459984384.0317, SMAPE=193.2936, Holdout=70.05%
2025-07-07 01:10:59 | INFO     | Murray.main:BetterGroups:509 | Best result for size 121: MAPE=1962774613331.7456, SMAPE=193.2694, Holdout=70.33%
2025-07-07 01:10:59 | INFO     | Murray.main:BetterGroups:509 | Best result for size 122: MAPE=3106955909004.4849, SMAPE=193.2387, Holdout=70.83%
2025-07-07 01:10:59 | INFO     | Murray.main:BetterGroups:509 | Best result for size 123: MAPE=2684234457368.3755, SMAPE=193.5738, Holdout=70.02%
2025-07-07 01:10:59 | INFO     | Murray.main:BetterGroups:509 | Best result for size 124: MAPE=3217880061895.6846, SMAPE=193.4291, Holdout=70.55%
2025-07-07 01:10:59 | INFO     | Murray.main:BetterGroups:509 | Best result for size 125: MAPE=2949640850021.8350, SMAPE=193.4908, Holdout=70.39%
2025-07-07 01:10:59 | INFO     | Murray.main:BetterGroups:509 | Best result for size 126: MAPE=2354935304348.0786, SMAPE=193.5578, Holdout=70.23%
2025-07-07 01:10:59 | INFO     | Murray.main:run_geo_analysis_streamlit_app:821 | BetterGroups completed successfully. Results for 12 sizes
2025-07-07 01:10:59 | INFO     | Murray.main:run_geo_analysis_streamlit_app:824 | Step 3: Evaluating sensitivity for different deltas and periods.....
2025-07-07 01:11:02 | INFO     | Murray.main:evaluate_sensitivity:731 | Period 30 completed for size 115. MDE found: 0.14 with p-value: 0.0789
2025-07-07 01:11:04 | INFO     | Murray.main:evaluate_sensitivity:731 | Period 40 completed for size 115. MDE found: 0.01 with p-value: 0.07
2025-07-07 01:11:06 | INFO     | Murray.main:evaluate_sensitivity:731 | Period 50 completed for size 115. MDE found: 0.04 with p-value: 0.0695
2025-07-07 01:11:08 | INFO     | Murray.main:evaluate_sensitivity:731 | Period 60 completed for size 115. MDE found: 0.060000000000000005 with p-value: 0.0782
2025-07-07 01:11:11 | INFO     | Murray.main:evaluate_sensitivity:731 | Period 30 completed for size 116. MDE found: None with p-value: None
2025-07-07 01:11:15 | INFO     | Murray.main:evaluate_sensitivity:731 | Period 40 completed for size 116. MDE found: 0.04 with p-value: 0.0708
2025-07-07 01:11:17 | INFO     | Murray.main:evaluate_sensitivity:731 | Period 50 completed for size 116. MDE found: 0.060000000000000005 with p-value: 0.075
2025-07-07 01:11:19 | INFO     | Murray.main:evaluate_sensitivity:731 | Period 60 completed for size 116. MDE found: 0.08 with p-value: 0.0724
2025-07-07 01:11:21 | INFO     | Murray.main:evaluate_sensitivity:731 | Period 30 completed for size 117. MDE found: 0.05 with p-value: 0.0758
2025-07-07 01:11:22 | INFO     | Murray.main:evaluate_sensitivity:731 | Period 40 completed for size 117. MDE found: 0.01 with p-value: 0.0576
2025-07-07 01:11:24 | INFO     | Murray.main:evaluate_sensitivity:731 | Period 50 completed for size 117. MDE found: 0.02 with p-value: 0.0744
2025-07-07 01:11:26 | INFO     | Murray.main:evaluate_sensitivity:731 | Period 60 completed for size 117. MDE found: 0.05 with p-value: 0.0791
2025-07-07 01:11:28 | INFO     | Murray.main:evaluate_sensitivity:731 | Period 30 completed for size 118. MDE found: None with p-value: None
2025-07-07 01:11:29 | INFO     | Murray.main:evaluate_sensitivity:731 | Period 40 completed for size 118. MDE found: 0.01 with p-value: 0.0684
2025-07-07 01:11:31 | INFO     | Murray.main:evaluate_sensitivity:731 | Period 50 completed for size 118. MDE found: 0.05 with p-value: 0.0728
2025-07-07 01:11:33 | INFO     | Murray.main:evaluate_sensitivity:731 | Period 60 completed for size 118. MDE found: 0.09 with p-value: 0.0772
2025-07-07 01:11:35 | INFO     | Murray.main:evaluate_sensitivity:731 | Period 30 completed for size 119. MDE found: 0.05 with p-value: 0.0785
2025-07-07 01:11:36 | INFO     | Murray.main:evaluate_sensitivity:731 | Period 40 completed for size 119. MDE found: 0.01 with p-value: 0.0589
2025-07-07 01:11:38 | INFO     | Murray.main:evaluate_sensitivity:731 | Period 50 completed for size 119. MDE found: 0.03 with p-value: 0.0798
2025-07-07 01:11:40 | INFO     | Murray.main:evaluate_sensitivity:731 | Period 60 completed for size 119. MDE found: 0.06999999999999999 with p-value: 0.0737
2025-07-07 01:11:42 | INFO     | Murray.main:evaluate_sensitivity:731 | Period 30 completed for size 120. MDE found: None with p-value: None
2025-07-07 01:11:44 | INFO     | Murray.main:evaluate_sensitivity:731 | Period 40 completed for size 120. MDE found: 0.02 with p-value: 0.0707
2025-07-07 01:11:48 | INFO     | Murray.main:evaluate_sensitivity:731 | Period 50 completed for size 120. MDE found: 0.060000000000000005 with p-value: 0.0725
2025-07-07 01:11:50 | INFO     | Murray.main:evaluate_sensitivity:731 | Period 60 completed for size 120. MDE found: 0.09999999999999999 with p-value: 0.0763
2025-07-07 01:11:52 | INFO     | Murray.main:evaluate_sensitivity:731 | Period 30 completed for size 121. MDE found: 0.05 with p-value: 0.0799
2025-07-07 01:11:54 | INFO     | Murray.main:evaluate_sensitivity:731 | Period 40 completed for size 121. MDE found: 0.01 with p-value: 0.038
2025-07-07 01:11:56 | INFO     | Murray.main:evaluate_sensitivity:731 | Period 50 completed for size 121. MDE found: 0.01 with p-value: 0.0719
2025-07-07 01:11:57 | INFO     | Murray.main:evaluate_sensitivity:731 | Period 60 completed for size 121. MDE found: 0.04 with p-value: 0.0756
2025-07-07 01:11:59 | INFO     | Murray.main:evaluate_sensitivity:731 | Period 30 completed for size 122. MDE found: None with p-value: None
2025-07-07 01:12:01 | INFO     | Murray.main:evaluate_sensitivity:731 | Period 40 completed for size 122. MDE found: 0.09 with p-value: 0.0799
2025-07-07 01:12:03 | INFO     | Murray.main:evaluate_sensitivity:731 | Period 50 completed for size 122. MDE found: None with p-value: None
2025-07-07 01:12:04 | INFO     | Murray.main:evaluate_sensitivity:731 | Period 60 completed for size 122. MDE found: None with p-value: None
2025-07-07 01:12:06 | INFO     | Murray.main:evaluate_sensitivity:731 | Period 30 completed for size 123. MDE found: None with p-value: None
2025-07-07 01:12:08 | INFO     | Murray.main:evaluate_sensitivity:731 | Period 40 completed for size 123. MDE found: 0.03 with p-value: 0.0772
2025-07-07 01:12:10 | INFO     | Murray.main:evaluate_sensitivity:731 | Period 50 completed for size 123. MDE found: 0.08 with p-value: 0.0755
2025-07-07 01:12:11 | INFO     | Murray.main:evaluate_sensitivity:731 | Period 60 completed for size 123. MDE found: 0.13 with p-value: 0.0777
2025-07-07 01:12:13 | INFO     | Murray.main:evaluate_sensitivity:731 | Period 30 completed for size 124. MDE found: None with p-value: None
2025-07-07 01:12:15 | INFO     | Murray.main:evaluate_sensitivity:731 | Period 40 completed for size 124. MDE found: 0.01 with p-value: 0.0796
2025-07-07 01:12:17 | INFO     | Murray.main:evaluate_sensitivity:731 | Period 50 completed for size 124. MDE found: 0.06999999999999999 with p-value: 0.0668
2025-07-07 01:12:19 | INFO     | Murray.main:evaluate_sensitivity:731 | Period 60 completed for size 124. MDE found: 0.11 with p-value: 0.0766
2025-07-07 01:12:23 | INFO     | Murray.main:evaluate_sensitivity:731 | Period 30 completed for size 125. MDE found: None with p-value: None
2025-07-07 01:12:25 | INFO     | Murray.main:evaluate_sensitivity:731 | Period 40 completed for size 125. MDE found: 0.04 with p-value: 0.0762
2025-07-07 01:12:27 | INFO     | Murray.main:evaluate_sensitivity:731 | Period 50 completed for size 125. MDE found: 0.09 with p-value: 0.0757
2025-07-07 01:12:29 | INFO     | Murray.main:evaluate_sensitivity:731 | Period 60 completed for size 125. MDE found: None with p-value: None
2025-07-07 01:12:31 | INFO     | Murray.main:evaluate_sensitivity:731 | Period 30 completed for size 126. MDE found: None with p-value: None
2025-07-07 01:12:33 | INFO     | Murray.main:evaluate_sensitivity:731 | Period 40 completed for size 126. MDE found: 0.06999999999999999 with p-value: 0.0789
2025-07-07 01:12:35 | INFO     | Murray.main:evaluate_sensitivity:731 | Period 50 completed for size 126. MDE found: 0.12 with p-value: 0.079
2025-07-07 01:12:37 | INFO     | Murray.main:evaluate_sensitivity:731 | Period 60 completed for size 126. MDE found: None with p-value: None
2025-07-07 01:12:37 | INFO     | Murray.main:evaluate_sensitivity:744 | evaluate_sensitivity completed successfully.
2025-07-07 01:12:37 | INFO     | Murray.main:run_geo_analysis_streamlit_app:830 | Sensitivity evaluation completed successfully.
2025-07-07 01:12:37 | INFO     | Murray.main:run_geo_analysis_streamlit_app:840 | run_geo_analysis_streamlit_app completed successfully
2025-07-07 01:12:41 | WARNING  | Murray.auxiliary:handle_duplicates:31 | Found 17177 duplicate entries in the data. Aggregating by mean.
2025-07-07 07:59:51 | WARNING  | Murray.auxiliary:handle_duplicates:31 | Found 17177 duplicate entries in the data. Aggregating by mean.
2025-07-07 07:59:53 | WARNING  | Murray.auxiliary:handle_duplicates:31 | Found 17177 duplicate entries in the data. Aggregating by mean.
