2025-09-12 14:26:52 | INFO     | __main__:<module>:153 | user isaac@entropy.tech logged in
2025-09-12 14:26:56 | INFO     | __main__:<module>:153 | user isaac@entropy.tech logged in
2025-09-12 14:26:59 | INFO     | __main__:<module>:153 | user isaac@entropy.tech logged in
2025-09-12 14:26:59 | INFO     | Murray.metrics:update_metrics:59 | New record added: {'timestamp': '2025-09-12 14:26:59', 'section': 'experimental_evaluation', 'date': '2025-09-12', 'day_of_week': 'Friday', 'hour': 14}
2025-09-12 14:26:59 | INFO     | Murray.post_analysis:run_geo_evaluation:21 | Starting run_geo_evaluation
2025-09-12 14:26:59 | INFO     | Murray.post_analysis:run_geo_evaluation:22 | Input data shape: (13696, 12)
2025-09-12 14:26:59 | INFO     | Murray.post_analysis:run_geo_evaluation:23 | Treatment group: ['aguascalientes', 'campeche', 'guanajuato', 'jalisco', 'chihuahua', 'oaxaca', 'quintana roo', 'tabasco', 'yucatan']
2025-09-12 14:26:59 | INFO     | Murray.post_analysis:run_geo_evaluation:24 | Start treatment: 2025-07-16 00:00:00, End treatment: 2025-09-01 00:00:00
2025-09-12 14:26:59 | INFO     | Murray.post_analysis:run_geo_evaluation:25 | n_permutations: 500000, significance_level: 0.1
2025-09-12 14:26:59 | INFO     | Murray.post_analysis:run_geo_evaluation:40 | Treatment period positions: 380 to 428
2025-09-12 14:26:59 | INFO     | Murray.post_analysis:run_geo_evaluation:49 | Generating correlation matrix...
2025-09-12 14:26:59 | INFO     | Murray.post_analysis:run_geo_evaluation:52 | Selecting control group...
2025-09-12 14:26:59 | INFO     | Murray.post_analysis:run_geo_evaluation:59 | Control group selected: ['queretaro', 'coahuila', 'tamaulipas', 'puebla', 'morelos', 'guerrero', 'nayarit', 'michoacan', 'durango', 'baja california sur', 'colima', 'sonora', 'hidalgo', 'san luis potosi', 'veracruz', 'state of mexico', 'sinaloa', 'chiapas', 'tlaxcala', 'zacatecas', 'baja california', 'mexico city', 'nuevo leon']
2025-09-12 14:26:59 | INFO     | Murray.post_analysis:run_geo_evaluation:69 | Pivot table shape: (428, 32)
2025-09-12 14:26:59 | INFO     | Murray.post_analysis:run_geo_evaluation:82 | Scaling data...
2025-09-12 14:26:59 | INFO     | Murray.post_analysis:run_geo_evaluation:102 | Fitting synthetic control model...
2025-09-12 14:26:59 | INFO     | Murray.post_analysis:run_geo_evaluation:105 | Model fitted successfully
2025-09-12 14:26:59 | INFO     | Murray.post_analysis:run_geo_evaluation:107 | Making predictions...
2025-09-12 14:26:59 | INFO     | Murray.post_analysis:run_geo_evaluation:138 | Calculating metrics...
2025-09-12 14:26:59 | INFO     | Murray.post_analysis:run_geo_evaluation:139 | Data shapes - treatment: (428,), counterfactual: (428,)
2025-09-12 14:26:59 | INFO     | Murray.post_analysis:run_geo_evaluation:149 | Treatment period sum: 26380028.0
2025-09-12 14:26:59 | INFO     | Murray.post_analysis:run_geo_evaluation:150 | Counterfactual period sum: 27077120.913049
2025-09-12 14:26:59 | INFO     | Murray.post_analysis:run_geo_evaluation:151 | Lift difference (treatment - counterfactual): -697092.9130490012
2025-09-12 14:26:59 | INFO     | Murray.post_analysis:run_geo_evaluation:165 | Observed statistic (sum of residuals): -697092.9130490003
2025-09-12 14:26:59 | INFO     | Murray.post_analysis:run_geo_evaluation:166 | Manual verification - observed_stat should equal lift_difference: -697092.9130490012
2025-09-12 14:26:59 | INFO     | Murray.post_analysis:run_geo_evaluation:168 | Starting permutation test with 500000 permutations...
2025-09-12 14:26:59 | INFO     | Murray.post_analysis:run_geo_evaluation:173 | Completed 10000/500000 permutations
2025-09-12 14:26:59 | INFO     | Murray.post_analysis:run_geo_evaluation:173 | Completed 20000/500000 permutations
2025-09-12 14:26:59 | INFO     | Murray.post_analysis:run_geo_evaluation:173 | Completed 30000/500000 permutations
2025-09-12 14:26:59 | INFO     | Murray.post_analysis:run_geo_evaluation:173 | Completed 40000/500000 permutations
2025-09-12 14:26:59 | INFO     | Murray.post_analysis:run_geo_evaluation:173 | Completed 50000/500000 permutations
2025-09-12 14:27:00 | INFO     | Murray.post_analysis:run_geo_evaluation:173 | Completed 60000/500000 permutations
2025-09-12 14:27:00 | INFO     | Murray.post_analysis:run_geo_evaluation:173 | Completed 70000/500000 permutations
2025-09-12 14:27:00 | INFO     | Murray.post_analysis:run_geo_evaluation:173 | Completed 80000/500000 permutations
2025-09-12 14:27:00 | INFO     | Murray.post_analysis:run_geo_evaluation:173 | Completed 90000/500000 permutations
2025-09-12 14:27:00 | INFO     | Murray.post_analysis:run_geo_evaluation:173 | Completed 100000/500000 permutations
2025-09-12 14:27:00 | INFO     | Murray.post_analysis:run_geo_evaluation:173 | Completed 110000/500000 permutations
2025-09-12 14:27:00 | INFO     | Murray.post_analysis:run_geo_evaluation:173 | Completed 120000/500000 permutations
2025-09-12 14:27:00 | INFO     | Murray.post_analysis:run_geo_evaluation:173 | Completed 130000/500000 permutations
2025-09-12 14:27:00 | INFO     | Murray.post_analysis:run_geo_evaluation:173 | Completed 140000/500000 permutations
2025-09-12 14:27:00 | INFO     | Murray.post_analysis:run_geo_evaluation:173 | Completed 150000/500000 permutations
2025-09-12 14:27:00 | INFO     | Murray.post_analysis:run_geo_evaluation:173 | Completed 160000/500000 permutations
2025-09-12 14:27:00 | INFO     | Murray.post_analysis:run_geo_evaluation:173 | Completed 170000/500000 permutations
2025-09-12 14:27:00 | INFO     | Murray.post_analysis:run_geo_evaluation:173 | Completed 180000/500000 permutations
2025-09-12 14:27:00 | INFO     | Murray.post_analysis:run_geo_evaluation:173 | Completed 190000/500000 permutations
2025-09-12 14:27:01 | INFO     | Murray.post_analysis:run_geo_evaluation:173 | Completed 200000/500000 permutations
2025-09-12 14:27:01 | INFO     | Murray.post_analysis:run_geo_evaluation:173 | Completed 210000/500000 permutations
2025-09-12 14:27:01 | INFO     | Murray.post_analysis:run_geo_evaluation:173 | Completed 220000/500000 permutations
2025-09-12 14:27:01 | INFO     | Murray.post_analysis:run_geo_evaluation:173 | Completed 230000/500000 permutations
2025-09-12 14:27:01 | INFO     | Murray.post_analysis:run_geo_evaluation:173 | Completed 240000/500000 permutations
2025-09-12 14:27:01 | INFO     | Murray.post_analysis:run_geo_evaluation:173 | Completed 250000/500000 permutations
2025-09-12 14:27:01 | INFO     | Murray.post_analysis:run_geo_evaluation:173 | Completed 260000/500000 permutations
2025-09-12 14:27:01 | INFO     | Murray.post_analysis:run_geo_evaluation:173 | Completed 270000/500000 permutations
2025-09-12 14:27:01 | INFO     | Murray.post_analysis:run_geo_evaluation:173 | Completed 280000/500000 permutations
2025-09-12 14:27:01 | INFO     | Murray.post_analysis:run_geo_evaluation:173 | Completed 290000/500000 permutations
2025-09-12 14:27:01 | INFO     | Murray.post_analysis:run_geo_evaluation:173 | Completed 300000/500000 permutations
2025-09-12 14:27:01 | INFO     | Murray.post_analysis:run_geo_evaluation:173 | Completed 310000/500000 permutations
2025-09-12 14:27:01 | INFO     | Murray.post_analysis:run_geo_evaluation:173 | Completed 320000/500000 permutations
2025-09-12 14:27:01 | INFO     | Murray.post_analysis:run_geo_evaluation:173 | Completed 330000/500000 permutations
2025-09-12 14:27:02 | INFO     | Murray.post_analysis:run_geo_evaluation:173 | Completed 340000/500000 permutations
2025-09-12 14:27:02 | INFO     | Murray.post_analysis:run_geo_evaluation:173 | Completed 350000/500000 permutations
2025-09-12 14:27:02 | INFO     | Murray.post_analysis:run_geo_evaluation:173 | Completed 360000/500000 permutations
2025-09-12 14:27:02 | INFO     | Murray.post_analysis:run_geo_evaluation:173 | Completed 370000/500000 permutations
2025-09-12 14:27:02 | INFO     | Murray.post_analysis:run_geo_evaluation:173 | Completed 380000/500000 permutations
2025-09-12 14:27:02 | INFO     | Murray.post_analysis:run_geo_evaluation:173 | Completed 390000/500000 permutations
2025-09-12 14:27:02 | INFO     | Murray.post_analysis:run_geo_evaluation:173 | Completed 400000/500000 permutations
2025-09-12 14:27:02 | INFO     | Murray.post_analysis:run_geo_evaluation:173 | Completed 410000/500000 permutations
2025-09-12 14:27:02 | INFO     | Murray.post_analysis:run_geo_evaluation:173 | Completed 420000/500000 permutations
2025-09-12 14:27:02 | INFO     | Murray.post_analysis:run_geo_evaluation:173 | Completed 430000/500000 permutations
2025-09-12 14:27:02 | INFO     | Murray.post_analysis:run_geo_evaluation:173 | Completed 440000/500000 permutations
2025-09-12 14:27:02 | INFO     | Murray.post_analysis:run_geo_evaluation:173 | Completed 450000/500000 permutations
2025-09-12 14:27:02 | INFO     | Murray.post_analysis:run_geo_evaluation:173 | Completed 460000/500000 permutations
2025-09-12 14:27:02 | INFO     | Murray.post_analysis:run_geo_evaluation:173 | Completed 470000/500000 permutations
2025-09-12 14:27:02 | INFO     | Murray.post_analysis:run_geo_evaluation:173 | Completed 480000/500000 permutations
2025-09-12 14:27:03 | INFO     | Murray.post_analysis:run_geo_evaluation:173 | Completed 490000/500000 permutations
2025-09-12 14:27:03 | INFO     | Murray.post_analysis:run_geo_evaluation:179 | Permutation test completed, calculating p-value and power...
2025-09-12 14:27:03 | INFO     | Murray.post_analysis:run_geo_evaluation:187 | Calculating post-hoc power using bootstrap methodology...
2025-09-12 14:27:03 | INFO     | Murray.post_analysis:_calculate_bootstrap_power:298 | Starting bootstrap power calculation with 500 iterations...
2025-09-12 14:27:04 | INFO     | Murray.post_analysis:_calculate_bootstrap_power:367 | Bootstrap power calculation completed: 0.1740
2025-09-12 14:27:04 | INFO     | Murray.post_analysis:run_geo_evaluation:216 | Critical value at 90.0% percentile: 2296716.7062
2025-09-12 14:27:04 | INFO     | Murray.post_analysis:run_geo_evaluation:217 | Observed statistic: 697092.9130
2025-09-12 14:27:04 | INFO     | Murray.post_analysis:run_geo_evaluation:218 | Effect size (Cohen's d): 0.0794
2025-09-12 14:27:04 | INFO     | Murray.post_analysis:run_geo_evaluation:219 | Bootstrap power: 0.1740
2025-09-12 14:27:04 | INFO     | Murray.post_analysis:run_geo_evaluation:220 | Effect size power: 0.1494
2025-09-12 14:27:04 | INFO     | Murray.post_analysis:run_geo_evaluation:221 | Empirical power: 0.1000
2025-09-12 14:27:04 | INFO     | Murray.post_analysis:run_geo_evaluation:222 | Test result: Not significant
2025-09-12 14:27:04 | INFO     | Murray.post_analysis:run_geo_evaluation:236 | Final results:
2025-09-12 14:27:04 | INFO     | Murray.post_analysis:run_geo_evaluation:237 |   MAPE: 37723760779788992.0000
2025-09-12 14:27:04 | INFO     | Murray.post_analysis:run_geo_evaluation:238 |   SMAPE: 172.3197
2025-09-12 14:27:04 | INFO     | Murray.post_analysis:run_geo_evaluation:239 |   Percentage lift: -2.5745%
2025-09-12 14:27:04 | INFO     | Murray.post_analysis:run_geo_evaluation:240 |   P-value: 0.629056
2025-09-12 14:27:04 | INFO     | Murray.post_analysis:run_geo_evaluation:241 |   Power: 0.1740
2025-09-12 14:27:04 | INFO     | Murray.post_analysis:run_geo_evaluation:271 | run_geo_evaluation completed successfully
2025-09-12 14:27:42 | INFO     | __main__:<module>:153 | user isaac@entropy.tech logged in
2025-09-12 14:27:44 | INFO     | __main__:<module>:153 | user isaac@entropy.tech logged in
2025-09-12 14:27:44 | INFO     | Murray.metrics:update_metrics:59 | New record added: {'timestamp': '2025-09-12 14:27:44', 'section': 'experimental_evaluation', 'date': '2025-09-12', 'day_of_week': 'Friday', 'hour': 14}
2025-09-12 14:27:44 | INFO     | Murray.post_analysis:run_geo_evaluation:21 | Starting run_geo_evaluation
2025-09-12 14:27:44 | INFO     | Murray.post_analysis:run_geo_evaluation:22 | Input data shape: (13696, 12)
2025-09-12 14:27:44 | INFO     | Murray.post_analysis:run_geo_evaluation:23 | Treatment group: ['aguascalientes', 'campeche', 'guanajuato', 'jalisco', 'chihuahua', 'oaxaca', 'quintana roo', 'tabasco', 'yucatan']
2025-09-12 14:27:44 | INFO     | Murray.post_analysis:run_geo_evaluation:24 | Start treatment: 2025-07-16 00:00:00, End treatment: 2025-09-01 00:00:00
2025-09-12 14:27:44 | INFO     | Murray.post_analysis:run_geo_evaluation:25 | n_permutations: 500000, significance_level: 0.1
2025-09-12 14:27:44 | INFO     | Murray.post_analysis:run_geo_evaluation:40 | Treatment period positions: 380 to 428
2025-09-12 14:27:44 | INFO     | Murray.post_analysis:run_geo_evaluation:49 | Generating correlation matrix...
2025-09-12 14:27:44 | INFO     | Murray.post_analysis:run_geo_evaluation:52 | Selecting control group...
2025-09-12 14:27:44 | INFO     | Murray.post_analysis:run_geo_evaluation:59 | Control group selected: ['queretaro', 'coahuila', 'tamaulipas', 'puebla', 'morelos', 'guerrero', 'nayarit', 'michoacan', 'durango', 'baja california sur', 'colima', 'sonora', 'hidalgo', 'san luis potosi', 'veracruz', 'state of mexico', 'sinaloa', 'chiapas', 'zacatecas', 'tlaxcala', 'baja california', 'mexico city', 'nuevo leon']
2025-09-12 14:27:44 | INFO     | Murray.post_analysis:run_geo_evaluation:69 | Pivot table shape: (428, 32)
2025-09-12 14:27:44 | INFO     | Murray.post_analysis:run_geo_evaluation:82 | Scaling data...
2025-09-12 14:27:44 | INFO     | Murray.post_analysis:run_geo_evaluation:102 | Fitting synthetic control model...
2025-09-12 14:27:44 | INFO     | Murray.post_analysis:run_geo_evaluation:105 | Model fitted successfully
2025-09-12 14:27:44 | INFO     | Murray.post_analysis:run_geo_evaluation:107 | Making predictions...
2025-09-12 14:27:44 | INFO     | Murray.post_analysis:run_geo_evaluation:138 | Calculating metrics...
2025-09-12 14:27:44 | INFO     | Murray.post_analysis:run_geo_evaluation:139 | Data shapes - treatment: (428,), counterfactual: (428,)
2025-09-12 14:27:44 | INFO     | Murray.post_analysis:run_geo_evaluation:149 | Treatment period sum: 781127.0
2025-09-12 14:27:44 | INFO     | Murray.post_analysis:run_geo_evaluation:150 | Counterfactual period sum: 784720.0057776006
2025-09-12 14:27:44 | INFO     | Murray.post_analysis:run_geo_evaluation:151 | Lift difference (treatment - counterfactual): -3593.0057776005706
2025-09-12 14:27:44 | INFO     | Murray.post_analysis:run_geo_evaluation:165 | Observed statistic (sum of residuals): -3593.0057776006497
2025-09-12 14:27:44 | INFO     | Murray.post_analysis:run_geo_evaluation:166 | Manual verification - observed_stat should equal lift_difference: -3593.0057776005706
2025-09-12 14:27:44 | INFO     | Murray.post_analysis:run_geo_evaluation:168 | Starting permutation test with 500000 permutations...
2025-09-12 14:27:44 | INFO     | Murray.post_analysis:run_geo_evaluation:173 | Completed 10000/500000 permutations
2025-09-12 14:27:44 | INFO     | Murray.post_analysis:run_geo_evaluation:173 | Completed 20000/500000 permutations
2025-09-12 14:27:44 | INFO     | Murray.post_analysis:run_geo_evaluation:173 | Completed 30000/500000 permutations
2025-09-12 14:27:44 | INFO     | Murray.post_analysis:run_geo_evaluation:173 | Completed 40000/500000 permutations
2025-09-12 14:27:44 | INFO     | Murray.post_analysis:run_geo_evaluation:173 | Completed 50000/500000 permutations
2025-09-12 14:27:44 | INFO     | Murray.post_analysis:run_geo_evaluation:173 | Completed 60000/500000 permutations
2025-09-12 14:27:45 | INFO     | Murray.post_analysis:run_geo_evaluation:173 | Completed 70000/500000 permutations
2025-09-12 14:27:45 | INFO     | Murray.post_analysis:run_geo_evaluation:173 | Completed 80000/500000 permutations
2025-09-12 14:27:45 | INFO     | Murray.post_analysis:run_geo_evaluation:173 | Completed 90000/500000 permutations
2025-09-12 14:27:45 | INFO     | Murray.post_analysis:run_geo_evaluation:173 | Completed 100000/500000 permutations
2025-09-12 14:27:45 | INFO     | Murray.post_analysis:run_geo_evaluation:173 | Completed 110000/500000 permutations
2025-09-12 14:27:45 | INFO     | Murray.post_analysis:run_geo_evaluation:173 | Completed 120000/500000 permutations
2025-09-12 14:27:45 | INFO     | Murray.post_analysis:run_geo_evaluation:173 | Completed 130000/500000 permutations
2025-09-12 14:27:45 | INFO     | Murray.post_analysis:run_geo_evaluation:173 | Completed 140000/500000 permutations
2025-09-12 14:27:45 | INFO     | Murray.post_analysis:run_geo_evaluation:173 | Completed 150000/500000 permutations
2025-09-12 14:27:45 | INFO     | Murray.post_analysis:run_geo_evaluation:173 | Completed 160000/500000 permutations
2025-09-12 14:27:45 | INFO     | Murray.post_analysis:run_geo_evaluation:173 | Completed 170000/500000 permutations
2025-09-12 14:27:45 | INFO     | Murray.post_analysis:run_geo_evaluation:173 | Completed 180000/500000 permutations
2025-09-12 14:27:45 | INFO     | Murray.post_analysis:run_geo_evaluation:173 | Completed 190000/500000 permutations
2025-09-12 14:27:45 | INFO     | Murray.post_analysis:run_geo_evaluation:173 | Completed 200000/500000 permutations
2025-09-12 14:27:45 | INFO     | Murray.post_analysis:run_geo_evaluation:173 | Completed 210000/500000 permutations
2025-09-12 14:27:46 | INFO     | Murray.post_analysis:run_geo_evaluation:173 | Completed 220000/500000 permutations
2025-09-12 14:27:46 | INFO     | Murray.post_analysis:run_geo_evaluation:173 | Completed 230000/500000 permutations
2025-09-12 14:27:46 | INFO     | Murray.post_analysis:run_geo_evaluation:173 | Completed 240000/500000 permutations
2025-09-12 14:27:46 | INFO     | Murray.post_analysis:run_geo_evaluation:173 | Completed 250000/500000 permutations
2025-09-12 14:27:46 | INFO     | Murray.post_analysis:run_geo_evaluation:173 | Completed 260000/500000 permutations
2025-09-12 14:27:46 | INFO     | Murray.post_analysis:run_geo_evaluation:173 | Completed 270000/500000 permutations
2025-09-12 14:27:46 | INFO     | Murray.post_analysis:run_geo_evaluation:173 | Completed 280000/500000 permutations
2025-09-12 14:27:46 | INFO     | Murray.post_analysis:run_geo_evaluation:173 | Completed 290000/500000 permutations
2025-09-12 14:27:46 | INFO     | Murray.post_analysis:run_geo_evaluation:173 | Completed 300000/500000 permutations
2025-09-12 14:27:46 | INFO     | Murray.post_analysis:run_geo_evaluation:173 | Completed 310000/500000 permutations
2025-09-12 14:27:46 | INFO     | Murray.post_analysis:run_geo_evaluation:173 | Completed 320000/500000 permutations
2025-09-12 14:27:46 | INFO     | Murray.post_analysis:run_geo_evaluation:173 | Completed 330000/500000 permutations
2025-09-12 14:27:46 | INFO     | Murray.post_analysis:run_geo_evaluation:173 | Completed 340000/500000 permutations
2025-09-12 14:27:46 | INFO     | Murray.post_analysis:run_geo_evaluation:173 | Completed 350000/500000 permutations
2025-09-12 14:27:46 | INFO     | Murray.post_analysis:run_geo_evaluation:173 | Completed 360000/500000 permutations
2025-09-12 14:27:47 | INFO     | Murray.post_analysis:run_geo_evaluation:173 | Completed 370000/500000 permutations
2025-09-12 14:27:47 | INFO     | Murray.post_analysis:run_geo_evaluation:173 | Completed 380000/500000 permutations
2025-09-12 14:27:47 | INFO     | Murray.post_analysis:run_geo_evaluation:173 | Completed 390000/500000 permutations
2025-09-12 14:27:47 | INFO     | Murray.post_analysis:run_geo_evaluation:173 | Completed 400000/500000 permutations
2025-09-12 14:27:47 | INFO     | Murray.post_analysis:run_geo_evaluation:173 | Completed 410000/500000 permutations
2025-09-12 14:27:47 | INFO     | Murray.post_analysis:run_geo_evaluation:173 | Completed 420000/500000 permutations
2025-09-12 14:27:47 | INFO     | Murray.post_analysis:run_geo_evaluation:173 | Completed 430000/500000 permutations
2025-09-12 14:27:47 | INFO     | Murray.post_analysis:run_geo_evaluation:173 | Completed 440000/500000 permutations
2025-09-12 14:27:47 | INFO     | Murray.post_analysis:run_geo_evaluation:173 | Completed 450000/500000 permutations
2025-09-12 14:27:47 | INFO     | Murray.post_analysis:run_geo_evaluation:173 | Completed 460000/500000 permutations
2025-09-12 14:27:47 | INFO     | Murray.post_analysis:run_geo_evaluation:173 | Completed 470000/500000 permutations
2025-09-12 14:27:47 | INFO     | Murray.post_analysis:run_geo_evaluation:173 | Completed 480000/500000 permutations
2025-09-12 14:27:47 | INFO     | Murray.post_analysis:run_geo_evaluation:173 | Completed 490000/500000 permutations
2025-09-12 14:27:48 | INFO     | Murray.post_analysis:run_geo_evaluation:179 | Permutation test completed, calculating p-value and power...
2025-09-12 14:27:48 | INFO     | Murray.post_analysis:run_geo_evaluation:187 | Calculating post-hoc power using bootstrap methodology...
2025-09-12 14:27:48 | INFO     | Murray.post_analysis:_calculate_bootstrap_power:298 | Starting bootstrap power calculation with 500 iterations...
2025-09-12 14:27:49 | INFO     | Murray.post_analysis:_calculate_bootstrap_power:367 | Bootstrap power calculation completed: 0.1520
2025-09-12 14:27:49 | INFO     | Murray.post_analysis:run_geo_evaluation:216 | Critical value at 90.0% percentile: 19983.1499
2025-09-12 14:27:49 | INFO     | Murray.post_analysis:run_geo_evaluation:217 | Observed statistic: 3593.0058
2025-09-12 14:27:49 | INFO     | Murray.post_analysis:run_geo_evaluation:218 | Effect size (Cohen's d): 0.0387
2025-09-12 14:27:49 | INFO     | Murray.post_analysis:run_geo_evaluation:219 | Bootstrap power: 0.1520
2025-09-12 14:27:49 | INFO     | Murray.post_analysis:run_geo_evaluation:220 | Effect size power: 0.1118
2025-09-12 14:27:49 | INFO     | Murray.post_analysis:run_geo_evaluation:221 | Empirical power: 0.1000
2025-09-12 14:27:49 | INFO     | Murray.post_analysis:run_geo_evaluation:222 | Test result: Not significant
2025-09-12 14:27:49 | INFO     | Murray.post_analysis:run_geo_evaluation:236 | Final results:
2025-09-12 14:27:49 | INFO     | Murray.post_analysis:run_geo_evaluation:237 |   MAPE: 301161656840752.1250
2025-09-12 14:27:49 | INFO     | Murray.post_analysis:run_geo_evaluation:238 |   SMAPE: 171.4372
2025-09-12 14:27:49 | INFO     | Murray.post_analysis:run_geo_evaluation:239 |   Percentage lift: -0.4579%
2025-09-12 14:27:49 | INFO     | Murray.post_analysis:run_geo_evaluation:240 |   P-value: 0.774662
2025-09-12 14:27:49 | INFO     | Murray.post_analysis:run_geo_evaluation:241 |   Power: 0.1520
2025-09-12 14:27:49 | INFO     | Murray.post_analysis:run_geo_evaluation:271 | run_geo_evaluation completed successfully
2025-09-12 14:28:06 | INFO     | __main__:<module>:153 | user isaac@entropy.tech logged in
2025-09-12 14:28:07 | INFO     | __main__:<module>:153 | user isaac@entropy.tech logged in
2025-09-12 14:28:07 | INFO     | Murray.metrics:update_metrics:59 | New record added: {'timestamp': '2025-09-12 14:28:07', 'section': 'experimental_evaluation', 'date': '2025-09-12', 'day_of_week': 'Friday', 'hour': 14}
2025-09-12 14:28:07 | INFO     | Murray.post_analysis:run_geo_evaluation:21 | Starting run_geo_evaluation
2025-09-12 14:28:07 | INFO     | Murray.post_analysis:run_geo_evaluation:22 | Input data shape: (13696, 12)
2025-09-12 14:28:07 | INFO     | Murray.post_analysis:run_geo_evaluation:23 | Treatment group: ['aguascalientes', 'campeche', 'guanajuato', 'jalisco', 'chihuahua', 'oaxaca', 'quintana roo', 'tabasco', 'yucatan']
2025-09-12 14:28:07 | INFO     | Murray.post_analysis:run_geo_evaluation:24 | Start treatment: 2025-07-16 00:00:00, End treatment: 2025-09-01 00:00:00
2025-09-12 14:28:07 | INFO     | Murray.post_analysis:run_geo_evaluation:25 | n_permutations: 500000, significance_level: 0.1
2025-09-12 14:28:07 | INFO     | Murray.post_analysis:run_geo_evaluation:40 | Treatment period positions: 380 to 428
2025-09-12 14:28:07 | INFO     | Murray.post_analysis:run_geo_evaluation:49 | Generating correlation matrix...
2025-09-12 14:28:07 | INFO     | Murray.post_analysis:run_geo_evaluation:52 | Selecting control group...
2025-09-12 14:28:07 | INFO     | Murray.post_analysis:run_geo_evaluation:59 | Control group selected: ['queretaro', 'coahuila', 'tamaulipas', 'puebla', 'morelos', 'guerrero', 'nayarit', 'michoacan', 'durango', 'baja california sur', 'colima', 'sonora', 'hidalgo', 'san luis potosi', 'veracruz', 'state of mexico', 'sinaloa', 'tlaxcala', 'chiapas', 'zacatecas', 'baja california', 'mexico city', 'nuevo leon']
2025-09-12 14:28:07 | INFO     | Murray.post_analysis:run_geo_evaluation:69 | Pivot table shape: (428, 32)
2025-09-12 14:28:07 | INFO     | Murray.post_analysis:run_geo_evaluation:82 | Scaling data...
2025-09-12 14:28:07 | INFO     | Murray.post_analysis:run_geo_evaluation:102 | Fitting synthetic control model...
2025-09-12 14:28:07 | INFO     | Murray.post_analysis:run_geo_evaluation:105 | Model fitted successfully
2025-09-12 14:28:07 | INFO     | Murray.post_analysis:run_geo_evaluation:107 | Making predictions...
2025-09-12 14:28:07 | INFO     | Murray.post_analysis:run_geo_evaluation:138 | Calculating metrics...
2025-09-12 14:28:07 | INFO     | Murray.post_analysis:run_geo_evaluation:139 | Data shapes - treatment: (428,), counterfactual: (428,)
2025-09-12 14:28:07 | INFO     | Murray.post_analysis:run_geo_evaluation:149 | Treatment period sum: 19447.0
2025-09-12 14:28:07 | INFO     | Murray.post_analysis:run_geo_evaluation:150 | Counterfactual period sum: 22018.23567511414
2025-09-12 14:28:07 | INFO     | Murray.post_analysis:run_geo_evaluation:151 | Lift difference (treatment - counterfactual): -2571.2356751141415
2025-09-12 14:28:07 | INFO     | Murray.post_analysis:run_geo_evaluation:165 | Observed statistic (sum of residuals): -2571.2356751141397
2025-09-12 14:28:07 | INFO     | Murray.post_analysis:run_geo_evaluation:166 | Manual verification - observed_stat should equal lift_difference: -2571.2356751141415
2025-09-12 14:28:07 | INFO     | Murray.post_analysis:run_geo_evaluation:168 | Starting permutation test with 500000 permutations...
2025-09-12 14:28:07 | INFO     | Murray.post_analysis:run_geo_evaluation:173 | Completed 10000/500000 permutations
2025-09-12 14:28:07 | INFO     | Murray.post_analysis:run_geo_evaluation:173 | Completed 20000/500000 permutations
2025-09-12 14:28:07 | INFO     | Murray.post_analysis:run_geo_evaluation:173 | Completed 30000/500000 permutations
2025-09-12 14:28:08 | INFO     | Murray.post_analysis:run_geo_evaluation:173 | Completed 40000/500000 permutations
2025-09-12 14:28:08 | INFO     | Murray.post_analysis:run_geo_evaluation:173 | Completed 50000/500000 permutations
2025-09-12 14:28:08 | INFO     | Murray.post_analysis:run_geo_evaluation:173 | Completed 60000/500000 permutations
2025-09-12 14:28:08 | INFO     | Murray.post_analysis:run_geo_evaluation:173 | Completed 70000/500000 permutations
2025-09-12 14:28:08 | INFO     | Murray.post_analysis:run_geo_evaluation:173 | Completed 80000/500000 permutations
2025-09-12 14:28:08 | INFO     | Murray.post_analysis:run_geo_evaluation:173 | Completed 90000/500000 permutations
2025-09-12 14:28:08 | INFO     | Murray.post_analysis:run_geo_evaluation:173 | Completed 100000/500000 permutations
2025-09-12 14:28:08 | INFO     | Murray.post_analysis:run_geo_evaluation:173 | Completed 110000/500000 permutations
2025-09-12 14:28:08 | INFO     | Murray.post_analysis:run_geo_evaluation:173 | Completed 120000/500000 permutations
2025-09-12 14:28:08 | INFO     | Murray.post_analysis:run_geo_evaluation:173 | Completed 130000/500000 permutations
2025-09-12 14:28:08 | INFO     | Murray.post_analysis:run_geo_evaluation:173 | Completed 140000/500000 permutations
2025-09-12 14:28:08 | INFO     | Murray.post_analysis:run_geo_evaluation:173 | Completed 150000/500000 permutations
2025-09-12 14:28:08 | INFO     | Murray.post_analysis:run_geo_evaluation:173 | Completed 160000/500000 permutations
2025-09-12 14:28:08 | INFO     | Murray.post_analysis:run_geo_evaluation:173 | Completed 170000/500000 permutations
2025-09-12 14:28:09 | INFO     | Murray.post_analysis:run_geo_evaluation:173 | Completed 180000/500000 permutations
2025-09-12 14:28:09 | INFO     | Murray.post_analysis:run_geo_evaluation:173 | Completed 190000/500000 permutations
2025-09-12 14:28:09 | INFO     | Murray.post_analysis:run_geo_evaluation:173 | Completed 200000/500000 permutations
2025-09-12 14:28:09 | INFO     | Murray.post_analysis:run_geo_evaluation:173 | Completed 210000/500000 permutations
2025-09-12 14:28:09 | INFO     | Murray.post_analysis:run_geo_evaluation:173 | Completed 220000/500000 permutations
2025-09-12 14:28:09 | INFO     | Murray.post_analysis:run_geo_evaluation:173 | Completed 230000/500000 permutations
2025-09-12 14:28:09 | INFO     | Murray.post_analysis:run_geo_evaluation:173 | Completed 240000/500000 permutations
2025-09-12 14:28:09 | INFO     | Murray.post_analysis:run_geo_evaluation:173 | Completed 250000/500000 permutations
2025-09-12 14:28:09 | INFO     | Murray.post_analysis:run_geo_evaluation:173 | Completed 260000/500000 permutations
2025-09-12 14:28:09 | INFO     | Murray.post_analysis:run_geo_evaluation:173 | Completed 270000/500000 permutations
2025-09-12 14:28:09 | INFO     | Murray.post_analysis:run_geo_evaluation:173 | Completed 280000/500000 permutations
2025-09-12 14:28:09 | INFO     | Murray.post_analysis:run_geo_evaluation:173 | Completed 290000/500000 permutations
2025-09-12 14:28:09 | INFO     | Murray.post_analysis:run_geo_evaluation:173 | Completed 300000/500000 permutations
2025-09-12 14:28:09 | INFO     | Murray.post_analysis:run_geo_evaluation:173 | Completed 310000/500000 permutations
2025-09-12 14:28:10 | INFO     | Murray.post_analysis:run_geo_evaluation:173 | Completed 320000/500000 permutations
2025-09-12 14:28:10 | INFO     | Murray.post_analysis:run_geo_evaluation:173 | Completed 330000/500000 permutations
2025-09-12 14:28:10 | INFO     | Murray.post_analysis:run_geo_evaluation:173 | Completed 340000/500000 permutations
2025-09-12 14:28:10 | INFO     | Murray.post_analysis:run_geo_evaluation:173 | Completed 350000/500000 permutations
2025-09-12 14:28:10 | INFO     | Murray.post_analysis:run_geo_evaluation:173 | Completed 360000/500000 permutations
2025-09-12 14:28:10 | INFO     | Murray.post_analysis:run_geo_evaluation:173 | Completed 370000/500000 permutations
2025-09-12 14:28:10 | INFO     | Murray.post_analysis:run_geo_evaluation:173 | Completed 380000/500000 permutations
2025-09-12 14:28:10 | INFO     | Murray.post_analysis:run_geo_evaluation:173 | Completed 390000/500000 permutations
2025-09-12 14:28:10 | INFO     | Murray.post_analysis:run_geo_evaluation:173 | Completed 400000/500000 permutations
2025-09-12 14:28:10 | INFO     | Murray.post_analysis:run_geo_evaluation:173 | Completed 410000/500000 permutations
2025-09-12 14:28:10 | INFO     | Murray.post_analysis:run_geo_evaluation:173 | Completed 420000/500000 permutations
2025-09-12 14:28:10 | INFO     | Murray.post_analysis:run_geo_evaluation:173 | Completed 430000/500000 permutations
2025-09-12 14:28:10 | INFO     | Murray.post_analysis:run_geo_evaluation:173 | Completed 440000/500000 permutations
2025-09-12 14:28:10 | INFO     | Murray.post_analysis:run_geo_evaluation:173 | Completed 450000/500000 permutations
2025-09-12 14:28:11 | INFO     | Murray.post_analysis:run_geo_evaluation:173 | Completed 460000/500000 permutations
2025-09-12 14:28:11 | INFO     | Murray.post_analysis:run_geo_evaluation:173 | Completed 470000/500000 permutations
2025-09-12 14:28:11 | INFO     | Murray.post_analysis:run_geo_evaluation:173 | Completed 480000/500000 permutations
2025-09-12 14:28:11 | INFO     | Murray.post_analysis:run_geo_evaluation:173 | Completed 490000/500000 permutations
2025-09-12 14:28:11 | INFO     | Murray.post_analysis:run_geo_evaluation:179 | Permutation test completed, calculating p-value and power...
2025-09-12 14:28:11 | INFO     | Murray.post_analysis:run_geo_evaluation:187 | Calculating post-hoc power using bootstrap methodology...
2025-09-12 14:28:11 | INFO     | Murray.post_analysis:_calculate_bootstrap_power:298 | Starting bootstrap power calculation with 500 iterations...
2025-09-12 14:28:13 | INFO     | Murray.post_analysis:_calculate_bootstrap_power:367 | Bootstrap power calculation completed: 0.4580
2025-09-12 14:28:13 | INFO     | Murray.post_analysis:run_geo_evaluation:216 | Critical value at 90.0% percentile: 2583.1228
2025-09-12 14:28:13 | INFO     | Murray.post_analysis:run_geo_evaluation:217 | Observed statistic: 2571.2357
2025-09-12 14:28:13 | INFO     | Murray.post_analysis:run_geo_evaluation:218 | Effect size (Cohen's d): 0.2553
2025-09-12 14:28:13 | INFO     | Murray.post_analysis:run_geo_evaluation:219 | Bootstrap power: 0.4580
2025-09-12 14:28:13 | INFO     | Murray.post_analysis:run_geo_evaluation:220 | Effect size power: 0.5395
2025-09-12 14:28:13 | INFO     | Murray.post_analysis:run_geo_evaluation:221 | Empirical power: 0.1000
2025-09-12 14:28:13 | INFO     | Murray.post_analysis:run_geo_evaluation:222 | Test result: Not significant
2025-09-12 14:28:13 | INFO     | Murray.post_analysis:run_geo_evaluation:236 | Final results:
2025-09-12 14:28:13 | INFO     | Murray.post_analysis:run_geo_evaluation:237 |   MAPE: 48130529094056.4531
2025-09-12 14:28:13 | INFO     | Murray.post_analysis:run_geo_evaluation:238 |   SMAPE: 173.0091
2025-09-12 14:28:13 | INFO     | Murray.post_analysis:run_geo_evaluation:239 |   Percentage lift: -11.6778%
2025-09-12 14:28:13 | INFO     | Murray.post_analysis:run_geo_evaluation:240 |   P-value: 0.101796
2025-09-12 14:28:13 | INFO     | Murray.post_analysis:run_geo_evaluation:241 |   Power: 0.4580
2025-09-12 14:28:13 | INFO     | Murray.post_analysis:run_geo_evaluation:271 | run_geo_evaluation completed successfully
2025-09-12 14:28:30 | INFO     | __main__:<module>:153 | user isaac@entropy.tech logged in
2025-09-12 14:28:32 | INFO     | __main__:<module>:153 | user isaac@entropy.tech logged in
2025-09-12 14:28:32 | INFO     | Murray.metrics:update_metrics:59 | New record added: {'timestamp': '2025-09-12 14:28:32', 'section': 'experimental_evaluation', 'date': '2025-09-12', 'day_of_week': 'Friday', 'hour': 14}
2025-09-12 14:28:32 | INFO     | Murray.post_analysis:run_geo_evaluation:21 | Starting run_geo_evaluation
2025-09-12 14:28:32 | INFO     | Murray.post_analysis:run_geo_evaluation:22 | Input data shape: (13696, 12)
2025-09-12 14:28:32 | INFO     | Murray.post_analysis:run_geo_evaluation:23 | Treatment group: ['aguascalientes', 'campeche', 'guanajuato', 'jalisco', 'chihuahua', 'oaxaca', 'quintana roo', 'tabasco', 'yucatan']
2025-09-12 14:28:32 | INFO     | Murray.post_analysis:run_geo_evaluation:24 | Start treatment: 2025-07-16 00:00:00, End treatment: 2025-09-01 00:00:00
2025-09-12 14:28:32 | INFO     | Murray.post_analysis:run_geo_evaluation:25 | n_permutations: 500000, significance_level: 0.1
2025-09-12 14:28:32 | INFO     | Murray.post_analysis:run_geo_evaluation:40 | Treatment period positions: 380 to 428
2025-09-12 14:28:32 | INFO     | Murray.post_analysis:run_geo_evaluation:49 | Generating correlation matrix...
2025-09-12 14:28:32 | INFO     | Murray.post_analysis:run_geo_evaluation:52 | Selecting control group...
2025-09-12 14:28:32 | INFO     | Murray.post_analysis:run_geo_evaluation:59 | Control group selected: ['queretaro', 'coahuila', 'tamaulipas', 'puebla', 'morelos', 'guerrero', 'nayarit', 'michoacan', 'durango', 'baja california sur', 'colima', 'sonora', 'hidalgo', 'san luis potosi', 'veracruz', 'state of mexico', 'sinaloa', 'chiapas', 'tlaxcala', 'zacatecas', 'baja california', 'mexico city', 'nuevo leon']
2025-09-12 14:28:32 | INFO     | Murray.post_analysis:run_geo_evaluation:69 | Pivot table shape: (428, 32)
2025-09-12 14:28:32 | INFO     | Murray.post_analysis:run_geo_evaluation:82 | Scaling data...
2025-09-12 14:28:32 | INFO     | Murray.post_analysis:run_geo_evaluation:102 | Fitting synthetic control model...
2025-09-12 14:28:32 | INFO     | Murray.post_analysis:run_geo_evaluation:105 | Model fitted successfully
2025-09-12 14:28:32 | INFO     | Murray.post_analysis:run_geo_evaluation:107 | Making predictions...
2025-09-12 14:28:32 | INFO     | Murray.post_analysis:run_geo_evaluation:138 | Calculating metrics...
2025-09-12 14:28:32 | INFO     | Murray.post_analysis:run_geo_evaluation:139 | Data shapes - treatment: (428,), counterfactual: (428,)
2025-09-12 14:28:32 | INFO     | Murray.post_analysis:run_geo_evaluation:149 | Treatment period sum: 5630.0
2025-09-12 14:28:32 | INFO     | Murray.post_analysis:run_geo_evaluation:150 | Counterfactual period sum: 5734.284522712689
2025-09-12 14:28:32 | INFO     | Murray.post_analysis:run_geo_evaluation:151 | Lift difference (treatment - counterfactual): -104.28452271268907
2025-09-12 14:28:32 | INFO     | Murray.post_analysis:run_geo_evaluation:165 | Observed statistic (sum of residuals): -104.28452271268844
2025-09-12 14:28:32 | INFO     | Murray.post_analysis:run_geo_evaluation:166 | Manual verification - observed_stat should equal lift_difference: -104.28452271268907
2025-09-12 14:28:32 | INFO     | Murray.post_analysis:run_geo_evaluation:168 | Starting permutation test with 500000 permutations...
2025-09-12 14:28:32 | INFO     | Murray.post_analysis:run_geo_evaluation:173 | Completed 10000/500000 permutations
2025-09-12 14:28:32 | INFO     | Murray.post_analysis:run_geo_evaluation:173 | Completed 20000/500000 permutations
2025-09-12 14:28:32 | INFO     | Murray.post_analysis:run_geo_evaluation:173 | Completed 30000/500000 permutations
2025-09-12 14:28:32 | INFO     | Murray.post_analysis:run_geo_evaluation:173 | Completed 40000/500000 permutations
2025-09-12 14:28:32 | INFO     | Murray.post_analysis:run_geo_evaluation:173 | Completed 50000/500000 permutations
2025-09-12 14:28:32 | INFO     | Murray.post_analysis:run_geo_evaluation:173 | Completed 60000/500000 permutations
2025-09-12 14:28:33 | INFO     | Murray.post_analysis:run_geo_evaluation:173 | Completed 70000/500000 permutations
2025-09-12 14:28:33 | INFO     | Murray.post_analysis:run_geo_evaluation:173 | Completed 80000/500000 permutations
2025-09-12 14:28:33 | INFO     | Murray.post_analysis:run_geo_evaluation:173 | Completed 90000/500000 permutations
2025-09-12 14:28:33 | INFO     | Murray.post_analysis:run_geo_evaluation:173 | Completed 100000/500000 permutations
2025-09-12 14:28:33 | INFO     | Murray.post_analysis:run_geo_evaluation:173 | Completed 110000/500000 permutations
2025-09-12 14:28:33 | INFO     | Murray.post_analysis:run_geo_evaluation:173 | Completed 120000/500000 permutations
2025-09-12 14:28:33 | INFO     | Murray.post_analysis:run_geo_evaluation:173 | Completed 130000/500000 permutations
2025-09-12 14:28:33 | INFO     | Murray.post_analysis:run_geo_evaluation:173 | Completed 140000/500000 permutations
2025-09-12 14:28:33 | INFO     | Murray.post_analysis:run_geo_evaluation:173 | Completed 150000/500000 permutations
2025-09-12 14:28:33 | INFO     | Murray.post_analysis:run_geo_evaluation:173 | Completed 160000/500000 permutations
2025-09-12 14:28:33 | INFO     | Murray.post_analysis:run_geo_evaluation:173 | Completed 170000/500000 permutations
2025-09-12 14:28:33 | INFO     | Murray.post_analysis:run_geo_evaluation:173 | Completed 180000/500000 permutations
2025-09-12 14:28:33 | INFO     | Murray.post_analysis:run_geo_evaluation:173 | Completed 190000/500000 permutations
2025-09-12 14:28:33 | INFO     | Murray.post_analysis:run_geo_evaluation:173 | Completed 200000/500000 permutations
2025-09-12 14:28:34 | INFO     | Murray.post_analysis:run_geo_evaluation:173 | Completed 210000/500000 permutations
2025-09-12 14:28:34 | INFO     | Murray.post_analysis:run_geo_evaluation:173 | Completed 220000/500000 permutations
2025-09-12 14:28:34 | INFO     | Murray.post_analysis:run_geo_evaluation:173 | Completed 230000/500000 permutations
2025-09-12 14:28:34 | INFO     | Murray.post_analysis:run_geo_evaluation:173 | Completed 240000/500000 permutations
2025-09-12 14:28:34 | INFO     | Murray.post_analysis:run_geo_evaluation:173 | Completed 250000/500000 permutations
2025-09-12 14:28:34 | INFO     | Murray.post_analysis:run_geo_evaluation:173 | Completed 260000/500000 permutations
2025-09-12 14:28:34 | INFO     | Murray.post_analysis:run_geo_evaluation:173 | Completed 270000/500000 permutations
2025-09-12 14:28:34 | INFO     | Murray.post_analysis:run_geo_evaluation:173 | Completed 280000/500000 permutations
2025-09-12 14:28:34 | INFO     | Murray.post_analysis:run_geo_evaluation:173 | Completed 290000/500000 permutations
2025-09-12 14:28:34 | INFO     | Murray.post_analysis:run_geo_evaluation:173 | Completed 300000/500000 permutations
2025-09-12 14:28:34 | INFO     | Murray.post_analysis:run_geo_evaluation:173 | Completed 310000/500000 permutations
2025-09-12 14:28:34 | INFO     | Murray.post_analysis:run_geo_evaluation:173 | Completed 320000/500000 permutations
2025-09-12 14:28:34 | INFO     | Murray.post_analysis:run_geo_evaluation:173 | Completed 330000/500000 permutations
2025-09-12 14:28:34 | INFO     | Murray.post_analysis:run_geo_evaluation:173 | Completed 340000/500000 permutations
2025-09-12 14:28:35 | INFO     | Murray.post_analysis:run_geo_evaluation:173 | Completed 350000/500000 permutations
2025-09-12 14:28:35 | INFO     | Murray.post_analysis:run_geo_evaluation:173 | Completed 360000/500000 permutations
2025-09-12 14:28:35 | INFO     | Murray.post_analysis:run_geo_evaluation:173 | Completed 370000/500000 permutations
2025-09-12 14:28:35 | INFO     | Murray.post_analysis:run_geo_evaluation:173 | Completed 380000/500000 permutations
2025-09-12 14:28:35 | INFO     | Murray.post_analysis:run_geo_evaluation:173 | Completed 390000/500000 permutations
2025-09-12 14:28:35 | INFO     | Murray.post_analysis:run_geo_evaluation:173 | Completed 400000/500000 permutations
2025-09-12 14:28:35 | INFO     | Murray.post_analysis:run_geo_evaluation:173 | Completed 410000/500000 permutations
2025-09-12 14:28:35 | INFO     | Murray.post_analysis:run_geo_evaluation:173 | Completed 420000/500000 permutations
2025-09-12 14:28:35 | INFO     | Murray.post_analysis:run_geo_evaluation:173 | Completed 430000/500000 permutations
2025-09-12 14:28:35 | INFO     | Murray.post_analysis:run_geo_evaluation:173 | Completed 440000/500000 permutations
2025-09-12 14:28:35 | INFO     | Murray.post_analysis:run_geo_evaluation:173 | Completed 450000/500000 permutations
2025-09-12 14:28:35 | INFO     | Murray.post_analysis:run_geo_evaluation:173 | Completed 460000/500000 permutations
2025-09-12 14:28:35 | INFO     | Murray.post_analysis:run_geo_evaluation:173 | Completed 470000/500000 permutations
2025-09-12 14:28:35 | INFO     | Murray.post_analysis:run_geo_evaluation:173 | Completed 480000/500000 permutations
2025-09-12 14:28:36 | INFO     | Murray.post_analysis:run_geo_evaluation:173 | Completed 490000/500000 permutations
2025-09-12 14:28:36 | INFO     | Murray.post_analysis:run_geo_evaluation:179 | Permutation test completed, calculating p-value and power...
2025-09-12 14:28:36 | INFO     | Murray.post_analysis:run_geo_evaluation:187 | Calculating post-hoc power using bootstrap methodology...
2025-09-12 14:28:36 | INFO     | Murray.post_analysis:_calculate_bootstrap_power:298 | Starting bootstrap power calculation with 500 iterations...
2025-09-12 14:28:37 | INFO     | Murray.post_analysis:_calculate_bootstrap_power:367 | Bootstrap power calculation completed: 0.1620
2025-09-12 14:28:37 | INFO     | Murray.post_analysis:run_geo_evaluation:216 | Critical value at 90.0% percentile: 476.8978
2025-09-12 14:28:37 | INFO     | Murray.post_analysis:run_geo_evaluation:217 | Observed statistic: 104.2845
2025-09-12 14:28:37 | INFO     | Murray.post_analysis:run_geo_evaluation:218 | Effect size (Cohen's d): 0.0569
2025-09-12 14:28:37 | INFO     | Murray.post_analysis:run_geo_evaluation:219 | Bootstrap power: 0.1620
2025-09-12 14:28:37 | INFO     | Murray.post_analysis:run_geo_evaluation:220 | Effect size power: 0.1255
2025-09-12 14:28:37 | INFO     | Murray.post_analysis:run_geo_evaluation:221 | Empirical power: 0.1000
2025-09-12 14:28:37 | INFO     | Murray.post_analysis:run_geo_evaluation:222 | Test result: Not significant
2025-09-12 14:28:37 | INFO     | Murray.post_analysis:run_geo_evaluation:236 | Final results:
2025-09-12 14:28:37 | INFO     | Murray.post_analysis:run_geo_evaluation:237 |   MAPE: 7744192133636.5693
2025-09-12 14:28:37 | INFO     | Murray.post_analysis:run_geo_evaluation:238 |   SMAPE: 172.2890
2025-09-12 14:28:37 | INFO     | Murray.post_analysis:run_geo_evaluation:239 |   Percentage lift: -1.8186%
2025-09-12 14:28:37 | INFO     | Murray.post_analysis:run_geo_evaluation:240 |   P-value: 0.726472
2025-09-12 14:28:37 | INFO     | Murray.post_analysis:run_geo_evaluation:241 |   Power: 0.1620
2025-09-12 14:28:37 | INFO     | Murray.post_analysis:run_geo_evaluation:271 | run_geo_evaluation completed successfully
2025-09-12 16:30:41 | INFO     | __main__:<module>:153 | user isaac@entropy.tech logged in
2025-09-12 16:30:44 | INFO     | __main__:<module>:153 | user isaac@entropy.tech logged in
2025-09-12 16:30:45 | INFO     | Murray.metrics:update_metrics:59 | New record added: {'timestamp': '2025-09-12 16:30:45', 'section': 'experimental_evaluation', 'date': '2025-09-12', 'day_of_week': 'Friday', 'hour': 16}
2025-09-12 16:30:45 | INFO     | Murray.post_analysis:run_geo_evaluation:21 | Starting run_geo_evaluation
2025-09-12 16:30:45 | INFO     | Murray.post_analysis:run_geo_evaluation:22 | Input data shape: (13696, 12)
2025-09-12 16:30:45 | INFO     | Murray.post_analysis:run_geo_evaluation:23 | Treatment group: ['aguascalientes', 'campeche', 'guanajuato', 'jalisco', 'chihuahua', 'oaxaca', 'quintana roo', 'tabasco', 'yucatan']
2025-09-12 16:30:45 | INFO     | Murray.post_analysis:run_geo_evaluation:24 | Start treatment: 2025-07-16 00:00:00, End treatment: 2025-09-01 00:00:00
2025-09-12 16:30:45 | INFO     | Murray.post_analysis:run_geo_evaluation:25 | n_permutations: 500000, significance_level: 0.1
2025-09-12 16:30:45 | INFO     | Murray.post_analysis:run_geo_evaluation:40 | Treatment period positions: 380 to 428
2025-09-12 16:30:45 | INFO     | Murray.post_analysis:run_geo_evaluation:49 | Generating correlation matrix...
2025-09-12 16:30:45 | INFO     | Murray.post_analysis:run_geo_evaluation:52 | Selecting control group...
2025-09-12 16:30:45 | INFO     | Murray.post_analysis:run_geo_evaluation:59 | Control group selected: ['queretaro', 'coahuila', 'tamaulipas', 'puebla', 'morelos', 'guerrero', 'nayarit', 'michoacan', 'durango', 'baja california sur', 'colima', 'sonora', 'hidalgo', 'san luis potosi', 'veracruz', 'state of mexico', 'sinaloa', 'chiapas', 'tlaxcala', 'zacatecas', 'baja california', 'mexico city', 'nuevo leon']
2025-09-12 16:30:45 | INFO     | Murray.post_analysis:run_geo_evaluation:69 | Pivot table shape: (428, 32)
2025-09-12 16:30:45 | INFO     | Murray.post_analysis:run_geo_evaluation:82 | Scaling data...
2025-09-12 16:30:45 | INFO     | Murray.post_analysis:run_geo_evaluation:102 | Fitting synthetic control model...
2025-09-12 16:30:45 | INFO     | Murray.post_analysis:run_geo_evaluation:105 | Model fitted successfully
2025-09-12 16:30:45 | INFO     | Murray.post_analysis:run_geo_evaluation:107 | Making predictions...
2025-09-12 16:30:45 | INFO     | Murray.post_analysis:run_geo_evaluation:138 | Calculating metrics...
2025-09-12 16:30:45 | INFO     | Murray.post_analysis:run_geo_evaluation:139 | Data shapes - treatment: (428,), counterfactual: (428,)
2025-09-12 16:30:45 | INFO     | Murray.post_analysis:run_geo_evaluation:149 | Treatment period sum: 26380028.0
2025-09-12 16:30:45 | INFO     | Murray.post_analysis:run_geo_evaluation:150 | Counterfactual period sum: 27077120.913049
2025-09-12 16:30:45 | INFO     | Murray.post_analysis:run_geo_evaluation:151 | Lift difference (treatment - counterfactual): -697092.9130490012
2025-09-12 16:30:45 | INFO     | Murray.post_analysis:run_geo_evaluation:165 | Observed statistic (sum of residuals): -697092.9130490003
2025-09-12 16:30:45 | INFO     | Murray.post_analysis:run_geo_evaluation:166 | Manual verification - observed_stat should equal lift_difference: -697092.9130490012
2025-09-12 16:30:45 | INFO     | Murray.post_analysis:run_geo_evaluation:168 | Starting permutation test with 500000 permutations...
2025-09-12 16:30:45 | INFO     | Murray.post_analysis:run_geo_evaluation:173 | Completed 10000/500000 permutations
2025-09-12 16:30:45 | INFO     | Murray.post_analysis:run_geo_evaluation:173 | Completed 20000/500000 permutations
2025-09-12 16:30:45 | INFO     | Murray.post_analysis:run_geo_evaluation:173 | Completed 30000/500000 permutations
2025-09-12 16:30:45 | INFO     | Murray.post_analysis:run_geo_evaluation:173 | Completed 40000/500000 permutations
2025-09-12 16:30:45 | INFO     | Murray.post_analysis:run_geo_evaluation:173 | Completed 50000/500000 permutations
2025-09-12 16:30:46 | INFO     | Murray.post_analysis:run_geo_evaluation:173 | Completed 60000/500000 permutations
2025-09-12 16:30:46 | INFO     | Murray.post_analysis:run_geo_evaluation:173 | Completed 70000/500000 permutations
2025-09-12 16:30:46 | INFO     | Murray.post_analysis:run_geo_evaluation:173 | Completed 80000/500000 permutations
2025-09-12 16:30:46 | INFO     | Murray.post_analysis:run_geo_evaluation:173 | Completed 90000/500000 permutations
2025-09-12 16:30:46 | INFO     | Murray.post_analysis:run_geo_evaluation:173 | Completed 100000/500000 permutations
2025-09-12 16:30:46 | INFO     | Murray.post_analysis:run_geo_evaluation:173 | Completed 110000/500000 permutations
2025-09-12 16:30:47 | INFO     | Murray.post_analysis:run_geo_evaluation:173 | Completed 120000/500000 permutations
2025-09-12 16:30:47 | INFO     | Murray.post_analysis:run_geo_evaluation:173 | Completed 130000/500000 permutations
2025-09-12 16:30:47 | INFO     | Murray.post_analysis:run_geo_evaluation:173 | Completed 140000/500000 permutations
2025-09-12 16:30:47 | INFO     | Murray.post_analysis:run_geo_evaluation:173 | Completed 150000/500000 permutations
2025-09-12 16:30:47 | INFO     | Murray.post_analysis:run_geo_evaluation:173 | Completed 160000/500000 permutations
2025-09-12 16:30:47 | INFO     | Murray.post_analysis:run_geo_evaluation:173 | Completed 170000/500000 permutations
2025-09-12 16:30:47 | INFO     | Murray.post_analysis:run_geo_evaluation:173 | Completed 180000/500000 permutations
2025-09-12 16:30:48 | INFO     | Murray.post_analysis:run_geo_evaluation:173 | Completed 190000/500000 permutations
2025-09-12 16:30:48 | INFO     | Murray.post_analysis:run_geo_evaluation:173 | Completed 200000/500000 permutations
2025-09-12 16:30:48 | INFO     | Murray.post_analysis:run_geo_evaluation:173 | Completed 210000/500000 permutations
2025-09-12 16:30:48 | INFO     | Murray.post_analysis:run_geo_evaluation:173 | Completed 220000/500000 permutations
2025-09-12 16:30:48 | INFO     | Murray.post_analysis:run_geo_evaluation:173 | Completed 230000/500000 permutations
2025-09-12 16:30:48 | INFO     | Murray.post_analysis:run_geo_evaluation:173 | Completed 240000/500000 permutations
2025-09-12 16:30:49 | INFO     | Murray.post_analysis:run_geo_evaluation:173 | Completed 250000/500000 permutations
2025-09-12 16:30:49 | INFO     | Murray.post_analysis:run_geo_evaluation:173 | Completed 260000/500000 permutations
2025-09-12 16:30:49 | INFO     | Murray.post_analysis:run_geo_evaluation:173 | Completed 270000/500000 permutations
2025-09-12 16:30:49 | INFO     | Murray.post_analysis:run_geo_evaluation:173 | Completed 280000/500000 permutations
2025-09-12 16:30:49 | INFO     | Murray.post_analysis:run_geo_evaluation:173 | Completed 290000/500000 permutations
2025-09-12 16:30:49 | INFO     | Murray.post_analysis:run_geo_evaluation:173 | Completed 300000/500000 permutations
2025-09-12 16:30:49 | INFO     | Murray.post_analysis:run_geo_evaluation:173 | Completed 310000/500000 permutations
2025-09-12 16:30:50 | INFO     | Murray.post_analysis:run_geo_evaluation:173 | Completed 320000/500000 permutations
2025-09-12 16:30:50 | INFO     | Murray.post_analysis:run_geo_evaluation:173 | Completed 330000/500000 permutations
2025-09-12 16:30:50 | INFO     | Murray.post_analysis:run_geo_evaluation:173 | Completed 340000/500000 permutations
2025-09-12 16:30:50 | INFO     | Murray.post_analysis:run_geo_evaluation:173 | Completed 350000/500000 permutations
2025-09-12 16:30:50 | INFO     | Murray.post_analysis:run_geo_evaluation:173 | Completed 360000/500000 permutations
2025-09-12 16:30:50 | INFO     | Murray.post_analysis:run_geo_evaluation:173 | Completed 370000/500000 permutations
2025-09-12 16:30:51 | INFO     | Murray.post_analysis:run_geo_evaluation:173 | Completed 380000/500000 permutations
2025-09-12 16:30:51 | INFO     | Murray.post_analysis:run_geo_evaluation:173 | Completed 390000/500000 permutations
2025-09-12 16:30:51 | INFO     | Murray.post_analysis:run_geo_evaluation:173 | Completed 400000/500000 permutations
2025-09-12 16:30:51 | INFO     | Murray.post_analysis:run_geo_evaluation:173 | Completed 410000/500000 permutations
2025-09-12 16:30:51 | INFO     | Murray.post_analysis:run_geo_evaluation:173 | Completed 420000/500000 permutations
2025-09-12 16:30:51 | INFO     | Murray.post_analysis:run_geo_evaluation:173 | Completed 430000/500000 permutations
2025-09-12 16:30:51 | INFO     | Murray.post_analysis:run_geo_evaluation:173 | Completed 440000/500000 permutations
2025-09-12 16:30:52 | INFO     | Murray.post_analysis:run_geo_evaluation:173 | Completed 450000/500000 permutations
2025-09-12 16:30:52 | INFO     | Murray.post_analysis:run_geo_evaluation:173 | Completed 460000/500000 permutations
2025-09-12 16:30:52 | INFO     | Murray.post_analysis:run_geo_evaluation:173 | Completed 470000/500000 permutations
2025-09-12 16:30:52 | INFO     | Murray.post_analysis:run_geo_evaluation:173 | Completed 480000/500000 permutations
2025-09-12 16:30:52 | INFO     | Murray.post_analysis:run_geo_evaluation:173 | Completed 490000/500000 permutations
2025-09-12 16:30:53 | INFO     | Murray.post_analysis:run_geo_evaluation:179 | Permutation test completed, calculating p-value and power...
2025-09-12 16:30:53 | INFO     | Murray.post_analysis:run_geo_evaluation:187 | Calculating post-hoc power using bootstrap methodology...
2025-09-12 16:30:53 | INFO     | Murray.post_analysis:_calculate_bootstrap_power:298 | Starting bootstrap power calculation with 500 iterations...
2025-09-12 16:30:56 | INFO     | Murray.post_analysis:_calculate_bootstrap_power:367 | Bootstrap power calculation completed: 0.1740
2025-09-12 16:30:56 | INFO     | Murray.post_analysis:run_geo_evaluation:216 | Critical value at 90.0% percentile: 2296716.7062
2025-09-12 16:30:56 | INFO     | Murray.post_analysis:run_geo_evaluation:217 | Observed statistic: 697092.9130
2025-09-12 16:30:56 | INFO     | Murray.post_analysis:run_geo_evaluation:218 | Effect size (Cohen's d): 0.0794
2025-09-12 16:30:56 | INFO     | Murray.post_analysis:run_geo_evaluation:219 | Bootstrap power: 0.1740
2025-09-12 16:30:56 | INFO     | Murray.post_analysis:run_geo_evaluation:220 | Effect size power: 0.1494
2025-09-12 16:30:56 | INFO     | Murray.post_analysis:run_geo_evaluation:221 | Empirical power: 0.1000
2025-09-12 16:30:56 | INFO     | Murray.post_analysis:run_geo_evaluation:222 | Test result: Not significant
2025-09-12 16:30:56 | INFO     | Murray.post_analysis:run_geo_evaluation:236 | Final results:
2025-09-12 16:30:56 | INFO     | Murray.post_analysis:run_geo_evaluation:237 |   MAPE: 37723760779788992.0000
2025-09-12 16:30:56 | INFO     | Murray.post_analysis:run_geo_evaluation:238 |   SMAPE: 172.3197
2025-09-12 16:30:56 | INFO     | Murray.post_analysis:run_geo_evaluation:239 |   Percentage lift: -2.5745%
2025-09-12 16:30:56 | INFO     | Murray.post_analysis:run_geo_evaluation:240 |   P-value: 0.629056
2025-09-12 16:30:56 | INFO     | Murray.post_analysis:run_geo_evaluation:241 |   Power: 0.1740
2025-09-12 16:30:56 | INFO     | Murray.post_analysis:run_geo_evaluation:271 | run_geo_evaluation completed successfully
2025-09-12 17:46:32 | INFO     | __main__:<module>:153 | user isaac@entropy.tech logged in
