2025-09-19 16:05:19 | INFO     | __main__:<module>:153 | user isaac@entropy.tech logged in
2025-09-19 16:06:06 | INFO     | __main__:<module>:153 | user isaac@entropy.tech logged in
2025-09-19 16:06:06 | INFO     | Murray.auxiliary:analyze_data_characteristics:178 | Analyzing data characteristics for statistical test selection
2025-09-19 16:06:08 | INFO     | __main__:<module>:153 | user isaac@entropy.tech logged in
2025-09-19 16:06:08 | INFO     | Murray.auxiliary:analyze_data_characteristics:178 | Analyzing data characteristics for statistical test selection
2025-09-19 16:06:19 | INFO     | __main__:<module>:153 | user isaac@entropy.tech logged in
2025-09-19 16:06:19 | INFO     | Murray.auxiliary:analyze_data_characteristics:178 | Analyzing data characteristics for statistical test selection
2025-09-19 16:06:20 | INFO     | __main__:<module>:153 | user isaac@entropy.tech logged in
2025-09-19 16:06:20 | INFO     | Murray.auxiliary:analyze_data_characteristics:178 | Analyzing data characteristics for statistical test selection
2025-09-19 16:06:33 | INFO     | __main__:<module>:153 | user isaac@entropy.tech logged in
2025-09-19 16:06:33 | INFO     | Murray.auxiliary:analyze_data_characteristics:178 | Analyzing data characteristics for statistical test selection
2025-09-19 16:06:33 | INFO     | __main__:<module>:153 | user isaac@entropy.tech logged in
2025-09-19 16:06:33 | INFO     | Murray.auxiliary:analyze_data_characteristics:178 | Analyzing data characteristics for statistical test selection
2025-09-19 16:06:33 | INFO     | __main__:<module>:153 | user isaac@entropy.tech logged in
2025-09-19 16:06:34 | INFO     | Murray.auxiliary:analyze_data_characteristics:178 | Analyzing data characteristics for statistical test selection
2025-09-19 16:06:34 | INFO     | __main__:<module>:153 | user isaac@entropy.tech logged in
2025-09-19 16:06:34 | INFO     | Murray.auxiliary:analyze_data_characteristics:178 | Analyzing data characteristics for statistical test selection
2025-09-19 16:06:34 | INFO     | __main__:<module>:153 | user isaac@entropy.tech logged in
2025-09-19 16:06:34 | INFO     | Murray.auxiliary:analyze_data_characteristics:178 | Analyzing data characteristics for statistical test selection
2025-09-19 16:06:37 | INFO     | __main__:<module>:153 | user isaac@entropy.tech logged in
2025-09-19 16:06:37 | INFO     | Murray.auxiliary:analyze_data_characteristics:178 | Analyzing data characteristics for statistical test selection
2025-09-19 16:06:37 | INFO     | __main__:<module>:153 | user isaac@entropy.tech logged in
2025-09-19 16:06:37 | INFO     | Murray.auxiliary:analyze_data_characteristics:178 | Analyzing data characteristics for statistical test selection
2025-09-19 16:06:37 | INFO     | __main__:<module>:153 | user isaac@entropy.tech logged in
2025-09-19 16:06:37 | INFO     | Murray.auxiliary:analyze_data_characteristics:178 | Analyzing data characteristics for statistical test selection
2025-09-19 16:06:37 | INFO     | __main__:<module>:153 | user isaac@entropy.tech logged in
2025-09-19 16:06:37 | INFO     | Murray.auxiliary:analyze_data_characteristics:178 | Analyzing data characteristics for statistical test selection
2025-09-19 16:06:38 | INFO     | __main__:<module>:153 | user isaac@entropy.tech logged in
2025-09-19 16:06:38 | INFO     | Murray.auxiliary:analyze_data_characteristics:178 | Analyzing data characteristics for statistical test selection
2025-09-19 16:06:38 | INFO     | __main__:<module>:153 | user isaac@entropy.tech logged in
2025-09-19 16:06:38 | INFO     | Murray.auxiliary:analyze_data_characteristics:178 | Analyzing data characteristics for statistical test selection
2025-09-19 16:06:40 | INFO     | __main__:<module>:153 | user isaac@entropy.tech logged in
2025-09-19 16:06:40 | INFO     | Murray.auxiliary:analyze_data_characteristics:178 | Analyzing data characteristics for statistical test selection
2025-09-19 16:06:40 | INFO     | __main__:<module>:153 | user isaac@entropy.tech logged in
2025-09-19 16:06:40 | INFO     | Murray.auxiliary:analyze_data_characteristics:178 | Analyzing data characteristics for statistical test selection
2025-09-19 16:06:40 | INFO     | Murray.main:run_geo_analysis_streamlit_app:1933 | Starting run_geo_analysis_streamlit_app............
2025-09-19 16:06:40 | INFO     | Murray.main:run_geo_analysis_streamlit_app:1942 | Step 1: Generating market correlations.....
2025-09-19 16:06:40 | INFO     | Murray.main:run_geo_analysis_streamlit_app:1947 | Market correlations generated successfully.
2025-09-19 16:06:40 | INFO     | Murray.main:run_geo_analysis_streamlit_app:1950 | Step 2: Finding best groups for control and treatment.....
2025-09-19 16:06:40 | INFO     | Murray.main:BetterGroups:962 | Starting single-cell mode
2025-09-19 16:06:41 | INFO     | Murray.main:BetterGroups:1000 | Processed 1/50000 groups
2025-09-19 16:07:04 | INFO     | Murray.main:BetterGroups:1000 | Processed 5000/50000 groups
2025-09-19 16:07:30 | INFO     | Murray.main:BetterGroups:1000 | Processed 10000/50000 groups
2025-09-19 16:07:55 | INFO     | Murray.main:BetterGroups:1000 | Processed 15000/50000 groups
2025-09-19 16:08:21 | INFO     | Murray.main:BetterGroups:1000 | Processed 20000/50000 groups
2025-09-19 16:08:48 | INFO     | Murray.main:BetterGroups:1000 | Processed 25000/50000 groups
2025-09-19 16:09:14 | INFO     | Murray.main:BetterGroups:1000 | Processed 30000/50000 groups
2025-09-19 16:09:41 | INFO     | Murray.main:BetterGroups:1000 | Processed 35000/50000 groups
2025-09-19 16:10:06 | INFO     | Murray.main:BetterGroups:1000 | Processed 40000/50000 groups
2025-09-19 16:10:30 | INFO     | Murray.main:BetterGroups:1000 | Processed 45000/50000 groups
2025-09-19 16:10:49 | INFO     | Murray.main:BetterGroups:1000 | Processed 50000/50000 groups
2025-09-19 16:10:49 | INFO     | Murray.main:BetterGroups:1001 | All groups processed. Results count: 50000
2025-09-19 16:10:49 | INFO     | Murray.main:run_geo_analysis_streamlit_app:1971 | BetterGroups completed successfully. Results for 10 sizes
2025-09-19 16:10:49 | INFO     | Murray.main:run_geo_analysis_streamlit_app:1976 | Step 3: Evaluating sensitivity for different deltas and periods.....
2025-09-19 16:11:13 | INFO     | Murray.main:evaluate_sensitivity:1801 | Period 30 completed for size 5. MDE found: 0.03 with p-value: 0.0301, power: 0.8750
2025-09-19 16:11:35 | INFO     | Murray.main:evaluate_sensitivity:1801 | Period 35 completed for size 5. MDE found: 0.05 with p-value: 0.0268, power: 0.9000
2025-09-19 16:11:58 | INFO     | Murray.main:evaluate_sensitivity:1801 | Period 40 completed for size 5. MDE found: 0.05 with p-value: 0.0264, power: 0.8500
2025-09-19 16:12:21 | INFO     | Murray.main:evaluate_sensitivity:1801 | Period 45 completed for size 5. MDE found: 0.05 with p-value: 0.0326, power: 0.8000
2025-09-19 16:12:46 | INFO     | Murray.main:evaluate_sensitivity:1801 | Period 50 completed for size 5. MDE found: 0.05 with p-value: 0.0245, power: 0.8750
2025-09-19 16:13:09 | INFO     | Murray.main:evaluate_sensitivity:1801 | Period 55 completed for size 5. MDE found: 0.05 with p-value: 0.0293, power: 0.8000
2025-09-19 16:13:32 | INFO     | Murray.main:evaluate_sensitivity:1801 | Period 60 completed for size 5. MDE found: 0.05 with p-value: 0.0170, power: 0.9750
2025-09-19 16:13:56 | INFO     | Murray.main:evaluate_sensitivity:1801 | Period 30 completed for size 6. MDE found: 0.05 with p-value: 0.0349, power: 0.8250
2025-09-19 16:14:19 | INFO     | Murray.main:evaluate_sensitivity:1801 | Period 35 completed for size 6. MDE found: 0.04 with p-value: 0.0362, power: 0.8000
2025-09-19 16:14:43 | INFO     | Murray.main:evaluate_sensitivity:1801 | Period 40 completed for size 6. MDE found: 0.02 with p-value: 0.0241, power: 0.9500
2025-09-19 16:15:10 | INFO     | Murray.main:evaluate_sensitivity:1801 | Period 45 completed for size 6. MDE found: 0.02 with p-value: 0.0225, power: 0.9000
2025-09-19 16:15:35 | INFO     | Murray.main:evaluate_sensitivity:1801 | Period 50 completed for size 6. MDE found: 0.03 with p-value: 0.0209, power: 0.9250
2025-09-19 16:15:58 | INFO     | Murray.main:evaluate_sensitivity:1801 | Period 55 completed for size 6. MDE found: 0.01 with p-value: 0.0307, power: 0.8500
2025-09-19 16:16:21 | INFO     | Murray.main:evaluate_sensitivity:1801 | Period 60 completed for size 6. MDE found: 0.03 with p-value: 0.0244, power: 0.8500
2025-09-19 16:16:43 | INFO     | Murray.main:evaluate_sensitivity:1801 | Period 30 completed for size 7. MDE found: 0.09999999999999999 with p-value: 0.0191, power: 0.9250
2025-09-19 16:17:07 | INFO     | Murray.main:evaluate_sensitivity:1801 | Period 35 completed for size 7. MDE found: 0.06999999999999999 with p-value: 0.0273, power: 0.8000
2025-09-19 16:17:30 | INFO     | Murray.main:evaluate_sensitivity:1801 | Period 40 completed for size 7. MDE found: 0.060000000000000005 with p-value: 0.0265, power: 0.8500
2025-09-19 16:17:53 | INFO     | Murray.main:evaluate_sensitivity:1801 | Period 45 completed for size 7. MDE found: 0.06999999999999999 with p-value: 0.0254, power: 0.9000
2025-09-19 16:18:15 | INFO     | Murray.main:evaluate_sensitivity:1801 | Period 50 completed for size 7. MDE found: 0.060000000000000005 with p-value: 0.0304, power: 0.8250
2025-09-19 16:18:38 | INFO     | Murray.main:evaluate_sensitivity:1801 | Period 55 completed for size 7. MDE found: 0.060000000000000005 with p-value: 0.0182, power: 1.0000
2025-09-19 16:19:01 | INFO     | Murray.main:evaluate_sensitivity:1801 | Period 60 completed for size 7. MDE found: 0.05 with p-value: 0.0276, power: 0.9000
2025-09-19 16:19:23 | INFO     | Murray.main:evaluate_sensitivity:1801 | Period 30 completed for size 8. MDE found: 0.04 with p-value: 0.0328, power: 0.8500
2025-09-19 16:19:44 | INFO     | Murray.main:evaluate_sensitivity:1801 | Period 35 completed for size 8. MDE found: 0.04 with p-value: 0.0242, power: 0.9000
2025-09-19 16:20:06 | INFO     | Murray.main:evaluate_sensitivity:1801 | Period 40 completed for size 8. MDE found: 0.01 with p-value: 0.0411, power: 0.8000
2025-09-19 16:20:29 | INFO     | Murray.main:evaluate_sensitivity:1801 | Period 45 completed for size 8. MDE found: 0.03 with p-value: 0.0196, power: 0.9000
2025-09-19 16:20:50 | INFO     | Murray.main:evaluate_sensitivity:1801 | Period 50 completed for size 8. MDE found: 0.03 with p-value: 0.0189, power: 0.9500
2025-09-19 16:21:13 | INFO     | Murray.main:evaluate_sensitivity:1801 | Period 55 completed for size 8. MDE found: 0.04 with p-value: 0.0303, power: 0.8250
2025-09-19 16:21:35 | INFO     | Murray.main:evaluate_sensitivity:1801 | Period 60 completed for size 8. MDE found: 0.04 with p-value: 0.0243, power: 0.9000
2025-09-19 16:21:57 | INFO     | Murray.main:evaluate_sensitivity:1801 | Period 30 completed for size 9. MDE found: 0.06999999999999999 with p-value: 0.0238, power: 0.8750
2025-09-19 16:22:19 | INFO     | Murray.main:evaluate_sensitivity:1801 | Period 35 completed for size 9. MDE found: 0.060000000000000005 with p-value: 0.0259, power: 0.9000
2025-09-19 16:22:41 | INFO     | Murray.main:evaluate_sensitivity:1801 | Period 40 completed for size 9. MDE found: 0.05 with p-value: 0.0343, power: 0.8250
2025-09-19 16:23:06 | INFO     | Murray.main:evaluate_sensitivity:1801 | Period 45 completed for size 9. MDE found: 0.060000000000000005 with p-value: 0.0300, power: 0.8500
2025-09-19 16:23:29 | INFO     | Murray.main:evaluate_sensitivity:1801 | Period 50 completed for size 9. MDE found: 0.06999999999999999 with p-value: 0.0269, power: 0.8750
2025-09-19 16:23:51 | INFO     | Murray.main:evaluate_sensitivity:1801 | Period 55 completed for size 9. MDE found: 0.060000000000000005 with p-value: 0.0259, power: 0.8750
2025-09-19 16:24:14 | INFO     | Murray.main:evaluate_sensitivity:1801 | Period 60 completed for size 9. MDE found: 0.060000000000000005 with p-value: 0.0280, power: 0.8250
2025-09-19 16:24:36 | INFO     | Murray.main:evaluate_sensitivity:1801 | Period 30 completed for size 10. MDE found: 0.03 with p-value: 0.0349, power: 0.8250
2025-09-19 16:24:58 | INFO     | Murray.main:evaluate_sensitivity:1801 | Period 35 completed for size 10. MDE found: 0.02 with p-value: 0.0221, power: 0.8750
2025-09-19 16:25:20 | INFO     | Murray.main:evaluate_sensitivity:1801 | Period 40 completed for size 10. MDE found: 0.01 with p-value: 0.0163, power: 0.9500
2025-09-19 16:25:42 | INFO     | Murray.main:evaluate_sensitivity:1801 | Period 45 completed for size 10. MDE found: 0.02 with p-value: 0.0222, power: 0.9000
2025-09-19 16:26:04 | INFO     | Murray.main:evaluate_sensitivity:1801 | Period 50 completed for size 10. MDE found: 0.03 with p-value: 0.0190, power: 0.9500
2025-09-19 16:26:26 | INFO     | Murray.main:evaluate_sensitivity:1801 | Period 55 completed for size 10. MDE found: 0.02 with p-value: 0.0391, power: 0.8000
2025-09-19 16:26:49 | INFO     | Murray.main:evaluate_sensitivity:1801 | Period 60 completed for size 10. MDE found: 0.03 with p-value: 0.0230, power: 0.9000
2025-09-19 16:27:12 | INFO     | Murray.main:evaluate_sensitivity:1801 | Period 30 completed for size 11. MDE found: 0.09999999999999999 with p-value: 0.0262, power: 0.8500
2025-09-19 16:27:34 | INFO     | Murray.main:evaluate_sensitivity:1801 | Period 35 completed for size 11. MDE found: 0.09 with p-value: 0.0267, power: 0.8250
2025-09-19 16:27:56 | INFO     | Murray.main:evaluate_sensitivity:1801 | Period 40 completed for size 11. MDE found: 0.060000000000000005 with p-value: 0.0361, power: 0.8000
2025-09-19 16:28:20 | INFO     | Murray.main:evaluate_sensitivity:1801 | Period 45 completed for size 11. MDE found: 0.09 with p-value: 0.0252, power: 0.8500
2025-09-19 16:28:42 | INFO     | Murray.main:evaluate_sensitivity:1801 | Period 50 completed for size 11. MDE found: 0.09 with p-value: 0.0215, power: 0.9250
2025-09-19 16:29:06 | INFO     | Murray.main:evaluate_sensitivity:1801 | Period 55 completed for size 11. MDE found: 0.09999999999999999 with p-value: 0.0207, power: 0.9000
2025-09-19 16:29:28 | INFO     | Murray.main:evaluate_sensitivity:1801 | Period 60 completed for size 11. MDE found: 0.09999999999999999 with p-value: 0.0211, power: 0.9000
2025-09-19 16:29:50 | INFO     | Murray.main:evaluate_sensitivity:1801 | Period 30 completed for size 12. MDE found: 0.03 with p-value: 0.0241, power: 0.9250
2025-09-19 16:30:13 | INFO     | Murray.main:evaluate_sensitivity:1801 | Period 35 completed for size 12. MDE found: 0.01 with p-value: 0.0308, power: 0.8250
2025-09-19 16:30:35 | INFO     | Murray.main:evaluate_sensitivity:1801 | Period 40 completed for size 12. MDE found: 0.01 with p-value: 0.0051, power: 1.0000
2025-09-19 16:30:58 | INFO     | Murray.main:evaluate_sensitivity:1801 | Period 45 completed for size 12. MDE found: 0.01 with p-value: 0.0086, power: 0.9750
2025-09-19 16:31:21 | INFO     | Murray.main:evaluate_sensitivity:1801 | Period 50 completed for size 12. MDE found: 0.01 with p-value: 0.0078, power: 1.0000
2025-09-19 16:31:45 | INFO     | Murray.main:evaluate_sensitivity:1801 | Period 55 completed for size 12. MDE found: 0.01 with p-value: 0.0051, power: 1.0000
2025-09-19 16:32:07 | INFO     | Murray.main:evaluate_sensitivity:1801 | Period 60 completed for size 12. MDE found: 0.01 with p-value: 0.0025, power: 1.0000
2025-09-19 16:32:29 | INFO     | Murray.main:evaluate_sensitivity:1801 | Period 30 completed for size 13. MDE found: 0.09999999999999999 with p-value: 0.0280, power: 0.8750
2025-09-19 16:32:51 | INFO     | Murray.main:evaluate_sensitivity:1801 | Period 35 completed for size 13. MDE found: 0.06999999999999999 with p-value: 0.0319, power: 0.8250
2025-09-19 16:33:14 | INFO     | Murray.main:evaluate_sensitivity:1801 | Period 40 completed for size 13. MDE found: 0.05 with p-value: 0.0303, power: 0.8250
2025-09-19 16:33:37 | INFO     | Murray.main:evaluate_sensitivity:1801 | Period 45 completed for size 13. MDE found: 0.060000000000000005 with p-value: 0.0178, power: 1.0000
2025-09-19 16:34:00 | INFO     | Murray.main:evaluate_sensitivity:1801 | Period 50 completed for size 13. MDE found: 0.060000000000000005 with p-value: 0.0257, power: 0.8500
2025-09-19 16:34:24 | INFO     | Murray.main:evaluate_sensitivity:1801 | Period 55 completed for size 13. MDE found: 0.060000000000000005 with p-value: 0.0198, power: 0.9750
2025-09-19 16:34:48 | INFO     | Murray.main:evaluate_sensitivity:1801 | Period 60 completed for size 13. MDE found: 0.060000000000000005 with p-value: 0.0288, power: 0.8250
2025-09-19 16:35:10 | INFO     | Murray.main:evaluate_sensitivity:1801 | Period 30 completed for size 14. MDE found: 0.01 with p-value: 0.0046, power: 1.0000
2025-09-19 16:35:34 | INFO     | Murray.main:evaluate_sensitivity:1801 | Period 35 completed for size 14. MDE found: 0.01 with p-value: 0.0051, power: 1.0000
2025-09-19 16:35:57 | INFO     | Murray.main:evaluate_sensitivity:1801 | Period 40 completed for size 14. MDE found: 0.01 with p-value: 0.0017, power: 1.0000
2025-09-19 16:36:19 | INFO     | Murray.main:evaluate_sensitivity:1801 | Period 45 completed for size 14. MDE found: 0.01 with p-value: 0.0030, power: 1.0000
2025-09-19 16:36:41 | INFO     | Murray.main:evaluate_sensitivity:1801 | Period 50 completed for size 14. MDE found: 0.01 with p-value: 0.0012, power: 1.0000
2025-09-19 16:37:04 | INFO     | Murray.main:evaluate_sensitivity:1801 | Period 55 completed for size 14. MDE found: 0.01 with p-value: 0.0024, power: 1.0000
2025-09-19 16:37:28 | INFO     | Murray.main:evaluate_sensitivity:1801 | Period 60 completed for size 14. MDE found: 0.01 with p-value: 0.0050, power: 1.0000
2025-09-19 16:37:28 | INFO     | Murray.main:evaluate_sensitivity:1818 | evaluate_sensitivity completed successfully.
2025-09-19 16:37:28 | INFO     | Murray.main:run_geo_analysis_streamlit_app:2036 | Sensitivity evaluation completed successfully.
2025-09-19 16:37:28 | INFO     | Murray.main:run_geo_analysis_streamlit_app:2040 | run_geo_analysis_streamlit_app completed successfully
2025-09-19 16:37:28 | INFO     | __main__:<module>:1106 | ✅ SIMULATION COMPLETED: Analysis finished successfully
2025-09-19 16:37:28 | INFO     | __main__:<module>:153 | user isaac@entropy.tech logged in
2025-09-19 16:37:28 | INFO     | Murray.auxiliary:analyze_data_characteristics:178 | Analyzing data characteristics for statistical test selection
