2025-09-18 16:23:37 | INFO     | __main__:<module>:153 | user isaac@entropy.tech logged in
2025-09-18 16:23:40 | INFO     | __main__:<module>:153 | user isaac@entropy.tech logged in
2025-09-18 16:23:42 | INFO     | __main__:<module>:153 | user isaac@entropy.tech logged in
2025-09-18 16:23:42 | INFO     | Murray.metrics:update_metrics:59 | New record added: {'timestamp': '2025-09-18 16:23:42', 'section': 'experimental_evaluation', 'date': '2025-09-18', 'day_of_week': 'Thursday', 'hour': 16}
2025-09-18 16:23:42 | INFO     | Murray.post_analysis:run_geo_evaluation:21 | Starting run_geo_evaluation
2025-09-18 16:23:42 | INFO     | Murray.post_analysis:run_geo_evaluation:22 | Input data shape: (11712, 4)
2025-09-18 16:23:42 | INFO     | Murray.post_analysis:run_geo_evaluation:23 | Treatment group: ['aguascalientes', 'campeche', 'chihuahua', 'guanajuato', 'jalisco', 'oaxaca', 'tabasco', 'yucatan', 'quintana roo']
2025-09-18 16:23:42 | INFO     | Murray.post_analysis:run_geo_evaluation:24 | Start treatment: 2025-07-16 00:00:00, End treatment: 2025-09-06 00:00:00
2025-09-18 16:23:42 | INFO     | Murray.post_analysis:run_geo_evaluation:25 | n_permutations: 50, significance_level: 0.1
2025-09-18 16:23:42 | INFO     | Murray.post_analysis:run_geo_evaluation:40 | Treatment period positions: 302 to 355
2025-09-18 16:23:42 | INFO     | Murray.post_analysis:run_geo_evaluation:49 | Generating correlation matrix...
2025-09-18 16:23:42 | INFO     | Murray.post_analysis:run_geo_evaluation:52 | Selecting control group...
2025-09-18 16:23:42 | INFO     | Murray.post_analysis:run_geo_evaluation:58 | Control group selected: ['nuevo leon', 'morelos', 'tamaulipas', 'state of mexico', 'mexico city']
2025-09-18 16:23:42 | INFO     | Murray.post_analysis:run_geo_evaluation:68 | Pivot table shape: (366, 32)
2025-09-18 16:23:42 | INFO     | Murray.post_analysis:run_geo_evaluation:81 | Scaling data...
2025-09-18 16:23:42 | INFO     | Murray.post_analysis:run_geo_evaluation:101 | Fitting synthetic control model...
2025-09-18 16:23:42 | INFO     | Murray.post_analysis:run_geo_evaluation:104 | Model fitted successfully
2025-09-18 16:23:42 | INFO     | Murray.post_analysis:run_geo_evaluation:106 | Making predictions...
2025-09-18 16:23:42 | INFO     | Murray.post_analysis:run_geo_evaluation:137 | Calculating metrics...
2025-09-18 16:23:42 | INFO     | Murray.post_analysis:run_geo_evaluation:138 | Data shapes - treatment: (355,), counterfactual: (355,)
2025-09-18 16:23:42 | INFO     | Murray.post_analysis:run_geo_evaluation:148 | Treatment period sum: 68916.0
2025-09-18 16:23:42 | INFO     | Murray.post_analysis:run_geo_evaluation:149 | Counterfactual period sum: 72494.3603684567
2025-09-18 16:23:42 | INFO     | Murray.post_analysis:run_geo_evaluation:150 | Lift difference (treatment - counterfactual): -3578.360368456706
2025-09-18 16:23:42 | INFO     | Murray.post_analysis:run_geo_evaluation:176 | Observed statistic (enhanced weighted): 15498.542886233416
2025-09-18 16:23:42 | INFO     | Murray.post_analysis:run_geo_evaluation:177 | Treatment residuals mean: -67.51623336710809
2025-09-18 16:23:42 | INFO     | Murray.post_analysis:run_geo_evaluation:178 | Treatment residuals sum: -3578.3603684567283
2025-09-18 16:23:42 | INFO     | Murray.post_analysis:run_geo_evaluation:179 | Positive residuals count: 26/53
2025-09-18 16:23:42 | INFO     | Murray.post_analysis:run_geo_evaluation:182 | Starting block permutation test with 50 permutations...
2025-09-18 16:23:42 | INFO     | Murray.post_analysis:run_geo_evaluation:208 | Permutation test completed, calculating p-value...
2025-09-18 16:23:42 | INFO     | Murray.post_analysis:run_geo_evaluation:209 | Observed stat: 15498.542886233416
2025-09-18 16:23:42 | INFO     | Murray.post_analysis:run_geo_evaluation:210 | Null stats - Mean: 16004.2887, Std: 366.3316
2025-09-18 16:23:42 | INFO     | Murray.post_analysis:run_geo_evaluation:211 | Null stats - 95th percentile: 16345.4442
2025-09-18 16:23:42 | INFO     | Murray.post_analysis:run_geo_evaluation:227 | Final results:
2025-09-18 16:23:42 | INFO     | Murray.post_analysis:run_geo_evaluation:228 |   MAPE: 35.2851
2025-09-18 16:23:42 | INFO     | Murray.post_analysis:run_geo_evaluation:229 |   SMAPE: 29.9994
2025-09-18 16:23:42 | INFO     | Murray.post_analysis:run_geo_evaluation:230 |   Percentage lift: -4.9361%
2025-09-18 16:23:42 | INFO     | Murray.post_analysis:run_geo_evaluation:231 |   P-value: 0.140000
2025-09-18 16:23:42 | INFO     | Murray.post_analysis:run_geo_evaluation:232 |   Power: 0.0000
2025-09-18 16:23:42 | INFO     | Murray.post_analysis:run_geo_evaluation:259 | run_geo_evaluation completed successfully
