2025-08-17 21:36:04 | INFO     | __main__:<module>:153 | user isaac@entropy.tech logged in
2025-08-17 21:36:15 | INFO     | __main__:<module>:153 | user isaac@entropy.tech logged in
2025-08-17 21:36:25 | INFO     | __main__:<module>:153 | user isaac@entropy.tech logged in
2025-08-17 22:12:20 | INFO     | __main__:<module>:153 | user isaac@entropy.tech logged in
2025-08-17 22:12:26 | INFO     | __main__:<module>:153 | user isaac@entropy.tech logged in
2025-08-17 22:12:28 | INFO     | __main__:<module>:153 | user isaac@entropy.tech logged in
2025-08-17 22:12:33 | INFO     | __main__:<module>:153 | user isaac@entropy.tech logged in
2025-08-17 22:12:34 | INFO     | __main__:<module>:153 | user isaac@entropy.tech logged in
2025-08-17 22:12:36 | INFO     | __main__:<module>:153 | user isaac@entropy.tech logged in
2025-08-17 22:12:39 | INFO     | __main__:<module>:153 | user isaac@entropy.tech logged in
2025-08-17 22:12:39 | INFO     | Murray.metrics:update_metrics:59 | New record added: {'timestamp': '2025-08-17 22:12:39', 'section': 'experimental_evaluation', 'date': '2025-08-17', 'day_of_week': 'Sunday', 'hour': 22}
2025-08-17 22:12:39 | INFO     | Murray.auxiliary:analyze_data_characteristics:178 | Analyzing data characteristics for statistical test selection
2025-08-17 22:12:39 | WARNING  | Murray.auxiliary:analyze_data_characteristics:182 | Target column 'transactions' not found in data. Available columns: ['time', 'location', 'Y', 'revenue', 'sessions', 'views', 'addtocarts', 'checkouts', 'Semana', 'semana global', 'day', 'Month', 'year', 'Fecha']
2025-08-17 22:12:39 | INFO     | Murray.post_analysis:run_geo_evaluation:23 | Starting run_geo_evaluation
2025-08-17 22:12:39 | INFO     | Murray.post_analysis:run_geo_evaluation:24 | Input data shape: (18816, 14)
2025-08-17 22:12:39 | INFO     | Murray.post_analysis:run_geo_evaluation:25 | Treatment group: ['chiapas', 'guanajuato', 'morelos', 'puebla', 'tamaulipas']
2025-08-17 22:12:39 | INFO     | Murray.post_analysis:run_geo_evaluation:26 | Start treatment: 2025-07-28 00:00:00, End treatment: 2025-08-10 00:00:00
2025-08-17 22:12:39 | INFO     | Murray.post_analysis:run_geo_evaluation:27 | n_permutations: 10000, significance_level: 0.1
2025-08-17 22:12:39 | INFO     | Murray.post_analysis:run_geo_evaluation:42 | Treatment period positions: 574 to 588
2025-08-17 22:12:39 | INFO     | Murray.post_analysis:run_geo_evaluation:51 | Generating correlation matrix...
2025-08-17 22:12:39 | INFO     | Murray.post_analysis:run_geo_evaluation:54 | Selecting control group...
2025-08-17 22:12:39 | INFO     | Murray.post_analysis:run_geo_evaluation:60 | Control group selected: ['nuevo leon', 'mexico city', 'yucatan', 'michoacan', 'coahuila', 'veracruz', 'state of mexico', 'jalisco', 'san luis potosi', 'queretaro', 'quintana roo']
2025-08-17 22:12:39 | INFO     | Murray.post_analysis:run_geo_evaluation:70 | Pivot table shape: (588, 32)
2025-08-17 22:12:39 | INFO     | Murray.post_analysis:run_geo_evaluation:77 | Scaling data...
2025-08-17 22:12:39 | INFO     | Murray.post_analysis:run_geo_evaluation:96 | Fitting synthetic control model...
2025-08-17 22:12:39 | INFO     | Murray.post_analysis:run_geo_evaluation:99 | Model fitted successfully
2025-08-17 22:12:39 | INFO     | Murray.post_analysis:run_geo_evaluation:101 | Making predictions...
2025-08-17 22:12:39 | INFO     | Murray.post_analysis:run_geo_evaluation:119 | Calculating metrics...
2025-08-17 22:12:39 | INFO     | Murray.post_analysis:run_geo_evaluation:120 | Data shapes - treatment: (588,), counterfactual: (588,)
2025-08-17 22:12:39 | INFO     | Murray.post_analysis:run_geo_evaluation:130 | Treatment period sum: 605
2025-08-17 22:12:39 | INFO     | Murray.post_analysis:run_geo_evaluation:131 | Counterfactual period sum: 650.8364660586286
2025-08-17 22:12:39 | INFO     | Murray.post_analysis:run_geo_evaluation:132 | Lift difference (treatment - counterfactual): -45.836466058628616
2025-08-17 22:12:39 | INFO     | Murray.post_analysis:run_geo_evaluation:157 | Observed statistic (sum of residuals): -45.83646605862859
2025-08-17 22:12:39 | INFO     | Murray.post_analysis:run_geo_evaluation:158 | Manual verification - observed_stat should equal lift_difference: -45.836466058628616
2025-08-17 22:12:39 | INFO     | Murray.post_analysis:run_geo_evaluation:160 | Starting permutation test with 10000 permutations...
2025-08-17 22:12:39 | INFO     | Murray.post_analysis:run_geo_evaluation:171 | Permutation test completed, calculating p-value and power...
2025-08-17 22:12:39 | INFO     | Murray.post_analysis:run_geo_evaluation:175 | Starting power analysis with 1000 simulations...
2025-08-17 22:13:06 | INFO     | Murray.post_analysis:run_geo_evaluation:196 | Final results:
2025-08-17 22:13:06 | INFO     | Murray.post_analysis:run_geo_evaluation:197 |   MAPE: 3891409761.0064
2025-08-17 22:13:06 | INFO     | Murray.post_analysis:run_geo_evaluation:198 |   SMAPE: 14.7789
2025-08-17 22:13:06 | INFO     | Murray.post_analysis:run_geo_evaluation:199 |   Percentage lift: -7.0427%
2025-08-17 22:13:06 | INFO     | Murray.post_analysis:run_geo_evaluation:200 |   P-value: 0.144500
2025-08-17 22:13:06 | INFO     | Murray.post_analysis:run_geo_evaluation:201 |   Power: 1.0000
2025-08-17 22:13:06 | INFO     | Murray.post_analysis:run_geo_evaluation:220 | run_geo_evaluation completed successfully
2025-08-17 22:13:35 | INFO     | __main__:<module>:153 | user isaac@entropy.tech logged in
