2025-09-03 23:30:33 | INFO     | __main__:<module>:157 | user isaac@entropy.tech logged in
2025-09-03 23:30:33 | INFO     | Murray.auxiliary:analyze_data_characteristics:178 | Analyzing data characteristics for statistical test selection
2025-09-03 23:30:35 | INFO     | __main__:<module>:157 | user isaac@entropy.tech logged in
2025-09-03 23:30:35 | INFO     | Murray.auxiliary:analyze_data_characteristics:178 | Analyzing data characteristics for statistical test selection
2025-09-03 23:30:36 | INFO     | __main__:<module>:157 | user isaac@entropy.tech logged in
2025-09-03 23:30:37 | INFO     | Murray.auxiliary:analyze_data_characteristics:178 | Analyzing data characteristics for statistical test selection
2025-09-03 23:30:37 | INFO     | __main__:<module>:157 | user isaac@entropy.tech logged in
2025-09-03 23:30:37 | INFO     | Murray.auxiliary:analyze_data_characteristics:178 | Analyzing data characteristics for statistical test selection
2025-09-03 23:30:37 | INFO     | Murray.main:run_geo_analysis_streamlit_app:2069 | Starting run_geo_analysis_streamlit_app............
2025-09-03 23:30:37 | INFO     | Murray.main:run_geo_analysis_streamlit_app:2078 | Step 1: Generating market correlations.....
2025-09-03 23:30:37 | INFO     | Murray.main:run_geo_analysis_streamlit_app:2082 | Market correlations generated successfully.
2025-09-03 23:30:37 | INFO     | Murray.main:run_geo_analysis_streamlit_app:2085 | Step 2: Finding best groups for control and treatment.....
2025-09-03 23:30:37 | INFO     | Murray.main:BetterGroups:836 | Starting global multi-cell optimization for 3 cells with allowed sizes [2, 3]
2025-09-03 23:30:37 | INFO     | Murray.main:optimize_global_multicell:1245 | Starting enhanced global multi-cell optimization for 3 cells with sizes [2, 3]
2025-09-03 23:30:37 | INFO     | Murray.main:_validate_multicell_config:1168 | Multicell validation: 32 available locations, need 6 minimum
2025-09-03 23:30:37 | INFO     | Murray.main:optimize_global_multicell:1278 | Phase 1: Generating candidates for all allowed sizes
2025-09-03 23:30:37 | INFO     | Murray.main:optimize_global_multicell:1281 | Generating candidates for size 2
2025-09-03 23:30:46 | INFO     | Murray.main:optimize_global_multicell:1319 | Generated 9 candidates for size 2 (out of 493 total results)
2025-09-03 23:30:46 | INFO     | Murray.main:optimize_global_multicell:1281 | Generating candidates for size 3
2025-09-03 23:31:07 | INFO     | Murray.main:optimize_global_multicell:1319 | Generated 9 candidates for size 3 (out of 964 total results)
2025-09-03 23:31:07 | INFO     | Murray.main:optimize_global_multicell:1328 | Phase 2: Enhanced global optimization - selecting 3 cells from 18 candidates
2025-09-03 23:31:07 | INFO     | Murray.main:_select_optimal_cells_with_fallbacks:1135 | Cell selection completed: 3/3 cells selected (3 rejected)
2025-09-03 23:31:07 | INFO     | Murray.main:optimize_global_multicell:1346 | Re-evaluating control groups to prevent treatment/control overlap
2025-09-03 23:31:07 | INFO     | Murray.main:optimize_global_multicell:1354 | All treatment locations across cells: {'yucatán', 'zacatecas', 'baja california', 'jalisco', 'chiapas', 'sonora', 'tlaxcala', 'tamaulipas', 'guerrero'}
2025-09-03 23:31:07 | INFO     | Murray.main:optimize_global_multicell:1412 | Global optimization completed: 3 cells selected with corrected control groups
2025-09-03 23:31:07 | INFO     | Murray.main:run_geo_analysis_streamlit_app:2107 | BetterGroups completed successfully. Global multicell experiment with 3 cells
2025-09-03 23:31:07 | INFO     | Murray.main:run_geo_analysis_streamlit_app:2121 | Step 3: Evaluating sensitivity for different deltas and periods.....
2025-09-03 23:31:07 | INFO     | Murray.main:run_geo_analysis_streamlit_app:2133 | Detected global optimization results, transforming data for sensitivity analysis
2025-09-03 23:31:07 | INFO     | Murray.main:run_geo_analysis_streamlit_app:2157 | Starting sensitivity evaluation for global optimization results
2025-09-03 23:31:32 | INFO     | Murray.main:evaluate_sensitivity:1939 | Period 10 completed for size 3. MDE found: 0.060000000000000005 with p-value: 0.0313, power: 0.8000
2025-09-03 23:31:57 | INFO     | Murray.main:evaluate_sensitivity:1939 | Period 15 completed for size 3. MDE found: 0.06999999999999999 with p-value: 0.0252, power: 0.8250
2025-09-03 23:32:20 | INFO     | Murray.main:evaluate_sensitivity:1939 | Period 20 completed for size 3. MDE found: 0.08 with p-value: 0.0079, power: 0.9750
2025-09-03 23:32:46 | INFO     | Murray.main:evaluate_sensitivity:1939 | Period 25 completed for size 3. MDE found: 0.06999999999999999 with p-value: 0.0256, power: 0.8750
2025-09-03 23:33:11 | INFO     | Murray.main:evaluate_sensitivity:1939 | Period 30 completed for size 3. MDE found: 0.05 with p-value: 0.0350, power: 0.8000
2025-09-03 23:33:11 | INFO     | Murray.main:evaluate_sensitivity:1956 | evaluate_sensitivity completed successfully.
2025-09-03 23:33:11 | INFO     | Murray.main:run_geo_analysis_streamlit_app:2183 | evaluate_sensitivity call completed
2025-09-03 23:33:11 | INFO     | Murray.main:run_geo_analysis_streamlit_app:2190 | Sensitivity evaluation completed successfully.
2025-09-03 23:33:11 | INFO     | Murray.main:run_geo_analysis_streamlit_app:2198 | run_geo_analysis_streamlit_app completed successfully
2025-09-03 23:33:11 | ERROR    | Murray.plots:plot_mde_results:353 | No satisfactory results found. The heatmap does not contain values (MDE) with the entered data.
