2025-09-09 13:43:01 | INFO     | __main__:<module>:153 | user isaac@entropy.tech logged in
2025-09-09 13:43:03 | INFO     | __main__:<module>:153 | user isaac@entropy.tech logged in
2025-09-09 13:43:03 | INFO     | Murray.metrics:update_metrics:59 | New record added: {'timestamp': '2025-09-09 13:43:03', 'section': 'experimental_evaluation', 'date': '2025-09-09', 'day_of_week': 'Tuesday', 'hour': 13}
2025-09-09 13:43:03 | INFO     | Murray.post_analysis:run_geo_evaluation:21 | Starting run_geo_evaluation
2025-09-09 13:43:03 | INFO     | Murray.post_analysis:run_geo_evaluation:22 | Input data shape: (7968, 6)
2025-09-09 13:43:03 | INFO     | Murray.post_analysis:run_geo_evaluation:23 | Treatment group: ['aguascalientes', 'campeche', 'guanajuato', 'jalisco', 'chihuahua', 'oaxaca', 'quintana roo', 'tabasco', 'yucatan']
2025-09-09 13:43:03 | INFO     | Murray.post_analysis:run_geo_evaluation:24 | Start treatment: 2025-07-16 00:00:00, End treatment: 2025-08-01 00:00:00
2025-09-09 13:43:03 | INFO     | Murray.post_analysis:run_geo_evaluation:25 | n_permutations: 50000, significance_level: 0.1
2025-09-09 13:43:03 | INFO     | Murray.post_analysis:run_geo_evaluation:40 | Treatment period positions: 196 to 213
2025-09-09 13:43:03 | INFO     | Murray.post_analysis:run_geo_evaluation:49 | Generating correlation matrix...
2025-09-09 13:43:03 | INFO     | Murray.post_analysis:run_geo_evaluation:52 | Selecting control group...
2025-09-09 13:43:03 | INFO     | Murray.post_analysis:run_geo_evaluation:58 | Control group selected: ['mexico city', 'state of mexico', 'tamaulipas', 'michoacan', 'baja california', 'nuevo leon']
2025-09-09 13:43:03 | INFO     | Murray.post_analysis:run_geo_evaluation:68 | Pivot table shape: (249, 32)
2025-09-09 13:43:03 | INFO     | Murray.post_analysis:run_geo_evaluation:75 | Scaling data...
2025-09-09 13:43:03 | INFO     | Murray.post_analysis:run_geo_evaluation:94 | Fitting synthetic control model...
2025-09-09 13:43:03 | INFO     | Murray.post_analysis:run_geo_evaluation:97 | Model fitted successfully
2025-09-09 13:43:03 | INFO     | Murray.post_analysis:run_geo_evaluation:99 | Making predictions...
2025-09-09 13:43:03 | INFO     | Murray.post_analysis:run_geo_evaluation:117 | Calculating metrics...
2025-09-09 13:43:03 | INFO     | Murray.post_analysis:run_geo_evaluation:118 | Data shapes - treatment: (249,), counterfactual: (249,)
2025-09-09 13:43:03 | INFO     | Murray.post_analysis:run_geo_evaluation:128 | Treatment period sum: 261089522.39198998
2025-09-09 13:43:03 | INFO     | Murray.post_analysis:run_geo_evaluation:129 | Counterfactual period sum: 323252536.016042
2025-09-09 13:43:03 | INFO     | Murray.post_analysis:run_geo_evaluation:130 | Lift difference (treatment - counterfactual): -62163013.62405202
2025-09-09 13:43:03 | INFO     | Murray.post_analysis:run_geo_evaluation:144 | Observed statistic (sum of residuals): -62163013.62405196
2025-09-09 13:43:03 | INFO     | Murray.post_analysis:run_geo_evaluation:145 | Manual verification - observed_stat should equal lift_difference: -62163013.62405202
2025-09-09 13:43:03 | INFO     | Murray.post_analysis:run_geo_evaluation:147 | Starting permutation test with 50000 permutations...
2025-09-09 13:43:03 | INFO     | Murray.post_analysis:run_geo_evaluation:152 | Completed 10000/50000 permutations
2025-09-09 13:43:03 | INFO     | Murray.post_analysis:run_geo_evaluation:152 | Completed 20000/50000 permutations
2025-09-09 13:43:03 | INFO     | Murray.post_analysis:run_geo_evaluation:152 | Completed 30000/50000 permutations
2025-09-09 13:43:03 | INFO     | Murray.post_analysis:run_geo_evaluation:152 | Completed 40000/50000 permutations
2025-09-09 13:43:03 | INFO     | Murray.post_analysis:run_geo_evaluation:158 | Permutation test completed, calculating p-value and power...
2025-09-09 13:43:03 | INFO     | Murray.post_analysis:run_geo_evaluation:164 | Final results:
2025-09-09 13:43:03 | INFO     | Murray.post_analysis:run_geo_evaluation:165 |   MAPE: 116.5303
2025-09-09 13:43:03 | INFO     | Murray.post_analysis:run_geo_evaluation:166 |   SMAPE: 56.3602
2025-09-09 13:43:03 | INFO     | Murray.post_analysis:run_geo_evaluation:167 |   Percentage lift: -19.2305%
2025-09-09 13:43:03 | INFO     | Murray.post_analysis:run_geo_evaluation:168 |   P-value: 0.004020
2025-09-09 13:43:03 | INFO     | Murray.post_analysis:run_geo_evaluation:169 |   Power: 1.0000
2025-09-09 13:43:03 | INFO     | Murray.post_analysis:run_geo_evaluation:188 | run_geo_evaluation completed successfully
2025-09-09 13:43:49 | INFO     | __main__:<module>:153 | user isaac@entropy.tech logged in
2025-09-09 13:43:50 | INFO     | __main__:<module>:153 | user isaac@entropy.tech logged in
2025-09-09 13:43:50 | INFO     | Murray.metrics:update_metrics:59 | New record added: {'timestamp': '2025-09-09 13:43:50', 'section': 'experimental_evaluation', 'date': '2025-09-09', 'day_of_week': 'Tuesday', 'hour': 13}
2025-09-09 13:43:50 | INFO     | Murray.post_analysis:run_geo_evaluation:21 | Starting run_geo_evaluation
2025-09-09 13:43:50 | INFO     | Murray.post_analysis:run_geo_evaluation:22 | Input data shape: (7968, 6)
2025-09-09 13:43:50 | INFO     | Murray.post_analysis:run_geo_evaluation:23 | Treatment group: ['aguascalientes', 'campeche', 'guanajuato', 'jalisco', 'chihuahua', 'oaxaca', 'quintana roo', 'tabasco', 'yucatan']
2025-09-09 13:43:50 | INFO     | Murray.post_analysis:run_geo_evaluation:24 | Start treatment: 2025-07-31 00:00:00, End treatment: 2025-08-01 00:00:00
2025-09-09 13:43:50 | INFO     | Murray.post_analysis:run_geo_evaluation:25 | n_permutations: 50000, significance_level: 0.1
2025-09-09 13:43:50 | INFO     | Murray.post_analysis:run_geo_evaluation:40 | Treatment period positions: 211 to 213
2025-09-09 13:43:50 | INFO     | Murray.post_analysis:run_geo_evaluation:49 | Generating correlation matrix...
2025-09-09 13:43:50 | INFO     | Murray.post_analysis:run_geo_evaluation:52 | Selecting control group...
2025-09-09 13:43:50 | INFO     | Murray.post_analysis:run_geo_evaluation:58 | Control group selected: ['mexico city', 'state of mexico', 'tamaulipas', 'michoacan', 'baja california', 'nuevo leon']
2025-09-09 13:43:50 | INFO     | Murray.post_analysis:run_geo_evaluation:68 | Pivot table shape: (249, 32)
2025-09-09 13:43:50 | INFO     | Murray.post_analysis:run_geo_evaluation:75 | Scaling data...
2025-09-09 13:43:50 | INFO     | Murray.post_analysis:run_geo_evaluation:94 | Fitting synthetic control model...
2025-09-09 13:43:50 | INFO     | Murray.post_analysis:run_geo_evaluation:97 | Model fitted successfully
2025-09-09 13:43:50 | INFO     | Murray.post_analysis:run_geo_evaluation:99 | Making predictions...
2025-09-09 13:43:50 | INFO     | Murray.post_analysis:run_geo_evaluation:117 | Calculating metrics...
2025-09-09 13:43:50 | INFO     | Murray.post_analysis:run_geo_evaluation:118 | Data shapes - treatment: (249,), counterfactual: (249,)
2025-09-09 13:43:50 | INFO     | Murray.post_analysis:run_geo_evaluation:128 | Treatment period sum: 194766831.57645
2025-09-09 13:43:50 | INFO     | Murray.post_analysis:run_geo_evaluation:129 | Counterfactual period sum: 234118238.07566643
2025-09-09 13:43:50 | INFO     | Murray.post_analysis:run_geo_evaluation:130 | Lift difference (treatment - counterfactual): -39351406.49921644
2025-09-09 13:43:50 | INFO     | Murray.post_analysis:run_geo_evaluation:144 | Observed statistic (sum of residuals): -39351406.49921644
2025-09-09 13:43:50 | INFO     | Murray.post_analysis:run_geo_evaluation:145 | Manual verification - observed_stat should equal lift_difference: -39351406.49921644
2025-09-09 13:43:50 | INFO     | Murray.post_analysis:run_geo_evaluation:147 | Starting permutation test with 50000 permutations...
2025-09-09 13:43:50 | INFO     | Murray.post_analysis:run_geo_evaluation:152 | Completed 10000/50000 permutations
2025-09-09 13:43:50 | INFO     | Murray.post_analysis:run_geo_evaluation:152 | Completed 20000/50000 permutations
2025-09-09 13:43:51 | INFO     | Murray.post_analysis:run_geo_evaluation:152 | Completed 30000/50000 permutations
2025-09-09 13:43:51 | INFO     | Murray.post_analysis:run_geo_evaluation:152 | Completed 40000/50000 permutations
2025-09-09 13:43:51 | INFO     | Murray.post_analysis:run_geo_evaluation:158 | Permutation test completed, calculating p-value and power...
2025-09-09 13:43:51 | INFO     | Murray.post_analysis:run_geo_evaluation:164 | Final results:
2025-09-09 13:43:51 | INFO     | Murray.post_analysis:run_geo_evaluation:165 |   MAPE: 113.8668
2025-09-09 13:43:51 | INFO     | Murray.post_analysis:run_geo_evaluation:166 |   SMAPE: 56.2436
2025-09-09 13:43:51 | INFO     | Murray.post_analysis:run_geo_evaluation:167 |   Percentage lift: -16.8083%
2025-09-09 13:43:51 | INFO     | Murray.post_analysis:run_geo_evaluation:168 |   P-value: 0.021140
2025-09-09 13:43:51 | INFO     | Murray.post_analysis:run_geo_evaluation:169 |   Power: 1.0000
2025-09-09 13:43:51 | INFO     | Murray.post_analysis:run_geo_evaluation:188 | run_geo_evaluation completed successfully
