2025-07-07 23:24:45 | INFO     | Murray.metrics:update_metrics:57 | New record added: {'timestamp': '2025-07-07 23:24:45', 'section': 'experimental_design', 'date': '2025-07-07', 'day_of_week': 'Monday', 'hour': 23}
2025-07-07 23:24:45 | INFO     | Murray.main:run_geo_analysis_streamlit_app:979 | Starting run_geo_analysis_streamlit_app............
2025-07-07 23:24:45 | INFO     | Murray.main:run_geo_analysis_streamlit_app:990 | Step 1: Generating market correlations.....
2025-07-07 23:24:45 | INFO     | Murray.main:run_geo_analysis_streamlit_app:992 | Market correlations generated successfully.
2025-07-07 23:24:45 | INFO     | Murray.main:run_geo_analysis_streamlit_app:998 | Step 2: Finding best groups for control and treatment.....
2025-07-07 23:24:45 | INFO     | Murray.main:BetterGroups:408 | Number of locations: 32
2025-07-07 23:24:45 | INFO     | Murray.main:BetterGroups:410 | Maximum treatment group size: 14
2025-07-07 23:24:45 | INFO     | Murray.main:BetterGroups:412 | Minimum treatment group size: 5
2025-07-07 23:24:45 | INFO     | Murray.main:BetterGroups:429 | Generating possible treatment groups...
2025-07-07 23:24:45 | INFO     | Murray.main:BetterGroups:433 | Generated 5000 groups for size 5
2025-07-07 23:24:45 | INFO     | Murray.main:BetterGroups:433 | Generated 5000 groups for size 6
2025-07-07 23:24:45 | INFO     | Murray.main:BetterGroups:433 | Generated 5000 groups for size 7
2025-07-07 23:24:45 | INFO     | Murray.main:BetterGroups:433 | Generated 5000 groups for size 8
2025-07-07 23:24:45 | INFO     | Murray.main:BetterGroups:433 | Generated 5000 groups for size 9
2025-07-07 23:24:45 | INFO     | Murray.main:BetterGroups:433 | Generated 5000 groups for size 10
2025-07-07 23:24:45 | INFO     | Murray.main:BetterGroups:433 | Generated 5000 groups for size 11
2025-07-07 23:24:45 | INFO     | Murray.main:BetterGroups:433 | Generated 5000 groups for size 12
2025-07-07 23:24:45 | INFO     | Murray.main:BetterGroups:433 | Generated 5000 groups for size 13
2025-07-07 23:24:45 | INFO     | Murray.main:BetterGroups:433 | Generated 5000 groups for size 14
2025-07-07 23:24:45 | INFO     | Murray.main:BetterGroups:435 | Total possible groups generated: 50000
2025-07-07 23:24:46 | INFO     | Murray.main:BetterGroups:455 | Tasks submitted, starting to collect results...
2025-07-07 23:24:46 | INFO     | Murray.main:BetterGroups:477 | Processed 1/50000 groups
2025-07-07 23:25:06 | INFO     | Murray.main:BetterGroups:477 | Processed 5000/50000 groups
2025-07-07 23:25:22 | INFO     | Murray.main:BetterGroups:477 | Processed 10000/50000 groups
2025-07-07 23:25:37 | INFO     | Murray.main:BetterGroups:477 | Processed 15000/50000 groups
2025-07-07 23:25:51 | INFO     | Murray.main:BetterGroups:477 | Processed 20000/50000 groups
2025-07-07 23:26:04 | INFO     | Murray.main:BetterGroups:477 | Processed 25000/50000 groups
2025-07-07 23:26:16 | INFO     | Murray.main:BetterGroups:477 | Processed 30000/50000 groups
2025-07-07 23:26:26 | INFO     | Murray.main:BetterGroups:477 | Processed 35000/50000 groups
2025-07-07 23:26:37 | INFO     | Murray.main:BetterGroups:477 | Processed 40000/50000 groups
2025-07-07 23:26:45 | INFO     | Murray.main:BetterGroups:477 | Processed 45000/50000 groups
2025-07-07 23:26:50 | INFO     | Murray.main:BetterGroups:477 | Processed 50000/50000 groups
2025-07-07 23:26:50 | INFO     | Murray.main:BetterGroups:479 | All groups processed. Results count: 50000
2025-07-07 23:26:50 | INFO     | Murray.main:BetterGroups:482 | Organizing results by size...
2025-07-07 23:26:50 | INFO     | Murray.main:BetterGroups:509 | Best result for size 5: MAPE=19.2473, SMAPE=22.2185, Holdout=81.57%
2025-07-07 23:26:50 | INFO     | Murray.main:BetterGroups:509 | Best result for size 6: MAPE=17.5411, SMAPE=17.3346, Holdout=86.56%
2025-07-07 23:26:50 | INFO     | Murray.main:BetterGroups:509 | Best result for size 7: MAPE=17.5781, SMAPE=20.3122, Holdout=90.66%
2025-07-07 23:26:50 | INFO     | Murray.main:BetterGroups:509 | Best result for size 8: MAPE=17.2302, SMAPE=18.6741, Holdout=80.56%
2025-07-07 23:26:50 | INFO     | Murray.main:BetterGroups:509 | Best result for size 9: MAPE=14.1875, SMAPE=14.9352, Holdout=84.06%
2025-07-07 23:26:50 | INFO     | Murray.main:BetterGroups:509 | Best result for size 10: MAPE=13.9215, SMAPE=15.1770, Holdout=84.26%
2025-07-07 23:26:50 | INFO     | Murray.main:BetterGroups:509 | Best result for size 11: MAPE=12.7277, SMAPE=12.9221, Holdout=79.95%
2025-07-07 23:26:50 | INFO     | Murray.main:BetterGroups:509 | Best result for size 12: MAPE=13.5356, SMAPE=14.5588, Holdout=80.76%
2025-07-07 23:26:50 | INFO     | Murray.main:BetterGroups:509 | Best result for size 13: MAPE=15.3680, SMAPE=14.8174, Holdout=80.16%
2025-07-07 23:26:50 | INFO     | Murray.main:BetterGroups:509 | Best result for size 14: MAPE=15.3662, SMAPE=14.5514, Holdout=77.99%
2025-07-07 23:26:51 | INFO     | Murray.main:run_geo_analysis_streamlit_app:1013 | BetterGroups completed successfully. Results for 10 sizes
2025-07-07 23:26:51 | INFO     | Murray.main:run_geo_analysis_streamlit_app:1016 | Step 3: Evaluating sensitivity for different deltas and periods.....
2025-07-07 23:27:23 | INFO     | Murray.main:evaluate_sensitivity:922 | Period 10 completed for size 5. MDE found: 0.06999999999999999 with p-value: 0.08443000000000002, power: 0.9 and CI: (np.float64(0.816844242532462), np.float64(0.983155757467538))
2025-07-07 23:28:01 | INFO     | Murray.main:evaluate_sensitivity:922 | Period 15 completed for size 5. MDE found: 0.01 with p-value: 0.021023999999999998, power: 1.0 and CI: (np.float64(1.0), 1)
2025-07-07 23:28:39 | INFO     | Murray.main:evaluate_sensitivity:922 | Period 20 completed for size 5. MDE found: 0.01 with p-value: 0.038244, power: 1.0 and CI: (np.float64(1.0), 1)
2025-07-07 23:29:16 | INFO     | Murray.main:evaluate_sensitivity:922 | Period 25 completed for size 5. MDE found: 0.01 with p-value: 0.060621999999999995, power: 1.0 and CI: (np.float64(1.0), 1)
2025-07-07 23:29:56 | INFO     | Murray.main:evaluate_sensitivity:922 | Period 30 completed for size 5. MDE found: 0.01 with p-value: 0.022024000000000002, power: 1.0 and CI: (np.float64(1.0), 1)
2025-07-07 23:30:35 | INFO     | Murray.main:evaluate_sensitivity:922 | Period 10 completed for size 6. MDE found: None with p-value: None, power: 1.0 and CI: None
2025-07-07 23:31:06 | INFO     | Murray.main:evaluate_sensitivity:922 | Period 15 completed for size 6. MDE found: None with p-value: None, power: 1.0 and CI: None
2025-07-07 23:31:32 | INFO     | Murray.main:evaluate_sensitivity:922 | Period 20 completed for size 6. MDE found: None with p-value: None, power: 1.0 and CI: None
2025-07-07 23:31:57 | INFO     | Murray.main:evaluate_sensitivity:922 | Period 25 completed for size 6. MDE found: 0.11 with p-value: 0.075714, power: 0.94 and CI: (np.float64(0.874172005954913), 1)
2025-07-07 23:32:24 | INFO     | Murray.main:evaluate_sensitivity:922 | Period 30 completed for size 6. MDE found: 0.05 with p-value: 0.065166, power: 1.0 and CI: (np.float64(1.0), 1)
2025-07-07 23:32:50 | INFO     | Murray.main:evaluate_sensitivity:922 | Period 10 completed for size 7. MDE found: 0.05 with p-value: 0.08725999999999999, power: 0.86 and CI: (np.float64(0.7638201018923393), np.float64(0.9561798981076607))
2025-07-07 23:33:20 | INFO     | Murray.main:evaluate_sensitivity:922 | Period 15 completed for size 7. MDE found: 0.06999999999999999 with p-value: 0.08236, power: 0.92 and CI: (np.float64(0.8448013617144566), np.float64(0.9951986382855434))
2025-07-07 23:34:01 | INFO     | Murray.main:evaluate_sensitivity:922 | Period 20 completed for size 7. MDE found: 0.04 with p-value: 0.088414, power: 0.8 and CI: (np.float64(0.6891256567099494), np.float64(0.9108743432900507))
2025-07-07 23:34:44 | INFO     | Murray.main:evaluate_sensitivity:922 | Period 25 completed for size 7. MDE found: 0.09 with p-value: 0.088814, power: 0.86 and CI: (np.float64(0.7638201018923393), np.float64(0.9561798981076607))
2025-07-07 23:35:26 | INFO     | Murray.main:evaluate_sensitivity:922 | Period 30 completed for size 7. MDE found: 0.09 with p-value: 0.08216199999999999, power: 0.94 and CI: (np.float64(0.874172005954913), 1)
2025-07-07 23:36:07 | INFO     | Murray.main:evaluate_sensitivity:922 | Period 10 completed for size 8. MDE found: 0.12 with p-value: 0.069564, power: 1.0 and CI: (np.float64(1.0), 1)
2025-07-07 23:36:49 | INFO     | Murray.main:evaluate_sensitivity:922 | Period 15 completed for size 8. MDE found: 0.05 with p-value: 0.08455, power: 0.88 and CI: (np.float64(0.7899252577022837), np.float64(0.9700747422977163))
2025-07-07 23:37:21 | INFO     | Murray.main:evaluate_sensitivity:922 | Period 20 completed for size 8. MDE found: 0.03 with p-value: 0.077664, power: 0.94 and CI: (np.float64(0.874172005954913), 1)
2025-07-07 23:37:50 | INFO     | Murray.main:evaluate_sensitivity:922 | Period 25 completed for size 8. MDE found: 0.04 with p-value: 0.08946, power: 0.8 and CI: (np.float64(0.6891256567099494), np.float64(0.9108743432900507))
2025-07-07 23:38:15 | INFO     | Murray.main:evaluate_sensitivity:922 | Period 30 completed for size 8. MDE found: 0.03 with p-value: 0.08307600000000001, power: 0.92 and CI: (np.float64(0.8448013617144566), np.float64(0.9951986382855434))
2025-07-07 23:38:39 | INFO     | Murray.main:evaluate_sensitivity:922 | Period 10 completed for size 9. MDE found: 0.13 with p-value: 0.07158400000000001, power: 0.98 and CI: (np.float64(0.9411939798484823), 1)
2025-07-07 23:39:04 | INFO     | Murray.main:evaluate_sensitivity:922 | Period 15 completed for size 9. MDE found: 0.08 with p-value: 0.083238, power: 0.86 and CI: (np.float64(0.7638201018923393), np.float64(0.9561798981076607))
2025-07-07 23:39:28 | INFO     | Murray.main:evaluate_sensitivity:922 | Period 20 completed for size 9. MDE found: 0.08 with p-value: 0.073514, power: 0.94 and CI: (np.float64(0.874172005954913), 1)
2025-07-07 23:39:52 | INFO     | Murray.main:evaluate_sensitivity:922 | Period 25 completed for size 9. MDE found: 0.06999999999999999 with p-value: 0.07368000000000001, power: 1.0 and CI: (np.float64(1.0), 1)
2025-07-07 23:40:17 | INFO     | Murray.main:evaluate_sensitivity:922 | Period 30 completed for size 9. MDE found: 0.060000000000000005 with p-value: 0.085676, power: 0.82 and CI: (np.float64(0.713508670775504), np.float64(0.926491329224496))
2025-07-07 23:40:41 | INFO     | Murray.main:evaluate_sensitivity:922 | Period 10 completed for size 10. MDE found: 0.14 with p-value: 0.073504, power: 0.94 and CI: (np.float64(0.874172005954913), 1)
2025-07-07 23:41:06 | INFO     | Murray.main:evaluate_sensitivity:922 | Period 15 completed for size 10. MDE found: 0.09999999999999999 with p-value: 0.083822, power: 0.86 and CI: (np.float64(0.7638201018923393), np.float64(0.9561798981076607))
2025-07-07 23:41:31 | INFO     | Murray.main:evaluate_sensitivity:922 | Period 20 completed for size 10. MDE found: 0.05 with p-value: 0.076096, power: 0.98 and CI: (np.float64(0.9411939798484823), 1)
2025-07-07 23:41:55 | INFO     | Murray.main:evaluate_sensitivity:922 | Period 25 completed for size 10. MDE found: 0.06999999999999999 with p-value: 0.07809599999999998, power: 0.98 and CI: (np.float64(0.9411939798484823), 1)
2025-07-07 23:42:20 | INFO     | Murray.main:evaluate_sensitivity:922 | Period 30 completed for size 10. MDE found: 0.060000000000000005 with p-value: 0.07554999999999999, power: 0.98 and CI: (np.float64(0.9411939798484823), 1)
2025-07-07 23:42:44 | INFO     | Murray.main:evaluate_sensitivity:922 | Period 10 completed for size 11. MDE found: 0.11 with p-value: 0.086708, power: 0.82 and CI: (np.float64(0.713508670775504), np.float64(0.926491329224496))
2025-07-07 23:43:08 | INFO     | Murray.main:evaluate_sensitivity:922 | Period 15 completed for size 11. MDE found: 0.09 with p-value: 0.07901200000000001, power: 0.92 and CI: (np.float64(0.8448013617144566), np.float64(0.9951986382855434))
2025-07-07 23:43:33 | INFO     | Murray.main:evaluate_sensitivity:922 | Period 20 completed for size 11. MDE found: 0.08 with p-value: 0.06408199999999999, power: 1.0 and CI: (np.float64(1.0), 1)
2025-07-07 23:43:57 | INFO     | Murray.main:evaluate_sensitivity:922 | Period 25 completed for size 11. MDE found: 0.09999999999999999 with p-value: 0.067786, power: 1.0 and CI: (np.float64(1.0), 1)
2025-07-07 23:44:22 | INFO     | Murray.main:evaluate_sensitivity:922 | Period 30 completed for size 11. MDE found: 0.09999999999999999 with p-value: 0.08788800000000001, power: 0.8 and CI: (np.float64(0.6891256567099494), np.float64(0.9108743432900507))
2025-07-07 23:44:47 | INFO     | Murray.main:evaluate_sensitivity:922 | Period 10 completed for size 12. MDE found: 0.09999999999999999 with p-value: 0.07629799999999999, power: 0.96 and CI: (np.float64(0.9056828866746399), 1)
2025-07-07 23:45:11 | INFO     | Murray.main:evaluate_sensitivity:922 | Period 15 completed for size 12. MDE found: 0.060000000000000005 with p-value: 0.08098599999999999, power: 0.92 and CI: (np.float64(0.8448013617144566), np.float64(0.9951986382855434))
2025-07-07 23:45:36 | INFO     | Murray.main:evaluate_sensitivity:922 | Period 20 completed for size 12. MDE found: 0.05 with p-value: 0.07449200000000002, power: 0.96 and CI: (np.float64(0.9056828866746399), 1)
2025-07-07 23:46:00 | INFO     | Murray.main:evaluate_sensitivity:922 | Period 25 completed for size 12. MDE found: 0.060000000000000005 with p-value: 0.07572399999999999, power: 0.94 and CI: (np.float64(0.874172005954913), 1)
2025-07-07 23:46:25 | INFO     | Murray.main:evaluate_sensitivity:922 | Period 30 completed for size 12. MDE found: 0.04 with p-value: 0.07372000000000001, power: 0.92 and CI: (np.float64(0.8448013617144566), np.float64(0.9951986382855434))
2025-07-07 23:46:50 | INFO     | Murray.main:evaluate_sensitivity:922 | Period 10 completed for size 13. MDE found: None with p-value: None, power: 0.92 and CI: None
2025-07-07 23:47:14 | INFO     | Murray.main:evaluate_sensitivity:922 | Period 15 completed for size 13. MDE found: 0.13 with p-value: 0.075494, power: 0.92 and CI: (np.float64(0.8448013617144566), np.float64(0.9951986382855434))
2025-07-07 23:47:38 | INFO     | Murray.main:evaluate_sensitivity:922 | Period 20 completed for size 13. MDE found: 0.11 with p-value: 0.084032, power: 0.82 and CI: (np.float64(0.713508670775504), np.float64(0.926491329224496))
2025-07-07 23:48:03 | INFO     | Murray.main:evaluate_sensitivity:922 | Period 25 completed for size 13. MDE found: 0.09 with p-value: 0.08796600000000002, power: 0.9 and CI: (np.float64(0.816844242532462), np.float64(0.983155757467538))
2025-07-07 23:48:28 | INFO     | Murray.main:evaluate_sensitivity:922 | Period 30 completed for size 13. MDE found: 0.060000000000000005 with p-value: 0.07021999999999999, power: 0.98 and CI: (np.float64(0.9411939798484823), 1)
2025-07-07 23:48:52 | INFO     | Murray.main:evaluate_sensitivity:922 | Period 10 completed for size 14. MDE found: 0.13 with p-value: 0.085434, power: 0.84 and CI: (np.float64(0.7383819858489648), np.float64(0.9416180141510352))
2025-07-07 23:49:17 | INFO     | Murray.main:evaluate_sensitivity:922 | Period 15 completed for size 14. MDE found: 0.09999999999999999 with p-value: 0.08291400000000002, power: 0.92 and CI: (np.float64(0.8448013617144566), np.float64(0.9951986382855434))
2025-07-07 23:49:41 | INFO     | Murray.main:evaluate_sensitivity:922 | Period 20 completed for size 14. MDE found: 0.12 with p-value: 0.07857800000000001, power: 0.96 and CI: (np.float64(0.9056828866746399), 1)
2025-07-07 23:50:05 | INFO     | Murray.main:evaluate_sensitivity:922 | Period 25 completed for size 14. MDE found: 0.14 with p-value: 0.0705, power: 0.98 and CI: (np.float64(0.9411939798484823), 1)
2025-07-07 23:50:31 | INFO     | Murray.main:evaluate_sensitivity:922 | Period 30 completed for size 14. MDE found: 0.09999999999999999 with p-value: 0.08718400000000001, power: 0.86 and CI: (np.float64(0.7638201018923393), np.float64(0.9561798981076607))
2025-07-07 23:50:31 | INFO     | Murray.main:evaluate_sensitivity:936 | evaluate_sensitivity completed successfully.
2025-07-07 23:50:31 | INFO     | Murray.main:run_geo_analysis_streamlit_app:1022 | Sensitivity evaluation completed successfully.
2025-07-07 23:50:31 | INFO     | Murray.main:run_geo_analysis_streamlit_app:1032 | run_geo_analysis_streamlit_app completed successfully
