2025-08-15 12:48:30 | INFO     | __main__:<module>:153 | user isaac@entropy.tech logged in
2025-08-15 12:48:33 | INFO     | __main__:<module>:153 | user isaac@entropy.tech logged in
2025-08-15 12:48:33 | INFO     | Murray.metrics:update_metrics:59 | New record added: {'timestamp': '2025-08-15 12:48:33', 'section': 'experimental_evaluation', 'date': '2025-08-15', 'day_of_week': 'Friday', 'hour': 12}
2025-08-15 12:48:33 | INFO     | Murray.post_analysis:run_geo_evaluation:21 | Starting run_geo_evaluation
2025-08-15 12:48:33 | INFO     | Murray.post_analysis:run_geo_evaluation:22 | Input data shape: (2880, 4)
2025-08-15 12:48:33 | INFO     | Murray.post_analysis:run_geo_evaluation:23 | Treatment group: ['aguascalientes', 'campeche', 'jalisco', 'morelos', 'nayarit', 'oaxaca', 'puebla', 'querétaro', 'sonora']
2025-08-15 12:48:33 | INFO     | Murray.post_analysis:run_geo_evaluation:24 | Start treatment: 2025-06-29 00:00:00, End treatment: 2025-07-07 00:00:00
2025-08-15 12:48:33 | INFO     | Murray.post_analysis:run_geo_evaluation:25 | n_permutations: 50000, significance_level: 0.1
2025-08-15 12:48:33 | INFO     | Murray.post_analysis:run_geo_evaluation:40 | Treatment period positions: 81 to 90
2025-08-15 12:48:33 | INFO     | Murray.post_analysis:run_geo_evaluation:49 | Generating correlation matrix...
2025-08-15 12:48:33 | INFO     | Murray.post_analysis:run_geo_evaluation:52 | Selecting control group...
2025-08-15 12:48:33 | INFO     | Murray.post_analysis:run_geo_evaluation:58 | Control group selected: ['nuevo león', 'tlaxcala', 'ciudad de méxico', 'méxico', 'guanajuato']
2025-08-15 12:48:33 | INFO     | Murray.post_analysis:run_geo_evaluation:68 | Pivot table shape: (90, 32)
2025-08-15 12:48:33 | INFO     | Murray.post_analysis:run_geo_evaluation:75 | Scaling data...
2025-08-15 12:48:33 | INFO     | Murray.post_analysis:run_geo_evaluation:94 | Fitting synthetic control model...
2025-08-15 12:48:33 | INFO     | Murray.post_analysis:run_geo_evaluation:97 | Model fitted successfully
2025-08-15 12:48:33 | INFO     | Murray.post_analysis:run_geo_evaluation:99 | Making predictions...
2025-08-15 12:48:33 | INFO     | Murray.post_analysis:run_geo_evaluation:117 | Calculating metrics...
2025-08-15 12:48:33 | INFO     | Murray.post_analysis:run_geo_evaluation:118 | Data shapes - treatment: (90,), counterfactual: (90,)
2025-08-15 12:48:33 | INFO     | Murray.post_analysis:run_geo_evaluation:128 | Treatment period sum: 568039.0399999999
2025-08-15 12:48:33 | INFO     | Murray.post_analysis:run_geo_evaluation:129 | Counterfactual period sum: 753150.0930350261
2025-08-15 12:48:33 | INFO     | Murray.post_analysis:run_geo_evaluation:130 | Lift difference (treatment - counterfactual): -185111.05303502618
2025-08-15 12:48:33 | INFO     | Murray.post_analysis:run_geo_evaluation:144 | Observed statistic (sum of residuals): -185111.053035026
2025-08-15 12:48:33 | INFO     | Murray.post_analysis:run_geo_evaluation:145 | Manual verification - observed_stat should equal lift_difference: -185111.05303502618
2025-08-15 12:48:33 | INFO     | Murray.post_analysis:run_geo_evaluation:147 | Starting permutation test with 50000 permutations...
2025-08-15 12:48:33 | INFO     | Murray.post_analysis:run_geo_evaluation:152 | Completed 10000/50000 permutations
2025-08-15 12:48:33 | INFO     | Murray.post_analysis:run_geo_evaluation:152 | Completed 20000/50000 permutations
2025-08-15 12:48:33 | INFO     | Murray.post_analysis:run_geo_evaluation:152 | Completed 30000/50000 permutations
2025-08-15 12:48:33 | INFO     | Murray.post_analysis:run_geo_evaluation:152 | Completed 40000/50000 permutations
2025-08-15 12:48:33 | INFO     | Murray.post_analysis:run_geo_evaluation:158 | Permutation test completed, calculating p-value and power...
2025-08-15 12:48:33 | INFO     | Murray.post_analysis:run_geo_evaluation:164 | Final results:
2025-08-15 12:48:33 | INFO     | Murray.post_analysis:run_geo_evaluation:165 |   MAPE: 32.5527
2025-08-15 12:48:33 | INFO     | Murray.post_analysis:run_geo_evaluation:166 |   SMAPE: 28.2717
2025-08-15 12:48:33 | INFO     | Murray.post_analysis:run_geo_evaluation:167 |   Percentage lift: -24.5782%
2025-08-15 12:48:33 | INFO     | Murray.post_analysis:run_geo_evaluation:168 |   P-value: 0.068540
2025-08-15 12:48:33 | INFO     | Murray.post_analysis:run_geo_evaluation:169 |   Power: 1.0000
2025-08-15 12:48:33 | INFO     | Murray.post_analysis:run_geo_evaluation:188 | run_geo_evaluation completed successfully
