2025-07-31 17:40:57 | INFO     | Murray.metrics:update_metrics:59 | New record added: {'timestamp': '2025-07-31 17:40:57', 'section': 'experimental_evaluation', 'date': '2025-07-31', 'day_of_week': 'Thursday', 'hour': 17}
2025-07-31 17:40:57 | INFO     | Murray.post_analysis:run_geo_evaluation:21 | Starting run_geo_evaluation
2025-07-31 17:40:57 | INFO     | Murray.post_analysis:run_geo_evaluation:22 | Input data shape: (2880, 4)
2025-07-31 17:40:57 | INFO     | Murray.post_analysis:run_geo_evaluation:23 | Treatment group: ['aguascalientes', 'campeche', 'jalisco', 'morelos', 'nayarit', 'oaxaca', 'puebla', 'querétaro', 'sonora']
2025-07-31 17:40:57 | INFO     | Murray.post_analysis:run_geo_evaluation:24 | Start treatment: 2025-07-01 00:00:00, End treatment: 2025-07-07 00:00:00
2025-07-31 17:40:57 | INFO     | Murray.post_analysis:run_geo_evaluation:25 | n_permutations: 50000, significance_level: 0.1
2025-07-31 17:40:57 | INFO     | Murray.post_analysis:run_geo_evaluation:40 | Treatment period positions: 83 to 90
2025-07-31 17:40:57 | INFO     | Murray.post_analysis:run_geo_evaluation:49 | Generating correlation matrix...
2025-07-31 17:40:57 | INFO     | Murray.post_analysis:run_geo_evaluation:52 | Selecting control group...
2025-07-31 17:40:57 | INFO     | Murray.post_analysis:run_geo_evaluation:58 | Control group selected: ['ciudad de méxico', 'méxico', 'nuevo león', 'guanajuato']
2025-07-31 17:40:57 | INFO     | Murray.post_analysis:run_geo_evaluation:68 | Pivot table shape: (90, 32)
2025-07-31 17:40:57 | INFO     | Murray.post_analysis:run_geo_evaluation:75 | Scaling data...
2025-07-31 17:40:57 | INFO     | Murray.post_analysis:run_geo_evaluation:94 | Fitting synthetic control model...
2025-07-31 17:40:57 | INFO     | Murray.post_analysis:run_geo_evaluation:97 | Model fitted successfully
2025-07-31 17:40:57 | INFO     | Murray.post_analysis:run_geo_evaluation:99 | Making predictions...
2025-07-31 17:40:57 | INFO     | Murray.post_analysis:run_geo_evaluation:116 | Calculating metrics...
2025-07-31 17:40:57 | INFO     | Murray.post_analysis:run_geo_evaluation:136 | Treatment sum: 342
2025-07-31 17:40:57 | INFO     | Murray.post_analysis:run_geo_evaluation:137 | Control sum: 253.47684447441594
2025-07-31 17:40:57 | INFO     | Murray.post_analysis:run_geo_evaluation:138 | Total effect (T-C): 88.52315552558406
2025-07-31 17:40:57 | INFO     | Murray.post_analysis:run_geo_evaluation:139 | Percentage lift: 34.923566966890704%
2025-07-31 17:40:57 | INFO     | Murray.post_analysis:run_geo_evaluation:140 | Shape of treatment array: (90, 1)
2025-07-31 17:40:57 | INFO     | Murray.post_analysis:run_geo_evaluation:141 | Shape of counterfactual array: (90,)
2025-07-31 17:40:57 | INFO     | Murray.post_analysis:run_geo_evaluation:142 | First 5 values of treatment: [[48]
 [58]
 [94]
 [49]
 [47]]
2025-07-31 17:40:57 | INFO     | Murray.post_analysis:run_geo_evaluation:143 | First 5 values of counterfactual: [54.74520682 52.43277015 88.59288105 44.73880653 44.71490225]
2025-07-31 17:40:57 | INFO     | Murray.post_analysis:run_geo_evaluation:144 | Start position treatment: 83
2025-07-31 17:40:57 | INFO     | Murray.post_analysis:run_geo_evaluation:148 | First 5 residuals: [[-6.74520682e+00 -4.43277015e+00 -4.05928811e+01  3.26119347e+00
   3.28509775e+00 -2.89075917e+01 -7.77272268e+00 -2.23874627e+01
  -2.87169511e+01 -1.15543890e+01  5.74722790e+00 -1.28421135e+01
  -1.34204625e+01 -5.50163510e+00 -9.38036064e+00 -1.29337604e+01
  -1.18581265e+01  2.09563756e+00  8.17587363e+00 -6.07461914e+00
  -3.89545342e+00 -1.05167010e+01 -4.03770450e+01 -3.17063967e+00
   2.50234717e+00  5.43521192e+00 -1.61162610e+01 -9.92586786e+00
  -1.47979243e+00  6.79395615e+00 -8.62551956e+00  1.83992818e+01
   6.12103429e+00 -2.66301482e+00  1.11949520e+01 -5.58597679e-01
  -1.61594271e+01 -1.50739515e+01 -8.34487174e+00 -8.47765024e-01
  -7.89265770e+00  6.18814050e+00 -1.71551372e+00 -6.46731598e+00
   2.64229031e+00  6.35247444e+00 -6.83134066e+00 -1.43197956e+02
  -1.04545920e+02 -8.06115104e+01 -8.08921344e+01 -9.57436665e+01
  -6.63078775e+01 -1.14806523e+02 -9.03035252e+01 -1.58769046e+02
  -3.13985479e+01 -5.57377880e+00  8.33957704e+00  3.33630739e+00
   3.41353191e+00  6.67712814e+00 -3.14255556e+00  2.25313737e+00
  -2.50991441e+00  8.15365312e+00  6.81656423e+00  1.13643741e+01
   2.36585468e+00  2.42262089e+00  1.95938434e+01  1.13536538e+01
   1.03364897e+01  6.01739213e+00  7.44521979e+00  9.09483971e-01
   1.52105901e+01  1.44557063e+01  2.25042625e+01  4.52183699e+00
   2.26331796e+01  2.16326660e+01  6.63395169e+00  1.83895406e+01
  -1.72012984e+00  9.61133747e+00  1.91173873e+01  1.11628246e+01
   1.55269854e+01  1.04352100e+01]
 [ 3.25479318e+00  5.56722985e+00 -3.05928811e+01  1.32611935e+01
   1.32850978e+01 -1.89075917e+01  2.22727732e+00 -1.23874627e+01
  -1.87169511e+01 -1.55438904e+00  1.57472279e+01 -2.84211351e+00
  -3.42046255e+00  4.49836490e+00  6.19639362e-01 -2.93376037e+00
  -1.85812648e+00  1.20956376e+01  1.81758736e+01  3.92538086e+00
   6.10454658e+00 -5.16701035e-01 -3.03770450e+01  6.82936033e+00
   1.25023472e+01  1.54352119e+01 -6.11626100e+00  7.41321391e-02
   8.52020757e+00  1.67939562e+01  1.37448044e+00  2.83992818e+01
   1.61210343e+01  7.33698518e+00  2.11949520e+01  9.44140232e+00
  -6.15942708e+00 -5.07395150e+00  1.65512826e+00  9.15223498e+00
   2.10734230e+00  1.61881405e+01  8.28448628e+00  3.53268402e+00
   1.26422903e+01  1.63524744e+01  3.16865934e+00 -1.33197956e+02
  -9.45459202e+01 -7.06115104e+01 -7.08921344e+01 -8.57436665e+01
  -5.63078775e+01 -1.04806523e+02 -8.03035252e+01 -1.48769046e+02
  -2.13985479e+01  4.42622120e+00  1.83395770e+01  1.33363074e+01
   1.34135319e+01  1.66771281e+01  6.85744444e+00  1.22531374e+01
   7.49008559e+00  1.81536531e+01  1.68165642e+01  2.13643741e+01
   1.23658547e+01  1.24226209e+01  2.95938434e+01  2.13536538e+01
   2.03364897e+01  1.60173921e+01  1.74452198e+01  1.09094840e+01
   2.52105901e+01  2.44557063e+01  3.25042625e+01  1.45218370e+01
   3.26331796e+01  3.16326660e+01  1.66339517e+01  2.83895406e+01
   8.27987016e+00  1.96113375e+01  2.91173873e+01  2.11628246e+01
   2.55269854e+01  2.04352100e+01]
 [ 3.92547932e+01  4.15672299e+01  5.40711895e+00  4.92611935e+01
   4.92850978e+01  1.70924083e+01  3.82272773e+01  2.36125373e+01
   1.72830489e+01  3.44456110e+01  5.17472279e+01  3.31578865e+01
   3.25795375e+01  4.04983649e+01  3.66196394e+01  3.30662396e+01
   3.41418735e+01  4.80956376e+01  5.41758736e+01  3.99253809e+01
   4.21045466e+01  3.54832990e+01  5.62295501e+00  4.28293603e+01
   4.85023472e+01  5.14352119e+01  2.98837390e+01  3.60741321e+01
   4.45202076e+01  5.27939562e+01  3.73744804e+01  6.43992818e+01
   5.21210343e+01  4.33369852e+01  5.71949520e+01  4.54414023e+01
   2.98405729e+01  3.09260485e+01  3.76551283e+01  4.51522350e+01
   3.81073423e+01  5.21881405e+01  4.42844863e+01  3.95326840e+01
   4.86422903e+01  5.23524744e+01  3.91686593e+01 -9.71979557e+01
  -5.85459202e+01 -3.46115104e+01 -3.48921344e+01 -4.97436665e+01
  -2.03078775e+01 -6.88065225e+01 -4.43035252e+01 -1.12769046e+02
   1.46014521e+01  4.04262212e+01  5.43395770e+01  4.93363074e+01
   4.94135319e+01  5.26771281e+01  4.28574444e+01  4.82531374e+01
   4.34900856e+01  5.41536531e+01  5.28165642e+01  5.73643741e+01
   4.83658547e+01  4.84226209e+01  6.55938434e+01  5.73536538e+01
   5.63364897e+01  5.20173921e+01  5.34452198e+01  4.69094840e+01
   6.12105901e+01  6.04557063e+01  6.85042625e+01  5.05218370e+01
   6.86331796e+01  6.76326660e+01  5.26339517e+01  6.43895406e+01
   4.42798702e+01  5.56113375e+01  6.51173873e+01  5.71628246e+01
   6.15269854e+01  5.64352100e+01]
 [-5.74520682e+00 -3.43277015e+00 -3.95928811e+01  4.26119347e+00
   4.28509775e+00 -2.79075917e+01 -6.77272268e+00 -2.13874627e+01
  -2.77169511e+01 -1.05543890e+01  6.74722790e+00 -1.18421135e+01
  -1.24204625e+01 -4.50163510e+00 -8.38036064e+00 -1.19337604e+01
  -1.08581265e+01  3.09563756e+00  9.17587363e+00 -5.07461914e+00
  -2.89545342e+00 -9.51670104e+00 -3.93770450e+01 -2.17063967e+00
   3.50234717e+00  6.43521192e+00 -1.51162610e+01 -8.92586786e+00
  -4.79792426e-01  7.79395615e+00 -7.62551956e+00  1.93992818e+01
   7.12103429e+00 -1.66301482e+00  1.21949520e+01  4.41402321e-01
  -1.51594271e+01 -1.40739515e+01 -7.34487174e+00  1.52234976e-01
  -6.89265770e+00  7.18814050e+00 -7.15513719e-01 -5.46731598e+00
   3.64229031e+00  7.35247444e+00 -5.83134066e+00 -1.42197956e+02
  -1.03545920e+02 -7.96115104e+01 -7.98921344e+01 -9.47436665e+01
  -6.53078775e+01 -1.13806523e+02 -8.93035252e+01 -1.57769046e+02
  -3.03985479e+01 -4.57377880e+00  9.33957704e+00  4.33630739e+00
   4.41353191e+00  7.67712814e+00 -2.14255556e+00  3.25313737e+00
  -1.50991441e+00  9.15365312e+00  7.81656423e+00  1.23643741e+01
   3.36585468e+00  3.42262089e+00  2.05938434e+01  1.23536538e+01
   1.13364897e+01  7.01739213e+00  8.44521979e+00  1.90948397e+00
   1.62105901e+01  1.54557063e+01  2.35042625e+01  5.52183699e+00
   2.36331796e+01  2.26326660e+01  7.63395169e+00  1.93895406e+01
  -7.20129839e-01  1.06113375e+01  2.01173873e+01  1.21628246e+01
   1.65269854e+01  1.14352100e+01]
 [-7.74520682e+00 -5.43277015e+00 -4.15928811e+01  2.26119347e+00
   2.28509775e+00 -2.99075917e+01 -8.77272268e+00 -2.33874627e+01
  -2.97169511e+01 -1.25543890e+01  4.74722790e+00 -1.38421135e+01
  -1.44204625e+01 -6.50163510e+00 -1.03803606e+01 -1.39337604e+01
  -1.28581265e+01  1.09563756e+00  7.17587363e+00 -7.07461914e+00
  -4.89545342e+00 -1.15167010e+01 -4.13770450e+01 -4.17063967e+00
   1.50234717e+00  4.43521192e+00 -1.71162610e+01 -1.09258679e+01
  -2.47979243e+00  5.79395615e+00 -9.62551956e+00  1.73992818e+01
   5.12103429e+00 -3.66301482e+00  1.01949520e+01 -1.55859768e+00
  -1.71594271e+01 -1.60739515e+01 -9.34487174e+00 -1.84776502e+00
  -8.89265770e+00  5.18814050e+00 -2.71551372e+00 -7.46731598e+00
   1.64229031e+00  5.35247444e+00 -7.83134066e+00 -1.44197956e+02
  -1.05545920e+02 -8.16115104e+01 -8.18921344e+01 -9.67436665e+01
  -6.73078775e+01 -1.15806523e+02 -9.13035252e+01 -1.59769046e+02
  -3.23985479e+01 -6.57377880e+00  7.33957704e+00  2.33630739e+00
   2.41353191e+00  5.67712814e+00 -4.14255556e+00  1.25313737e+00
  -3.50991441e+00  7.15365312e+00  5.81656423e+00  1.03643741e+01
   1.36585468e+00  1.42262089e+00  1.85938434e+01  1.03536538e+01
   9.33648972e+00  5.01739213e+00  6.44521979e+00 -9.05160288e-02
   1.42105901e+01  1.34557063e+01  2.15042625e+01  3.52183699e+00
   2.16331796e+01  2.06326660e+01  5.63395169e+00  1.73895406e+01
  -2.72012984e+00  8.61133747e+00  1.81173873e+01  1.01628246e+01
   1.45269854e+01  9.43521004e+00]]
2025-07-31 17:40:57 | INFO     | Murray.post_analysis:run_geo_evaluation:149 | Last 5 residuals: [[-7.74520682e+00 -5.43277015e+00 -4.15928811e+01  2.26119347e+00
   2.28509775e+00 -2.99075917e+01 -8.77272268e+00 -2.33874627e+01
  -2.97169511e+01 -1.25543890e+01  4.74722790e+00 -1.38421135e+01
  -1.44204625e+01 -6.50163510e+00 -1.03803606e+01 -1.39337604e+01
  -1.28581265e+01  1.09563756e+00  7.17587363e+00 -7.07461914e+00
  -4.89545342e+00 -1.15167010e+01 -4.13770450e+01 -4.17063967e+00
   1.50234717e+00  4.43521192e+00 -1.71162610e+01 -1.09258679e+01
  -2.47979243e+00  5.79395615e+00 -9.62551956e+00  1.73992818e+01
   5.12103429e+00 -3.66301482e+00  1.01949520e+01 -1.55859768e+00
  -1.71594271e+01 -1.60739515e+01 -9.34487174e+00 -1.84776502e+00
  -8.89265770e+00  5.18814050e+00 -2.71551372e+00 -7.46731598e+00
   1.64229031e+00  5.35247444e+00 -7.83134066e+00 -1.44197956e+02
  -1.05545920e+02 -8.16115104e+01 -8.18921344e+01 -9.67436665e+01
  -6.73078775e+01 -1.15806523e+02 -9.13035252e+01 -1.59769046e+02
  -3.23985479e+01 -6.57377880e+00  7.33957704e+00  2.33630739e+00
   2.41353191e+00  5.67712814e+00 -4.14255556e+00  1.25313737e+00
  -3.50991441e+00  7.15365312e+00  5.81656423e+00  1.03643741e+01
   1.36585468e+00  1.42262089e+00  1.85938434e+01  1.03536538e+01
   9.33648972e+00  5.01739213e+00  6.44521979e+00 -9.05160288e-02
   1.42105901e+01  1.34557063e+01  2.15042625e+01  3.52183699e+00
   2.16331796e+01  2.06326660e+01  5.63395169e+00  1.73895406e+01
  -2.72012984e+00  8.61133747e+00  1.81173873e+01  1.01628246e+01
   1.45269854e+01  9.43521004e+00]
 [-2.74520682e+00 -4.32770147e-01 -3.65928811e+01  7.26119347e+00
   7.28509775e+00 -2.49075917e+01 -3.77272268e+00 -1.83874627e+01
  -2.47169511e+01 -7.55438904e+00  9.74722790e+00 -8.84211351e+00
  -9.42046255e+00 -1.50163510e+00 -5.38036064e+00 -8.93376037e+00
  -7.85812648e+00  6.09563756e+00  1.21758736e+01 -2.07461914e+00
   1.04546578e-01 -6.51670104e+00 -3.63770450e+01  8.29360327e-01
   6.50234717e+00  9.43521192e+00 -1.21162610e+01 -5.92586786e+00
   2.52020757e+00  1.07939562e+01 -4.62551956e+00  2.23992818e+01
   1.01210343e+01  1.33698518e+00  1.51949520e+01  3.44140232e+00
  -1.21594271e+01 -1.10739515e+01 -4.34487174e+00  3.15223498e+00
  -3.89265770e+00  1.01881405e+01  2.28448628e+00 -2.46731598e+00
   6.64229031e+00  1.03524744e+01 -2.83134066e+00 -1.39197956e+02
  -1.00545920e+02 -7.66115104e+01 -7.68921344e+01 -9.17436665e+01
  -6.23078775e+01 -1.10806523e+02 -8.63035252e+01 -1.54769046e+02
  -2.73985479e+01 -1.57377880e+00  1.23395770e+01  7.33630739e+00
   7.41353191e+00  1.06771281e+01  8.57444438e-01  6.25313737e+00
   1.49008559e+00  1.21536531e+01  1.08165642e+01  1.53643741e+01
   6.36585468e+00  6.42262089e+00  2.35938434e+01  1.53536538e+01
   1.43364897e+01  1.00173921e+01  1.14452198e+01  4.90948397e+00
   1.92105901e+01  1.84557063e+01  2.65042625e+01  8.52183699e+00
   2.66331796e+01  2.56326660e+01  1.06339517e+01  2.23895406e+01
   2.27987016e+00  1.36113375e+01  2.31173873e+01  1.51628246e+01
   1.95269854e+01  1.44352100e+01]
 [-1.27452068e+01 -1.04327701e+01 -4.65928811e+01 -2.73880653e+00
  -2.71490225e+00 -3.49075917e+01 -1.37727227e+01 -2.83874627e+01
  -3.47169511e+01 -1.75543890e+01 -2.52772102e-01 -1.88421135e+01
  -1.94204625e+01 -1.15016351e+01 -1.53803606e+01 -1.89337604e+01
  -1.78581265e+01 -3.90436244e+00  2.17587363e+00 -1.20746191e+01
  -9.89545342e+00 -1.65167010e+01 -4.63770450e+01 -9.17063967e+00
  -3.49765283e+00 -5.64788078e-01 -2.21162610e+01 -1.59258679e+01
  -7.47979243e+00  7.93956154e-01 -1.46255196e+01  1.23992818e+01
   1.21034287e-01 -8.66301482e+00  5.19495195e+00 -6.55859768e+00
  -2.21594271e+01 -2.10739515e+01 -1.43448717e+01 -6.84776502e+00
  -1.38926577e+01  1.88140502e-01 -7.71551372e+00 -1.24673160e+01
  -3.35770969e+00  3.52474440e-01 -1.28313407e+01 -1.49197956e+02
  -1.10545920e+02 -8.66115104e+01 -8.68921344e+01 -1.01743666e+02
  -7.23078775e+01 -1.20806523e+02 -9.63035252e+01 -1.64769046e+02
  -3.73985479e+01 -1.15737788e+01  2.33957704e+00 -2.66369261e+00
  -2.58646809e+00  6.77128140e-01 -9.14255556e+00 -3.74686263e+00
  -8.50991441e+00  2.15365312e+00  8.16564228e-01  5.36437407e+00
  -3.63414532e+00 -3.57737911e+00  1.35938434e+01  5.35365379e+00
   4.33648972e+00  1.73921295e-02  1.44521979e+00 -5.09051603e+00
   9.21059008e+00  8.45570628e+00  1.65042625e+01 -1.47816301e+00
   1.66331796e+01  1.56326660e+01  6.33951694e-01  1.23895406e+01
  -7.72012984e+00  3.61133747e+00  1.31173873e+01  5.16282461e+00
   9.52698535e+00  4.43521004e+00]
 [-2.74520682e+00 -4.32770147e-01 -3.65928811e+01  7.26119347e+00
   7.28509775e+00 -2.49075917e+01 -3.77272268e+00 -1.83874627e+01
  -2.47169511e+01 -7.55438904e+00  9.74722790e+00 -8.84211351e+00
  -9.42046255e+00 -1.50163510e+00 -5.38036064e+00 -8.93376037e+00
  -7.85812648e+00  6.09563756e+00  1.21758736e+01 -2.07461914e+00
   1.04546578e-01 -6.51670104e+00 -3.63770450e+01  8.29360327e-01
   6.50234717e+00  9.43521192e+00 -1.21162610e+01 -5.92586786e+00
   2.52020757e+00  1.07939562e+01 -4.62551956e+00  2.23992818e+01
   1.01210343e+01  1.33698518e+00  1.51949520e+01  3.44140232e+00
  -1.21594271e+01 -1.10739515e+01 -4.34487174e+00  3.15223498e+00
  -3.89265770e+00  1.01881405e+01  2.28448628e+00 -2.46731598e+00
   6.64229031e+00  1.03524744e+01 -2.83134066e+00 -1.39197956e+02
  -1.00545920e+02 -7.66115104e+01 -7.68921344e+01 -9.17436665e+01
  -6.23078775e+01 -1.10806523e+02 -8.63035252e+01 -1.54769046e+02
  -2.73985479e+01 -1.57377880e+00  1.23395770e+01  7.33630739e+00
   7.41353191e+00  1.06771281e+01  8.57444438e-01  6.25313737e+00
   1.49008559e+00  1.21536531e+01  1.08165642e+01  1.53643741e+01
   6.36585468e+00  6.42262089e+00  2.35938434e+01  1.53536538e+01
   1.43364897e+01  1.00173921e+01  1.14452198e+01  4.90948397e+00
   1.92105901e+01  1.84557063e+01  2.65042625e+01  8.52183699e+00
   2.66331796e+01  2.56326660e+01  1.06339517e+01  2.23895406e+01
   2.27987016e+00  1.36113375e+01  2.31173873e+01  1.51628246e+01
   1.95269854e+01  1.44352100e+01]
 [ 2.54793181e-01  2.56722985e+00 -3.35928811e+01  1.02611935e+01
   1.02850978e+01 -2.19075917e+01 -7.72722681e-01 -1.53874627e+01
  -2.17169511e+01 -4.55438904e+00  1.27472279e+01 -5.84211351e+00
  -6.42046255e+00  1.49836490e+00 -2.38036064e+00 -5.93376037e+00
  -4.85812648e+00  9.09563756e+00  1.51758736e+01  9.25380857e-01
   3.10454658e+00 -3.51670104e+00 -3.33770450e+01  3.82936033e+00
   9.50234717e+00  1.24352119e+01 -9.11626100e+00 -2.92586786e+00
   5.52020757e+00  1.37939562e+01 -1.62551956e+00  2.53992818e+01
   1.31210343e+01  4.33698518e+00  1.81949520e+01  6.44140232e+00
  -9.15942708e+00 -8.07395150e+00 -1.34487174e+00  6.15223498e+00
  -8.92657701e-01  1.31881405e+01  5.28448628e+00  5.32684020e-01
   9.64229031e+00  1.33524744e+01  1.68659340e-01 -1.36197956e+02
  -9.75459202e+01 -7.36115104e+01 -7.38921344e+01 -8.87436665e+01
  -5.93078775e+01 -1.07806523e+02 -8.33035252e+01 -1.51769046e+02
  -2.43985479e+01  1.42622120e+00  1.53395770e+01  1.03363074e+01
   1.04135319e+01  1.36771281e+01  3.85744444e+00  9.25313737e+00
   4.49008559e+00  1.51536531e+01  1.38165642e+01  1.83643741e+01
   9.36585468e+00  9.42262089e+00  2.65938434e+01  1.83536538e+01
   1.73364897e+01  1.30173921e+01  1.44452198e+01  7.90948397e+00
   2.22105901e+01  2.14557063e+01  2.95042625e+01  1.15218370e+01
   2.96331796e+01  2.86326660e+01  1.36339517e+01  2.53895406e+01
   5.27987016e+00  1.66113375e+01  2.61173873e+01  1.81628246e+01
   2.25269854e+01  1.74352100e+01]]
2025-07-31 17:40:57 | INFO     | Murray.post_analysis:run_geo_evaluation:150 | Mean of all residuals: 0.9835906169509377
2025-07-31 17:40:57 | INFO     | Murray.post_analysis:run_geo_evaluation:154 | First 5 treatment residuals: [[-6.74520682e+00 -4.43277015e+00 -4.05928811e+01  3.26119347e+00
   3.28509775e+00 -2.89075917e+01 -7.77272268e+00 -2.23874627e+01
  -2.87169511e+01 -1.15543890e+01  5.74722790e+00 -1.28421135e+01
  -1.34204625e+01 -5.50163510e+00 -9.38036064e+00 -1.29337604e+01
  -1.18581265e+01  2.09563756e+00  8.17587363e+00 -6.07461914e+00
  -3.89545342e+00 -1.05167010e+01 -4.03770450e+01 -3.17063967e+00
   2.50234717e+00  5.43521192e+00 -1.61162610e+01 -9.92586786e+00
  -1.47979243e+00  6.79395615e+00 -8.62551956e+00  1.83992818e+01
   6.12103429e+00 -2.66301482e+00  1.11949520e+01 -5.58597679e-01
  -1.61594271e+01 -1.50739515e+01 -8.34487174e+00 -8.47765024e-01
  -7.89265770e+00  6.18814050e+00 -1.71551372e+00 -6.46731598e+00
   2.64229031e+00  6.35247444e+00 -6.83134066e+00 -1.43197956e+02
  -1.04545920e+02 -8.06115104e+01 -8.08921344e+01 -9.57436665e+01
  -6.63078775e+01 -1.14806523e+02 -9.03035252e+01 -1.58769046e+02
  -3.13985479e+01 -5.57377880e+00  8.33957704e+00  3.33630739e+00
   3.41353191e+00  6.67712814e+00 -3.14255556e+00  2.25313737e+00
  -2.50991441e+00  8.15365312e+00  6.81656423e+00  1.13643741e+01
   2.36585468e+00  2.42262089e+00  1.95938434e+01  1.13536538e+01
   1.03364897e+01  6.01739213e+00  7.44521979e+00  9.09483971e-01
   1.52105901e+01  1.44557063e+01  2.25042625e+01  4.52183699e+00
   2.26331796e+01  2.16326660e+01  6.63395169e+00  1.83895406e+01
  -1.72012984e+00  9.61133747e+00  1.91173873e+01  1.11628246e+01
   1.55269854e+01  1.04352100e+01]
 [-8.74520682e+00 -6.43277015e+00 -4.25928811e+01  1.26119347e+00
   1.28509775e+00 -3.09075917e+01 -9.77272268e+00 -2.43874627e+01
  -3.07169511e+01 -1.35543890e+01  3.74722790e+00 -1.48421135e+01
  -1.54204625e+01 -7.50163510e+00 -1.13803606e+01 -1.49337604e+01
  -1.38581265e+01  9.56375623e-02  6.17587363e+00 -8.07461914e+00
  -5.89545342e+00 -1.25167010e+01 -4.23770450e+01 -5.17063967e+00
   5.02347175e-01  3.43521192e+00 -1.81162610e+01 -1.19258679e+01
  -3.47979243e+00  4.79395615e+00 -1.06255196e+01  1.63992818e+01
   4.12103429e+00 -4.66301482e+00  9.19495195e+00 -2.55859768e+00
  -1.81594271e+01 -1.70739515e+01 -1.03448717e+01 -2.84776502e+00
  -9.89265770e+00  4.18814050e+00 -3.71551372e+00 -8.46731598e+00
   6.42290315e-01  4.35247444e+00 -8.83134066e+00 -1.45197956e+02
  -1.06545920e+02 -8.26115104e+01 -8.28921344e+01 -9.77436665e+01
  -6.83078775e+01 -1.16806523e+02 -9.23035252e+01 -1.60769046e+02
  -3.33985479e+01 -7.57377880e+00  6.33957704e+00  1.33630739e+00
   1.41353191e+00  4.67712814e+00 -5.14255556e+00  2.53137371e-01
  -4.50991441e+00  6.15365312e+00  4.81656423e+00  9.36437407e+00
   3.65854677e-01  4.22620888e-01  1.75938434e+01  9.35365379e+00
   8.33648972e+00  4.01739213e+00  5.44521979e+00 -1.09051603e+00
   1.32105901e+01  1.24557063e+01  2.05042625e+01  2.52183699e+00
   2.06331796e+01  1.96326660e+01  4.63395169e+00  1.63895406e+01
  -3.72012984e+00  7.61133747e+00  1.71173873e+01  9.16282461e+00
   1.35269854e+01  8.43521004e+00]
 [-7.74520682e+00 -5.43277015e+00 -4.15928811e+01  2.26119347e+00
   2.28509775e+00 -2.99075917e+01 -8.77272268e+00 -2.33874627e+01
  -2.97169511e+01 -1.25543890e+01  4.74722790e+00 -1.38421135e+01
  -1.44204625e+01 -6.50163510e+00 -1.03803606e+01 -1.39337604e+01
  -1.28581265e+01  1.09563756e+00  7.17587363e+00 -7.07461914e+00
  -4.89545342e+00 -1.15167010e+01 -4.13770450e+01 -4.17063967e+00
   1.50234717e+00  4.43521192e+00 -1.71162610e+01 -1.09258679e+01
  -2.47979243e+00  5.79395615e+00 -9.62551956e+00  1.73992818e+01
   5.12103429e+00 -3.66301482e+00  1.01949520e+01 -1.55859768e+00
  -1.71594271e+01 -1.60739515e+01 -9.34487174e+00 -1.84776502e+00
  -8.89265770e+00  5.18814050e+00 -2.71551372e+00 -7.46731598e+00
   1.64229031e+00  5.35247444e+00 -7.83134066e+00 -1.44197956e+02
  -1.05545920e+02 -8.16115104e+01 -8.18921344e+01 -9.67436665e+01
  -6.73078775e+01 -1.15806523e+02 -9.13035252e+01 -1.59769046e+02
  -3.23985479e+01 -6.57377880e+00  7.33957704e+00  2.33630739e+00
   2.41353191e+00  5.67712814e+00 -4.14255556e+00  1.25313737e+00
  -3.50991441e+00  7.15365312e+00  5.81656423e+00  1.03643741e+01
   1.36585468e+00  1.42262089e+00  1.85938434e+01  1.03536538e+01
   9.33648972e+00  5.01739213e+00  6.44521979e+00 -9.05160288e-02
   1.42105901e+01  1.34557063e+01  2.15042625e+01  3.52183699e+00
   2.16331796e+01  2.06326660e+01  5.63395169e+00  1.73895406e+01
  -2.72012984e+00  8.61133747e+00  1.81173873e+01  1.01628246e+01
   1.45269854e+01  9.43521004e+00]
 [-2.74520682e+00 -4.32770147e-01 -3.65928811e+01  7.26119347e+00
   7.28509775e+00 -2.49075917e+01 -3.77272268e+00 -1.83874627e+01
  -2.47169511e+01 -7.55438904e+00  9.74722790e+00 -8.84211351e+00
  -9.42046255e+00 -1.50163510e+00 -5.38036064e+00 -8.93376037e+00
  -7.85812648e+00  6.09563756e+00  1.21758736e+01 -2.07461914e+00
   1.04546578e-01 -6.51670104e+00 -3.63770450e+01  8.29360327e-01
   6.50234717e+00  9.43521192e+00 -1.21162610e+01 -5.92586786e+00
   2.52020757e+00  1.07939562e+01 -4.62551956e+00  2.23992818e+01
   1.01210343e+01  1.33698518e+00  1.51949520e+01  3.44140232e+00
  -1.21594271e+01 -1.10739515e+01 -4.34487174e+00  3.15223498e+00
  -3.89265770e+00  1.01881405e+01  2.28448628e+00 -2.46731598e+00
   6.64229031e+00  1.03524744e+01 -2.83134066e+00 -1.39197956e+02
  -1.00545920e+02 -7.66115104e+01 -7.68921344e+01 -9.17436665e+01
  -6.23078775e+01 -1.10806523e+02 -8.63035252e+01 -1.54769046e+02
  -2.73985479e+01 -1.57377880e+00  1.23395770e+01  7.33630739e+00
   7.41353191e+00  1.06771281e+01  8.57444438e-01  6.25313737e+00
   1.49008559e+00  1.21536531e+01  1.08165642e+01  1.53643741e+01
   6.36585468e+00  6.42262089e+00  2.35938434e+01  1.53536538e+01
   1.43364897e+01  1.00173921e+01  1.14452198e+01  4.90948397e+00
   1.92105901e+01  1.84557063e+01  2.65042625e+01  8.52183699e+00
   2.66331796e+01  2.56326660e+01  1.06339517e+01  2.23895406e+01
   2.27987016e+00  1.36113375e+01  2.31173873e+01  1.51628246e+01
   1.95269854e+01  1.44352100e+01]
 [-1.27452068e+01 -1.04327701e+01 -4.65928811e+01 -2.73880653e+00
  -2.71490225e+00 -3.49075917e+01 -1.37727227e+01 -2.83874627e+01
  -3.47169511e+01 -1.75543890e+01 -2.52772102e-01 -1.88421135e+01
  -1.94204625e+01 -1.15016351e+01 -1.53803606e+01 -1.89337604e+01
  -1.78581265e+01 -3.90436244e+00  2.17587363e+00 -1.20746191e+01
  -9.89545342e+00 -1.65167010e+01 -4.63770450e+01 -9.17063967e+00
  -3.49765283e+00 -5.64788078e-01 -2.21162610e+01 -1.59258679e+01
  -7.47979243e+00  7.93956154e-01 -1.46255196e+01  1.23992818e+01
   1.21034287e-01 -8.66301482e+00  5.19495195e+00 -6.55859768e+00
  -2.21594271e+01 -2.10739515e+01 -1.43448717e+01 -6.84776502e+00
  -1.38926577e+01  1.88140502e-01 -7.71551372e+00 -1.24673160e+01
  -3.35770969e+00  3.52474440e-01 -1.28313407e+01 -1.49197956e+02
  -1.10545920e+02 -8.66115104e+01 -8.68921344e+01 -1.01743666e+02
  -7.23078775e+01 -1.20806523e+02 -9.63035252e+01 -1.64769046e+02
  -3.73985479e+01 -1.15737788e+01  2.33957704e+00 -2.66369261e+00
  -2.58646809e+00  6.77128140e-01 -9.14255556e+00 -3.74686263e+00
  -8.50991441e+00  2.15365312e+00  8.16564228e-01  5.36437407e+00
  -3.63414532e+00 -3.57737911e+00  1.35938434e+01  5.35365379e+00
   4.33648972e+00  1.73921295e-02  1.44521979e+00 -5.09051603e+00
   9.21059008e+00  8.45570628e+00  1.65042625e+01 -1.47816301e+00
   1.66331796e+01  1.56326660e+01  6.33951694e-01  1.23895406e+01
  -7.72012984e+00  3.61133747e+00  1.31173873e+01  5.16282461e+00
   9.52698535e+00  4.43521004e+00]]
2025-07-31 17:40:57 | INFO     | Murray.post_analysis:run_geo_evaluation:155 | Last 5 treatment residuals: [[-7.74520682e+00 -5.43277015e+00 -4.15928811e+01  2.26119347e+00
   2.28509775e+00 -2.99075917e+01 -8.77272268e+00 -2.33874627e+01
  -2.97169511e+01 -1.25543890e+01  4.74722790e+00 -1.38421135e+01
  -1.44204625e+01 -6.50163510e+00 -1.03803606e+01 -1.39337604e+01
  -1.28581265e+01  1.09563756e+00  7.17587363e+00 -7.07461914e+00
  -4.89545342e+00 -1.15167010e+01 -4.13770450e+01 -4.17063967e+00
   1.50234717e+00  4.43521192e+00 -1.71162610e+01 -1.09258679e+01
  -2.47979243e+00  5.79395615e+00 -9.62551956e+00  1.73992818e+01
   5.12103429e+00 -3.66301482e+00  1.01949520e+01 -1.55859768e+00
  -1.71594271e+01 -1.60739515e+01 -9.34487174e+00 -1.84776502e+00
  -8.89265770e+00  5.18814050e+00 -2.71551372e+00 -7.46731598e+00
   1.64229031e+00  5.35247444e+00 -7.83134066e+00 -1.44197956e+02
  -1.05545920e+02 -8.16115104e+01 -8.18921344e+01 -9.67436665e+01
  -6.73078775e+01 -1.15806523e+02 -9.13035252e+01 -1.59769046e+02
  -3.23985479e+01 -6.57377880e+00  7.33957704e+00  2.33630739e+00
   2.41353191e+00  5.67712814e+00 -4.14255556e+00  1.25313737e+00
  -3.50991441e+00  7.15365312e+00  5.81656423e+00  1.03643741e+01
   1.36585468e+00  1.42262089e+00  1.85938434e+01  1.03536538e+01
   9.33648972e+00  5.01739213e+00  6.44521979e+00 -9.05160288e-02
   1.42105901e+01  1.34557063e+01  2.15042625e+01  3.52183699e+00
   2.16331796e+01  2.06326660e+01  5.63395169e+00  1.73895406e+01
  -2.72012984e+00  8.61133747e+00  1.81173873e+01  1.01628246e+01
   1.45269854e+01  9.43521004e+00]
 [-2.74520682e+00 -4.32770147e-01 -3.65928811e+01  7.26119347e+00
   7.28509775e+00 -2.49075917e+01 -3.77272268e+00 -1.83874627e+01
  -2.47169511e+01 -7.55438904e+00  9.74722790e+00 -8.84211351e+00
  -9.42046255e+00 -1.50163510e+00 -5.38036064e+00 -8.93376037e+00
  -7.85812648e+00  6.09563756e+00  1.21758736e+01 -2.07461914e+00
   1.04546578e-01 -6.51670104e+00 -3.63770450e+01  8.29360327e-01
   6.50234717e+00  9.43521192e+00 -1.21162610e+01 -5.92586786e+00
   2.52020757e+00  1.07939562e+01 -4.62551956e+00  2.23992818e+01
   1.01210343e+01  1.33698518e+00  1.51949520e+01  3.44140232e+00
  -1.21594271e+01 -1.10739515e+01 -4.34487174e+00  3.15223498e+00
  -3.89265770e+00  1.01881405e+01  2.28448628e+00 -2.46731598e+00
   6.64229031e+00  1.03524744e+01 -2.83134066e+00 -1.39197956e+02
  -1.00545920e+02 -7.66115104e+01 -7.68921344e+01 -9.17436665e+01
  -6.23078775e+01 -1.10806523e+02 -8.63035252e+01 -1.54769046e+02
  -2.73985479e+01 -1.57377880e+00  1.23395770e+01  7.33630739e+00
   7.41353191e+00  1.06771281e+01  8.57444438e-01  6.25313737e+00
   1.49008559e+00  1.21536531e+01  1.08165642e+01  1.53643741e+01
   6.36585468e+00  6.42262089e+00  2.35938434e+01  1.53536538e+01
   1.43364897e+01  1.00173921e+01  1.14452198e+01  4.90948397e+00
   1.92105901e+01  1.84557063e+01  2.65042625e+01  8.52183699e+00
   2.66331796e+01  2.56326660e+01  1.06339517e+01  2.23895406e+01
   2.27987016e+00  1.36113375e+01  2.31173873e+01  1.51628246e+01
   1.95269854e+01  1.44352100e+01]
 [-1.27452068e+01 -1.04327701e+01 -4.65928811e+01 -2.73880653e+00
  -2.71490225e+00 -3.49075917e+01 -1.37727227e+01 -2.83874627e+01
  -3.47169511e+01 -1.75543890e+01 -2.52772102e-01 -1.88421135e+01
  -1.94204625e+01 -1.15016351e+01 -1.53803606e+01 -1.89337604e+01
  -1.78581265e+01 -3.90436244e+00  2.17587363e+00 -1.20746191e+01
  -9.89545342e+00 -1.65167010e+01 -4.63770450e+01 -9.17063967e+00
  -3.49765283e+00 -5.64788078e-01 -2.21162610e+01 -1.59258679e+01
  -7.47979243e+00  7.93956154e-01 -1.46255196e+01  1.23992818e+01
   1.21034287e-01 -8.66301482e+00  5.19495195e+00 -6.55859768e+00
  -2.21594271e+01 -2.10739515e+01 -1.43448717e+01 -6.84776502e+00
  -1.38926577e+01  1.88140502e-01 -7.71551372e+00 -1.24673160e+01
  -3.35770969e+00  3.52474440e-01 -1.28313407e+01 -1.49197956e+02
  -1.10545920e+02 -8.66115104e+01 -8.68921344e+01 -1.01743666e+02
  -7.23078775e+01 -1.20806523e+02 -9.63035252e+01 -1.64769046e+02
  -3.73985479e+01 -1.15737788e+01  2.33957704e+00 -2.66369261e+00
  -2.58646809e+00  6.77128140e-01 -9.14255556e+00 -3.74686263e+00
  -8.50991441e+00  2.15365312e+00  8.16564228e-01  5.36437407e+00
  -3.63414532e+00 -3.57737911e+00  1.35938434e+01  5.35365379e+00
   4.33648972e+00  1.73921295e-02  1.44521979e+00 -5.09051603e+00
   9.21059008e+00  8.45570628e+00  1.65042625e+01 -1.47816301e+00
   1.66331796e+01  1.56326660e+01  6.33951694e-01  1.23895406e+01
  -7.72012984e+00  3.61133747e+00  1.31173873e+01  5.16282461e+00
   9.52698535e+00  4.43521004e+00]
 [-2.74520682e+00 -4.32770147e-01 -3.65928811e+01  7.26119347e+00
   7.28509775e+00 -2.49075917e+01 -3.77272268e+00 -1.83874627e+01
  -2.47169511e+01 -7.55438904e+00  9.74722790e+00 -8.84211351e+00
  -9.42046255e+00 -1.50163510e+00 -5.38036064e+00 -8.93376037e+00
  -7.85812648e+00  6.09563756e+00  1.21758736e+01 -2.07461914e+00
   1.04546578e-01 -6.51670104e+00 -3.63770450e+01  8.29360327e-01
   6.50234717e+00  9.43521192e+00 -1.21162610e+01 -5.92586786e+00
   2.52020757e+00  1.07939562e+01 -4.62551956e+00  2.23992818e+01
   1.01210343e+01  1.33698518e+00  1.51949520e+01  3.44140232e+00
  -1.21594271e+01 -1.10739515e+01 -4.34487174e+00  3.15223498e+00
  -3.89265770e+00  1.01881405e+01  2.28448628e+00 -2.46731598e+00
   6.64229031e+00  1.03524744e+01 -2.83134066e+00 -1.39197956e+02
  -1.00545920e+02 -7.66115104e+01 -7.68921344e+01 -9.17436665e+01
  -6.23078775e+01 -1.10806523e+02 -8.63035252e+01 -1.54769046e+02
  -2.73985479e+01 -1.57377880e+00  1.23395770e+01  7.33630739e+00
   7.41353191e+00  1.06771281e+01  8.57444438e-01  6.25313737e+00
   1.49008559e+00  1.21536531e+01  1.08165642e+01  1.53643741e+01
   6.36585468e+00  6.42262089e+00  2.35938434e+01  1.53536538e+01
   1.43364897e+01  1.00173921e+01  1.14452198e+01  4.90948397e+00
   1.92105901e+01  1.84557063e+01  2.65042625e+01  8.52183699e+00
   2.66331796e+01  2.56326660e+01  1.06339517e+01  2.23895406e+01
   2.27987016e+00  1.36113375e+01  2.31173873e+01  1.51628246e+01
   1.95269854e+01  1.44352100e+01]
 [ 2.54793181e-01  2.56722985e+00 -3.35928811e+01  1.02611935e+01
   1.02850978e+01 -2.19075917e+01 -7.72722681e-01 -1.53874627e+01
  -2.17169511e+01 -4.55438904e+00  1.27472279e+01 -5.84211351e+00
  -6.42046255e+00  1.49836490e+00 -2.38036064e+00 -5.93376037e+00
  -4.85812648e+00  9.09563756e+00  1.51758736e+01  9.25380857e-01
   3.10454658e+00 -3.51670104e+00 -3.33770450e+01  3.82936033e+00
   9.50234717e+00  1.24352119e+01 -9.11626100e+00 -2.92586786e+00
   5.52020757e+00  1.37939562e+01 -1.62551956e+00  2.53992818e+01
   1.31210343e+01  4.33698518e+00  1.81949520e+01  6.44140232e+00
  -9.15942708e+00 -8.07395150e+00 -1.34487174e+00  6.15223498e+00
  -8.92657701e-01  1.31881405e+01  5.28448628e+00  5.32684020e-01
   9.64229031e+00  1.33524744e+01  1.68659340e-01 -1.36197956e+02
  -9.75459202e+01 -7.36115104e+01 -7.38921344e+01 -8.87436665e+01
  -5.93078775e+01 -1.07806523e+02 -8.33035252e+01 -1.51769046e+02
  -2.43985479e+01  1.42622120e+00  1.53395770e+01  1.03363074e+01
   1.04135319e+01  1.36771281e+01  3.85744444e+00  9.25313737e+00
   4.49008559e+00  1.51536531e+01  1.38165642e+01  1.83643741e+01
   9.36585468e+00  9.42262089e+00  2.65938434e+01  1.83536538e+01
   1.73364897e+01  1.30173921e+01  1.44452198e+01  7.90948397e+00
   2.22105901e+01  2.14557063e+01  2.95042625e+01  1.15218370e+01
   2.96331796e+01  2.86326660e+01  1.36339517e+01  2.53895406e+01
   5.27987016e+00  1.66113375e+01  2.61173873e+01  1.81628246e+01
   2.25269854e+01  1.74352100e+01]]
2025-07-31 17:40:57 | INFO     | Murray.post_analysis:run_geo_evaluation:156 | Mean of treatment residuals: -9.948155414795096
2025-07-31 17:40:57 | INFO     | Murray.post_analysis:run_geo_evaluation:163 | Observed statistic (total effect): 88.52315552558406
2025-07-31 17:40:57 | INFO     | Murray.post_analysis:run_geo_evaluation:169 | Final cumulative effect: -6267.337911320905
2025-07-31 17:40:57 | INFO     | Murray.post_analysis:run_geo_evaluation:170 | Mean cumulative effect: -3632.2120070221404
2025-07-31 17:40:57 | INFO     | Murray.post_analysis:run_geo_evaluation:171 | Verification - all these should have the same sign:
2025-07-31 17:40:57 | INFO     | Murray.post_analysis:run_geo_evaluation:172 |   - Total effect: 88.52315552558406
2025-07-31 17:40:57 | INFO     | Murray.post_analysis:run_geo_evaluation:173 |   - Observed stat: 88.52315552558406
2025-07-31 17:40:57 | INFO     | Murray.post_analysis:run_geo_evaluation:174 |   - Final cumulative: -6267.337911320905
2025-07-31 17:40:57 | INFO     | Murray.post_analysis:run_geo_evaluation:175 |   - Percentage lift sign: positive
2025-07-31 17:40:57 | INFO     | Murray.post_analysis:run_geo_evaluation:177 | Starting permutation test with 50000 permutations...
2025-07-31 17:40:57 | INFO     | Murray.post_analysis:run_geo_evaluation:182 | Completed 10000/50000 permutations
2025-07-31 17:40:57 | INFO     | Murray.post_analysis:run_geo_evaluation:182 | Completed 20000/50000 permutations
2025-07-31 17:40:58 | INFO     | Murray.post_analysis:run_geo_evaluation:182 | Completed 30000/50000 permutations
2025-07-31 17:40:58 | INFO     | Murray.post_analysis:run_geo_evaluation:182 | Completed 40000/50000 permutations
2025-07-31 17:40:58 | INFO     | Murray.post_analysis:run_geo_evaluation:188 | Permutation test completed, calculating p-value and power...
2025-07-31 17:40:58 | INFO     | Murray.post_analysis:run_geo_evaluation:194 | Final results:
2025-07-31 17:40:58 | INFO     | Murray.post_analysis:run_geo_evaluation:195 |   MAPE: 13.8940
2025-07-31 17:40:58 | INFO     | Murray.post_analysis:run_geo_evaluation:196 |   SMAPE: 14.1023
2025-07-31 17:40:58 | INFO     | Murray.post_analysis:run_geo_evaluation:197 |   Percentage lift: 34.9236%
2025-07-31 17:40:58 | INFO     | Murray.post_analysis:run_geo_evaluation:198 |   P-value: 0.991220
2025-07-31 17:40:58 | INFO     | Murray.post_analysis:run_geo_evaluation:199 |   Power: 0.0000
2025-07-31 17:40:58 | INFO     | Murray.post_analysis:run_geo_evaluation:218 | run_geo_evaluation completed successfully
2025-07-31 17:44:10 | INFO     | Murray.metrics:update_metrics:59 | New record added: {'timestamp': '2025-07-31 17:44:10', 'section': 'experimental_evaluation', 'date': '2025-07-31', 'day_of_week': 'Thursday', 'hour': 17}
2025-07-31 17:44:10 | INFO     | Murray.post_analysis:run_geo_evaluation:21 | Starting run_geo_evaluation
2025-07-31 17:44:10 | INFO     | Murray.post_analysis:run_geo_evaluation:22 | Input data shape: (3904, 5)
2025-07-31 17:44:10 | INFO     | Murray.post_analysis:run_geo_evaluation:23 | Treatment group: ['aguascalientes', 'campeche', 'jalisco', 'morelos', 'nayarit', 'puebla', 'oaxaca', 'querétaro', 'sonora']
2025-07-31 17:44:10 | INFO     | Murray.post_analysis:run_geo_evaluation:24 | Start treatment: 2025-06-06 00:00:00, End treatment: 2025-07-29 00:00:00
2025-07-31 17:44:10 | INFO     | Murray.post_analysis:run_geo_evaluation:25 | n_permutations: 50000, significance_level: 0.1
2025-07-31 17:44:10 | INFO     | Murray.post_analysis:run_geo_evaluation:40 | Treatment period positions: 68 to 122
2025-07-31 17:44:10 | INFO     | Murray.post_analysis:run_geo_evaluation:49 | Generating correlation matrix...
2025-07-31 17:44:10 | INFO     | Murray.post_analysis:run_geo_evaluation:52 | Selecting control group...
2025-07-31 17:44:10 | INFO     | Murray.post_analysis:run_geo_evaluation:58 | Control group selected: ['ciudad de méxico', 'méxico', 'nuevo león', 'guanajuato']
2025-07-31 17:44:10 | INFO     | Murray.post_analysis:run_geo_evaluation:68 | Pivot table shape: (122, 32)
2025-07-31 17:44:10 | INFO     | Murray.post_analysis:run_geo_evaluation:75 | Scaling data...
2025-07-31 17:44:10 | INFO     | Murray.post_analysis:run_geo_evaluation:94 | Fitting synthetic control model...
2025-07-31 17:44:10 | INFO     | Murray.post_analysis:run_geo_evaluation:97 | Model fitted successfully
2025-07-31 17:44:10 | INFO     | Murray.post_analysis:run_geo_evaluation:99 | Making predictions...
2025-07-31 17:44:10 | INFO     | Murray.post_analysis:run_geo_evaluation:116 | Calculating metrics...
2025-07-31 17:44:10 | INFO     | Murray.post_analysis:run_geo_evaluation:136 | Treatment sum: 2346.0
2025-07-31 17:44:10 | INFO     | Murray.post_analysis:run_geo_evaluation:137 | Control sum: 2509.8879962141414
2025-07-31 17:44:10 | INFO     | Murray.post_analysis:run_geo_evaluation:138 | Total effect (T-C): -163.88799621414137
2025-07-31 17:44:10 | INFO     | Murray.post_analysis:run_geo_evaluation:139 | Percentage lift: -6.52969361427069%
2025-07-31 17:44:10 | INFO     | Murray.post_analysis:run_geo_evaluation:140 | Shape of treatment array: (122, 1)
2025-07-31 17:44:10 | INFO     | Murray.post_analysis:run_geo_evaluation:141 | Shape of counterfactual array: (122,)
2025-07-31 17:44:10 | INFO     | Murray.post_analysis:run_geo_evaluation:142 | First 5 values of treatment: [[49.]
 [72.]
 [53.]
 [45.]
 [45.]]
2025-07-31 17:44:10 | INFO     | Murray.post_analysis:run_geo_evaluation:143 | First 5 values of counterfactual: [55.53697828 81.3522601  61.836306   58.29100772 45.46070743]
2025-07-31 17:44:10 | INFO     | Murray.post_analysis:run_geo_evaluation:144 | Start position treatment: 68
2025-07-31 17:44:10 | INFO     | Murray.post_analysis:run_geo_evaluation:148 | First 5 residuals: [[-6.53697828e+00 -3.23522601e+01 -1.28363060e+01 -9.29100772e+00
   3.53929257e+00 -6.17823530e+00  6.06687376e+00  4.10461868e+00
  -3.71324462e+00  1.00270777e+01 -2.95982350e-01  1.44122497e+00
  -3.27074620e+01  9.42056967e+00  7.78758051e+00 -2.16053158e+01
  -4.11847646e+00 -1.62328709e+01 -2.38788368e+01 -5.18909985e+00
   1.01249759e+01 -8.06798813e+00 -9.62718404e+00 -2.04420310e+00
  -3.83690696e+00 -8.34923372e+00 -7.23464811e+00  4.02796809e+00
   1.24907638e+01 -1.77297410e+00 -4.88239179e-01 -6.76709461e+00
  -3.89057334e+01 -4.46735874e-01  3.77785432e+00  7.48576276e+00
  -1.61230968e+01 -8.11136877e+00  1.15688409e+00  9.35091060e+00
  -7.71051870e+00  1.98815441e+01  6.66249515e+00 -1.23789270e+00
   1.31213492e+01  9.72689559e-01 -1.37521403e+01 -1.47394205e+01
  -6.11808122e+00 -1.37933636e+00 -7.31794781e+00  5.16232647e+00
  -6.11851071e-01 -4.92826889e+00  2.93340015e+00  5.76622160e+00
  -7.34957238e+00 -1.37955090e+02 -1.04424454e+02 -8.10910638e+01
  -8.25435151e+01 -9.71792859e+01 -6.64773849e+01 -1.17892835e+02
  -9.09910087e+01 -1.58895469e+02 -3.25829085e+01 -7.41285665e+00
   5.39411433e+00 -1.51285713e+00  9.34175592e-01  3.07513291e+00
  -5.62134915e+00 -6.96087868e-01 -6.42724775e+00  4.01461594e+00
   2.71344080e+00  6.11154208e+00 -6.24639960e-01 -1.77826213e+00
   1.68471497e+01  5.88242634e+00  7.16179323e+00  6.86020267e-01
   2.65286693e+00 -2.82337234e+00  9.48229653e+00  8.47719379e+00
   1.54449027e+01 -5.22243543e-01  1.78277928e+01  1.52217368e+01
   2.14339641e+00  1.13751708e+01 -7.56707099e+00  2.21060871e+00
   1.10983652e+01  3.57933102e+00  9.39217586e+00  2.86508166e+00
  -2.00849987e+00  7.61754774e+00  3.93958390e+00 -2.64531342e+00
   1.44372621e+01  3.91665686e+00 -3.17103146e+00  3.15162971e+00
   1.77953578e+00 -7.52154553e+00  8.81709918e+00  1.23907388e+01
   6.28889811e+00 -1.26885208e+01 -2.60444327e+00 -1.63596959e+01
  -1.11915849e+01 -1.14985772e+01  3.64224909e+00  1.09668198e+01
  -1.60683417e+00 -6.55817030e+00]
 [ 1.64630217e+01 -9.35226010e+00  1.01636940e+01  1.37089923e+01
   2.65392926e+01  1.68217647e+01  2.90668738e+01  2.71046187e+01
   1.92867554e+01  3.30270777e+01  2.27040177e+01  2.44412250e+01
  -9.70746201e+00  3.24205697e+01  3.07875805e+01  1.39468416e+00
   1.88815235e+01  6.76712913e+00 -8.78836760e-01  1.78109001e+01
   3.31249759e+01  1.49320119e+01  1.33728160e+01  2.09557969e+01
   1.91630930e+01  1.46507663e+01  1.57653519e+01  2.70279681e+01
   3.54907638e+01  2.12270259e+01  2.25117608e+01  1.62329054e+01
  -1.59057334e+01  2.25532641e+01  2.67778543e+01  3.04857628e+01
   6.87690324e+00  1.48886312e+01  2.41568841e+01  3.23509106e+01
   1.52894813e+01  4.28815441e+01  2.96624952e+01  2.17621073e+01
   3.61213492e+01  2.39726896e+01  9.24785974e+00  8.26057948e+00
   1.68819188e+01  2.16206636e+01  1.56820522e+01  2.81623265e+01
   2.23881489e+01  1.80717311e+01  2.59334001e+01  2.87662216e+01
   1.56504276e+01 -1.14955090e+02 -8.14244537e+01 -5.80910638e+01
  -5.95435151e+01 -7.41792859e+01 -4.34773849e+01 -9.48928351e+01
  -6.79910087e+01 -1.35895469e+02 -9.58290851e+00  1.55871433e+01
   2.83941143e+01  2.14871429e+01  2.39341756e+01  2.60751329e+01
   1.73786508e+01  2.23039121e+01  1.65727522e+01  2.70146159e+01
   2.57134408e+01  2.91115421e+01  2.23753600e+01  2.12217379e+01
   3.98471497e+01  2.88824263e+01  3.01617932e+01  2.36860203e+01
   2.56528669e+01  2.01766277e+01  3.24822965e+01  3.14771938e+01
   3.84449027e+01  2.24777565e+01  4.08277928e+01  3.82217368e+01
   2.51433964e+01  3.43751708e+01  1.54329290e+01  2.52106087e+01
   3.40983652e+01  2.65793310e+01  3.23921759e+01  2.58650817e+01
   2.09915001e+01  3.06175477e+01  2.69395839e+01  2.03546866e+01
   3.74372621e+01  2.69166569e+01  1.98289685e+01  2.61516297e+01
   2.47795358e+01  1.54784545e+01  3.18170992e+01  3.53907388e+01
   2.92888981e+01  1.03114792e+01  2.03955567e+01  6.64030408e+00
   1.18084151e+01  1.15014228e+01  2.66422491e+01  3.39668198e+01
   2.13931658e+01  1.64418297e+01]
 [-2.53697828e+00 -2.83522601e+01 -8.83630600e+00 -5.29100772e+00
   7.53929257e+00 -2.17823530e+00  1.00668738e+01  8.10461868e+00
   2.86755376e-01  1.40270777e+01  3.70401765e+00  5.44122497e+00
  -2.87074620e+01  1.34205697e+01  1.17875805e+01 -1.76053158e+01
  -1.18476462e-01 -1.22328709e+01 -1.98788368e+01 -1.18909985e+00
   1.41249759e+01 -4.06798813e+00 -5.62718404e+00  1.95579690e+00
   1.63093045e-01 -4.34923372e+00 -3.23464811e+00  8.02796809e+00
   1.64907638e+01  2.22702590e+00  3.51176082e+00 -2.76709461e+00
  -3.49057334e+01  3.55326413e+00  7.77785432e+00  1.14857628e+01
  -1.21230968e+01 -4.11136877e+00  5.15688409e+00  1.33509106e+01
  -3.71051870e+00  2.38815441e+01  1.06624952e+01  2.76210730e+00
   1.71213492e+01  4.97268956e+00 -9.75214026e+00 -1.07394205e+01
  -2.11808122e+00  2.62066364e+00 -3.31794781e+00  9.16232647e+00
   3.38814893e+00 -9.28268890e-01  6.93340015e+00  9.76622160e+00
  -3.34957238e+00 -1.33955090e+02 -1.00424454e+02 -7.70910638e+01
  -7.85435151e+01 -9.31792859e+01 -6.24773849e+01 -1.13892835e+02
  -8.69910087e+01 -1.54895469e+02 -2.85829085e+01 -3.41285665e+00
   9.39411433e+00  2.48714287e+00  4.93417559e+00  7.07513291e+00
  -1.62134915e+00  3.30391213e+00 -2.42724775e+00  8.01461594e+00
   6.71344080e+00  1.01115421e+01  3.37536004e+00  2.22173787e+00
   2.08471497e+01  9.88242634e+00  1.11617932e+01  4.68602027e+00
   6.65286693e+00  1.17662766e+00  1.34822965e+01  1.24771938e+01
   1.94449027e+01  3.47775646e+00  2.18277928e+01  1.92217368e+01
   6.14339641e+00  1.53751708e+01 -3.56707099e+00  6.21060871e+00
   1.50983652e+01  7.57933102e+00  1.33921759e+01  6.86508166e+00
   1.99150013e+00  1.16175477e+01  7.93958390e+00  1.35468658e+00
   1.84372621e+01  7.91665686e+00  8.28968536e-01  7.15162971e+00
   5.77953578e+00 -3.52154553e+00  1.28170992e+01  1.63907388e+01
   1.02888981e+01 -8.68852083e+00  1.39555673e+00 -1.23596959e+01
  -7.19158492e+00 -7.49857718e+00  7.64224909e+00  1.49668198e+01
   2.39316583e+00 -2.55817030e+00]
 [-1.05369783e+01 -3.63522601e+01 -1.68363060e+01 -1.32910077e+01
  -4.60707435e-01 -1.01782353e+01  2.06687376e+00  1.04618677e-01
  -7.71324462e+00  6.02707770e+00 -4.29598235e+00 -2.55877503e+00
  -3.67074620e+01  5.42056967e+00  3.78758051e+00 -2.56053158e+01
  -8.11847646e+00 -2.02328709e+01 -2.78788368e+01 -9.18909985e+00
   6.12497589e+00 -1.20679881e+01 -1.36271840e+01 -6.04420310e+00
  -7.83690696e+00 -1.23492337e+01 -1.12346481e+01  2.79680909e-02
   8.49076384e+00 -5.77297410e+00 -4.48823918e+00 -1.07670946e+01
  -4.29057334e+01 -4.44673587e+00 -2.22145677e-01  3.48576276e+00
  -2.01230968e+01 -1.21113688e+01 -2.84311591e+00  5.35091060e+00
  -1.17105187e+01  1.58815441e+01  2.66249515e+00 -5.23789270e+00
   9.12134921e+00 -3.02731044e+00 -1.77521403e+01 -1.87394205e+01
  -1.01180812e+01 -5.37933636e+00 -1.13179478e+01  1.16232647e+00
  -4.61185107e+00 -8.92826889e+00 -1.06659985e+00  1.76622160e+00
  -1.13495724e+01 -1.41955090e+02 -1.08424454e+02 -8.50910638e+01
  -8.65435151e+01 -1.01179286e+02 -7.04773849e+01 -1.21892835e+02
  -9.49910087e+01 -1.62895469e+02 -3.65829085e+01 -1.14128567e+01
   1.39411433e+00 -5.51285713e+00 -3.06582441e+00 -9.24867090e-01
  -9.62134915e+00 -4.69608787e+00 -1.04272478e+01  1.46159422e-02
  -1.28655920e+00  2.11154208e+00 -4.62463996e+00 -5.77826213e+00
   1.28471497e+01  1.88242634e+00  3.16179323e+00 -3.31397973e+00
  -1.34713307e+00 -6.82337234e+00  5.48229653e+00  4.47719379e+00
   1.14449027e+01 -4.52224354e+00  1.38277928e+01  1.12217368e+01
  -1.85660359e+00  7.37517079e+00 -1.15670710e+01 -1.78939129e+00
   7.09836523e+00 -4.20668981e-01  5.39217586e+00 -1.13491834e+00
  -6.00849987e+00  3.61754774e+00 -6.04160996e-02 -6.64531342e+00
   1.04372621e+01 -8.33431404e-02 -7.17103146e+00 -8.48370291e-01
  -2.22046422e+00 -1.15215455e+01  4.81709918e+00  8.39073881e+00
   2.28889811e+00 -1.66885208e+01 -6.60444327e+00 -2.03596959e+01
  -1.51915849e+01 -1.54985772e+01 -3.57750909e-01  6.96681976e+00
  -5.60683417e+00 -1.05581703e+01]
 [-1.05369783e+01 -3.63522601e+01 -1.68363060e+01 -1.32910077e+01
  -4.60707435e-01 -1.01782353e+01  2.06687376e+00  1.04618677e-01
  -7.71324462e+00  6.02707770e+00 -4.29598235e+00 -2.55877503e+00
  -3.67074620e+01  5.42056967e+00  3.78758051e+00 -2.56053158e+01
  -8.11847646e+00 -2.02328709e+01 -2.78788368e+01 -9.18909985e+00
   6.12497589e+00 -1.20679881e+01 -1.36271840e+01 -6.04420310e+00
  -7.83690696e+00 -1.23492337e+01 -1.12346481e+01  2.79680909e-02
   8.49076384e+00 -5.77297410e+00 -4.48823918e+00 -1.07670946e+01
  -4.29057334e+01 -4.44673587e+00 -2.22145677e-01  3.48576276e+00
  -2.01230968e+01 -1.21113688e+01 -2.84311591e+00  5.35091060e+00
  -1.17105187e+01  1.58815441e+01  2.66249515e+00 -5.23789270e+00
   9.12134921e+00 -3.02731044e+00 -1.77521403e+01 -1.87394205e+01
  -1.01180812e+01 -5.37933636e+00 -1.13179478e+01  1.16232647e+00
  -4.61185107e+00 -8.92826889e+00 -1.06659985e+00  1.76622160e+00
  -1.13495724e+01 -1.41955090e+02 -1.08424454e+02 -8.50910638e+01
  -8.65435151e+01 -1.01179286e+02 -7.04773849e+01 -1.21892835e+02
  -9.49910087e+01 -1.62895469e+02 -3.65829085e+01 -1.14128567e+01
   1.39411433e+00 -5.51285713e+00 -3.06582441e+00 -9.24867090e-01
  -9.62134915e+00 -4.69608787e+00 -1.04272478e+01  1.46159422e-02
  -1.28655920e+00  2.11154208e+00 -4.62463996e+00 -5.77826213e+00
   1.28471497e+01  1.88242634e+00  3.16179323e+00 -3.31397973e+00
  -1.34713307e+00 -6.82337234e+00  5.48229653e+00  4.47719379e+00
   1.14449027e+01 -4.52224354e+00  1.38277928e+01  1.12217368e+01
  -1.85660359e+00  7.37517079e+00 -1.15670710e+01 -1.78939129e+00
   7.09836523e+00 -4.20668981e-01  5.39217586e+00 -1.13491834e+00
  -6.00849987e+00  3.61754774e+00 -6.04160996e-02 -6.64531342e+00
   1.04372621e+01 -8.33431404e-02 -7.17103146e+00 -8.48370291e-01
  -2.22046422e+00 -1.15215455e+01  4.81709918e+00  8.39073881e+00
   2.28889811e+00 -1.66885208e+01 -6.60444327e+00 -2.03596959e+01
  -1.51915849e+01 -1.54985772e+01 -3.57750909e-01  6.96681976e+00
  -5.60683417e+00 -1.05581703e+01]]
2025-07-31 17:44:10 | INFO     | Murray.post_analysis:run_geo_evaluation:149 | Last 5 residuals: [[-1.05369783e+01 -3.63522601e+01 -1.68363060e+01 -1.32910077e+01
  -4.60707435e-01 -1.01782353e+01  2.06687376e+00  1.04618677e-01
  -7.71324462e+00  6.02707770e+00 -4.29598235e+00 -2.55877503e+00
  -3.67074620e+01  5.42056967e+00  3.78758051e+00 -2.56053158e+01
  -8.11847646e+00 -2.02328709e+01 -2.78788368e+01 -9.18909985e+00
   6.12497589e+00 -1.20679881e+01 -1.36271840e+01 -6.04420310e+00
  -7.83690696e+00 -1.23492337e+01 -1.12346481e+01  2.79680909e-02
   8.49076384e+00 -5.77297410e+00 -4.48823918e+00 -1.07670946e+01
  -4.29057334e+01 -4.44673587e+00 -2.22145677e-01  3.48576276e+00
  -2.01230968e+01 -1.21113688e+01 -2.84311591e+00  5.35091060e+00
  -1.17105187e+01  1.58815441e+01  2.66249515e+00 -5.23789270e+00
   9.12134921e+00 -3.02731044e+00 -1.77521403e+01 -1.87394205e+01
  -1.01180812e+01 -5.37933636e+00 -1.13179478e+01  1.16232647e+00
  -4.61185107e+00 -8.92826889e+00 -1.06659985e+00  1.76622160e+00
  -1.13495724e+01 -1.41955090e+02 -1.08424454e+02 -8.50910638e+01
  -8.65435151e+01 -1.01179286e+02 -7.04773849e+01 -1.21892835e+02
  -9.49910087e+01 -1.62895469e+02 -3.65829085e+01 -1.14128567e+01
   1.39411433e+00 -5.51285713e+00 -3.06582441e+00 -9.24867090e-01
  -9.62134915e+00 -4.69608787e+00 -1.04272478e+01  1.46159422e-02
  -1.28655920e+00  2.11154208e+00 -4.62463996e+00 -5.77826213e+00
   1.28471497e+01  1.88242634e+00  3.16179323e+00 -3.31397973e+00
  -1.34713307e+00 -6.82337234e+00  5.48229653e+00  4.47719379e+00
   1.14449027e+01 -4.52224354e+00  1.38277928e+01  1.12217368e+01
  -1.85660359e+00  7.37517079e+00 -1.15670710e+01 -1.78939129e+00
   7.09836523e+00 -4.20668981e-01  5.39217586e+00 -1.13491834e+00
  -6.00849987e+00  3.61754774e+00 -6.04160996e-02 -6.64531342e+00
   1.04372621e+01 -8.33431404e-02 -7.17103146e+00 -8.48370291e-01
  -2.22046422e+00 -1.15215455e+01  4.81709918e+00  8.39073881e+00
   2.28889811e+00 -1.66885208e+01 -6.60444327e+00 -2.03596959e+01
  -1.51915849e+01 -1.54985772e+01 -3.57750909e-01  6.96681976e+00
  -5.60683417e+00 -1.05581703e+01]
 [-7.53697828e+00 -3.33522601e+01 -1.38363060e+01 -1.02910077e+01
   2.53929257e+00 -7.17823530e+00  5.06687376e+00  3.10461868e+00
  -4.71324462e+00  9.02707770e+00 -1.29598235e+00  4.41224968e-01
  -3.37074620e+01  8.42056967e+00  6.78758051e+00 -2.26053158e+01
  -5.11847646e+00 -1.72328709e+01 -2.48788368e+01 -6.18909985e+00
   9.12497589e+00 -9.06798813e+00 -1.06271840e+01 -3.04420310e+00
  -4.83690696e+00 -9.34923372e+00 -8.23464811e+00  3.02796809e+00
   1.14907638e+01 -2.77297410e+00 -1.48823918e+00 -7.76709461e+00
  -3.99057334e+01 -1.44673587e+00  2.77785432e+00  6.48576276e+00
  -1.71230968e+01 -9.11136877e+00  1.56884093e-01  8.35091060e+00
  -8.71051870e+00  1.88815441e+01  5.66249515e+00 -2.23789270e+00
   1.21213492e+01 -2.73104408e-02 -1.47521403e+01 -1.57394205e+01
  -7.11808122e+00 -2.37933636e+00 -8.31794781e+00  4.16232647e+00
  -1.61185107e+00 -5.92826889e+00  1.93340015e+00  4.76622160e+00
  -8.34957238e+00 -1.38955090e+02 -1.05424454e+02 -8.20910638e+01
  -8.35435151e+01 -9.81792859e+01 -6.74773849e+01 -1.18892835e+02
  -9.19910087e+01 -1.59895469e+02 -3.35829085e+01 -8.41285665e+00
   4.39411433e+00 -2.51285713e+00 -6.58244076e-02  2.07513291e+00
  -6.62134915e+00 -1.69608787e+00 -7.42724775e+00  3.01461594e+00
   1.71344080e+00  5.11154208e+00 -1.62463996e+00 -2.77826213e+00
   1.58471497e+01  4.88242634e+00  6.16179323e+00 -3.13979733e-01
   1.65286693e+00 -3.82337234e+00  8.48229653e+00  7.47719379e+00
   1.44449027e+01 -1.52224354e+00  1.68277928e+01  1.42217368e+01
   1.14339641e+00  1.03751708e+01 -8.56707099e+00  1.21060871e+00
   1.00983652e+01  2.57933102e+00  8.39217586e+00  1.86508166e+00
  -3.00849987e+00  6.61754774e+00  2.93958390e+00 -3.64531342e+00
   1.34372621e+01  2.91665686e+00 -4.17103146e+00  2.15162971e+00
   7.79535782e-01 -8.52154553e+00  7.81709918e+00  1.13907388e+01
   5.28889811e+00 -1.36885208e+01 -3.60444327e+00 -1.73596959e+01
  -1.21915849e+01 -1.24985772e+01  2.64224909e+00  9.96681976e+00
  -2.60683417e+00 -7.55817030e+00]
 [-5.36978279e-01 -2.63522601e+01 -6.83630600e+00 -3.29100772e+00
   9.53929257e+00 -1.78235298e-01  1.20668738e+01  1.01046187e+01
   2.28675538e+00  1.60270777e+01  5.70401765e+00  7.44122497e+00
  -2.67074620e+01  1.54205697e+01  1.37875805e+01 -1.56053158e+01
   1.88152354e+00 -1.02328709e+01 -1.78788368e+01  8.10900150e-01
   1.61249759e+01 -2.06798813e+00 -3.62718404e+00  3.95579690e+00
   2.16309304e+00 -2.34923372e+00 -1.23464811e+00  1.00279681e+01
   1.84907638e+01  4.22702590e+00  5.51176082e+00 -7.67094614e-01
  -3.29057334e+01  5.55326413e+00  9.77785432e+00  1.34857628e+01
  -1.01230968e+01 -2.11136877e+00  7.15688409e+00  1.53509106e+01
  -1.71051870e+00  2.58815441e+01  1.26624952e+01  4.76210730e+00
   1.91213492e+01  6.97268956e+00 -7.75214026e+00 -8.73942052e+00
  -1.18081221e-01  4.62066364e+00 -1.31794781e+00  1.11623265e+01
   5.38814893e+00  1.07173111e+00  8.93340015e+00  1.17662216e+01
  -1.34957238e+00 -1.31955090e+02 -9.84244537e+01 -7.50910638e+01
  -7.65435151e+01 -9.11792859e+01 -6.04773849e+01 -1.11892835e+02
  -8.49910087e+01 -1.52895469e+02 -2.65829085e+01 -1.41285665e+00
   1.13941143e+01  4.48714287e+00  6.93417559e+00  9.07513291e+00
   3.78650848e-01  5.30391213e+00 -4.27247754e-01  1.00146159e+01
   8.71344080e+00  1.21115421e+01  5.37536004e+00  4.22173787e+00
   2.28471497e+01  1.18824263e+01  1.31617932e+01  6.68602027e+00
   8.65286693e+00  3.17662766e+00  1.54822965e+01  1.44771938e+01
   2.14449027e+01  5.47775646e+00  2.38277928e+01  2.12217368e+01
   8.14339641e+00  1.73751708e+01 -1.56707099e+00  8.21060871e+00
   1.70983652e+01  9.57933102e+00  1.53921759e+01  8.86508166e+00
   3.99150013e+00  1.36175477e+01  9.93958390e+00  3.35468658e+00
   2.04372621e+01  9.91665686e+00  2.82896854e+00  9.15162971e+00
   7.77953578e+00 -1.52154553e+00  1.48170992e+01  1.83907388e+01
   1.22888981e+01 -6.68852083e+00  3.39555673e+00 -1.03596959e+01
  -5.19158492e+00 -5.49857718e+00  9.64224909e+00  1.69668198e+01
   4.39316583e+00 -5.58170302e-01]
 [-1.53697828e+00 -2.73522601e+01 -7.83630600e+00 -4.29100772e+00
   8.53929257e+00 -1.17823530e+00  1.10668738e+01  9.10461868e+00
   1.28675538e+00  1.50270777e+01  4.70401765e+00  6.44122497e+00
  -2.77074620e+01  1.44205697e+01  1.27875805e+01 -1.66053158e+01
   8.81523538e-01 -1.12328709e+01 -1.88788368e+01 -1.89099850e-01
   1.51249759e+01 -3.06798813e+00 -4.62718404e+00  2.95579690e+00
   1.16309304e+00 -3.34923372e+00 -2.23464811e+00  9.02796809e+00
   1.74907638e+01  3.22702590e+00  4.51176082e+00 -1.76709461e+00
  -3.39057334e+01  4.55326413e+00  8.77785432e+00  1.24857628e+01
  -1.11230968e+01 -3.11136877e+00  6.15688409e+00  1.43509106e+01
  -2.71051870e+00  2.48815441e+01  1.16624952e+01  3.76210730e+00
   1.81213492e+01  5.97268956e+00 -8.75214026e+00 -9.73942052e+00
  -1.11808122e+00  3.62066364e+00 -2.31794781e+00  1.01623265e+01
   4.38814893e+00  7.17311096e-02  7.93340015e+00  1.07662216e+01
  -2.34957238e+00 -1.32955090e+02 -9.94244537e+01 -7.60910638e+01
  -7.75435151e+01 -9.21792859e+01 -6.14773849e+01 -1.12892835e+02
  -8.59910087e+01 -1.53895469e+02 -2.75829085e+01 -2.41285665e+00
   1.03941143e+01  3.48714287e+00  5.93417559e+00  8.07513291e+00
  -6.21349152e-01  4.30391213e+00 -1.42724775e+00  9.01461594e+00
   7.71344080e+00  1.11115421e+01  4.37536004e+00  3.22173787e+00
   2.18471497e+01  1.08824263e+01  1.21617932e+01  5.68602027e+00
   7.65286693e+00  2.17662766e+00  1.44822965e+01  1.34771938e+01
   2.04449027e+01  4.47775646e+00  2.28277928e+01  2.02217368e+01
   7.14339641e+00  1.63751708e+01 -2.56707099e+00  7.21060871e+00
   1.60983652e+01  8.57933102e+00  1.43921759e+01  7.86508166e+00
   2.99150013e+00  1.26175477e+01  8.93958390e+00  2.35468658e+00
   1.94372621e+01  8.91665686e+00  1.82896854e+00  8.15162971e+00
   6.77953578e+00 -2.52154553e+00  1.38170992e+01  1.73907388e+01
   1.12888981e+01 -7.68852083e+00  2.39555673e+00 -1.13596959e+01
  -6.19158492e+00 -6.49857718e+00  8.64224909e+00  1.59668198e+01
   3.39316583e+00 -1.55817030e+00]
 [-3.53697828e+00 -2.93522601e+01 -9.83630600e+00 -6.29100772e+00
   6.53929257e+00 -3.17823530e+00  9.06687376e+00  7.10461868e+00
  -7.13244624e-01  1.30270777e+01  2.70401765e+00  4.44122497e+00
  -2.97074620e+01  1.24205697e+01  1.07875805e+01 -1.86053158e+01
  -1.11847646e+00 -1.32328709e+01 -2.08788368e+01 -2.18909985e+00
   1.31249759e+01 -5.06798813e+00 -6.62718404e+00  9.55796896e-01
  -8.36906955e-01 -5.34923372e+00 -4.23464811e+00  7.02796809e+00
   1.54907638e+01  1.22702590e+00  2.51176082e+00 -3.76709461e+00
  -3.59057334e+01  2.55326413e+00  6.77785432e+00  1.04857628e+01
  -1.31230968e+01 -5.11136877e+00  4.15688409e+00  1.23509106e+01
  -4.71051870e+00  2.28815441e+01  9.66249515e+00  1.76210730e+00
   1.61213492e+01  3.97268956e+00 -1.07521403e+01 -1.17394205e+01
  -3.11808122e+00  1.62066364e+00 -4.31794781e+00  8.16232647e+00
   2.38814893e+00 -1.92826889e+00  5.93340015e+00  8.76622160e+00
  -4.34957238e+00 -1.34955090e+02 -1.01424454e+02 -7.80910638e+01
  -7.95435151e+01 -9.41792859e+01 -6.34773849e+01 -1.14892835e+02
  -8.79910087e+01 -1.55895469e+02 -2.95829085e+01 -4.41285665e+00
   8.39411433e+00  1.48714287e+00  3.93417559e+00  6.07513291e+00
  -2.62134915e+00  2.30391213e+00 -3.42724775e+00  7.01461594e+00
   5.71344080e+00  9.11154208e+00  2.37536004e+00  1.22173787e+00
   1.98471497e+01  8.88242634e+00  1.01617932e+01  3.68602027e+00
   5.65286693e+00  1.76627663e-01  1.24822965e+01  1.14771938e+01
   1.84449027e+01  2.47775646e+00  2.08277928e+01  1.82217368e+01
   5.14339641e+00  1.43751708e+01 -4.56707099e+00  5.21060871e+00
   1.40983652e+01  6.57933102e+00  1.23921759e+01  5.86508166e+00
   9.91500128e-01  1.06175477e+01  6.93958390e+00  3.54686581e-01
   1.74372621e+01  6.91665686e+00 -1.71031464e-01  6.15162971e+00
   4.77953578e+00 -4.52154553e+00  1.18170992e+01  1.53907388e+01
   9.28889811e+00 -9.68852083e+00  3.95556733e-01 -1.33596959e+01
  -8.19158492e+00 -8.49857718e+00  6.64224909e+00  1.39668198e+01
   1.39316583e+00 -3.55817030e+00]]
2025-07-31 17:44:10 | INFO     | Murray.post_analysis:run_geo_evaluation:150 | Mean of all residuals: -1.3433442312634538
2025-07-31 17:44:10 | INFO     | Murray.post_analysis:run_geo_evaluation:154 | First 5 treatment residuals: [[-2.15369783e+01 -4.73522601e+01 -2.78363060e+01 -2.42910077e+01
  -1.14607074e+01 -2.11782353e+01 -8.93312624e+00 -1.08953813e+01
  -1.87132446e+01 -4.97292230e+00 -1.52959823e+01 -1.35587750e+01
  -4.77074620e+01 -5.57943033e+00 -7.21241949e+00 -3.66053158e+01
  -1.91184765e+01 -3.12328709e+01 -3.88788368e+01 -2.01890999e+01
  -4.87502411e+00 -2.30679881e+01 -2.46271840e+01 -1.70442031e+01
  -1.88369070e+01 -2.33492337e+01 -2.22346481e+01 -1.09720319e+01
  -2.50923616e+00 -1.67729741e+01 -1.54882392e+01 -2.17670946e+01
  -5.39057334e+01 -1.54467359e+01 -1.12221457e+01 -7.51423724e+00
  -3.11230968e+01 -2.31113688e+01 -1.38431159e+01 -5.64908940e+00
  -2.27105187e+01  4.88154414e+00 -8.33750485e+00 -1.62378927e+01
  -1.87865079e+00 -1.40273104e+01 -2.87521403e+01 -2.97394205e+01
  -2.11180812e+01 -1.63793364e+01 -2.23179478e+01 -9.83767353e+00
  -1.56118511e+01 -1.99282689e+01 -1.20665999e+01 -9.23377840e+00
  -2.23495724e+01 -1.52955090e+02 -1.19424454e+02 -9.60910638e+01
  -9.75435151e+01 -1.12179286e+02 -8.14773849e+01 -1.32892835e+02
  -1.05991009e+02 -1.73895469e+02 -4.75829085e+01 -2.24128567e+01
  -9.60588567e+00 -1.65128571e+01 -1.40658244e+01 -1.19248671e+01
  -2.06213492e+01 -1.56960879e+01 -2.14272478e+01 -1.09853841e+01
  -1.22865592e+01 -8.88845792e+00 -1.56246400e+01 -1.67782621e+01
   1.84714970e+00 -9.11757366e+00 -7.83820677e+00 -1.43139797e+01
  -1.23471331e+01 -1.78233723e+01 -5.51770347e+00 -6.52280621e+00
   4.44902653e-01 -1.55222435e+01  2.82779283e+00  2.21736841e-01
  -1.28566036e+01 -3.62482921e+00 -2.25670710e+01 -1.27893913e+01
  -3.90163477e+00 -1.14206690e+01 -5.60782414e+00 -1.21349183e+01
  -1.70084999e+01 -7.38245226e+00 -1.10604161e+01 -1.76453134e+01
  -5.62737865e-01 -1.10833431e+01 -1.81710315e+01 -1.18483703e+01
  -1.32204642e+01 -2.25215455e+01 -6.18290082e+00 -2.60926119e+00
  -8.71110189e+00 -2.76885208e+01 -1.76044433e+01 -3.13596959e+01
  -2.61915849e+01 -2.64985772e+01 -1.13577509e+01 -4.03318024e+00
  -1.66068342e+01 -2.15581703e+01]
 [-8.53697828e+00 -3.43522601e+01 -1.48363060e+01 -1.12910077e+01
   1.53929257e+00 -8.17823530e+00  4.06687376e+00  2.10461868e+00
  -5.71324462e+00  8.02707770e+00 -2.29598235e+00 -5.58775032e-01
  -3.47074620e+01  7.42056967e+00  5.78758051e+00 -2.36053158e+01
  -6.11847646e+00 -1.82328709e+01 -2.58788368e+01 -7.18909985e+00
   8.12497589e+00 -1.00679881e+01 -1.16271840e+01 -4.04420310e+00
  -5.83690696e+00 -1.03492337e+01 -9.23464811e+00  2.02796809e+00
   1.04907638e+01 -3.77297410e+00 -2.48823918e+00 -8.76709461e+00
  -4.09057334e+01 -2.44673587e+00  1.77785432e+00  5.48576276e+00
  -1.81230968e+01 -1.01113688e+01 -8.43115907e-01  7.35091060e+00
  -9.71051870e+00  1.78815441e+01  4.66249515e+00 -3.23789270e+00
   1.11213492e+01 -1.02731044e+00 -1.57521403e+01 -1.67394205e+01
  -8.11808122e+00 -3.37933636e+00 -9.31794781e+00  3.16232647e+00
  -2.61185107e+00 -6.92826889e+00  9.33400148e-01  3.76622160e+00
  -9.34957238e+00 -1.39955090e+02 -1.06424454e+02 -8.30910638e+01
  -8.45435151e+01 -9.91792859e+01 -6.84773849e+01 -1.19892835e+02
  -9.29910087e+01 -1.60895469e+02 -3.45829085e+01 -9.41285665e+00
   3.39411433e+00 -3.51285713e+00 -1.06582441e+00  1.07513291e+00
  -7.62134915e+00 -2.69608787e+00 -8.42724775e+00  2.01461594e+00
   7.13440801e-01  4.11154208e+00 -2.62463996e+00 -3.77826213e+00
   1.48471497e+01  3.88242634e+00  5.16179323e+00 -1.31397973e+00
   6.52866928e-01 -4.82337234e+00  7.48229653e+00  6.47719379e+00
   1.34449027e+01 -2.52224354e+00  1.58277928e+01  1.32217368e+01
   1.43396408e-01  9.37517079e+00 -9.56707099e+00  2.10608713e-01
   9.09836523e+00  1.57933102e+00  7.39217586e+00  8.65081663e-01
  -4.00849987e+00  5.61754774e+00  1.93958390e+00 -4.64531342e+00
   1.24372621e+01  1.91665686e+00 -5.17103146e+00  1.15162971e+00
  -2.20464218e-01 -9.52154553e+00  6.81709918e+00  1.03907388e+01
   4.28889811e+00 -1.46885208e+01 -4.60444327e+00 -1.83596959e+01
  -1.31915849e+01 -1.34985772e+01  1.64224909e+00  8.96681976e+00
  -3.60683417e+00 -8.55817030e+00]
 [-1.05369783e+01 -3.63522601e+01 -1.68363060e+01 -1.32910077e+01
  -4.60707435e-01 -1.01782353e+01  2.06687376e+00  1.04618677e-01
  -7.71324462e+00  6.02707770e+00 -4.29598235e+00 -2.55877503e+00
  -3.67074620e+01  5.42056967e+00  3.78758051e+00 -2.56053158e+01
  -8.11847646e+00 -2.02328709e+01 -2.78788368e+01 -9.18909985e+00
   6.12497589e+00 -1.20679881e+01 -1.36271840e+01 -6.04420310e+00
  -7.83690696e+00 -1.23492337e+01 -1.12346481e+01  2.79680909e-02
   8.49076384e+00 -5.77297410e+00 -4.48823918e+00 -1.07670946e+01
  -4.29057334e+01 -4.44673587e+00 -2.22145677e-01  3.48576276e+00
  -2.01230968e+01 -1.21113688e+01 -2.84311591e+00  5.35091060e+00
  -1.17105187e+01  1.58815441e+01  2.66249515e+00 -5.23789270e+00
   9.12134921e+00 -3.02731044e+00 -1.77521403e+01 -1.87394205e+01
  -1.01180812e+01 -5.37933636e+00 -1.13179478e+01  1.16232647e+00
  -4.61185107e+00 -8.92826889e+00 -1.06659985e+00  1.76622160e+00
  -1.13495724e+01 -1.41955090e+02 -1.08424454e+02 -8.50910638e+01
  -8.65435151e+01 -1.01179286e+02 -7.04773849e+01 -1.21892835e+02
  -9.49910087e+01 -1.62895469e+02 -3.65829085e+01 -1.14128567e+01
   1.39411433e+00 -5.51285713e+00 -3.06582441e+00 -9.24867090e-01
  -9.62134915e+00 -4.69608787e+00 -1.04272478e+01  1.46159422e-02
  -1.28655920e+00  2.11154208e+00 -4.62463996e+00 -5.77826213e+00
   1.28471497e+01  1.88242634e+00  3.16179323e+00 -3.31397973e+00
  -1.34713307e+00 -6.82337234e+00  5.48229653e+00  4.47719379e+00
   1.14449027e+01 -4.52224354e+00  1.38277928e+01  1.12217368e+01
  -1.85660359e+00  7.37517079e+00 -1.15670710e+01 -1.78939129e+00
   7.09836523e+00 -4.20668981e-01  5.39217586e+00 -1.13491834e+00
  -6.00849987e+00  3.61754774e+00 -6.04160996e-02 -6.64531342e+00
   1.04372621e+01 -8.33431404e-02 -7.17103146e+00 -8.48370291e-01
  -2.22046422e+00 -1.15215455e+01  4.81709918e+00  8.39073881e+00
   2.28889811e+00 -1.66885208e+01 -6.60444327e+00 -2.03596959e+01
  -1.51915849e+01 -1.54985772e+01 -3.57750909e-01  6.96681976e+00
  -5.60683417e+00 -1.05581703e+01]
 [-7.53697828e+00 -3.33522601e+01 -1.38363060e+01 -1.02910077e+01
   2.53929257e+00 -7.17823530e+00  5.06687376e+00  3.10461868e+00
  -4.71324462e+00  9.02707770e+00 -1.29598235e+00  4.41224968e-01
  -3.37074620e+01  8.42056967e+00  6.78758051e+00 -2.26053158e+01
  -5.11847646e+00 -1.72328709e+01 -2.48788368e+01 -6.18909985e+00
   9.12497589e+00 -9.06798813e+00 -1.06271840e+01 -3.04420310e+00
  -4.83690696e+00 -9.34923372e+00 -8.23464811e+00  3.02796809e+00
   1.14907638e+01 -2.77297410e+00 -1.48823918e+00 -7.76709461e+00
  -3.99057334e+01 -1.44673587e+00  2.77785432e+00  6.48576276e+00
  -1.71230968e+01 -9.11136877e+00  1.56884093e-01  8.35091060e+00
  -8.71051870e+00  1.88815441e+01  5.66249515e+00 -2.23789270e+00
   1.21213492e+01 -2.73104408e-02 -1.47521403e+01 -1.57394205e+01
  -7.11808122e+00 -2.37933636e+00 -8.31794781e+00  4.16232647e+00
  -1.61185107e+00 -5.92826889e+00  1.93340015e+00  4.76622160e+00
  -8.34957238e+00 -1.38955090e+02 -1.05424454e+02 -8.20910638e+01
  -8.35435151e+01 -9.81792859e+01 -6.74773849e+01 -1.18892835e+02
  -9.19910087e+01 -1.59895469e+02 -3.35829085e+01 -8.41285665e+00
   4.39411433e+00 -2.51285713e+00 -6.58244076e-02  2.07513291e+00
  -6.62134915e+00 -1.69608787e+00 -7.42724775e+00  3.01461594e+00
   1.71344080e+00  5.11154208e+00 -1.62463996e+00 -2.77826213e+00
   1.58471497e+01  4.88242634e+00  6.16179323e+00 -3.13979733e-01
   1.65286693e+00 -3.82337234e+00  8.48229653e+00  7.47719379e+00
   1.44449027e+01 -1.52224354e+00  1.68277928e+01  1.42217368e+01
   1.14339641e+00  1.03751708e+01 -8.56707099e+00  1.21060871e+00
   1.00983652e+01  2.57933102e+00  8.39217586e+00  1.86508166e+00
  -3.00849987e+00  6.61754774e+00  2.93958390e+00 -3.64531342e+00
   1.34372621e+01  2.91665686e+00 -4.17103146e+00  2.15162971e+00
   7.79535782e-01 -8.52154553e+00  7.81709918e+00  1.13907388e+01
   5.28889811e+00 -1.36885208e+01 -3.60444327e+00 -1.73596959e+01
  -1.21915849e+01 -1.24985772e+01  2.64224909e+00  9.96681976e+00
  -2.60683417e+00 -7.55817030e+00]
 [-2.55369783e+01 -5.13522601e+01 -3.18363060e+01 -2.82910077e+01
  -1.54607074e+01 -2.51782353e+01 -1.29331262e+01 -1.48953813e+01
  -2.27132446e+01 -8.97292230e+00 -1.92959823e+01 -1.75587750e+01
  -5.17074620e+01 -9.57943033e+00 -1.12124195e+01 -4.06053158e+01
  -2.31184765e+01 -3.52328709e+01 -4.28788368e+01 -2.41890999e+01
  -8.87502411e+00 -2.70679881e+01 -2.86271840e+01 -2.10442031e+01
  -2.28369070e+01 -2.73492337e+01 -2.62346481e+01 -1.49720319e+01
  -6.50923616e+00 -2.07729741e+01 -1.94882392e+01 -2.57670946e+01
  -5.79057334e+01 -1.94467359e+01 -1.52221457e+01 -1.15142372e+01
  -3.51230968e+01 -2.71113688e+01 -1.78431159e+01 -9.64908940e+00
  -2.67105187e+01  8.81544145e-01 -1.23375048e+01 -2.02378927e+01
  -5.87865079e+00 -1.80273104e+01 -3.27521403e+01 -3.37394205e+01
  -2.51180812e+01 -2.03793364e+01 -2.63179478e+01 -1.38376735e+01
  -1.96118511e+01 -2.39282689e+01 -1.60665999e+01 -1.32337784e+01
  -2.63495724e+01 -1.56955090e+02 -1.23424454e+02 -1.00091064e+02
  -1.01543515e+02 -1.16179286e+02 -8.54773849e+01 -1.36892835e+02
  -1.09991009e+02 -1.77895469e+02 -5.15829085e+01 -2.64128567e+01
  -1.36058857e+01 -2.05128571e+01 -1.80658244e+01 -1.59248671e+01
  -2.46213492e+01 -1.96960879e+01 -2.54272478e+01 -1.49853841e+01
  -1.62865592e+01 -1.28884579e+01 -1.96246400e+01 -2.07782621e+01
  -2.15285030e+00 -1.31175737e+01 -1.18382068e+01 -1.83139797e+01
  -1.63471331e+01 -2.18233723e+01 -9.51770347e+00 -1.05228062e+01
  -3.55509735e+00 -1.95222435e+01 -1.17220717e+00 -3.77826316e+00
  -1.68566036e+01 -7.62482921e+00 -2.65670710e+01 -1.67893913e+01
  -7.90163477e+00 -1.54206690e+01 -9.60782414e+00 -1.61349183e+01
  -2.10084999e+01 -1.13824523e+01 -1.50604161e+01 -2.16453134e+01
  -4.56273786e+00 -1.50833431e+01 -2.21710315e+01 -1.58483703e+01
  -1.72204642e+01 -2.65215455e+01 -1.01829008e+01 -6.60926119e+00
  -1.27111019e+01 -3.16885208e+01 -2.16044433e+01 -3.53596959e+01
  -3.01915849e+01 -3.04985772e+01 -1.53577509e+01 -8.03318024e+00
  -2.06068342e+01 -2.55581703e+01]]
2025-07-31 17:44:10 | INFO     | Murray.post_analysis:run_geo_evaluation:155 | Last 5 treatment residuals: [[-1.05369783e+01 -3.63522601e+01 -1.68363060e+01 -1.32910077e+01
  -4.60707435e-01 -1.01782353e+01  2.06687376e+00  1.04618677e-01
  -7.71324462e+00  6.02707770e+00 -4.29598235e+00 -2.55877503e+00
  -3.67074620e+01  5.42056967e+00  3.78758051e+00 -2.56053158e+01
  -8.11847646e+00 -2.02328709e+01 -2.78788368e+01 -9.18909985e+00
   6.12497589e+00 -1.20679881e+01 -1.36271840e+01 -6.04420310e+00
  -7.83690696e+00 -1.23492337e+01 -1.12346481e+01  2.79680909e-02
   8.49076384e+00 -5.77297410e+00 -4.48823918e+00 -1.07670946e+01
  -4.29057334e+01 -4.44673587e+00 -2.22145677e-01  3.48576276e+00
  -2.01230968e+01 -1.21113688e+01 -2.84311591e+00  5.35091060e+00
  -1.17105187e+01  1.58815441e+01  2.66249515e+00 -5.23789270e+00
   9.12134921e+00 -3.02731044e+00 -1.77521403e+01 -1.87394205e+01
  -1.01180812e+01 -5.37933636e+00 -1.13179478e+01  1.16232647e+00
  -4.61185107e+00 -8.92826889e+00 -1.06659985e+00  1.76622160e+00
  -1.13495724e+01 -1.41955090e+02 -1.08424454e+02 -8.50910638e+01
  -8.65435151e+01 -1.01179286e+02 -7.04773849e+01 -1.21892835e+02
  -9.49910087e+01 -1.62895469e+02 -3.65829085e+01 -1.14128567e+01
   1.39411433e+00 -5.51285713e+00 -3.06582441e+00 -9.24867090e-01
  -9.62134915e+00 -4.69608787e+00 -1.04272478e+01  1.46159422e-02
  -1.28655920e+00  2.11154208e+00 -4.62463996e+00 -5.77826213e+00
   1.28471497e+01  1.88242634e+00  3.16179323e+00 -3.31397973e+00
  -1.34713307e+00 -6.82337234e+00  5.48229653e+00  4.47719379e+00
   1.14449027e+01 -4.52224354e+00  1.38277928e+01  1.12217368e+01
  -1.85660359e+00  7.37517079e+00 -1.15670710e+01 -1.78939129e+00
   7.09836523e+00 -4.20668981e-01  5.39217586e+00 -1.13491834e+00
  -6.00849987e+00  3.61754774e+00 -6.04160996e-02 -6.64531342e+00
   1.04372621e+01 -8.33431404e-02 -7.17103146e+00 -8.48370291e-01
  -2.22046422e+00 -1.15215455e+01  4.81709918e+00  8.39073881e+00
   2.28889811e+00 -1.66885208e+01 -6.60444327e+00 -2.03596959e+01
  -1.51915849e+01 -1.54985772e+01 -3.57750909e-01  6.96681976e+00
  -5.60683417e+00 -1.05581703e+01]
 [-7.53697828e+00 -3.33522601e+01 -1.38363060e+01 -1.02910077e+01
   2.53929257e+00 -7.17823530e+00  5.06687376e+00  3.10461868e+00
  -4.71324462e+00  9.02707770e+00 -1.29598235e+00  4.41224968e-01
  -3.37074620e+01  8.42056967e+00  6.78758051e+00 -2.26053158e+01
  -5.11847646e+00 -1.72328709e+01 -2.48788368e+01 -6.18909985e+00
   9.12497589e+00 -9.06798813e+00 -1.06271840e+01 -3.04420310e+00
  -4.83690696e+00 -9.34923372e+00 -8.23464811e+00  3.02796809e+00
   1.14907638e+01 -2.77297410e+00 -1.48823918e+00 -7.76709461e+00
  -3.99057334e+01 -1.44673587e+00  2.77785432e+00  6.48576276e+00
  -1.71230968e+01 -9.11136877e+00  1.56884093e-01  8.35091060e+00
  -8.71051870e+00  1.88815441e+01  5.66249515e+00 -2.23789270e+00
   1.21213492e+01 -2.73104408e-02 -1.47521403e+01 -1.57394205e+01
  -7.11808122e+00 -2.37933636e+00 -8.31794781e+00  4.16232647e+00
  -1.61185107e+00 -5.92826889e+00  1.93340015e+00  4.76622160e+00
  -8.34957238e+00 -1.38955090e+02 -1.05424454e+02 -8.20910638e+01
  -8.35435151e+01 -9.81792859e+01 -6.74773849e+01 -1.18892835e+02
  -9.19910087e+01 -1.59895469e+02 -3.35829085e+01 -8.41285665e+00
   4.39411433e+00 -2.51285713e+00 -6.58244076e-02  2.07513291e+00
  -6.62134915e+00 -1.69608787e+00 -7.42724775e+00  3.01461594e+00
   1.71344080e+00  5.11154208e+00 -1.62463996e+00 -2.77826213e+00
   1.58471497e+01  4.88242634e+00  6.16179323e+00 -3.13979733e-01
   1.65286693e+00 -3.82337234e+00  8.48229653e+00  7.47719379e+00
   1.44449027e+01 -1.52224354e+00  1.68277928e+01  1.42217368e+01
   1.14339641e+00  1.03751708e+01 -8.56707099e+00  1.21060871e+00
   1.00983652e+01  2.57933102e+00  8.39217586e+00  1.86508166e+00
  -3.00849987e+00  6.61754774e+00  2.93958390e+00 -3.64531342e+00
   1.34372621e+01  2.91665686e+00 -4.17103146e+00  2.15162971e+00
   7.79535782e-01 -8.52154553e+00  7.81709918e+00  1.13907388e+01
   5.28889811e+00 -1.36885208e+01 -3.60444327e+00 -1.73596959e+01
  -1.21915849e+01 -1.24985772e+01  2.64224909e+00  9.96681976e+00
  -2.60683417e+00 -7.55817030e+00]
 [-5.36978279e-01 -2.63522601e+01 -6.83630600e+00 -3.29100772e+00
   9.53929257e+00 -1.78235298e-01  1.20668738e+01  1.01046187e+01
   2.28675538e+00  1.60270777e+01  5.70401765e+00  7.44122497e+00
  -2.67074620e+01  1.54205697e+01  1.37875805e+01 -1.56053158e+01
   1.88152354e+00 -1.02328709e+01 -1.78788368e+01  8.10900150e-01
   1.61249759e+01 -2.06798813e+00 -3.62718404e+00  3.95579690e+00
   2.16309304e+00 -2.34923372e+00 -1.23464811e+00  1.00279681e+01
   1.84907638e+01  4.22702590e+00  5.51176082e+00 -7.67094614e-01
  -3.29057334e+01  5.55326413e+00  9.77785432e+00  1.34857628e+01
  -1.01230968e+01 -2.11136877e+00  7.15688409e+00  1.53509106e+01
  -1.71051870e+00  2.58815441e+01  1.26624952e+01  4.76210730e+00
   1.91213492e+01  6.97268956e+00 -7.75214026e+00 -8.73942052e+00
  -1.18081221e-01  4.62066364e+00 -1.31794781e+00  1.11623265e+01
   5.38814893e+00  1.07173111e+00  8.93340015e+00  1.17662216e+01
  -1.34957238e+00 -1.31955090e+02 -9.84244537e+01 -7.50910638e+01
  -7.65435151e+01 -9.11792859e+01 -6.04773849e+01 -1.11892835e+02
  -8.49910087e+01 -1.52895469e+02 -2.65829085e+01 -1.41285665e+00
   1.13941143e+01  4.48714287e+00  6.93417559e+00  9.07513291e+00
   3.78650848e-01  5.30391213e+00 -4.27247754e-01  1.00146159e+01
   8.71344080e+00  1.21115421e+01  5.37536004e+00  4.22173787e+00
   2.28471497e+01  1.18824263e+01  1.31617932e+01  6.68602027e+00
   8.65286693e+00  3.17662766e+00  1.54822965e+01  1.44771938e+01
   2.14449027e+01  5.47775646e+00  2.38277928e+01  2.12217368e+01
   8.14339641e+00  1.73751708e+01 -1.56707099e+00  8.21060871e+00
   1.70983652e+01  9.57933102e+00  1.53921759e+01  8.86508166e+00
   3.99150013e+00  1.36175477e+01  9.93958390e+00  3.35468658e+00
   2.04372621e+01  9.91665686e+00  2.82896854e+00  9.15162971e+00
   7.77953578e+00 -1.52154553e+00  1.48170992e+01  1.83907388e+01
   1.22888981e+01 -6.68852083e+00  3.39555673e+00 -1.03596959e+01
  -5.19158492e+00 -5.49857718e+00  9.64224909e+00  1.69668198e+01
   4.39316583e+00 -5.58170302e-01]
 [-1.53697828e+00 -2.73522601e+01 -7.83630600e+00 -4.29100772e+00
   8.53929257e+00 -1.17823530e+00  1.10668738e+01  9.10461868e+00
   1.28675538e+00  1.50270777e+01  4.70401765e+00  6.44122497e+00
  -2.77074620e+01  1.44205697e+01  1.27875805e+01 -1.66053158e+01
   8.81523538e-01 -1.12328709e+01 -1.88788368e+01 -1.89099850e-01
   1.51249759e+01 -3.06798813e+00 -4.62718404e+00  2.95579690e+00
   1.16309304e+00 -3.34923372e+00 -2.23464811e+00  9.02796809e+00
   1.74907638e+01  3.22702590e+00  4.51176082e+00 -1.76709461e+00
  -3.39057334e+01  4.55326413e+00  8.77785432e+00  1.24857628e+01
  -1.11230968e+01 -3.11136877e+00  6.15688409e+00  1.43509106e+01
  -2.71051870e+00  2.48815441e+01  1.16624952e+01  3.76210730e+00
   1.81213492e+01  5.97268956e+00 -8.75214026e+00 -9.73942052e+00
  -1.11808122e+00  3.62066364e+00 -2.31794781e+00  1.01623265e+01
   4.38814893e+00  7.17311096e-02  7.93340015e+00  1.07662216e+01
  -2.34957238e+00 -1.32955090e+02 -9.94244537e+01 -7.60910638e+01
  -7.75435151e+01 -9.21792859e+01 -6.14773849e+01 -1.12892835e+02
  -8.59910087e+01 -1.53895469e+02 -2.75829085e+01 -2.41285665e+00
   1.03941143e+01  3.48714287e+00  5.93417559e+00  8.07513291e+00
  -6.21349152e-01  4.30391213e+00 -1.42724775e+00  9.01461594e+00
   7.71344080e+00  1.11115421e+01  4.37536004e+00  3.22173787e+00
   2.18471497e+01  1.08824263e+01  1.21617932e+01  5.68602027e+00
   7.65286693e+00  2.17662766e+00  1.44822965e+01  1.34771938e+01
   2.04449027e+01  4.47775646e+00  2.28277928e+01  2.02217368e+01
   7.14339641e+00  1.63751708e+01 -2.56707099e+00  7.21060871e+00
   1.60983652e+01  8.57933102e+00  1.43921759e+01  7.86508166e+00
   2.99150013e+00  1.26175477e+01  8.93958390e+00  2.35468658e+00
   1.94372621e+01  8.91665686e+00  1.82896854e+00  8.15162971e+00
   6.77953578e+00 -2.52154553e+00  1.38170992e+01  1.73907388e+01
   1.12888981e+01 -7.68852083e+00  2.39555673e+00 -1.13596959e+01
  -6.19158492e+00 -6.49857718e+00  8.64224909e+00  1.59668198e+01
   3.39316583e+00 -1.55817030e+00]
 [-3.53697828e+00 -2.93522601e+01 -9.83630600e+00 -6.29100772e+00
   6.53929257e+00 -3.17823530e+00  9.06687376e+00  7.10461868e+00
  -7.13244624e-01  1.30270777e+01  2.70401765e+00  4.44122497e+00
  -2.97074620e+01  1.24205697e+01  1.07875805e+01 -1.86053158e+01
  -1.11847646e+00 -1.32328709e+01 -2.08788368e+01 -2.18909985e+00
   1.31249759e+01 -5.06798813e+00 -6.62718404e+00  9.55796896e-01
  -8.36906955e-01 -5.34923372e+00 -4.23464811e+00  7.02796809e+00
   1.54907638e+01  1.22702590e+00  2.51176082e+00 -3.76709461e+00
  -3.59057334e+01  2.55326413e+00  6.77785432e+00  1.04857628e+01
  -1.31230968e+01 -5.11136877e+00  4.15688409e+00  1.23509106e+01
  -4.71051870e+00  2.28815441e+01  9.66249515e+00  1.76210730e+00
   1.61213492e+01  3.97268956e+00 -1.07521403e+01 -1.17394205e+01
  -3.11808122e+00  1.62066364e+00 -4.31794781e+00  8.16232647e+00
   2.38814893e+00 -1.92826889e+00  5.93340015e+00  8.76622160e+00
  -4.34957238e+00 -1.34955090e+02 -1.01424454e+02 -7.80910638e+01
  -7.95435151e+01 -9.41792859e+01 -6.34773849e+01 -1.14892835e+02
  -8.79910087e+01 -1.55895469e+02 -2.95829085e+01 -4.41285665e+00
   8.39411433e+00  1.48714287e+00  3.93417559e+00  6.07513291e+00
  -2.62134915e+00  2.30391213e+00 -3.42724775e+00  7.01461594e+00
   5.71344080e+00  9.11154208e+00  2.37536004e+00  1.22173787e+00
   1.98471497e+01  8.88242634e+00  1.01617932e+01  3.68602027e+00
   5.65286693e+00  1.76627663e-01  1.24822965e+01  1.14771938e+01
   1.84449027e+01  2.47775646e+00  2.08277928e+01  1.82217368e+01
   5.14339641e+00  1.43751708e+01 -4.56707099e+00  5.21060871e+00
   1.40983652e+01  6.57933102e+00  1.23921759e+01  5.86508166e+00
   9.91500128e-01  1.06175477e+01  6.93958390e+00  3.54686581e-01
   1.74372621e+01  6.91665686e+00 -1.71031464e-01  6.15162971e+00
   4.77953578e+00 -4.52154553e+00  1.18170992e+01  1.53907388e+01
   9.28889811e+00 -9.68852083e+00  3.95556733e-01 -1.33596959e+01
  -8.19158492e+00 -8.49857718e+00  6.64224909e+00  1.39668198e+01
   1.39316583e+00 -3.55817030e+00]]
2025-07-31 17:44:10 | INFO     | Murray.post_analysis:run_geo_evaluation:156 | Mean of treatment residuals: -14.144801426163271
2025-07-31 17:44:10 | INFO     | Murray.post_analysis:run_geo_evaluation:163 | Observed statistic (total effect): -163.88799621414137
2025-07-31 17:44:10 | INFO     | Murray.post_analysis:run_geo_evaluation:169 | Final cumulative effect: -93185.95179556218
2025-07-31 17:44:10 | INFO     | Murray.post_analysis:run_geo_evaluation:170 | Mean cumulative effect: -52780.682598440646
2025-07-31 17:44:10 | INFO     | Murray.post_analysis:run_geo_evaluation:171 | Verification - all these should have the same sign:
2025-07-31 17:44:10 | INFO     | Murray.post_analysis:run_geo_evaluation:172 |   - Total effect: -163.88799621414137
2025-07-31 17:44:10 | INFO     | Murray.post_analysis:run_geo_evaluation:173 |   - Observed stat: -163.88799621414137
2025-07-31 17:44:10 | INFO     | Murray.post_analysis:run_geo_evaluation:174 |   - Final cumulative: -93185.95179556218
2025-07-31 17:44:10 | INFO     | Murray.post_analysis:run_geo_evaluation:175 |   - Percentage lift sign: negative
2025-07-31 17:44:10 | INFO     | Murray.post_analysis:run_geo_evaluation:177 | Starting permutation test with 50000 permutations...
2025-07-31 17:44:10 | INFO     | Murray.post_analysis:run_geo_evaluation:182 | Completed 10000/50000 permutations
2025-07-31 17:44:10 | INFO     | Murray.post_analysis:run_geo_evaluation:182 | Completed 20000/50000 permutations
2025-07-31 17:44:11 | INFO     | Murray.post_analysis:run_geo_evaluation:182 | Completed 30000/50000 permutations
2025-07-31 17:44:11 | INFO     | Murray.post_analysis:run_geo_evaluation:182 | Completed 40000/50000 permutations
2025-07-31 17:44:11 | INFO     | Murray.post_analysis:run_geo_evaluation:188 | Permutation test completed, calculating p-value and power...
2025-07-31 17:44:11 | INFO     | Murray.post_analysis:run_geo_evaluation:194 | Final results:
2025-07-31 17:44:11 | INFO     | Murray.post_analysis:run_geo_evaluation:195 |   MAPE: 15.0701
2025-07-31 17:44:11 | INFO     | Murray.post_analysis:run_geo_evaluation:196 |   SMAPE: 14.1344
2025-07-31 17:44:11 | INFO     | Murray.post_analysis:run_geo_evaluation:197 |   Percentage lift: -6.5297%
2025-07-31 17:44:11 | INFO     | Murray.post_analysis:run_geo_evaluation:198 |   P-value: 0.993580
2025-07-31 17:44:11 | INFO     | Murray.post_analysis:run_geo_evaluation:199 |   Power: 0.0000
2025-07-31 17:44:11 | INFO     | Murray.post_analysis:run_geo_evaluation:218 | run_geo_evaluation completed successfully
