2025-07-31 17:39:21 | INFO     | Murray.metrics:update_metrics:59 | New record added: {'timestamp': '2025-07-31 17:39:21', 'section': 'experimental_evaluation', 'date': '2025-07-31', 'day_of_week': 'Thursday', 'hour': 17}
2025-07-31 17:39:21 | INFO     | Murray.post_analysis:run_geo_evaluation:21 | Starting run_geo_evaluation
2025-07-31 17:39:21 | INFO     | Murray.post_analysis:run_geo_evaluation:22 | Input data shape: (2880, 4)
2025-07-31 17:39:21 | INFO     | Murray.post_analysis:run_geo_evaluation:23 | Treatment group: ['aguascalientes', 'campeche', 'jalisco', 'morelos', 'nayarit', 'oaxaca', 'puebla', 'querétaro', 'sonora']
2025-07-31 17:39:21 | INFO     | Murray.post_analysis:run_geo_evaluation:24 | Start treatment: 2025-07-01 00:00:00, End treatment: 2025-07-07 00:00:00
2025-07-31 17:39:21 | INFO     | Murray.post_analysis:run_geo_evaluation:25 | n_permutations: 50000, significance_level: 0.1
2025-07-31 17:39:21 | INFO     | Murray.post_analysis:run_geo_evaluation:40 | Treatment period positions: 83 to 90
2025-07-31 17:39:21 | INFO     | Murray.post_analysis:run_geo_evaluation:49 | Generating correlation matrix...
2025-07-31 17:39:21 | INFO     | Murray.post_analysis:run_geo_evaluation:52 | Selecting control group...
2025-07-31 17:39:21 | INFO     | Murray.post_analysis:run_geo_evaluation:58 | Control group selected: ['ciudad de méxico', 'méxico', 'nuevo león', 'guanajuato']
2025-07-31 17:39:21 | INFO     | Murray.post_analysis:run_geo_evaluation:68 | Pivot table shape: (90, 32)
2025-07-31 17:39:21 | INFO     | Murray.post_analysis:run_geo_evaluation:75 | Scaling data...
2025-07-31 17:39:21 | INFO     | Murray.post_analysis:run_geo_evaluation:94 | Fitting synthetic control model...
2025-07-31 17:39:21 | INFO     | Murray.post_analysis:run_geo_evaluation:97 | Model fitted successfully
2025-07-31 17:39:21 | INFO     | Murray.post_analysis:run_geo_evaluation:99 | Making predictions...
2025-07-31 17:39:21 | INFO     | Murray.post_analysis:run_geo_evaluation:116 | Calculating metrics...
2025-07-31 17:39:21 | INFO     | Murray.post_analysis:run_geo_evaluation:133 | Shape of treatment array: (90, 1)
2025-07-31 17:39:21 | INFO     | Murray.post_analysis:run_geo_evaluation:134 | Shape of counterfactual array: (90,)
2025-07-31 17:39:21 | INFO     | Murray.post_analysis:run_geo_evaluation:135 | First 5 values of treatment: [[48]
 [58]
 [94]
 [49]
 [47]]
2025-07-31 17:39:21 | INFO     | Murray.post_analysis:run_geo_evaluation:136 | First 5 values of counterfactual: [54.74520682 52.43277015 88.59288105 44.73880653 44.71490225]
2025-07-31 17:39:21 | INFO     | Murray.post_analysis:run_geo_evaluation:137 | Start position treatment: 83
2025-07-31 17:39:21 | INFO     | Murray.post_analysis:run_geo_evaluation:141 | First 5 residuals: [[-6.74520682e+00 -4.43277015e+00 -4.05928811e+01  3.26119347e+00
   3.28509775e+00 -2.89075917e+01 -7.77272268e+00 -2.23874627e+01
  -2.87169511e+01 -1.15543890e+01  5.74722790e+00 -1.28421135e+01
  -1.34204625e+01 -5.50163510e+00 -9.38036064e+00 -1.29337604e+01
  -1.18581265e+01  2.09563756e+00  8.17587363e+00 -6.07461914e+00
  -3.89545342e+00 -1.05167010e+01 -4.03770450e+01 -3.17063967e+00
   2.50234717e+00  5.43521192e+00 -1.61162610e+01 -9.92586786e+00
  -1.47979243e+00  6.79395615e+00 -8.62551956e+00  1.83992818e+01
   6.12103429e+00 -2.66301482e+00  1.11949520e+01 -5.58597679e-01
  -1.61594271e+01 -1.50739515e+01 -8.34487174e+00 -8.47765024e-01
  -7.89265770e+00  6.18814050e+00 -1.71551372e+00 -6.46731598e+00
   2.64229031e+00  6.35247444e+00 -6.83134066e+00 -1.43197956e+02
  -1.04545920e+02 -8.06115104e+01 -8.08921344e+01 -9.57436665e+01
  -6.63078775e+01 -1.14806523e+02 -9.03035252e+01 -1.58769046e+02
  -3.13985479e+01 -5.57377880e+00  8.33957704e+00  3.33630739e+00
   3.41353191e+00  6.67712814e+00 -3.14255556e+00  2.25313737e+00
  -2.50991441e+00  8.15365312e+00  6.81656423e+00  1.13643741e+01
   2.36585468e+00  2.42262089e+00  1.95938434e+01  1.13536538e+01
   1.03364897e+01  6.01739213e+00  7.44521979e+00  9.09483971e-01
   1.52105901e+01  1.44557063e+01  2.25042625e+01  4.52183699e+00
   2.26331796e+01  2.16326660e+01  6.63395169e+00  1.83895406e+01
  -1.72012984e+00  9.61133747e+00  1.91173873e+01  1.11628246e+01
   1.55269854e+01  1.04352100e+01]
 [ 3.25479318e+00  5.56722985e+00 -3.05928811e+01  1.32611935e+01
   1.32850978e+01 -1.89075917e+01  2.22727732e+00 -1.23874627e+01
  -1.87169511e+01 -1.55438904e+00  1.57472279e+01 -2.84211351e+00
  -3.42046255e+00  4.49836490e+00  6.19639362e-01 -2.93376037e+00
  -1.85812648e+00  1.20956376e+01  1.81758736e+01  3.92538086e+00
   6.10454658e+00 -5.16701035e-01 -3.03770450e+01  6.82936033e+00
   1.25023472e+01  1.54352119e+01 -6.11626100e+00  7.41321391e-02
   8.52020757e+00  1.67939562e+01  1.37448044e+00  2.83992818e+01
   1.61210343e+01  7.33698518e+00  2.11949520e+01  9.44140232e+00
  -6.15942708e+00 -5.07395150e+00  1.65512826e+00  9.15223498e+00
   2.10734230e+00  1.61881405e+01  8.28448628e+00  3.53268402e+00
   1.26422903e+01  1.63524744e+01  3.16865934e+00 -1.33197956e+02
  -9.45459202e+01 -7.06115104e+01 -7.08921344e+01 -8.57436665e+01
  -5.63078775e+01 -1.04806523e+02 -8.03035252e+01 -1.48769046e+02
  -2.13985479e+01  4.42622120e+00  1.83395770e+01  1.33363074e+01
   1.34135319e+01  1.66771281e+01  6.85744444e+00  1.22531374e+01
   7.49008559e+00  1.81536531e+01  1.68165642e+01  2.13643741e+01
   1.23658547e+01  1.24226209e+01  2.95938434e+01  2.13536538e+01
   2.03364897e+01  1.60173921e+01  1.74452198e+01  1.09094840e+01
   2.52105901e+01  2.44557063e+01  3.25042625e+01  1.45218370e+01
   3.26331796e+01  3.16326660e+01  1.66339517e+01  2.83895406e+01
   8.27987016e+00  1.96113375e+01  2.91173873e+01  2.11628246e+01
   2.55269854e+01  2.04352100e+01]
 [ 3.92547932e+01  4.15672299e+01  5.40711895e+00  4.92611935e+01
   4.92850978e+01  1.70924083e+01  3.82272773e+01  2.36125373e+01
   1.72830489e+01  3.44456110e+01  5.17472279e+01  3.31578865e+01
   3.25795375e+01  4.04983649e+01  3.66196394e+01  3.30662396e+01
   3.41418735e+01  4.80956376e+01  5.41758736e+01  3.99253809e+01
   4.21045466e+01  3.54832990e+01  5.62295501e+00  4.28293603e+01
   4.85023472e+01  5.14352119e+01  2.98837390e+01  3.60741321e+01
   4.45202076e+01  5.27939562e+01  3.73744804e+01  6.43992818e+01
   5.21210343e+01  4.33369852e+01  5.71949520e+01  4.54414023e+01
   2.98405729e+01  3.09260485e+01  3.76551283e+01  4.51522350e+01
   3.81073423e+01  5.21881405e+01  4.42844863e+01  3.95326840e+01
   4.86422903e+01  5.23524744e+01  3.91686593e+01 -9.71979557e+01
  -5.85459202e+01 -3.46115104e+01 -3.48921344e+01 -4.97436665e+01
  -2.03078775e+01 -6.88065225e+01 -4.43035252e+01 -1.12769046e+02
   1.46014521e+01  4.04262212e+01  5.43395770e+01  4.93363074e+01
   4.94135319e+01  5.26771281e+01  4.28574444e+01  4.82531374e+01
   4.34900856e+01  5.41536531e+01  5.28165642e+01  5.73643741e+01
   4.83658547e+01  4.84226209e+01  6.55938434e+01  5.73536538e+01
   5.63364897e+01  5.20173921e+01  5.34452198e+01  4.69094840e+01
   6.12105901e+01  6.04557063e+01  6.85042625e+01  5.05218370e+01
   6.86331796e+01  6.76326660e+01  5.26339517e+01  6.43895406e+01
   4.42798702e+01  5.56113375e+01  6.51173873e+01  5.71628246e+01
   6.15269854e+01  5.64352100e+01]
 [-5.74520682e+00 -3.43277015e+00 -3.95928811e+01  4.26119347e+00
   4.28509775e+00 -2.79075917e+01 -6.77272268e+00 -2.13874627e+01
  -2.77169511e+01 -1.05543890e+01  6.74722790e+00 -1.18421135e+01
  -1.24204625e+01 -4.50163510e+00 -8.38036064e+00 -1.19337604e+01
  -1.08581265e+01  3.09563756e+00  9.17587363e+00 -5.07461914e+00
  -2.89545342e+00 -9.51670104e+00 -3.93770450e+01 -2.17063967e+00
   3.50234717e+00  6.43521192e+00 -1.51162610e+01 -8.92586786e+00
  -4.79792426e-01  7.79395615e+00 -7.62551956e+00  1.93992818e+01
   7.12103429e+00 -1.66301482e+00  1.21949520e+01  4.41402321e-01
  -1.51594271e+01 -1.40739515e+01 -7.34487174e+00  1.52234976e-01
  -6.89265770e+00  7.18814050e+00 -7.15513719e-01 -5.46731598e+00
   3.64229031e+00  7.35247444e+00 -5.83134066e+00 -1.42197956e+02
  -1.03545920e+02 -7.96115104e+01 -7.98921344e+01 -9.47436665e+01
  -6.53078775e+01 -1.13806523e+02 -8.93035252e+01 -1.57769046e+02
  -3.03985479e+01 -4.57377880e+00  9.33957704e+00  4.33630739e+00
   4.41353191e+00  7.67712814e+00 -2.14255556e+00  3.25313737e+00
  -1.50991441e+00  9.15365312e+00  7.81656423e+00  1.23643741e+01
   3.36585468e+00  3.42262089e+00  2.05938434e+01  1.23536538e+01
   1.13364897e+01  7.01739213e+00  8.44521979e+00  1.90948397e+00
   1.62105901e+01  1.54557063e+01  2.35042625e+01  5.52183699e+00
   2.36331796e+01  2.26326660e+01  7.63395169e+00  1.93895406e+01
  -7.20129839e-01  1.06113375e+01  2.01173873e+01  1.21628246e+01
   1.65269854e+01  1.14352100e+01]
 [-7.74520682e+00 -5.43277015e+00 -4.15928811e+01  2.26119347e+00
   2.28509775e+00 -2.99075917e+01 -8.77272268e+00 -2.33874627e+01
  -2.97169511e+01 -1.25543890e+01  4.74722790e+00 -1.38421135e+01
  -1.44204625e+01 -6.50163510e+00 -1.03803606e+01 -1.39337604e+01
  -1.28581265e+01  1.09563756e+00  7.17587363e+00 -7.07461914e+00
  -4.89545342e+00 -1.15167010e+01 -4.13770450e+01 -4.17063967e+00
   1.50234717e+00  4.43521192e+00 -1.71162610e+01 -1.09258679e+01
  -2.47979243e+00  5.79395615e+00 -9.62551956e+00  1.73992818e+01
   5.12103429e+00 -3.66301482e+00  1.01949520e+01 -1.55859768e+00
  -1.71594271e+01 -1.60739515e+01 -9.34487174e+00 -1.84776502e+00
  -8.89265770e+00  5.18814050e+00 -2.71551372e+00 -7.46731598e+00
   1.64229031e+00  5.35247444e+00 -7.83134066e+00 -1.44197956e+02
  -1.05545920e+02 -8.16115104e+01 -8.18921344e+01 -9.67436665e+01
  -6.73078775e+01 -1.15806523e+02 -9.13035252e+01 -1.59769046e+02
  -3.23985479e+01 -6.57377880e+00  7.33957704e+00  2.33630739e+00
   2.41353191e+00  5.67712814e+00 -4.14255556e+00  1.25313737e+00
  -3.50991441e+00  7.15365312e+00  5.81656423e+00  1.03643741e+01
   1.36585468e+00  1.42262089e+00  1.85938434e+01  1.03536538e+01
   9.33648972e+00  5.01739213e+00  6.44521979e+00 -9.05160288e-02
   1.42105901e+01  1.34557063e+01  2.15042625e+01  3.52183699e+00
   2.16331796e+01  2.06326660e+01  5.63395169e+00  1.73895406e+01
  -2.72012984e+00  8.61133747e+00  1.81173873e+01  1.01628246e+01
   1.45269854e+01  9.43521004e+00]]
2025-07-31 17:39:21 | INFO     | Murray.post_analysis:run_geo_evaluation:142 | Last 5 residuals: [[-7.74520682e+00 -5.43277015e+00 -4.15928811e+01  2.26119347e+00
   2.28509775e+00 -2.99075917e+01 -8.77272268e+00 -2.33874627e+01
  -2.97169511e+01 -1.25543890e+01  4.74722790e+00 -1.38421135e+01
  -1.44204625e+01 -6.50163510e+00 -1.03803606e+01 -1.39337604e+01
  -1.28581265e+01  1.09563756e+00  7.17587363e+00 -7.07461914e+00
  -4.89545342e+00 -1.15167010e+01 -4.13770450e+01 -4.17063967e+00
   1.50234717e+00  4.43521192e+00 -1.71162610e+01 -1.09258679e+01
  -2.47979243e+00  5.79395615e+00 -9.62551956e+00  1.73992818e+01
   5.12103429e+00 -3.66301482e+00  1.01949520e+01 -1.55859768e+00
  -1.71594271e+01 -1.60739515e+01 -9.34487174e+00 -1.84776502e+00
  -8.89265770e+00  5.18814050e+00 -2.71551372e+00 -7.46731598e+00
   1.64229031e+00  5.35247444e+00 -7.83134066e+00 -1.44197956e+02
  -1.05545920e+02 -8.16115104e+01 -8.18921344e+01 -9.67436665e+01
  -6.73078775e+01 -1.15806523e+02 -9.13035252e+01 -1.59769046e+02
  -3.23985479e+01 -6.57377880e+00  7.33957704e+00  2.33630739e+00
   2.41353191e+00  5.67712814e+00 -4.14255556e+00  1.25313737e+00
  -3.50991441e+00  7.15365312e+00  5.81656423e+00  1.03643741e+01
   1.36585468e+00  1.42262089e+00  1.85938434e+01  1.03536538e+01
   9.33648972e+00  5.01739213e+00  6.44521979e+00 -9.05160288e-02
   1.42105901e+01  1.34557063e+01  2.15042625e+01  3.52183699e+00
   2.16331796e+01  2.06326660e+01  5.63395169e+00  1.73895406e+01
  -2.72012984e+00  8.61133747e+00  1.81173873e+01  1.01628246e+01
   1.45269854e+01  9.43521004e+00]
 [-2.74520682e+00 -4.32770147e-01 -3.65928811e+01  7.26119347e+00
   7.28509775e+00 -2.49075917e+01 -3.77272268e+00 -1.83874627e+01
  -2.47169511e+01 -7.55438904e+00  9.74722790e+00 -8.84211351e+00
  -9.42046255e+00 -1.50163510e+00 -5.38036064e+00 -8.93376037e+00
  -7.85812648e+00  6.09563756e+00  1.21758736e+01 -2.07461914e+00
   1.04546578e-01 -6.51670104e+00 -3.63770450e+01  8.29360327e-01
   6.50234717e+00  9.43521192e+00 -1.21162610e+01 -5.92586786e+00
   2.52020757e+00  1.07939562e+01 -4.62551956e+00  2.23992818e+01
   1.01210343e+01  1.33698518e+00  1.51949520e+01  3.44140232e+00
  -1.21594271e+01 -1.10739515e+01 -4.34487174e+00  3.15223498e+00
  -3.89265770e+00  1.01881405e+01  2.28448628e+00 -2.46731598e+00
   6.64229031e+00  1.03524744e+01 -2.83134066e+00 -1.39197956e+02
  -1.00545920e+02 -7.66115104e+01 -7.68921344e+01 -9.17436665e+01
  -6.23078775e+01 -1.10806523e+02 -8.63035252e+01 -1.54769046e+02
  -2.73985479e+01 -1.57377880e+00  1.23395770e+01  7.33630739e+00
   7.41353191e+00  1.06771281e+01  8.57444438e-01  6.25313737e+00
   1.49008559e+00  1.21536531e+01  1.08165642e+01  1.53643741e+01
   6.36585468e+00  6.42262089e+00  2.35938434e+01  1.53536538e+01
   1.43364897e+01  1.00173921e+01  1.14452198e+01  4.90948397e+00
   1.92105901e+01  1.84557063e+01  2.65042625e+01  8.52183699e+00
   2.66331796e+01  2.56326660e+01  1.06339517e+01  2.23895406e+01
   2.27987016e+00  1.36113375e+01  2.31173873e+01  1.51628246e+01
   1.95269854e+01  1.44352100e+01]
 [-1.27452068e+01 -1.04327701e+01 -4.65928811e+01 -2.73880653e+00
  -2.71490225e+00 -3.49075917e+01 -1.37727227e+01 -2.83874627e+01
  -3.47169511e+01 -1.75543890e+01 -2.52772102e-01 -1.88421135e+01
  -1.94204625e+01 -1.15016351e+01 -1.53803606e+01 -1.89337604e+01
  -1.78581265e+01 -3.90436244e+00  2.17587363e+00 -1.20746191e+01
  -9.89545342e+00 -1.65167010e+01 -4.63770450e+01 -9.17063967e+00
  -3.49765283e+00 -5.64788078e-01 -2.21162610e+01 -1.59258679e+01
  -7.47979243e+00  7.93956154e-01 -1.46255196e+01  1.23992818e+01
   1.21034287e-01 -8.66301482e+00  5.19495195e+00 -6.55859768e+00
  -2.21594271e+01 -2.10739515e+01 -1.43448717e+01 -6.84776502e+00
  -1.38926577e+01  1.88140502e-01 -7.71551372e+00 -1.24673160e+01
  -3.35770969e+00  3.52474440e-01 -1.28313407e+01 -1.49197956e+02
  -1.10545920e+02 -8.66115104e+01 -8.68921344e+01 -1.01743666e+02
  -7.23078775e+01 -1.20806523e+02 -9.63035252e+01 -1.64769046e+02
  -3.73985479e+01 -1.15737788e+01  2.33957704e+00 -2.66369261e+00
  -2.58646809e+00  6.77128140e-01 -9.14255556e+00 -3.74686263e+00
  -8.50991441e+00  2.15365312e+00  8.16564228e-01  5.36437407e+00
  -3.63414532e+00 -3.57737911e+00  1.35938434e+01  5.35365379e+00
   4.33648972e+00  1.73921295e-02  1.44521979e+00 -5.09051603e+00
   9.21059008e+00  8.45570628e+00  1.65042625e+01 -1.47816301e+00
   1.66331796e+01  1.56326660e+01  6.33951694e-01  1.23895406e+01
  -7.72012984e+00  3.61133747e+00  1.31173873e+01  5.16282461e+00
   9.52698535e+00  4.43521004e+00]
 [-2.74520682e+00 -4.32770147e-01 -3.65928811e+01  7.26119347e+00
   7.28509775e+00 -2.49075917e+01 -3.77272268e+00 -1.83874627e+01
  -2.47169511e+01 -7.55438904e+00  9.74722790e+00 -8.84211351e+00
  -9.42046255e+00 -1.50163510e+00 -5.38036064e+00 -8.93376037e+00
  -7.85812648e+00  6.09563756e+00  1.21758736e+01 -2.07461914e+00
   1.04546578e-01 -6.51670104e+00 -3.63770450e+01  8.29360327e-01
   6.50234717e+00  9.43521192e+00 -1.21162610e+01 -5.92586786e+00
   2.52020757e+00  1.07939562e+01 -4.62551956e+00  2.23992818e+01
   1.01210343e+01  1.33698518e+00  1.51949520e+01  3.44140232e+00
  -1.21594271e+01 -1.10739515e+01 -4.34487174e+00  3.15223498e+00
  -3.89265770e+00  1.01881405e+01  2.28448628e+00 -2.46731598e+00
   6.64229031e+00  1.03524744e+01 -2.83134066e+00 -1.39197956e+02
  -1.00545920e+02 -7.66115104e+01 -7.68921344e+01 -9.17436665e+01
  -6.23078775e+01 -1.10806523e+02 -8.63035252e+01 -1.54769046e+02
  -2.73985479e+01 -1.57377880e+00  1.23395770e+01  7.33630739e+00
   7.41353191e+00  1.06771281e+01  8.57444438e-01  6.25313737e+00
   1.49008559e+00  1.21536531e+01  1.08165642e+01  1.53643741e+01
   6.36585468e+00  6.42262089e+00  2.35938434e+01  1.53536538e+01
   1.43364897e+01  1.00173921e+01  1.14452198e+01  4.90948397e+00
   1.92105901e+01  1.84557063e+01  2.65042625e+01  8.52183699e+00
   2.66331796e+01  2.56326660e+01  1.06339517e+01  2.23895406e+01
   2.27987016e+00  1.36113375e+01  2.31173873e+01  1.51628246e+01
   1.95269854e+01  1.44352100e+01]
 [ 2.54793181e-01  2.56722985e+00 -3.35928811e+01  1.02611935e+01
   1.02850978e+01 -2.19075917e+01 -7.72722681e-01 -1.53874627e+01
  -2.17169511e+01 -4.55438904e+00  1.27472279e+01 -5.84211351e+00
  -6.42046255e+00  1.49836490e+00 -2.38036064e+00 -5.93376037e+00
  -4.85812648e+00  9.09563756e+00  1.51758736e+01  9.25380857e-01
   3.10454658e+00 -3.51670104e+00 -3.33770450e+01  3.82936033e+00
   9.50234717e+00  1.24352119e+01 -9.11626100e+00 -2.92586786e+00
   5.52020757e+00  1.37939562e+01 -1.62551956e+00  2.53992818e+01
   1.31210343e+01  4.33698518e+00  1.81949520e+01  6.44140232e+00
  -9.15942708e+00 -8.07395150e+00 -1.34487174e+00  6.15223498e+00
  -8.92657701e-01  1.31881405e+01  5.28448628e+00  5.32684020e-01
   9.64229031e+00  1.33524744e+01  1.68659340e-01 -1.36197956e+02
  -9.75459202e+01 -7.36115104e+01 -7.38921344e+01 -8.87436665e+01
  -5.93078775e+01 -1.07806523e+02 -8.33035252e+01 -1.51769046e+02
  -2.43985479e+01  1.42622120e+00  1.53395770e+01  1.03363074e+01
   1.04135319e+01  1.36771281e+01  3.85744444e+00  9.25313737e+00
   4.49008559e+00  1.51536531e+01  1.38165642e+01  1.83643741e+01
   9.36585468e+00  9.42262089e+00  2.65938434e+01  1.83536538e+01
   1.73364897e+01  1.30173921e+01  1.44452198e+01  7.90948397e+00
   2.22105901e+01  2.14557063e+01  2.95042625e+01  1.15218370e+01
   2.96331796e+01  2.86326660e+01  1.36339517e+01  2.53895406e+01
   5.27987016e+00  1.66113375e+01  2.61173873e+01  1.81628246e+01
   2.25269854e+01  1.74352100e+01]]
2025-07-31 17:39:21 | INFO     | Murray.post_analysis:run_geo_evaluation:143 | Mean of all residuals: 0.9835906169509377
2025-07-31 17:39:21 | INFO     | Murray.post_analysis:run_geo_evaluation:147 | First 5 treatment residuals: [[-6.74520682e+00 -4.43277015e+00 -4.05928811e+01  3.26119347e+00
   3.28509775e+00 -2.89075917e+01 -7.77272268e+00 -2.23874627e+01
  -2.87169511e+01 -1.15543890e+01  5.74722790e+00 -1.28421135e+01
  -1.34204625e+01 -5.50163510e+00 -9.38036064e+00 -1.29337604e+01
  -1.18581265e+01  2.09563756e+00  8.17587363e+00 -6.07461914e+00
  -3.89545342e+00 -1.05167010e+01 -4.03770450e+01 -3.17063967e+00
   2.50234717e+00  5.43521192e+00 -1.61162610e+01 -9.92586786e+00
  -1.47979243e+00  6.79395615e+00 -8.62551956e+00  1.83992818e+01
   6.12103429e+00 -2.66301482e+00  1.11949520e+01 -5.58597679e-01
  -1.61594271e+01 -1.50739515e+01 -8.34487174e+00 -8.47765024e-01
  -7.89265770e+00  6.18814050e+00 -1.71551372e+00 -6.46731598e+00
   2.64229031e+00  6.35247444e+00 -6.83134066e+00 -1.43197956e+02
  -1.04545920e+02 -8.06115104e+01 -8.08921344e+01 -9.57436665e+01
  -6.63078775e+01 -1.14806523e+02 -9.03035252e+01 -1.58769046e+02
  -3.13985479e+01 -5.57377880e+00  8.33957704e+00  3.33630739e+00
   3.41353191e+00  6.67712814e+00 -3.14255556e+00  2.25313737e+00
  -2.50991441e+00  8.15365312e+00  6.81656423e+00  1.13643741e+01
   2.36585468e+00  2.42262089e+00  1.95938434e+01  1.13536538e+01
   1.03364897e+01  6.01739213e+00  7.44521979e+00  9.09483971e-01
   1.52105901e+01  1.44557063e+01  2.25042625e+01  4.52183699e+00
   2.26331796e+01  2.16326660e+01  6.63395169e+00  1.83895406e+01
  -1.72012984e+00  9.61133747e+00  1.91173873e+01  1.11628246e+01
   1.55269854e+01  1.04352100e+01]
 [-8.74520682e+00 -6.43277015e+00 -4.25928811e+01  1.26119347e+00
   1.28509775e+00 -3.09075917e+01 -9.77272268e+00 -2.43874627e+01
  -3.07169511e+01 -1.35543890e+01  3.74722790e+00 -1.48421135e+01
  -1.54204625e+01 -7.50163510e+00 -1.13803606e+01 -1.49337604e+01
  -1.38581265e+01  9.56375623e-02  6.17587363e+00 -8.07461914e+00
  -5.89545342e+00 -1.25167010e+01 -4.23770450e+01 -5.17063967e+00
   5.02347175e-01  3.43521192e+00 -1.81162610e+01 -1.19258679e+01
  -3.47979243e+00  4.79395615e+00 -1.06255196e+01  1.63992818e+01
   4.12103429e+00 -4.66301482e+00  9.19495195e+00 -2.55859768e+00
  -1.81594271e+01 -1.70739515e+01 -1.03448717e+01 -2.84776502e+00
  -9.89265770e+00  4.18814050e+00 -3.71551372e+00 -8.46731598e+00
   6.42290315e-01  4.35247444e+00 -8.83134066e+00 -1.45197956e+02
  -1.06545920e+02 -8.26115104e+01 -8.28921344e+01 -9.77436665e+01
  -6.83078775e+01 -1.16806523e+02 -9.23035252e+01 -1.60769046e+02
  -3.33985479e+01 -7.57377880e+00  6.33957704e+00  1.33630739e+00
   1.41353191e+00  4.67712814e+00 -5.14255556e+00  2.53137371e-01
  -4.50991441e+00  6.15365312e+00  4.81656423e+00  9.36437407e+00
   3.65854677e-01  4.22620888e-01  1.75938434e+01  9.35365379e+00
   8.33648972e+00  4.01739213e+00  5.44521979e+00 -1.09051603e+00
   1.32105901e+01  1.24557063e+01  2.05042625e+01  2.52183699e+00
   2.06331796e+01  1.96326660e+01  4.63395169e+00  1.63895406e+01
  -3.72012984e+00  7.61133747e+00  1.71173873e+01  9.16282461e+00
   1.35269854e+01  8.43521004e+00]
 [-7.74520682e+00 -5.43277015e+00 -4.15928811e+01  2.26119347e+00
   2.28509775e+00 -2.99075917e+01 -8.77272268e+00 -2.33874627e+01
  -2.97169511e+01 -1.25543890e+01  4.74722790e+00 -1.38421135e+01
  -1.44204625e+01 -6.50163510e+00 -1.03803606e+01 -1.39337604e+01
  -1.28581265e+01  1.09563756e+00  7.17587363e+00 -7.07461914e+00
  -4.89545342e+00 -1.15167010e+01 -4.13770450e+01 -4.17063967e+00
   1.50234717e+00  4.43521192e+00 -1.71162610e+01 -1.09258679e+01
  -2.47979243e+00  5.79395615e+00 -9.62551956e+00  1.73992818e+01
   5.12103429e+00 -3.66301482e+00  1.01949520e+01 -1.55859768e+00
  -1.71594271e+01 -1.60739515e+01 -9.34487174e+00 -1.84776502e+00
  -8.89265770e+00  5.18814050e+00 -2.71551372e+00 -7.46731598e+00
   1.64229031e+00  5.35247444e+00 -7.83134066e+00 -1.44197956e+02
  -1.05545920e+02 -8.16115104e+01 -8.18921344e+01 -9.67436665e+01
  -6.73078775e+01 -1.15806523e+02 -9.13035252e+01 -1.59769046e+02
  -3.23985479e+01 -6.57377880e+00  7.33957704e+00  2.33630739e+00
   2.41353191e+00  5.67712814e+00 -4.14255556e+00  1.25313737e+00
  -3.50991441e+00  7.15365312e+00  5.81656423e+00  1.03643741e+01
   1.36585468e+00  1.42262089e+00  1.85938434e+01  1.03536538e+01
   9.33648972e+00  5.01739213e+00  6.44521979e+00 -9.05160288e-02
   1.42105901e+01  1.34557063e+01  2.15042625e+01  3.52183699e+00
   2.16331796e+01  2.06326660e+01  5.63395169e+00  1.73895406e+01
  -2.72012984e+00  8.61133747e+00  1.81173873e+01  1.01628246e+01
   1.45269854e+01  9.43521004e+00]
 [-2.74520682e+00 -4.32770147e-01 -3.65928811e+01  7.26119347e+00
   7.28509775e+00 -2.49075917e+01 -3.77272268e+00 -1.83874627e+01
  -2.47169511e+01 -7.55438904e+00  9.74722790e+00 -8.84211351e+00
  -9.42046255e+00 -1.50163510e+00 -5.38036064e+00 -8.93376037e+00
  -7.85812648e+00  6.09563756e+00  1.21758736e+01 -2.07461914e+00
   1.04546578e-01 -6.51670104e+00 -3.63770450e+01  8.29360327e-01
   6.50234717e+00  9.43521192e+00 -1.21162610e+01 -5.92586786e+00
   2.52020757e+00  1.07939562e+01 -4.62551956e+00  2.23992818e+01
   1.01210343e+01  1.33698518e+00  1.51949520e+01  3.44140232e+00
  -1.21594271e+01 -1.10739515e+01 -4.34487174e+00  3.15223498e+00
  -3.89265770e+00  1.01881405e+01  2.28448628e+00 -2.46731598e+00
   6.64229031e+00  1.03524744e+01 -2.83134066e+00 -1.39197956e+02
  -1.00545920e+02 -7.66115104e+01 -7.68921344e+01 -9.17436665e+01
  -6.23078775e+01 -1.10806523e+02 -8.63035252e+01 -1.54769046e+02
  -2.73985479e+01 -1.57377880e+00  1.23395770e+01  7.33630739e+00
   7.41353191e+00  1.06771281e+01  8.57444438e-01  6.25313737e+00
   1.49008559e+00  1.21536531e+01  1.08165642e+01  1.53643741e+01
   6.36585468e+00  6.42262089e+00  2.35938434e+01  1.53536538e+01
   1.43364897e+01  1.00173921e+01  1.14452198e+01  4.90948397e+00
   1.92105901e+01  1.84557063e+01  2.65042625e+01  8.52183699e+00
   2.66331796e+01  2.56326660e+01  1.06339517e+01  2.23895406e+01
   2.27987016e+00  1.36113375e+01  2.31173873e+01  1.51628246e+01
   1.95269854e+01  1.44352100e+01]
 [-1.27452068e+01 -1.04327701e+01 -4.65928811e+01 -2.73880653e+00
  -2.71490225e+00 -3.49075917e+01 -1.37727227e+01 -2.83874627e+01
  -3.47169511e+01 -1.75543890e+01 -2.52772102e-01 -1.88421135e+01
  -1.94204625e+01 -1.15016351e+01 -1.53803606e+01 -1.89337604e+01
  -1.78581265e+01 -3.90436244e+00  2.17587363e+00 -1.20746191e+01
  -9.89545342e+00 -1.65167010e+01 -4.63770450e+01 -9.17063967e+00
  -3.49765283e+00 -5.64788078e-01 -2.21162610e+01 -1.59258679e+01
  -7.47979243e+00  7.93956154e-01 -1.46255196e+01  1.23992818e+01
   1.21034287e-01 -8.66301482e+00  5.19495195e+00 -6.55859768e+00
  -2.21594271e+01 -2.10739515e+01 -1.43448717e+01 -6.84776502e+00
  -1.38926577e+01  1.88140502e-01 -7.71551372e+00 -1.24673160e+01
  -3.35770969e+00  3.52474440e-01 -1.28313407e+01 -1.49197956e+02
  -1.10545920e+02 -8.66115104e+01 -8.68921344e+01 -1.01743666e+02
  -7.23078775e+01 -1.20806523e+02 -9.63035252e+01 -1.64769046e+02
  -3.73985479e+01 -1.15737788e+01  2.33957704e+00 -2.66369261e+00
  -2.58646809e+00  6.77128140e-01 -9.14255556e+00 -3.74686263e+00
  -8.50991441e+00  2.15365312e+00  8.16564228e-01  5.36437407e+00
  -3.63414532e+00 -3.57737911e+00  1.35938434e+01  5.35365379e+00
   4.33648972e+00  1.73921295e-02  1.44521979e+00 -5.09051603e+00
   9.21059008e+00  8.45570628e+00  1.65042625e+01 -1.47816301e+00
   1.66331796e+01  1.56326660e+01  6.33951694e-01  1.23895406e+01
  -7.72012984e+00  3.61133747e+00  1.31173873e+01  5.16282461e+00
   9.52698535e+00  4.43521004e+00]]
2025-07-31 17:39:21 | INFO     | Murray.post_analysis:run_geo_evaluation:148 | Last 5 treatment residuals: [[-7.74520682e+00 -5.43277015e+00 -4.15928811e+01  2.26119347e+00
   2.28509775e+00 -2.99075917e+01 -8.77272268e+00 -2.33874627e+01
  -2.97169511e+01 -1.25543890e+01  4.74722790e+00 -1.38421135e+01
  -1.44204625e+01 -6.50163510e+00 -1.03803606e+01 -1.39337604e+01
  -1.28581265e+01  1.09563756e+00  7.17587363e+00 -7.07461914e+00
  -4.89545342e+00 -1.15167010e+01 -4.13770450e+01 -4.17063967e+00
   1.50234717e+00  4.43521192e+00 -1.71162610e+01 -1.09258679e+01
  -2.47979243e+00  5.79395615e+00 -9.62551956e+00  1.73992818e+01
   5.12103429e+00 -3.66301482e+00  1.01949520e+01 -1.55859768e+00
  -1.71594271e+01 -1.60739515e+01 -9.34487174e+00 -1.84776502e+00
  -8.89265770e+00  5.18814050e+00 -2.71551372e+00 -7.46731598e+00
   1.64229031e+00  5.35247444e+00 -7.83134066e+00 -1.44197956e+02
  -1.05545920e+02 -8.16115104e+01 -8.18921344e+01 -9.67436665e+01
  -6.73078775e+01 -1.15806523e+02 -9.13035252e+01 -1.59769046e+02
  -3.23985479e+01 -6.57377880e+00  7.33957704e+00  2.33630739e+00
   2.41353191e+00  5.67712814e+00 -4.14255556e+00  1.25313737e+00
  -3.50991441e+00  7.15365312e+00  5.81656423e+00  1.03643741e+01
   1.36585468e+00  1.42262089e+00  1.85938434e+01  1.03536538e+01
   9.33648972e+00  5.01739213e+00  6.44521979e+00 -9.05160288e-02
   1.42105901e+01  1.34557063e+01  2.15042625e+01  3.52183699e+00
   2.16331796e+01  2.06326660e+01  5.63395169e+00  1.73895406e+01
  -2.72012984e+00  8.61133747e+00  1.81173873e+01  1.01628246e+01
   1.45269854e+01  9.43521004e+00]
 [-2.74520682e+00 -4.32770147e-01 -3.65928811e+01  7.26119347e+00
   7.28509775e+00 -2.49075917e+01 -3.77272268e+00 -1.83874627e+01
  -2.47169511e+01 -7.55438904e+00  9.74722790e+00 -8.84211351e+00
  -9.42046255e+00 -1.50163510e+00 -5.38036064e+00 -8.93376037e+00
  -7.85812648e+00  6.09563756e+00  1.21758736e+01 -2.07461914e+00
   1.04546578e-01 -6.51670104e+00 -3.63770450e+01  8.29360327e-01
   6.50234717e+00  9.43521192e+00 -1.21162610e+01 -5.92586786e+00
   2.52020757e+00  1.07939562e+01 -4.62551956e+00  2.23992818e+01
   1.01210343e+01  1.33698518e+00  1.51949520e+01  3.44140232e+00
  -1.21594271e+01 -1.10739515e+01 -4.34487174e+00  3.15223498e+00
  -3.89265770e+00  1.01881405e+01  2.28448628e+00 -2.46731598e+00
   6.64229031e+00  1.03524744e+01 -2.83134066e+00 -1.39197956e+02
  -1.00545920e+02 -7.66115104e+01 -7.68921344e+01 -9.17436665e+01
  -6.23078775e+01 -1.10806523e+02 -8.63035252e+01 -1.54769046e+02
  -2.73985479e+01 -1.57377880e+00  1.23395770e+01  7.33630739e+00
   7.41353191e+00  1.06771281e+01  8.57444438e-01  6.25313737e+00
   1.49008559e+00  1.21536531e+01  1.08165642e+01  1.53643741e+01
   6.36585468e+00  6.42262089e+00  2.35938434e+01  1.53536538e+01
   1.43364897e+01  1.00173921e+01  1.14452198e+01  4.90948397e+00
   1.92105901e+01  1.84557063e+01  2.65042625e+01  8.52183699e+00
   2.66331796e+01  2.56326660e+01  1.06339517e+01  2.23895406e+01
   2.27987016e+00  1.36113375e+01  2.31173873e+01  1.51628246e+01
   1.95269854e+01  1.44352100e+01]
 [-1.27452068e+01 -1.04327701e+01 -4.65928811e+01 -2.73880653e+00
  -2.71490225e+00 -3.49075917e+01 -1.37727227e+01 -2.83874627e+01
  -3.47169511e+01 -1.75543890e+01 -2.52772102e-01 -1.88421135e+01
  -1.94204625e+01 -1.15016351e+01 -1.53803606e+01 -1.89337604e+01
  -1.78581265e+01 -3.90436244e+00  2.17587363e+00 -1.20746191e+01
  -9.89545342e+00 -1.65167010e+01 -4.63770450e+01 -9.17063967e+00
  -3.49765283e+00 -5.64788078e-01 -2.21162610e+01 -1.59258679e+01
  -7.47979243e+00  7.93956154e-01 -1.46255196e+01  1.23992818e+01
   1.21034287e-01 -8.66301482e+00  5.19495195e+00 -6.55859768e+00
  -2.21594271e+01 -2.10739515e+01 -1.43448717e+01 -6.84776502e+00
  -1.38926577e+01  1.88140502e-01 -7.71551372e+00 -1.24673160e+01
  -3.35770969e+00  3.52474440e-01 -1.28313407e+01 -1.49197956e+02
  -1.10545920e+02 -8.66115104e+01 -8.68921344e+01 -1.01743666e+02
  -7.23078775e+01 -1.20806523e+02 -9.63035252e+01 -1.64769046e+02
  -3.73985479e+01 -1.15737788e+01  2.33957704e+00 -2.66369261e+00
  -2.58646809e+00  6.77128140e-01 -9.14255556e+00 -3.74686263e+00
  -8.50991441e+00  2.15365312e+00  8.16564228e-01  5.36437407e+00
  -3.63414532e+00 -3.57737911e+00  1.35938434e+01  5.35365379e+00
   4.33648972e+00  1.73921295e-02  1.44521979e+00 -5.09051603e+00
   9.21059008e+00  8.45570628e+00  1.65042625e+01 -1.47816301e+00
   1.66331796e+01  1.56326660e+01  6.33951694e-01  1.23895406e+01
  -7.72012984e+00  3.61133747e+00  1.31173873e+01  5.16282461e+00
   9.52698535e+00  4.43521004e+00]
 [-2.74520682e+00 -4.32770147e-01 -3.65928811e+01  7.26119347e+00
   7.28509775e+00 -2.49075917e+01 -3.77272268e+00 -1.83874627e+01
  -2.47169511e+01 -7.55438904e+00  9.74722790e+00 -8.84211351e+00
  -9.42046255e+00 -1.50163510e+00 -5.38036064e+00 -8.93376037e+00
  -7.85812648e+00  6.09563756e+00  1.21758736e+01 -2.07461914e+00
   1.04546578e-01 -6.51670104e+00 -3.63770450e+01  8.29360327e-01
   6.50234717e+00  9.43521192e+00 -1.21162610e+01 -5.92586786e+00
   2.52020757e+00  1.07939562e+01 -4.62551956e+00  2.23992818e+01
   1.01210343e+01  1.33698518e+00  1.51949520e+01  3.44140232e+00
  -1.21594271e+01 -1.10739515e+01 -4.34487174e+00  3.15223498e+00
  -3.89265770e+00  1.01881405e+01  2.28448628e+00 -2.46731598e+00
   6.64229031e+00  1.03524744e+01 -2.83134066e+00 -1.39197956e+02
  -1.00545920e+02 -7.66115104e+01 -7.68921344e+01 -9.17436665e+01
  -6.23078775e+01 -1.10806523e+02 -8.63035252e+01 -1.54769046e+02
  -2.73985479e+01 -1.57377880e+00  1.23395770e+01  7.33630739e+00
   7.41353191e+00  1.06771281e+01  8.57444438e-01  6.25313737e+00
   1.49008559e+00  1.21536531e+01  1.08165642e+01  1.53643741e+01
   6.36585468e+00  6.42262089e+00  2.35938434e+01  1.53536538e+01
   1.43364897e+01  1.00173921e+01  1.14452198e+01  4.90948397e+00
   1.92105901e+01  1.84557063e+01  2.65042625e+01  8.52183699e+00
   2.66331796e+01  2.56326660e+01  1.06339517e+01  2.23895406e+01
   2.27987016e+00  1.36113375e+01  2.31173873e+01  1.51628246e+01
   1.95269854e+01  1.44352100e+01]
 [ 2.54793181e-01  2.56722985e+00 -3.35928811e+01  1.02611935e+01
   1.02850978e+01 -2.19075917e+01 -7.72722681e-01 -1.53874627e+01
  -2.17169511e+01 -4.55438904e+00  1.27472279e+01 -5.84211351e+00
  -6.42046255e+00  1.49836490e+00 -2.38036064e+00 -5.93376037e+00
  -4.85812648e+00  9.09563756e+00  1.51758736e+01  9.25380857e-01
   3.10454658e+00 -3.51670104e+00 -3.33770450e+01  3.82936033e+00
   9.50234717e+00  1.24352119e+01 -9.11626100e+00 -2.92586786e+00
   5.52020757e+00  1.37939562e+01 -1.62551956e+00  2.53992818e+01
   1.31210343e+01  4.33698518e+00  1.81949520e+01  6.44140232e+00
  -9.15942708e+00 -8.07395150e+00 -1.34487174e+00  6.15223498e+00
  -8.92657701e-01  1.31881405e+01  5.28448628e+00  5.32684020e-01
   9.64229031e+00  1.33524744e+01  1.68659340e-01 -1.36197956e+02
  -9.75459202e+01 -7.36115104e+01 -7.38921344e+01 -8.87436665e+01
  -5.93078775e+01 -1.07806523e+02 -8.33035252e+01 -1.51769046e+02
  -2.43985479e+01  1.42622120e+00  1.53395770e+01  1.03363074e+01
   1.04135319e+01  1.36771281e+01  3.85744444e+00  9.25313737e+00
   4.49008559e+00  1.51536531e+01  1.38165642e+01  1.83643741e+01
   9.36585468e+00  9.42262089e+00  2.65938434e+01  1.83536538e+01
   1.73364897e+01  1.30173921e+01  1.44452198e+01  7.90948397e+00
   2.22105901e+01  2.14557063e+01  2.95042625e+01  1.15218370e+01
   2.96331796e+01  2.86326660e+01  1.36339517e+01  2.53895406e+01
   5.27987016e+00  1.66113375e+01  2.61173873e+01  1.81628246e+01
   2.25269854e+01  1.74352100e+01]]
2025-07-31 17:39:21 | INFO     | Murray.post_analysis:run_geo_evaluation:149 | Mean of treatment residuals: -9.948155414795096
2025-07-31 17:39:21 | INFO     | Murray.post_analysis:run_geo_evaluation:156 | Observed statistic (sum of treatment residuals): -6267.33791132091
2025-07-31 17:39:21 | INFO     | Murray.post_analysis:run_geo_evaluation:166 | Percentage lift: 34.9236%
2025-07-31 17:39:21 | INFO     | Murray.post_analysis:run_geo_evaluation:167 | Final cumulative effect: -6267.337911320905
2025-07-31 17:39:21 | INFO     | Murray.post_analysis:run_geo_evaluation:168 | Mean cumulative effect: -3632.2120070221404
2025-07-31 17:39:21 | INFO     | Murray.post_analysis:run_geo_evaluation:169 | Observed statistic (should match cumulative): -6267.33791132091
2025-07-31 17:39:21 | INFO     | Murray.post_analysis:run_geo_evaluation:171 | Starting permutation test with 50000 permutations...
2025-07-31 17:39:21 | INFO     | Murray.post_analysis:run_geo_evaluation:176 | Completed 10000/50000 permutations
2025-07-31 17:39:21 | INFO     | Murray.post_analysis:run_geo_evaluation:176 | Completed 20000/50000 permutations
2025-07-31 17:39:22 | INFO     | Murray.post_analysis:run_geo_evaluation:176 | Completed 30000/50000 permutations
2025-07-31 17:39:22 | INFO     | Murray.post_analysis:run_geo_evaluation:176 | Completed 40000/50000 permutations
2025-07-31 17:39:22 | INFO     | Murray.post_analysis:run_geo_evaluation:182 | Permutation test completed, calculating p-value and power...
2025-07-31 17:39:22 | INFO     | Murray.post_analysis:run_geo_evaluation:188 | Final results:
2025-07-31 17:39:22 | INFO     | Murray.post_analysis:run_geo_evaluation:189 |   MAPE: 13.8940
2025-07-31 17:39:22 | INFO     | Murray.post_analysis:run_geo_evaluation:190 |   SMAPE: 14.1023
2025-07-31 17:39:22 | INFO     | Murray.post_analysis:run_geo_evaluation:191 |   Percentage lift: 34.9236%
2025-07-31 17:39:22 | INFO     | Murray.post_analysis:run_geo_evaluation:192 |   P-value: 0.429860
2025-07-31 17:39:22 | INFO     | Murray.post_analysis:run_geo_evaluation:193 |   Power: 0.0000
2025-07-31 17:39:22 | INFO     | Murray.post_analysis:run_geo_evaluation:212 | run_geo_evaluation completed successfully
